'ZhangLS.Spec.lemma121Phase' depends on axioms: [propext, Classical.choice, Quot.sound]
'ZhangLS.Spec.lemma121LinearPhase' depends on axioms: [propext, Classical.choice, Quot.sound]
'ZhangLS.Spec.lemma121_phase_linearization_bound' depends on axioms: [propext, Classical.choice, Quot.sound]
'ZhangLS.Spec.lemma121_phase_remainder_lower' depends on axioms: [propext, Classical.choice, Quot.sound]
'ZhangLS.Spec.lemma121_limiting_phase_exceeds_printed_budget' depends on axioms: [propext, Classical.choice, Quot.sound]
'ZhangLS.Spec.lemma121P1' depends on axioms: [propext, Classical.choice, Quot.sound]
'ZhangLS.Spec.lemma121P2' depends on axioms: [propext, Classical.choice, Quot.sound]
'ZhangLS.Spec.lemma121PDoublePrimeOne' depends on axioms: [propext, Classical.choice, Quot.sound]
'ZhangLS.Spec.lemma121PDoublePrimeTwo' depends on axioms: [propext, Classical.choice, Quot.sound]
'ZhangLS.Spec.lemma121Kernel' depends on axioms: [propext, Classical.choice, Quot.sound]
'ZhangLS.Spec.lemma121Kappa13' depends on axioms: [propext, Classical.choice, Quot.sound]
'ZhangLS.Spec.lemma121Sum' depends on axioms: [propext, Classical.choice, Quot.sound]
'ZhangLS.Spec.lemma121ExactMain' depends on axioms: [propext, Classical.choice, Quot.sound]
'ZhangLS.Spec.lemma121PrintedMain' depends on axioms: [propext, Classical.choice, Quot.sound]
'ZhangLS.Spec.Lemma121PrintedHighTarget' depends on axioms: [propext, Classical.choice, Quot.sound]
'ZhangLS.Spec.Lemma121PrintedTarget' depends on axioms: [propext, Classical.choice, Quot.sound]
'ZhangLS.Spec.lemma121_kernel_lower_endpoint' depends on axioms: [propext, Classical.choice, Quot.sound]
'ZhangLS.Spec.lemma121_kernel_upper_endpoint' depends on axioms: [propext, Classical.choice, Quot.sound]
'ZhangLS.Spec.lemma121StrictPolynomial' depends on axioms: [propext, Classical.choice, Quot.sound]
'ZhangLS.Spec.lemma121_strict_polynomial_endpoint' depends on axioms: [propext, Classical.choice, Quot.sound]
'ZhangLS.Spec.lemma121_finite_polynomial_error' depends on axioms: [propext, Classical.choice, Quot.sound]
'ZhangLS.Spec.lemma121_strict_polynomial_error' depends on axioms: [propext, Classical.choice, Quot.sound]
'ZhangLS.Spec.lemma121_kernel_sum_exact' depends on axioms: [propext, Classical.choice, Quot.sound]
'ZhangLS.Spec.lemma121_kernel_sum_analytic_error' depends on axioms: [propext, Classical.choice, Quot.sound]
'ZhangLS.Spec.lemma121_local_negative_derivative_error' depends on axioms: [propext, Classical.choice, Quot.sound]
'ZhangLS.Spec.lemma121_actual_exact_phase_bound' depends on axioms: [propext, Classical.choice, Quot.sound]
'ZhangLS.Spec.lemma121_log_P1' depends on axioms: [propext, Classical.choice, Quot.sound]
'ZhangLS.Spec.lemma121_endpoint_geometry' depends on axioms: [propext, Classical.choice, Quot.sound]
'ZhangLS.Spec.lemma121_high_range_geometry' depends on axioms: [propext, Classical.choice, Quot.sound]
'ZhangLS.Spec.lemma121_tail_absorption_eventually' depends on axioms: [propext, Classical.choice, Quot.sound]
'ZhangLS.Spec.lemma121ExactHighConstant' depends on axioms: [propext, Classical.choice, Quot.sound]
'ZhangLS.Spec.lemma121_exact_high_constant_pos' depends on axioms: [propext, Classical.choice, Quot.sound]
'ZhangLS.Spec.lemma121_high_error_absorption' depends on axioms: [propext, Classical.choice, Quot.sound]
'ZhangLS.Spec.Lemma121ExactHighTarget' depends on axioms: [propext, Classical.choice, Quot.sound]
'ZhangLS.Spec.lemma121_exact_high_proved' depends on axioms: [propext, Classical.choice, Quot.sound]
'ZhangLS.Spec.lemma121_smoothing_beta_six_norm' depends on axioms: [propext, Classical.choice, Quot.sound]
'ZhangLS.Spec.lemma121_shift_difference_norm' depends on axioms: [propext, Classical.choice, Quot.sound]
'ZhangLS.Spec.lemma121_actual_phase_budget' depends on axioms: [propext, Classical.choice, Quot.sound]
'ZhangLS.Spec.lemma121_LDeriv_norm_lower' depends on axioms: [propext, Classical.choice, Quot.sound]
'ZhangLS.Spec.lemma121_normalized_analytic_error' depends on axioms: [propext, Classical.choice, Quot.sound]
'ZhangLS.Spec.Lemma121RepairedHighTarget' depends on axioms: [propext, Classical.choice, Quot.sound]
'ZhangLS.Spec.lemma121_repaired_high_proved' depends on axioms: [propext, Classical.choice, Quot.sound]
'ZhangLS.Spec.lemma121_strict_filter' depends on axioms: [propext, Classical.choice, Quot.sound]
'ZhangLS.Spec.lemma121_raw_kernel_term' depends on axioms: [propext, Classical.choice, Quot.sound]
'ZhangLS.Spec.lemma121_kernel_sum_all_ranges' depends on axioms: [propext, Classical.choice, Quot.sound]
'ZhangLS.Spec.lemma121_kernel_sum_low_error' depends on axioms: [propext, Classical.choice, Quot.sound]
'ZhangLS.Spec.lemma121_low_exponential_estimate' depends on axioms: [propext, Classical.choice, Quot.sound]
'ZhangLS.Spec.lemma121_exponential_absorption_eventually' depends on axioms: [propext, Classical.choice, Quot.sound]
'ZhangLS.Spec.Lemma121LowTarget' depends on axioms: [propext, Classical.choice, Quot.sound]
'ZhangLS.Spec.lemma121_low_proved' depends on axioms: [propext, Classical.choice, Quot.sound]
'ZhangLS.Spec.lemma121_weighted_trivial' depends on axioms: [propext, Classical.choice, Quot.sound]
'ZhangLS.Spec.lemma121WeightedConstant' depends on axioms: [propext, Classical.choice, Quot.sound]
'ZhangLS.Spec.lemma121_weighted_constant_pos' depends on axioms: [propext, Classical.choice, Quot.sound]
'ZhangLS.Spec.lemma121_weighted_uniform' depends on axioms: [propext, Classical.choice, Quot.sound]
'ZhangLS.Spec.lemma121UnweightedConstant' depends on axioms: [propext, Classical.choice, Quot.sound]
'ZhangLS.Spec.lemma121_unweighted_constant_pos' depends on axioms: [propext, Classical.choice, Quot.sound]
'ZhangLS.Spec.lemma121_strict_unweighted_uniform' depends on axioms: [propext, Classical.choice, Quot.sound]
'ZhangLS.Spec.lemma121_transition_geometry' depends on axioms: [propext, Classical.choice, Quot.sound]
'ZhangLS.Spec.lemma121TransitionConstant' depends on axioms: [propext, Classical.choice, Quot.sound]
'ZhangLS.Spec.lemma121_transition_constant_pos' depends on axioms: [propext, Classical.choice, Quot.sound]
'ZhangLS.Spec.lemma121_transition_estimate' depends on axioms: [propext, Classical.choice, Quot.sound]
'ZhangLS.Spec.Lemma121TransitionTarget' depends on axioms: [propext, Classical.choice, Quot.sound]
'ZhangLS.Spec.lemma121_transition_proved' depends on axioms: [propext, Classical.choice, Quot.sound]
'ZhangLS.Spec.lemma121ConcreteConstant' depends on axioms: [propext, Classical.choice, Quot.sound]
'ZhangLS.Spec.lemma121_concrete_constant_pos' depends on axioms: [propext, Classical.choice, Quot.sound]
'ZhangLS.Spec.Lemma121ConcreteExactTarget' depends on axioms: [propext, Classical.choice, Quot.sound]
'ZhangLS.Spec.lemma121_concrete_exact_proved' depends on axioms: [propext, Classical.choice, Quot.sound]
