'ZhangLS.Spec.appendixB_twist_term' depends on axioms: [propext, Classical.choice, Quot.sound]
'ZhangLS.Spec.appendixB_twist_summable' depends on axioms: [propext, Classical.choice, Quot.sound]
'ZhangLS.Spec.appendixB_twist_LSeries' depends on axioms: [propext, Classical.choice, Quot.sound]
'ZhangLS.Spec.appendixB_rho_dirichlet_series' depends on axioms: [propext, Classical.choice, Quot.sound]
'ZhangLS.Spec.appendixBFullKernelSum' depends on axioms: [propext, Classical.choice, Quot.sound]
'ZhangLS.Spec.appendixB_kernel_perron_term' depends on axioms: [propext, Classical.choice, Quot.sound]
'ZhangLS.Spec.appendixB_full_kernel_perron' depends on axioms: [propext, Classical.choice, Quot.sound]
'ZhangLS.Spec.appendixBModelLeading' depends on axioms: [propext, Classical.choice, Quot.sound]
'ZhangLS.Spec.appendixB_model_partial_fractions' depends on axioms: [propext, Classical.choice, Quot.sound]
'ZhangLS.Spec.appendixB_model_circle_integral' depends on axioms: [propext, Classical.choice, Quot.sound]
'ZhangLS.Spec.appendixB_model_circle_eq_leading' depends on axioms: [propext, Classical.choice, Quot.sound]
'ZhangLS.Spec.appendixBZetaIntegrand' depends on axioms: [propext, Classical.choice, Quot.sound]
'ZhangLS.Spec.appendixBZetaCircle' depends on axioms: [propext, Classical.choice, Quot.sound]
'ZhangLS.Spec.appendixB_zeta_ratio_regularized' depends on axioms: [propext, Classical.choice, Quot.sound]
'ZhangLS.Spec.appendixB_zeta_ratio_circle_error' depends on axioms: [propext, Classical.choice, Quot.sound]
'ZhangLS.Spec.appendixB_actual_circle_leading_error' depends on axioms: [propext, Classical.choice, Quot.sound]
'ZhangLS.Spec.appendixBRegularNumerator' depends on axioms: [propext, Classical.choice, Quot.sound]
'ZhangLS.Spec.appendixBRegularIntegrand' depends on axioms: [propext, Classical.choice, Quot.sound]
'ZhangLS.Spec.appendixB_regular_integrand_agrees' depends on axioms: [propext, Classical.choice, Quot.sound]
'ZhangLS.Spec.appendixB_regular_numerator_differentiableOn' depends on axioms: [propext, Classical.choice, Quot.sound]
'ZhangLS.Spec.appendixB_regular_rectangle_circle' depends on axioms: [propext, Classical.choice, Quot.sound]
'ZhangLS.Spec.appendixB_actual_rectangle_circle' depends on axioms: [propext, Classical.choice, Quot.sound]
'ZhangLS.Spec.appendixB_integrand_eq_log_kernel' depends on axioms: [propext, Classical.choice, Quot.sound]
'ZhangLS.Spec.appendixB_right_ratio_bound' depends on axioms: [propext, Classical.choice, Quot.sound]
'ZhangLS.Spec.appendixB_right_line_integrable' depends on axioms: [propext, Classical.choice, Quot.sound]
'ZhangLS.Spec.appendixB_right_tails' depends on axioms: [propext, Classical.choice, Quot.sound]
'ZhangLS.Spec.appendixBContourHeight' depends on axioms: [propext, Classical.choice, Quot.sound]
'ZhangLS.Spec.appendixBContourMajorant' depends on axioms: [propext, Classical.choice, Quot.sound]
'ZhangLS.Spec.AppendixBContourPoint' depends on axioms: [propext, Classical.choice, Quot.sound]
'ZhangLS.Spec.appendixB_extended_strip_bounds' depends on axioms: [propext, Classical.choice, Quot.sound]
'ZhangLS.Spec.appendixB_actual_contour_ratio_bound' depends on axioms: [propext, Classical.choice, Quot.sound]
'ZhangLS.Spec.appendixB_left_boundary_bound' depends on axioms: [propext, Classical.choice, Quot.sound]
'ZhangLS.Spec.appendixB_horizontal_bound' depends on axioms: [propext, Classical.choice, Quot.sound]
'ZhangLS.Spec.appendixBContourBudget' depends on axioms: [propext, Classical.choice, Quot.sound]
'ZhangLS.Spec.appendixB_full_kernel_quantitative' depends on axioms: [propext, Classical.choice, Quot.sound]
'ZhangLS.Spec.appendixBOriginalCutoff' depends on axioms: [propext, Classical.choice, Quot.sound]
'ZhangLS.Spec.appendixBOriginalGamma' depends on axioms: [propext, Classical.choice, Quot.sound]
'ZhangLS.Spec.appendixBOriginalExponent' depends on axioms: [propext, Classical.choice, Quot.sound]
'ZhangLS.Spec.appendixBOriginalFrequency' depends on axioms: [propext, Classical.choice, Quot.sound]
'ZhangLS.Spec.appendixBOriginalTCost' depends on axioms: [propext, Classical.choice, Quot.sound]
'ZhangLS.Spec.appendixB_original_cutoff_pos' depends on axioms: [propext, Classical.choice, Quot.sound]
'ZhangLS.Spec.appendixB_original_cutoff_log' depends on axioms: [propext, Classical.choice, Quot.sound]
'ZhangLS.Spec.appendixB_original_cutoffs_eventually' depends on axioms: [propext, Classical.choice, Quot.sound]
'ZhangLS.Spec.appendixB_original_gamma' depends on axioms: [propext, Classical.choice, Quot.sound]
'ZhangLS.Spec.appendixB_original_full_kernels_uniform' depends on axioms: [propext, Classical.choice, Quot.sound]
'ZhangLS.Spec.appendixB_original_log_l1' depends on axioms: [propext, Classical.choice, Quot.sound]
'ZhangLS.Spec.appendixB_imaginary_exp_norm' depends on axioms: [propext, Classical.choice, Quot.sound]
'ZhangLS.Spec.appendixB_imaginary_exp_lipschitz' depends on axioms: [propext, Classical.choice, Quot.sound]
'ZhangLS.Spec.appendixBLogModel' depends on axioms: [propext, Classical.choice, Quot.sound]
'ZhangLS.Spec.appendixB_model_as_log_model' depends on axioms: [propext, Classical.choice, Quot.sound]
'ZhangLS.Spec.appendixBPhaseBudget' depends on axioms: [propext, Classical.choice, Quot.sound]
'ZhangLS.Spec.appendixB_log_model_stability' depends on axioms: [propext, Classical.choice, Quot.sound]
'ZhangLS.Spec.appendixB_alpha_logP' depends on axioms: [propext, Classical.choice, Quot.sound]
'ZhangLS.Spec.appendixB_original_frequency_bounds' depends on axioms: [propext, Classical.choice, Quot.sound]
'ZhangLS.Spec.appendixB_original_gamma_eq' depends on axioms: [propext, Classical.choice, Quot.sound]
'ZhangLS.Spec.appendixB_original_gamma_lower' depends on axioms: [propext, Classical.choice, Quot.sound]
'ZhangLS.Spec.appendixB_original_beta_perturbation' depends on axioms: [propext, Classical.choice, Quot.sound]
'ZhangLS.Spec.appendixB_log_model_at_printed' depends on axioms: [propext, Classical.choice, Quot.sound]
'ZhangLS.Spec.appendixB_original_phase_budget' depends on axioms: [propext, Classical.choice, Quot.sound]
'ZhangLS.Spec.appendixBOriginalError' depends on axioms: [propext, Classical.choice, Quot.sound]
'ZhangLS.Spec.appendixB_original_printed_constants_uniform' depends on axioms: [propext, Classical.choice, Quot.sound]
'ZhangLS.Spec.appendixBContourPolynomialConstant' depends on axioms: [propext, Classical.choice, Quot.sound]
'ZhangLS.Spec.appendixB_contour_budget_nonneg' depends on axioms: [propext, Classical.choice, Quot.sound]
'ZhangLS.Spec.appendixB_contour_budget_polynomial' depends on axioms: [propext, Classical.choice, Quot.sound]
'ZhangLS.Spec.appendixB_contour_budget_eventually' depends on axioms: [propext, Classical.choice, Quot.sound]
'ZhangLS.Spec.appendixB_original_error_eventual_bound' depends on axioms: [propext, Classical.choice, Quot.sound]
'ZhangLS.Spec.appendixB_original_error_tendsto_zero' depends on axioms: [propext, Classical.choice, Quot.sound]
'ZhangLS.Spec.appendixB_original_P1' depends on axioms: [propext, Classical.choice, Quot.sound]
'ZhangLS.Spec.appendixB_original_P2' depends on axioms: [propext, Classical.choice, Quot.sound]
'ZhangLS.Spec.appendixB_original_P3' depends on axioms: [propext, Classical.choice, Quot.sound]
'ZhangLS.Spec.appendixB_original_gamma_P1' depends on axioms: [propext, Classical.choice, Quot.sound]
'ZhangLS.Spec.appendixB_original_gamma_P2' depends on axioms: [propext, Classical.choice, Quot.sound]
'ZhangLS.Spec.appendixB_original_gamma_P3' depends on axioms: [propext, Classical.choice, Quot.sound]
'ZhangLS.Spec.appendixB_P2_source_expanded' depends on axioms: [propext, Classical.choice, Quot.sound]
'ZhangLS.Spec.appendixB_beta_one_source' depends on axioms: [propext, Classical.choice, Quot.sound]
'ZhangLS.Spec.appendixB_beta_two_source' depends on axioms: [propext, Classical.choice, Quot.sound]
'ZhangLS.Spec.appendixB_beta_three_source' depends on axioms: [propext, Classical.choice, Quot.sound]
'ZhangLS.Spec.appendixB_kernel_zero_index' depends on axioms: [propext, Classical.choice, Quot.sound]
'ZhangLS.Spec.appendixB_kernel_strict_endpoint' depends on axioms: [propext, Classical.choice, Quot.sound]
'ZhangLS.Spec.appendixB_full_kernel_strict_product_endpoint' depends on axioms: [propext, Classical.choice, Quot.sound]
'ZhangLS.Spec.appendixB_full_kernel_finite_sum' depends on axioms: [propext, Classical.choice, Quot.sound]
'ZhangLS.Spec.appendixB_H14_endpoint_separate' depends on axioms: [propext, Classical.choice, Quot.sound]
'ZhangLS.Spec.appendixB_H14_complement_pointwise' depends on axioms: [propext, Classical.choice, Quot.sound]
'ZhangLS.Spec.appendixB_literal_B3_tail_zero' depends on axioms: [propext, Classical.choice, Quot.sound]
'ZhangLS.Spec.appendixB_printed_e2' depends on axioms: [propext, Classical.choice, Quot.sound]
'ZhangLS.Spec.appendixB_printed_e3' depends on axioms: [propext, Classical.choice, Quot.sound]
'ZhangLS.Spec.appendixB_printed_e1_prime' depends on axioms: [propext, Classical.choice, Quot.sound]
'ZhangLS.Spec.appendixB_source_full_kernel_asymptotics' depends on axioms: [propext, Classical.choice, Quot.sound]
'ZhangLS.Spec.appendixB_rough_gt_fourth' depends on axioms: [propext, Classical.choice, Quot.sound]
'ZhangLS.Spec.appendixB_rough_arithmetic_error_finite' depends on axioms: [propext, Classical.choice, Quot.sound]
'ZhangLS.Spec.appendixB_actual_nu_tail' depends on axioms: [propext, Classical.choice, Quot.sound]
'ZhangLS.Spec.appendixB_weighted_B1_explicit' depends on axioms: [propext, Classical.choice, Quot.sound]
'ZhangLS.Spec.appendixB_weighted_B1_uniform' depends on axioms: [propext, Classical.choice, Quot.sound]
'ZhangLS.Spec.appendixB_weighted_prefix_bound' depends on axioms: [propext, Classical.choice, Quot.sound]
'ZhangLS.Spec.appendixB_prime_log_mass' depends on axioms: [propext, Classical.choice, Quot.sound]
'ZhangLS.Spec.appendixB_prime_log_mass_strict' depends on axioms: [propext, Classical.choice, Quot.sound]
'ZhangLS.Spec.appendixBRhoMass' depends on axioms: [propext, Classical.choice, Quot.sound]
'ZhangLS.Spec.appendixB_rho_mass_zero' depends on axioms: [propext, Classical.choice, Quot.sound]
'ZhangLS.Spec.appendixB_rho_mass_one' depends on axioms: [propext, Classical.choice, Quot.sound]
'ZhangLS.Spec.appendixB_rho_mass_nonneg' depends on axioms: [propext, Classical.choice, Quot.sound]
'ZhangLS.Spec.appendixB_rho_mass_mul' depends on axioms: [propext, Classical.choice, Quot.sound]
'ZhangLS.Spec.appendixB_rho_prime_power' depends on axioms: [propext, Classical.choice, Quot.sound]
'ZhangLS.Spec.appendixB_rho_prime_norm' depends on axioms: [propext, Classical.choice, Quot.sound]
'ZhangLS.Spec.appendixB_rho_prime_factorization' depends on axioms: [propext, Classical.choice, Quot.sound]
'ZhangLS.Spec.appendixB_prime_factor_log_sum' depends on axioms: [propext, Classical.choice, Quot.sound]
'ZhangLS.Spec.appendixB_rho_norm_exp_log' depends on axioms: [propext, Classical.choice, Quot.sound]
'ZhangLS.Spec.appendixB_rho_norm_le_index' depends on axioms: [propext, Classical.choice, Quot.sound]
'ZhangLS.Spec.appendixB_rho_local_tail' depends on axioms: [propext, Classical.choice, Quot.sound]
'ZhangLS.Spec.appendixB_rho_local_series' depends on axioms: [propext, Classical.choice, Quot.sound]
'ZhangLS.Spec.appendixB_rho_mass_euler' depends on axioms: [propext, Classical.choice, Quot.sound]
'ZhangLS.Spec.appendixB_rho_local_excess' depends on axioms: [propext, Classical.choice, Quot.sound]
'ZhangLS.Spec.appendixB_rho_mass_exp_bound' depends on axioms: [propext, Classical.choice, Quot.sound]
'ZhangLS.Spec.appendixB_prime_multiple_mass' depends on axioms: [propext, Classical.choice, Quot.sound]
'ZhangLS.Spec.appendixB_nonrough_small_prime' depends on axioms: [propext, Classical.choice, Quot.sound]
'ZhangLS.Spec.appendixB_nonrough_mass_finite' depends on axioms: [propext, Classical.choice, Quot.sound]
'ZhangLS.Spec.appendixB_nonrough_mass_exp_bound' depends on axioms: [propext, Classical.choice, Quot.sound]
'ZhangLS.Spec.appendixBRhoGlobalConstant' depends on axioms: [propext, Classical.choice, Quot.sound]
'ZhangLS.Spec.appendixBRoughRemovalConstant' depends on axioms: [propext, Classical.choice, Quot.sound]
'ZhangLS.Spec.appendixB_rho_global_constant_pos' depends on axioms: [propext, Classical.choice, Quot.sound]
'ZhangLS.Spec.appendixB_rough_removal_constant_pos' depends on axioms: [propext, Classical.choice, Quot.sound]
'ZhangLS.Spec.appendixB_replacement_alpha_scale' depends on axioms: [propext, Classical.choice, Quot.sound]
'ZhangLS.Spec.appendixB_original_rho_norm' depends on axioms: [propext, Classical.choice, Quot.sound]
'ZhangLS.Spec.appendixB_original_mass_exponent' depends on axioms: [propext, Classical.choice, Quot.sound]
'ZhangLS.Spec.appendixB_original_rho_mass' depends on axioms: [propext, Classical.choice, Quot.sound]
'ZhangLS.Spec.appendixB_original_B2_explicit' depends on axioms: [propext, Classical.choice, Quot.sound]
'ZhangLS.Spec.appendixB_original_B2_uniform' depends on axioms: [propext, Classical.choice, Quot.sound]
'ZhangLS.Spec.appendixB_weighted_rough_removal' depends on axioms: [propext, Classical.choice, Quot.sound]
'ZhangLS.Spec.appendixBReplacementConstant' depends on axioms: [propext, Classical.choice, Quot.sound]
'ZhangLS.Spec.appendixB_replacement_constant_pos' depends on axioms: [propext, Classical.choice, Quot.sound]
'ZhangLS.Spec.appendixB_weighted_replacement_explicit' depends on axioms: [propext, Classical.choice, Quot.sound]
'ZhangLS.Spec.appendixB_weighted_replacement_uniform' depends on axioms: [propext, Classical.choice, Quot.sound]
'ZhangLS.Spec.appendixB_kernel_replacement_uniform' depends on axioms: [propext, Classical.choice, Quot.sound]
'ZhangLS.Spec.appendixB_kernel_tsum_finite' depends on axioms: [propext, Classical.choice, Quot.sound]
'ZhangLS.Spec.appendixB_actual_kernel_rhostar_to_full_uniform' depends on axioms: [propext, Classical.choice, Quot.sound]
'ZhangLS.Spec.appendixB_regression_rho_one' depends on axioms: [propext, Classical.choice, Quot.sound]
'ZhangLS.Spec.appendixB_regression_two_power' depends on axioms: [propext, Classical.choice, Quot.sound]
'ZhangLS.Spec.appendixB_regression_two_euler_factor' depends on axioms: [propext, Classical.choice, Quot.sound]
'ZhangLS.Spec.appendixB_regression_ramified_prime' depends on axioms: [propext, Classical.choice, Quot.sound]
'ZhangLS.Spec.appendixB_regression_fourth_endpoint' depends on axioms: [propext, Classical.choice, Quot.sound]
'ZhangLS.Spec.appendixB_regression_closed_P' depends on axioms: [propext, Classical.choice, Quot.sound]
'ZhangLS.Spec.appendixB_regression_strict_B2' depends on axioms: [propext, Classical.choice, Quot.sound]
'ZhangLS.Spec.appendixB_regression_kernel_endpoint' depends on axioms: [propext, Classical.choice, Quot.sound]
'ZhangLS.Spec.appendixB_regression_beta_shifts' depends on axioms: [propext, Classical.choice, Quot.sound]
'ZhangLS.Spec.appendixB_regression_original_Q' depends on axioms: [propext, Classical.choice, Quot.sound]
'ZhangLS.Spec.appendixB_regression_B1_source_input' depends on axioms: [propext, Classical.choice, Quot.sound]
'ZhangLS.Spec.lemma162MellinSmoothing' depends on axioms: [propext, Classical.choice, Quot.sound]
'ZhangLS.Spec.lemma162_mellin_smoothing_source' depends on axioms: [propext, Classical.choice, Quot.sound]
'ZhangLS.Spec.lemma162_mellin_smoothing_differentiable' depends on axioms: [propext, Classical.choice, Quot.sound]
'ZhangLS.Spec.lemma162_mellin_smoothing_zero' depends on axioms: [propext, Classical.choice, Quot.sound]
'ZhangLS.Spec.lemma162_mellin_smoothing_norm' depends on axioms: [propext, Classical.choice, Quot.sound]
'ZhangLS.Spec.lemma162_mellin_smoothing_disk_bound' depends on axioms: [propext, Classical.choice, Quot.sound]
'ZhangLS.Spec.lemma162MellinIntegrand' depends on axioms: [propext, Classical.choice, Quot.sound]
'ZhangLS.Spec.lemma162MellinNumerator' depends on axioms: [propext, Classical.choice, Quot.sound]
'ZhangLS.Spec.lemma162_mellin_pole_removal' depends on axioms: [propext, Classical.choice, Quot.sound]
'ZhangLS.Spec.lemma162_mellin_actual_series' depends on axioms: [propext, Classical.choice, Quot.sound]
'ZhangLS.Spec.lemma162_mellin_numerator_analytic' depends on axioms: [propext, Classical.choice, Quot.sound]
'ZhangLS.Spec.lemma162_mellin_numerator_zero' depends on axioms: [propext, Classical.choice, Quot.sound]
'ZhangLS.Spec.lemma162_mellin_numerator_shift' depends on axioms: [propext, Classical.choice, Quot.sound]
'ZhangLS.Spec.lemma162_two_pole_partial_fractions' depends on axioms: [propext, Classical.choice, Quot.sound]
'ZhangLS.Spec.lemma162_cauchy_pole_integrable' depends on axioms: [propext, Classical.choice, Quot.sound]
'ZhangLS.Spec.lemma162_cauchy_center' depends on axioms: [propext, Classical.choice, Quot.sound]
'ZhangLS.Spec.lemma162_cauchy_simple' depends on axioms: [propext, Classical.choice, Quot.sound]
'ZhangLS.Spec.lemma162ThirdDividedDifference' depends on axioms: [propext, Classical.choice, Quot.sound]
'ZhangLS.Spec.lemma162_two_pole_circle_decomposition' depends on axioms: [propext, Classical.choice, Quot.sound]
'ZhangLS.Spec.lemma162ZeroResidue' depends on axioms: [propext, Classical.choice, Quot.sound]
'ZhangLS.Spec.lemma162ShiftResidue' depends on axioms: [propext, Classical.choice, Quot.sound]
'ZhangLS.Spec.lemma162_residue_sum' depends on axioms: [propext, Classical.choice, Quot.sound]
'ZhangLS.Spec.lemma162_two_pole_circle' depends on axioms: [propext, Classical.choice, Quot.sound]
'ZhangLS.Spec.lemma162_zero_residue_circle' depends on axioms: [propext, Classical.choice, Quot.sound]
'ZhangLS.Spec.lemma162_shift_residue_circle' depends on axioms: [propext, Classical.choice, Quot.sound]
'ZhangLS.Spec.lemma162_two_pole_circle_bound' depends on axioms: [propext, Classical.choice, Quot.sound]
'ZhangLS.Spec.lemma162_third_divided_difference_bound' depends on axioms: [propext, Classical.choice, Quot.sound]
'ZhangLS.Spec.lemma162_third_divided_difference_cubic_error' depends on axioms: [propext, Classical.choice, Quot.sound]
'ZhangLS.Spec.lemma162MellinRadius' depends on axioms: [propext, Classical.choice, Quot.sound]
'ZhangLS.Spec.lemma162_mellin_numerator_disk' depends on axioms: [propext, Classical.choice, Quot.sound]
'ZhangLS.Spec.lemma162_actual_circle_pole_removal' depends on axioms: [propext, Classical.choice, Quot.sound]
'ZhangLS.Spec.lemma162_actual_zero_residue' depends on axioms: [propext, Classical.choice, Quot.sound]
'ZhangLS.Spec.lemma162_actual_shift_residue' depends on axioms: [propext, Classical.choice, Quot.sound]
'ZhangLS.Spec.lemma162_actual_residue_sum_circle' depends on axioms: [propext, Classical.choice, Quot.sound]
'ZhangLS.Spec.lemma162_paper_mellin_geometry' depends on axioms: [propext, Classical.choice, Quot.sound]
'ZhangLS.Spec.lemma162_paper_mellin_residues' depends on axioms: [propext, Classical.choice, Quot.sound]
'ZhangLS.Spec.lemma162MellinOtherFactors' depends on axioms: [propext, Classical.choice, Quot.sound]
'ZhangLS.Spec.lemma162_mellin_numerator_factors' depends on axioms: [propext, Classical.choice, Quot.sound]
'ZhangLS.Spec.lemma162MellinJetDiscrepancy' depends on axioms: [propext, Classical.choice, Quot.sound]
'ZhangLS.Spec.lemma162_cauchy_log_budget' depends on axioms: [propext, Classical.choice, Quot.sound]
'ZhangLS.Spec.lemma162_paper_mellin_budget' depends on axioms: [propext, Classical.choice, Quot.sound]
'ZhangLS.Spec.lemma162MellinPrefactor' depends on axioms: [propext, Classical.choice, Quot.sound]
'ZhangLS.Spec.lemma162MellinLProduct' depends on axioms: [propext, Classical.choice, Quot.sound]
'ZhangLS.Spec.lemma162_mellin_extract_L_product' depends on axioms: [propext, Classical.choice, Quot.sound]
'ZhangLS.Spec.lemma162_mellin_prefactor_analytic' depends on axioms: [propext, Classical.choice, Quot.sound]
'ZhangLS.Spec.lemma162_mellin_smoothing_deriv_zero' depends on axioms: [propext, Classical.choice, Quot.sound]
'ZhangLS.Spec.lemma162_mellin_prefactor_zero' depends on axioms: [propext, Classical.choice, Quot.sound]
'ZhangLS.Spec.lemma162_mellin_prefactor_deriv_zero' depends on axioms: [propext, Classical.choice, Quot.sound]
'ZhangLS.Spec.lemma162_linear_L_model_circle' depends on axioms: [propext, Classical.choice, Quot.sound]
'ZhangLS.Spec.lemma162_actual_L_product_error_identity' depends on axioms: [propext, Classical.choice, Quot.sound]
'ZhangLS.Spec.lemma162_actual_linear_L_model_circle' depends on axioms: [propext, Classical.choice, Quot.sound]
'ZhangLS.Spec.lemma162_actual_L_product_error_bound' depends on axioms: [propext, Classical.choice, Quot.sound]
'ZhangLS.Spec.appendixBActualRoughKernelSum' depends on axioms: [propext, Classical.choice, Quot.sound]
'ZhangLS.Spec.appendixBActualRoughError' depends on axioms: [propext, Classical.choice, Quot.sound]
'ZhangLS.Spec.appendixB_actual_rough_error_tendsto_zero' depends on axioms: [propext, Classical.choice, Quot.sound]
'ZhangLS.Spec.appendixB_actual_rough_kernels_uniform' depends on axioms: [propext, Classical.choice, Quot.sound]
'ZhangLS.Spec.appendixB_actual_rough_kernels_little_o' depends on axioms: [propext, Classical.choice, Quot.sound]
