'ZhangLS.Spec.lemma82FinitePolynomial' depends on axioms: [propext, Classical.choice, Quot.sound]
'ZhangLS.Spec.lemma82_sum_zero_endpoint' depends on axioms: [propext, Classical.choice, Quot.sound]
'ZhangLS.Spec.lemma82_finite_abel' depends on axioms: [propext, Classical.choice, Quot.sound]
'ZhangLS.Spec.lemma82_abel_tail_norm' depends on axioms: [propext, Classical.choice, Quot.sound]
'ZhangLS.Spec.lemma82_actual_abel_remainder' depends on axioms: [propext, Classical.choice, Quot.sound]
'ZhangLS.Spec.lemma82ScaledRemainder' depends on axioms: [propext, Classical.choice, Quot.sound]
'ZhangLS.Spec.lemma82_scaled_remainder_norm' depends on axioms: [propext, Classical.choice, Quot.sound]
'ZhangLS.Spec.lemma82_finite_polynomial_differentiable' depends on axioms: [propext, Classical.choice, Quot.sound]
'ZhangLS.Spec.lemma82_scaled_remainder_differentiable' depends on axioms: [propext, Classical.choice, Quot.sound]
'ZhangLS.Spec.lemma82_scaled_remainder_deriv_norm' depends on axioms: [propext, Classical.choice, Quot.sound]
'ZhangLS.Spec.lemma82WeightedPolynomial' depends on axioms: [propext, Classical.choice, Quot.sound]
'ZhangLS.Spec.lemma82_scaled_polynomial_hasDerivAt' depends on axioms: [propext, Classical.choice, Quot.sound]
'ZhangLS.Spec.lemma82_scaled_remainder_deriv' depends on axioms: [propext, Classical.choice, Quot.sound]
'ZhangLS.Spec.lemma82_weighted_abel_error' depends on axioms: [propext, Classical.choice, Quot.sound]
'ZhangLS.Spec.lemma82_strict_weighted_eq' depends on axioms: [propext, Classical.choice, Quot.sound]
'ZhangLS.Spec.lemma82PaperBeta' depends on axioms: [propext, Classical.choice, Quot.sound]
'ZhangLS.Spec.lemma82SmoothingBeta' depends on axioms: [propext, Classical.choice, Quot.sound]
'ZhangLS.Spec.lemma82StrictCutoff' depends on axioms: [propext, Classical.choice, Quot.sound]
'ZhangLS.Spec.lemma82ShiftedSum' depends on axioms: [propext, Classical.choice, Quot.sound]
'ZhangLS.Spec.lemma82MainTerm' depends on axioms: [propext, Classical.choice, Quot.sound]
'ZhangLS.Spec.Lemma82Target' depends on axioms: [propext, Classical.choice, Quot.sound]
'ZhangLS.Spec.lemma82_beta_re' depends on axioms: [propext, Classical.choice, Quot.sound]
'ZhangLS.Spec.lemma82_smoothing_beta_re' depends on axioms: [propext, Classical.choice, Quot.sound]
'ZhangLS.Spec.lemma82_mem_strictCutoff' depends on axioms: [propext, Classical.choice, Quot.sound]
'ZhangLS.Spec.lemma82_positive_ratio_cpow' depends on axioms: [propext, Classical.choice, Quot.sound]
'ZhangLS.Spec.lemma82_original_term' depends on axioms: [propext, Classical.choice, Quot.sound]
'ZhangLS.Spec.lemma82_shifted_sum_eq_weighted' depends on axioms: [propext, Classical.choice, Quot.sound]
'ZhangLS.Spec.lemma82_original_analytic_bridge' depends on axioms: [propext, Classical.choice, Quot.sound]
'ZhangLS.Spec.lemma82LocalErrorConstant' depends on axioms: [propext, Classical.choice, Quot.sound]
'ZhangLS.Spec.lemma82_local_error_constant_pos' depends on axioms: [propext, Classical.choice, Quot.sound]
'ZhangLS.Spec.lemma82_beta_norm' depends on axioms: [propext, Classical.choice, Quot.sound]
'ZhangLS.Spec.lemma82_smoothing_beta_norm' depends on axioms: [propext, Classical.choice, Quot.sound]
'ZhangLS.Spec.lemma82_shift_in_disk' depends on axioms: [propext, Classical.choice, Quot.sound]
'ZhangLS.Spec.lemma82_local_analytic_error' depends on axioms: [propext, Classical.choice, Quot.sound]
'ZhangLS.Spec.lemma82_tail_absorption_eventually' depends on axioms: [propext, Classical.choice, Quot.sound]
'ZhangLS.Spec.lemma82_uniform_threshold' depends on axioms: [propext, Classical.choice, Quot.sound]
'ZhangLS.Spec.lemma82ErrorConstant' depends on axioms: [propext, Classical.choice, Quot.sound]
'ZhangLS.Spec.lemma82_error_constant_pos' depends on axioms: [propext, Classical.choice, Quot.sound]
'ZhangLS.Spec.lemma82_at_parameters' depends on axioms: [propext, Classical.choice, Quot.sound]
'ZhangLS.Spec.lemma82_original' depends on axioms: [propext, Classical.choice, Quot.sound]
'ZhangLS.Spec.lemma82_regression_P' depends on axioms: [propext, Classical.choice, Quot.sound]
'ZhangLS.Spec.lemma82_regression_T' depends on axioms: [propext, Classical.choice, Quot.sound]
'ZhangLS.Spec.lemma82_regression_beta_one' depends on axioms: [propext, Classical.choice, Quot.sound]
'ZhangLS.Spec.lemma82_regression_beta_two' depends on axioms: [propext, Classical.choice, Quot.sound]
'ZhangLS.Spec.lemma82_regression_beta_three' depends on axioms: [propext, Classical.choice, Quot.sound]
'ZhangLS.Spec.lemma82_regression_beta_formulas' depends on axioms: [propext, Classical.choice, Quot.sound]
'ZhangLS.Spec.lemma82_regression_cyclic_wrap' depends on axioms: [propext, Classical.choice, Quot.sound]
'ZhangLS.Spec.lemma82_regression_cyclic' depends on axioms: [propext, Classical.choice, Quot.sound]
'ZhangLS.Spec.lemma82_regression_beta_six' depends on axioms: [propext, Classical.choice, Quot.sound]
'ZhangLS.Spec.lemma82_regression_beta_seven' depends on axioms: [propext, Classical.choice, Quot.sound]
'ZhangLS.Spec.lemma82_regression_strict_endpoint' depends on axioms: [propext, Classical.choice, Quot.sound]
'ZhangLS.Spec.lemma82_regression_endpoint_weight' depends on axioms: [propext, Classical.choice, Quot.sound]
'ZhangLS.Spec.lemma82_original_expanded' depends on axioms: [propext, Classical.choice, Quot.sound]
