'ZhangLS.Spec.lemma162Varpi' depends on axioms: [propext, Classical.choice, Quot.sound]
'ZhangLS.Spec.lemma162NuChi' depends on axioms: [propext, Classical.choice, Quot.sound]
'ZhangLS.Spec.lemma162Coefficient' depends on axioms: [propext, Classical.choice, Quot.sound]
'ZhangLS.Spec.lemma162DirichletSeries' depends on axioms: [propext, Classical.choice, Quot.sound]
'ZhangLS.Spec.Lemma162OriginalContinuation' depends on axioms: [propext, Classical.choice, Quot.sound]
'ZhangLS.Spec.Lemma162ShiftedContinuation' depends on axioms: [propext, Classical.choice, Quot.sound]
'ZhangLS.Spec.lemma162_lambda_one' depends on axioms: [propext, Classical.choice, Quot.sound]
'ZhangLS.Spec.lemma162_lambda_prime' depends on axioms: [propext, Classical.choice, Quot.sound]
'ZhangLS.Spec.lemma162_varpi_one' depends on axioms: [propext, Classical.choice, Quot.sound]
'ZhangLS.Spec.lemma162_varpi_prime' depends on axioms: [propext, Classical.choice, Quot.sound]
'ZhangLS.Spec.lemma162_coefficient_d' depends on axioms: [propext, Classical.choice, Quot.sound]
'ZhangLS.Spec.lemma162_coefficient_unexcluded' depends on axioms: [propext, Classical.choice, Quot.sound]
'ZhangLS.Spec.lemma162_coefficient_l_unexcluded' depends on axioms: [propext, Classical.choice, Quot.sound]
'ZhangLS.Spec.lemma162_coefficient_l' depends on axioms: [propext, Classical.choice, Quot.sound]
'ZhangLS.Spec.lemma162_coefficient_d_hasSum' depends on axioms: [propext, Classical.choice, Quot.sound]
'ZhangLS.Spec.lemma162_coefficient_l_hasSum' depends on axioms: [propext, Classical.choice, Quot.sound]
'ZhangLS.Spec.lemma162GeneralMPrimeFactor' depends on axioms: [propext, Classical.choice, Quot.sound]
'ZhangLS.Spec.lemma162_general_m_local_agreement' depends on axioms: [propext, Classical.choice, Quot.sound]
'ZhangLS.Spec.lemma162_general_m_prime_norm_le' depends on axioms: [propext, Classical.choice, Quot.sound]
'ZhangLS.Spec.lemma162_general_m_local_norm_series' depends on axioms: [propext, Classical.choice, Quot.sound]
'ZhangLS.Spec.lemma162_general_m_term_mul' depends on axioms: [propext, Classical.choice, Quot.sound]
'ZhangLS.Spec.lemma162_general_m_prime_power_term' depends on axioms: [propext, Classical.choice, Quot.sound]
'ZhangLS.Spec.lemma162_general_m_lseries_summable' depends on axioms: [propext, Classical.choice, Quot.sound]
'ZhangLS.Spec.lemma162_general_m_dirichlet_series_hasProd' depends on axioms: [propext, Classical.choice, Quot.sound]
'ZhangLS.Spec.lemma162GeneralMEulerProduct' depends on axioms: [propext, Classical.choice, Quot.sound]
'ZhangLS.Spec.lemma162GeneralMExceptionBound' depends on axioms: [propext, Classical.choice, Quot.sound]
'ZhangLS.Spec.lemma162_general_m_exception_bound_pos' depends on axioms: [propext, Classical.choice, Quot.sound]
'ZhangLS.Spec.lemma162_general_m_prime_error_bound' depends on axioms: [propext, Classical.choice, Quot.sound]
'ZhangLS.Spec.lemma162_prime_divisor_indicator_summable' depends on axioms: [propext, Classical.choice, Quot.sound]
'ZhangLS.Spec.lemma162GeneralMMajorant' depends on axioms: [propext, Classical.choice, Quot.sound]
'ZhangLS.Spec.lemma162_general_m_majorant_summable' depends on axioms: [propext, Classical.choice, Quot.sound]
'ZhangLS.Spec.lemma162_general_m_prime_differentiableOn' depends on axioms: [propext, Classical.choice, Quot.sound]
'ZhangLS.Spec.lemma162_general_m_products_locally_uniform' depends on axioms: [propext, Classical.choice, Quot.sound]
'ZhangLS.Spec.lemma162_general_m_euler_multipliable' depends on axioms: [propext, Classical.choice, Quot.sound]
'ZhangLS.Spec.lemma162_general_m_analyticOnNhd' depends on axioms: [propext, Classical.choice, Quot.sound]
'ZhangLS.Spec.lemma162_general_m_local_product_agreement' depends on axioms: [propext, Classical.choice, Quot.sound]
'ZhangLS.Spec.lemma162_general_m_actual_continuation' depends on axioms: [propext, Classical.choice, Quot.sound]
'ZhangLS.Spec.lemma162_general_m_baseline_prime' depends on axioms: [propext, Classical.choice, Quot.sound]
'ZhangLS.Spec.lemma162_general_m_baseline' depends on axioms: [propext, Classical.choice, Quot.sound]
'ZhangLS.Spec.lemma162PrimeTwo' depends on axioms: [propext, Classical.choice, Quot.sound]
'ZhangLS.Spec.lemma162OddMPrimeFactor' depends on axioms: [propext, Classical.choice, Quot.sound]
'ZhangLS.Spec.lemma162OddMEulerProduct' depends on axioms: [propext, Classical.choice, Quot.sound]
'ZhangLS.Spec.lemma162_odd_m_multipliable' depends on axioms: [propext, Classical.choice, Quot.sound]
'ZhangLS.Spec.lemma162_general_m_two_odd_decomposition' depends on axioms: [propext, Classical.choice, Quot.sound]
'ZhangLS.Spec.lemma162_odd_m_baseline' depends on axioms: [propext, Classical.choice, Quot.sound]
'ZhangLS.Spec.lemma162TwoNormalizer' depends on axioms: [propext, Classical.choice, Quot.sound]
'ZhangLS.Spec.lemma162_star_odd_decomposition' depends on axioms: [propext, Classical.choice, Quot.sound]
'ZhangLS.Spec.lemma162_odd_baseline_nonzero' depends on axioms: [propext, Classical.choice, Quot.sound]
'ZhangLS.Spec.lemma162_general_m_prime_pair_mul' depends on axioms: [propext, Classical.choice, Quot.sound]
'ZhangLS.Spec.lemma162_odd_m_prime_pair_mul' depends on axioms: [propext, Classical.choice, Quot.sound]
'ZhangLS.Spec.lemma162_odd_m_pair_mul' depends on axioms: [propext, Classical.choice, Quot.sound]
'ZhangLS.Spec.lemma162_odd_m_normalized_pair_mul' depends on axioms: [propext, Classical.choice, Quot.sound]
'ZhangLS.Spec.lemma162_character_one' depends on axioms: [propext, Classical.choice, Quot.sound]
'ZhangLS.Spec.lemma162_nu_chi_one' depends on axioms: [propext, Classical.choice, Quot.sound]
'ZhangLS.Spec.lemma162_nu_chi_prime' depends on axioms: [propext, Classical.choice, Quot.sound]
'ZhangLS.Spec.lemma162_actual_hadamard_prime' depends on axioms: [propext, Classical.choice, Quot.sound]
'ZhangLS.Spec.lemma162_lambda_mul' depends on axioms: [propext, Classical.choice, Quot.sound]
'ZhangLS.Spec.lemma162OddVarpiKernel' depends on axioms: [propext, Classical.choice, Quot.sound]
'ZhangLS.Spec.lemma162_odd_varpi_kernel_one' depends on axioms: [propext, Classical.choice, Quot.sound]
'ZhangLS.Spec.lemma162_odd_varpi_kernel_mul' depends on axioms: [propext, Classical.choice, Quot.sound]
'ZhangLS.Spec.lemma162OddVarpiArithmetic' depends on axioms: [propext, Classical.choice, Quot.sound]
'ZhangLS.Spec.lemma162_odd_varpi_multiplicative' depends on axioms: [propext, Classical.choice, Quot.sound]
'ZhangLS.Spec.lemma162OddRestriction' depends on axioms: [propext, Classical.choice, Quot.sound]
'ZhangLS.Spec.lemma162_odd_restriction_multiplicative' depends on axioms: [propext, Classical.choice, Quot.sound]
'ZhangLS.Spec.lemma162_nu_chi_multiplicative' depends on axioms: [propext, Classical.choice, Quot.sound]
'ZhangLS.Spec.lemma162OddCoefficientArithmetic' depends on axioms: [propext, Classical.choice, Quot.sound]
'ZhangLS.Spec.lemma162_odd_coefficient_multiplicative' depends on axioms: [propext, Classical.choice, Quot.sound]
'ZhangLS.Spec.lemma162_odd_base_prime_nonzero' depends on axioms: [propext, Classical.choice, Quot.sound]
'ZhangLS.Spec.lemma162_odd_m_prime_power_ratio' depends on axioms: [propext, Classical.choice, Quot.sound]
'ZhangLS.Spec.lemma162_odd_inverse_family_bounded' depends on axioms: [propext, Classical.choice, Quot.sound]
'ZhangLS.Spec.lemma162GeneralMNormBound' depends on axioms: [propext, Classical.choice, Quot.sound]
'ZhangLS.Spec.lemma162_general_m_norm_bound_pos' depends on axioms: [propext, Classical.choice, Quot.sound]
'ZhangLS.Spec.lemma162_general_m_local_norm' depends on axioms: [propext, Classical.choice, Quot.sound]
'ZhangLS.Spec.lemma162_character_arithmetic_norm_le_one' depends on axioms: [propext, Classical.choice, Quot.sound]
'ZhangLS.Spec.lemma162_actual_nu_prime_power_norm' depends on axioms: [propext, Classical.choice, Quot.sound]
'ZhangLS.Spec.lemma162_actual_nu_chi_prime_power_norm' depends on axioms: [propext, Classical.choice, Quot.sound]
'ZhangLS.Spec.lemma162_divisor_kernel_prime_power_norm' depends on axioms: [propext, Classical.choice, Quot.sound]
'ZhangLS.Spec.lemma162_odd_coefficient_prime_power_norm_of_kernel' depends on axioms: [propext, Classical.choice, Quot.sound]
'ZhangLS.Spec.lemma162_divisor_kernel_coprime_split' depends on axioms: [propext, Classical.choice, Quot.sound]
'ZhangLS.Spec.lemma162PrimePowerPart' depends on axioms: [propext, Classical.choice, Quot.sound]
'ZhangLS.Spec.lemma162CoprimePart' depends on axioms: [propext, Classical.choice, Quot.sound]
'ZhangLS.Spec.lemma162_prime_power_part_apply' depends on axioms: [propext, Classical.choice, Quot.sound]
'ZhangLS.Spec.lemma162_coprime_part_apply' depends on axioms: [propext, Classical.choice, Quot.sound]
'ZhangLS.Spec.lemma162_prime_power_coprime_unique' depends on axioms: [propext, Classical.choice, Quot.sound]
'ZhangLS.Spec.lemma162_prime_supported_convolution_apply' depends on axioms: [propext, Classical.choice, Quot.sound]
'ZhangLS.Spec.lemma162_divisor_kernel_prime_convolution' depends on axioms: [propext, Classical.choice, Quot.sound]
'ZhangLS.Spec.lemma162_coprime_part_multiplicative' depends on axioms: [propext, Classical.choice, Quot.sound]
'ZhangLS.Spec.lemma162_pmul_convolution_of_coprime_support' depends on axioms: [propext, Classical.choice, Quot.sound]
'ZhangLS.Spec.lemma162_prime_supported_pmul_convolution' depends on axioms: [propext, Classical.choice, Quot.sound]
'ZhangLS.Spec.lemma162_weighted_divisor_kernel_prime_convolution' depends on axioms: [propext, Classical.choice, Quot.sound]
'ZhangLS.Spec.lemma162_weighted_divisor_kernel_lseries' depends on axioms: [propext, Classical.choice, Quot.sound]
'ZhangLS.Spec.lemma162_odd_m_remove_two_powers' depends on axioms: [propext, Classical.choice, Quot.sound]
'ZhangLS.Spec.lemma162_m_two_remove_odd' depends on axioms: [propext, Classical.choice, Quot.sound]
'ZhangLS.Spec.lemma162ActualVarpiKernel' depends on axioms: [propext, Classical.choice, Quot.sound]
'ZhangLS.Spec.lemma162TwoVarpiKernel' depends on axioms: [propext, Classical.choice, Quot.sound]
'ZhangLS.Spec.lemma162_actual_kernel_two_odd_split' depends on axioms: [propext, Classical.choice, Quot.sound]
'ZhangLS.Spec.lemma162ActualCoefficientArithmetic' depends on axioms: [propext, Classical.choice, Quot.sound]
'ZhangLS.Spec.lemma162_actual_coefficient_arithmetic_eq' depends on axioms: [propext, Classical.choice, Quot.sound]
'ZhangLS.Spec.lemma162TwoCoefficientArithmetic' depends on axioms: [propext, Classical.choice, Quot.sound]
'ZhangLS.Spec.lemma162_actual_coefficient_reassembly' depends on axioms: [propext, Classical.choice, Quot.sound]
'ZhangLS.Spec.lemma162_cubic_half_majorant_summable' depends on axioms: [propext, Classical.choice, Quot.sound]
'ZhangLS.Spec.lemma162CubicNormConstant' depends on axioms: [propext, Classical.choice, Quot.sound]
'ZhangLS.Spec.lemma162_cubic_norm_constant_nonneg' depends on axioms: [propext, Classical.choice, Quot.sound]
'ZhangLS.Spec.lemma162_cubic_local_norm_series' depends on axioms: [propext, Classical.choice, Quot.sound]
'ZhangLS.Spec.lemma162_cubic_local_norm_series_general' depends on axioms: [propext, Classical.choice, Quot.sound]
'ZhangLS.Spec.lemma162_lambda_prime_power_norm' depends on axioms: [propext, Classical.choice, Quot.sound]
'ZhangLS.Spec.lemma162_prime_power_varpi_weight_norm' depends on axioms: [propext, Classical.choice, Quot.sound]
'ZhangLS.Spec.lemma162_actual_odd_kernel_prime_power_norm' depends on axioms: [propext, Classical.choice, Quot.sound]
'ZhangLS.Spec.lemma162_actual_odd_coefficient_cubic_bound' depends on axioms: [propext, Classical.choice, Quot.sound]
'ZhangLS.Spec.lemma162TwoNormConstant' depends on axioms: [propext, Classical.choice, Quot.sound]
'ZhangLS.Spec.lemma162_two_norm_constant_nonneg' depends on axioms: [propext, Classical.choice, Quot.sound]
'ZhangLS.Spec.lemma162_actual_two_kernel_prime_power_norm' depends on axioms: [propext, Classical.choice, Quot.sound]
'ZhangLS.Spec.lemma162_actual_two_coefficient_prime_power_norm' depends on axioms: [propext, Classical.choice, Quot.sound]
'ZhangLS.Spec.lemma162_actual_two_local_norm_series' depends on axioms: [propext, Classical.choice, Quot.sound]
'ZhangLS.Spec.lemma162_actual_odd_local_norm_series' depends on axioms: [propext, Classical.choice, Quot.sound]
'ZhangLS.Spec.lemma162_arithmetic_prime_power_term' depends on axioms: [propext, Classical.choice, Quot.sound]
'ZhangLS.Spec.lemma162_prime_supported_term_zero' depends on axioms: [propext, Classical.choice, Quot.sound]
'ZhangLS.Spec.lemma162_prime_supported_lseries_hasSum' depends on axioms: [propext, Classical.choice, Quot.sound]
'ZhangLS.Spec.lemma162_prime_supported_lseries_summable' depends on axioms: [propext, Classical.choice, Quot.sound]
'ZhangLS.Spec.lemma162_prime_supported_lseries_eq' depends on axioms: [propext, Classical.choice, Quot.sound]
'ZhangLS.Spec.lemma162_prime_power_part_pmul' depends on axioms: [propext, Classical.choice, Quot.sound]
'ZhangLS.Spec.lemma162_arithmetic_term_mul' depends on axioms: [propext, Classical.choice, Quot.sound]
'ZhangLS.Spec.lemma162_actual_odd_lseries_summable' depends on axioms: [propext, Classical.choice, Quot.sound]
'ZhangLS.Spec.lemma162_actual_odd_dirichlet_hasProd' depends on axioms: [propext, Classical.choice, Quot.sound]
'ZhangLS.Spec.lemma162_actual_two_lseries_summable' depends on axioms: [propext, Classical.choice, Quot.sound]
'ZhangLS.Spec.lemma162_actual_two_lseries_eq' depends on axioms: [propext, Classical.choice, Quot.sound]
'ZhangLS.Spec.lemma162_actual_lseries_summable' depends on axioms: [propext, Classical.choice, Quot.sound]
'ZhangLS.Spec.lemma162_actual_dirichlet_two_odd_product' depends on axioms: [propext, Classical.choice, Quot.sound]
'ZhangLS.Spec.lemma162_odd_coefficient_two_succ' depends on axioms: [propext, Classical.choice, Quot.sound]
'ZhangLS.Spec.lemma162_odd_two_local_series' depends on axioms: [propext, Classical.choice, Quot.sound]
'ZhangLS.Spec.lemma162ActualLocalSeries' depends on axioms: [propext, Classical.choice, Quot.sound]
'ZhangLS.Spec.lemma162_actual_dirichlet_series_hasProd' depends on axioms: [propext, Classical.choice, Quot.sound]
'ZhangLS.Spec.lemma162_weighted_convolution_hasSum' depends on axioms: [propext, Classical.choice, Quot.sound]
'ZhangLS.Spec.lemma162_weighted_h3_hasSum' depends on axioms: [propext, Classical.choice, Quot.sound]
'ZhangLS.Spec.lemma162_h2_diagonal' depends on axioms: [propext, Classical.choice, Quot.sound]
'ZhangLS.Spec.lemma162_hadamard_fraction_identity' depends on axioms: [propext, Classical.choice, Quot.sound]
'ZhangLS.Spec.lemma162_h2_h3_hadamard_hasSum' depends on axioms: [propext, Classical.choice, Quot.sound]
'ZhangLS.Spec.lemma162LocalLambda' depends on axioms: [propext, Classical.choice, Quot.sound]
'ZhangLS.Spec.lemma162M01' depends on axioms: [propext, Classical.choice, Quot.sound]
'ZhangLS.Spec.lemma162M00' depends on axioms: [propext, Classical.choice, Quot.sound]
'ZhangLS.Spec.lemma162M10' depends on axioms: [propext, Classical.choice, Quot.sound]
'ZhangLS.Spec.lemma162M11' depends on axioms: [propext, Classical.choice, Quot.sound]
'ZhangLS.Spec.lemma162_m00_source_identity' depends on axioms: [propext, Classical.choice, Quot.sound]
'ZhangLS.Spec.lemma162_ramified_factors' depends on axioms: [propext, Classical.choice, Quot.sound]
'ZhangLS.Spec.lemma162FirstNumerator' depends on axioms: [propext, Classical.choice, Quot.sound]
'ZhangLS.Spec.lemma162FirstRemainder' depends on axioms: [propext, Classical.choice, Quot.sound]
'ZhangLS.Spec.lemma162_exact_first_remainder' depends on axioms: [propext, Classical.choice, Quot.sound]
'ZhangLS.Spec.lemma162_shifted_first_coefficient' depends on axioms: [propext, Classical.choice, Quot.sound]
'ZhangLS.Spec.lemma162_unshifted_first_coefficient' depends on axioms: [propext, Classical.choice, Quot.sound]
'ZhangLS.Spec.lemma162ShiftedRemoval' depends on axioms: [propext, Classical.choice, Quot.sound]
'ZhangLS.Spec.lemma162_shifted_removal_linear' depends on axioms: [propext, Classical.choice, Quot.sound]
'ZhangLS.Spec.lemma162_special_two_center' depends on axioms: [propext, Classical.choice, Quot.sound]
'ZhangLS.Spec.lemma162_zero_shift_centers' depends on axioms: [propext, Classical.choice, Quot.sound]
'ZhangLS.Spec.lemma162_extraction_exponents_unique' depends on axioms: [propext, Classical.choice, Quot.sound]
'ZhangLS.Spec.lemma162_arithmetic_mul_prime_power' depends on axioms: [propext, Classical.choice, Quot.sound]
'ZhangLS.Spec.lemma162_character_prime_power' depends on axioms: [propext, Classical.choice, Quot.sound]
'ZhangLS.Spec.lemma162_nu_prime_power_h2' depends on axioms: [propext, Classical.choice, Quot.sound]
'ZhangLS.Spec.lemma162_nu_chi_prime_power_h3' depends on axioms: [propext, Classical.choice, Quot.sound]
'ZhangLS.Spec.lemma162RegularOldExtension' depends on axioms: [propext, Classical.choice, Quot.sound]
'ZhangLS.Spec.lemma162_regular_old_extension_at_one' depends on axioms: [propext, Classical.choice, Quot.sound]
'ZhangLS.Spec.lemma162_regular_old_extension_continuous' depends on axioms: [propext, Classical.choice, Quot.sound]
'ZhangLS.Spec.lemma162_regular_old_extension_eq_quotient' depends on axioms: [propext, Classical.choice, Quot.sound]
'ZhangLS.Spec.lemma162Approach' depends on axioms: [propext, Classical.choice, Quot.sound]
'ZhangLS.Spec.lemma162_approach_re' depends on axioms: [propext, Classical.choice, Quot.sound]
'ZhangLS.Spec.lemma162_approach_tendsto' depends on axioms: [propext, Classical.choice, Quot.sound]
'ZhangLS.Spec.lemma162_original_value_forced_zero' depends on axioms: [propext, Classical.choice, Quot.sound]
'ZhangLS.Spec.lemma162PaperShift' depends on axioms: [propext, Classical.choice, Quot.sound]
'ZhangLS.Spec.lemma162_paper_shift_zero' depends on axioms: [propext, Classical.choice, Quot.sound]
'ZhangLS.Spec.lemma162_paper_shift_one' depends on axioms: [propext, Classical.choice, Quot.sound]
'ZhangLS.Spec.lemma162_paper_shift_re' depends on axioms: [propext, Classical.choice, Quot.sound]
'ZhangLS.Spec.lemma162_paper_shift_nonzero' depends on axioms: [propext, Classical.choice, Quot.sound]
'ZhangLS.Spec.Lemma162PaperArithmeticBridgeAt' depends on axioms: [propext, Classical.choice, Quot.sound]
'ZhangLS.Spec.lemma162_paper_actual_arithmetic_bridge' depends on axioms: [propext, Classical.choice, Quot.sound]
'ZhangLS.Spec.lemma162_arithmetic_bridge_with_shared_shift_constant' depends on axioms: [propext, Classical.choice, Quot.sound]
