'ZhangLS.Spec.Proposition71CoprimeIndex' depends on axioms: []
'ZhangLS.Spec.deltaPairGcdTerm' depends on axioms: [propext, Classical.choice, Quot.sound]
'ZhangLS.Spec.deltaPair_gcd_nested_tsum' depends on axioms: [propext, Classical.choice, Quot.sound]
'ZhangLS.Spec.deltaPair_gcd_summable' depends on axioms: [propext, Classical.choice, Quot.sound]
'ZhangLS.Spec.deltaPair_gcd_term_eq' depends on axioms: [propext, Classical.choice, Quot.sound]
'ZhangLS.Spec.deltaReciprocalWeight' depends on axioms: [propext, Classical.choice, Quot.sound]
'ZhangLS.Spec.deltaReciprocalWeight_gcd' depends on axioms: [propext, Classical.choice, Quot.sound]
'ZhangLS.Spec.deltaReciprocalWeight_norm' depends on axioms: [propext, Classical.choice, Quot.sound]
'ZhangLS.Spec.positiveGcd_filtered_nested_tsum' depends on axioms: [propext, Classical.choice, Quot.sound]
'ZhangLS.Spec.positiveGcd_filtered_pair_summable' depends on axioms: [propext, Classical.choice, Quot.sound]
'ZhangLS.Spec.positiveGcd_summable' depends on axioms: [propext, Classical.choice, Quot.sound]
'ZhangLS.Spec.positiveNat_tsum_eq_finset' depends on axioms: [propext, Classical.choice, Quot.sound]
'ZhangLS.Spec.proposition141AdditiveSourceMean' depends on axioms: [propext, Classical.choice, Quot.sound]
'ZhangLS.Spec.proposition141ChiCharacterRow' depends on axioms: [propext, Classical.choice, Quot.sound]
'ZhangLS.Spec.proposition141ChiInducedInner' depends on axioms: [propext, Classical.choice, Quot.sound]
'ZhangLS.Spec.proposition141ChiInducedTotal' depends on axioms: [propext, Classical.choice, Quot.sound]
'ZhangLS.Spec.proposition141CompleteConductorMajorant' depends on axioms: [propext, Classical.choice, Quot.sound]
'ZhangLS.Spec.proposition141DeltaOneTerm' depends on axioms: [propext, Classical.choice, Quot.sound]
'ZhangLS.Spec.proposition141FiniteResidualMajorant' depends on axioms: [propext, Classical.choice, Quot.sound]
'ZhangLS.Spec.proposition141FixedGcdMean' depends on axioms: [propext, Classical.choice, Quot.sound]
'ZhangLS.Spec.proposition141FixedReciprocalInner' depends on axioms: [propext, Classical.choice, Quot.sound]
'ZhangLS.Spec.proposition141FullCharacterMean' depends on axioms: [propext, Classical.choice, Quot.sound]
'ZhangLS.Spec.proposition141FullCharacterRow' depends on axioms: [propext, Classical.choice, Quot.sound]
'ZhangLS.Spec.proposition141GaussDeltaOneMean' depends on axioms: [propext, Classical.choice, Quot.sound]
'ZhangLS.Spec.proposition141GaussDeltaOneTerm' depends on axioms: [propext, Classical.choice, Quot.sound]
'ZhangLS.Spec.proposition141InducedPrimeRow' depends on axioms: [propext, Classical.choice, Quot.sound]
'ZhangLS.Spec.proposition141LevelPrimeRow' depends on axioms: [propext, Classical.choice, Quot.sound]
'ZhangLS.Spec.proposition141NormalizedOffLocalAggregate' depends on axioms: [propext, Classical.choice, Quot.sound]
'ZhangLS.Spec.proposition141NormalizedSmallLongTailAggregate' depends on axioms: [propext, Classical.choice, Quot.sound]
'ZhangLS.Spec.proposition141NormalizedSmallPrefix' depends on axioms: [propext, Classical.choice, Quot.sound]
'ZhangLS.Spec.proposition141NormalizedUnlocalizedLargeAggregate' depends on axioms: [propext, Classical.choice, Quot.sound]
'ZhangLS.Spec.proposition141NormalizedUnlocalizedSmallAggregate' depends on axioms: [propext, Classical.choice, Quot.sound]
'ZhangLS.Spec.proposition141OffLocalAggregateConstant' depends on axioms: [propext, Classical.choice, Quot.sound]
'ZhangLS.Spec.proposition141OffLocalDeltaConstant' depends on axioms: [propext, Classical.choice, Quot.sound]
'ZhangLS.Spec.proposition141OffLocalTailConstant' depends on axioms: [propext, Classical.choice, Quot.sound]
'ZhangLS.Spec.proposition141OuterMean' depends on axioms: [propext, Classical.choice, Quot.sound]
'ZhangLS.Spec.proposition141PrimeAdditiveArithmetic' depends on axioms: [propext, Classical.choice, Quot.sound]
'ZhangLS.Spec.proposition141PrimeDivisibleCorrection' depends on axioms: [propext, Classical.choice, Quot.sound]
'ZhangLS.Spec.proposition141PrimeDivisibleTerm' depends on axioms: [propext, Classical.choice, Quot.sound]
'ZhangLS.Spec.proposition141PrimeFrontCorrectionTotal' depends on axioms: [propext, Classical.choice, Quot.sound]
'ZhangLS.Spec.proposition141PrimeGaussArithmetic' depends on axioms: [propext, Classical.choice, Quot.sound]
'ZhangLS.Spec.proposition141PrimeGaussSingle' depends on axioms: [propext, Classical.choice, Quot.sound]
'ZhangLS.Spec.proposition141PrimePhase' depends on axioms: [propext, Classical.choice, Quot.sound]
'ZhangLS.Spec.proposition141PrimeSmallCorrection' depends on axioms: [propext, Classical.choice, Quot.sound]
'ZhangLS.Spec.proposition141PrimitivePrimeTerm' depends on axioms: [propext, Classical.choice, Quot.sound]
'ZhangLS.Spec.proposition141PrincipalConstant' depends on axioms: [propext, Classical.choice, Quot.sound]
'ZhangLS.Spec.proposition141PrincipalCorrection' depends on axioms: [propext, Classical.choice, Quot.sound]
'ZhangLS.Spec.proposition141PrincipalInner' depends on axioms: [propext, Classical.choice, Quot.sound]
'ZhangLS.Spec.proposition141PrincipalOuterTerm' depends on axioms: [propext, Classical.choice, Quot.sound]
'ZhangLS.Spec.proposition141PrincipalRow' depends on axioms: [propext, Classical.choice, Quot.sound]
'ZhangLS.Spec.proposition141PrincipalTerm' depends on axioms: [propext, Classical.choice, Quot.sound]
'ZhangLS.Spec.proposition141PrincipalTotal' depends on axioms: [propext, Classical.choice, Quot.sound]
'ZhangLS.Spec.proposition141PrincipalWeight' depends on axioms: [propext, Classical.choice, Quot.sound]
'ZhangLS.Spec.proposition141QuotientNatRow' depends on axioms: [propext, Classical.choice, Quot.sound]
'ZhangLS.Spec.proposition141ReciprocalGcdMean' depends on axioms: [propext, Classical.choice, Quot.sound]
'ZhangLS.Spec.proposition141ReciprocalInner' depends on axioms: [propext, Classical.choice, Quot.sound]
'ZhangLS.Spec.proposition141RemainingCharacterRow' depends on axioms: [propext, Classical.choice, Quot.sound]
'ZhangLS.Spec.proposition141RemainingMean' depends on axioms: [propext, Classical.choice, Quot.sound]
'ZhangLS.Spec.proposition141RemainingReordered' depends on axioms: [propext, Classical.choice, Quot.sound]
'ZhangLS.Spec.proposition141ResidualCharacterSource' depends on axioms: [propext, Classical.choice, Quot.sound]
'ZhangLS.Spec.proposition141Sigma' depends on axioms: [propext, Classical.choice, Quot.sound]
'ZhangLS.Spec.proposition141SigmaLongTail' depends on axioms: [propext, Classical.choice, Quot.sound]
'ZhangLS.Spec.proposition141SigmaLongTailTerm' depends on axioms: [propext, Classical.choice, Quot.sound]
'ZhangLS.Spec.proposition141SigmaOffLocalTail' depends on axioms: [propext, Classical.choice, Quot.sound]
'ZhangLS.Spec.proposition141SigmaOffLocalTerm' depends on axioms: [propext, Classical.choice, Quot.sound]
'ZhangLS.Spec.proposition141SigmaTerm' depends on axioms: [propext, Classical.choice, Quot.sound]
'ZhangLS.Spec.proposition141SourceLongTailBlock' depends on axioms: [propext, Classical.choice, Quot.sound]
'ZhangLS.Spec.proposition141SourceOffLocalBlock' depends on axioms: [propext, Classical.choice, Quot.sound]
'ZhangLS.Spec.proposition141SourceSmallAggregate' depends on axioms: [propext, Classical.choice, Quot.sound]
'ZhangLS.Spec.proposition141SourceSmallModuli' depends on axioms: [propext, Classical.choice, Quot.sound]
'ZhangLS.Spec.proposition141SourceUnlocalizedLargeBlock' depends on axioms: [propext, Classical.choice, Quot.sound]
'ZhangLS.Spec.proposition141_actual_P_cube_tail_cutoff' depends on axioms: [propext, Classical.choice, Quot.sound]
'ZhangLS.Spec.proposition141_actual_deltaOne_series_summable' depends on axioms: [propext, Classical.choice, Quot.sound]
'ZhangLS.Spec.proposition141_actual_deltaOne_weighted_sum' depends on axioms: [propext, Classical.choice, Quot.sound]
'ZhangLS.Spec.proposition141_actual_family_partition' depends on axioms: [propext, Classical.choice, Quot.sound]
'ZhangLS.Spec.proposition141_actual_family_primitive_sum' depends on axioms: [propext, Classical.choice, Quot.sound]
'ZhangLS.Spec.proposition141_actual_long_tail_bound' depends on axioms: [propext, Classical.choice, Quot.sound]
'ZhangLS.Spec.proposition141_actual_normalized_gauss_decomposition' depends on axioms: [propext, Classical.choice, Quot.sound]
'ZhangLS.Spec.proposition141_actual_offlocal_aggregate_bound' depends on axioms: [propext, Classical.choice, Quot.sound]
'ZhangLS.Spec.proposition141_actual_offlocal_delta_quadratic' depends on axioms: [propext, Classical.choice, Quot.sound]
'ZhangLS.Spec.proposition141_actual_offlocal_sigma_bound' depends on axioms: [propext, Classical.choice, Quot.sound]
'ZhangLS.Spec.proposition141_actual_offlocalized_delta' depends on axioms: [propext, Classical.choice, Quot.sound]
'ZhangLS.Spec.proposition141_actual_reciprocal_source_partition' depends on axioms: [propext, Classical.choice, Quot.sound]
'ZhangLS.Spec.proposition141_actual_remaining_little_o' depends on axioms: [propext, Classical.choice, Quot.sound]
'ZhangLS.Spec.proposition141_actual_sigma_localization' depends on axioms: [propext, Classical.choice, Quot.sound]
'ZhangLS.Spec.proposition141_actual_sigma_prefix' depends on axioms: [propext, Classical.choice, Quot.sound]
'ZhangLS.Spec.proposition141_actual_small_long_tail_aggregate_bound' depends on axioms: [propext, Classical.choice, Quot.sound]
'ZhangLS.Spec.proposition141_actual_unlocalized_large_aggregate_split' depends on axioms: [propext, Classical.choice, Quot.sound]
'ZhangLS.Spec.proposition141_actual_unlocalized_small_aggregate_split' depends on axioms: [propext, Classical.choice, Quot.sound]
'ZhangLS.Spec.proposition141_additive_finite_gcd' depends on axioms: [propext, Classical.choice, Quot.sound]
'ZhangLS.Spec.proposition141_additive_positive_series' depends on axioms: [propext, Classical.choice, Quot.sound]
'ZhangLS.Spec.proposition141_additive_reciprocal_gcd_mean' depends on axioms: [propext, Classical.choice, Quot.sound]
'ZhangLS.Spec.proposition141_ambient_gauss_little_o' depends on axioms: [propext, Classical.choice, Quot.sound]
'ZhangLS.Spec.proposition141_character_main_partition' depends on axioms: [propext, Classical.choice, Quot.sound]
'ZhangLS.Spec.proposition141_chi_induced_ne_principal' depends on axioms: [propext, Classical.choice, Quot.sound]
'ZhangLS.Spec.proposition141_chi_induced_normalized_phase' depends on axioms: [propext, Classical.choice, Quot.sound]
'ZhangLS.Spec.proposition141_chi_induced_normalized_row' depends on axioms: [propext, Classical.choice, Quot.sound]
'ZhangLS.Spec.proposition141_chi_induced_total_eq_main' depends on axioms: [propext, Classical.choice, Quot.sound]
'ZhangLS.Spec.proposition141_chi_inner_eq_level_source' depends on axioms: [propext, Classical.choice, Quot.sound]
'ZhangLS.Spec.proposition141_chi_outer_mean' depends on axioms: [propext, Classical.choice, Quot.sound]
'ZhangLS.Spec.proposition141_closed_product_indices' depends on axioms: [propext, Classical.choice, Quot.sound]
'ZhangLS.Spec.proposition141_complete_conductor_little_o' depends on axioms: [propext, Classical.choice, Quot.sound]
'ZhangLS.Spec.proposition141_complete_conductor_rate' depends on axioms: [propext, Classical.choice, Quot.sound]
'ZhangLS.Spec.proposition141_decay_le_inverse_seventh' depends on axioms: [propext, Classical.choice, Quot.sound]
'ZhangLS.Spec.proposition141_deltaOne_norm' depends on axioms: [propext, Classical.choice, Quot.sound]
'ZhangLS.Spec.proposition141_deltaOne_term_bound' depends on axioms: [propext, Classical.choice, Quot.sound]
'ZhangLS.Spec.proposition141_divisible_original_sum' depends on axioms: [propext, Classical.choice, Quot.sound]
'ZhangLS.Spec.proposition141_divisible_reindexed' depends on axioms: [propext, Classical.choice, Quot.sound]
'ZhangLS.Spec.proposition141_divisor_card_le_P' depends on axioms: [propext, Classical.choice, Quot.sound]
'ZhangLS.Spec.proposition141_dyadic_count_le_P' depends on axioms: [propext, Classical.choice, Quot.sound]
'ZhangLS.Spec.proposition141_exceptional_mean_little_o' depends on axioms: [propext, Classical.choice, Quot.sound]
'ZhangLS.Spec.proposition141_family_primitive_source_bound' depends on axioms: [propext, Classical.choice, Quot.sound]
'ZhangLS.Spec.proposition141_finite_gcd_literal' depends on axioms: [propext, Classical.choice, Quot.sound]
'ZhangLS.Spec.proposition141_finite_residual_majorant_le_quotient' depends on axioms: [propext, Classical.choice, Quot.sound]
'ZhangLS.Spec.proposition141_fixed_gcd_finite_tsum' depends on axioms: [propext, Classical.choice, Quot.sound]
'ZhangLS.Spec.proposition141_fixed_gcd_full_character_mean' depends on axioms: [propext, Classical.choice, Quot.sound]
'ZhangLS.Spec.proposition141_fixed_reciprocal_character_expansion' depends on axioms: [propext, Classical.choice, Quot.sound]
'ZhangLS.Spec.proposition141_fixed_reciprocal_term' depends on axioms: [propext, Classical.choice, Quot.sound]
'ZhangLS.Spec.proposition141_floor_P_cube_log_five' depends on axioms: [propext, Classical.choice, Quot.sound]
'ZhangLS.Spec.proposition141_four_finite_sums_swap' depends on axioms: [propext, Classical.choice, Quot.sound]
'ZhangLS.Spec.proposition141_four_t0_le_P' depends on axioms: [propext, Classical.choice, Quot.sound]
'ZhangLS.Spec.proposition141_front_character_series_summable' depends on axioms: [propext, Classical.choice, Quot.sound]
'ZhangLS.Spec.proposition141_front_conductor_bound' depends on axioms: [propext, Classical.choice, Quot.sound]
'ZhangLS.Spec.proposition141_front_short_scale' depends on axioms: [propext, Classical.choice, Quot.sound]
'ZhangLS.Spec.proposition141_front_support_gap' depends on axioms: [propext, Classical.choice, Quot.sound]
'ZhangLS.Spec.proposition141_full_character_mean_partition' depends on axioms: [propext, Classical.choice, Quot.sound]
'ZhangLS.Spec.proposition141_gauss_front_additive_difference' depends on axioms: [propext, Classical.choice, Quot.sound]
'ZhangLS.Spec.proposition141_gauss_front_arithmetic_mean' depends on axioms: [propext, Classical.choice, Quot.sound]
'ZhangLS.Spec.proposition141_gauss_front_character_expansion' depends on axioms: [propext, Classical.choice, Quot.sound]
'ZhangLS.Spec.proposition141_gauss_front_prime_arithmetic' depends on axioms: [propext, Classical.choice, Quot.sound]
'ZhangLS.Spec.proposition141_indices_card_bound' depends on axioms: [propext, Classical.choice, Quot.sound]
'ZhangLS.Spec.proposition141_indices_eq_closed_prefix' depends on axioms: [propext, Classical.choice, Quot.sound]
'ZhangLS.Spec.proposition141_individual_local_upper' depends on axioms: [propext, Classical.choice, Quot.sound]
'ZhangLS.Spec.proposition141_induced_gauss_source_bound' depends on axioms: [propext, Classical.choice, Quot.sound]
'ZhangLS.Spec.proposition141_induced_negative_nat' depends on axioms: [propext, Classical.choice, Quot.sound]
'ZhangLS.Spec.proposition141_induced_prime_row' depends on axioms: [propext, Classical.choice, Quot.sound]
'ZhangLS.Spec.proposition141_induced_shifted_source_sigma' depends on axioms: [propext, Classical.choice, Quot.sound]
'ZhangLS.Spec.proposition141_induced_source_sigma' depends on axioms: [propext, Classical.choice, Quot.sound]
'ZhangLS.Spec.proposition141_integral_actual_front' depends on axioms: [propext, Classical.choice, Quot.sound]
'ZhangLS.Spec.proposition141_integral_infinite_front' depends on axioms: [propext, Classical.choice, Quot.sound]
'ZhangLS.Spec.proposition141_level_prime_row_character_fiber' depends on axioms: [propext, Classical.choice, Quot.sound]
'ZhangLS.Spec.proposition141_level_prime_row_positive' depends on axioms: [propext, Classical.choice, Quot.sound]
'ZhangLS.Spec.proposition141_level_primitive_source_bound' depends on axioms: [propext, Classical.choice, Quot.sound]
'ZhangLS.Spec.proposition141_level_product_row' depends on axioms: [propext, Classical.choice, Quot.sound]
'ZhangLS.Spec.proposition141_log_scale_le_P' depends on axioms: [propext, Classical.choice, Quot.sound]
'ZhangLS.Spec.proposition141_long_tail_term_majorant' depends on axioms: [propext, Classical.choice, Quot.sound]
'ZhangLS.Spec.proposition141_modulus_le_P' depends on axioms: [propext, Classical.choice, Quot.sound]
'ZhangLS.Spec.proposition141_moebius_norm_le_one' depends on axioms: [propext, Classical.choice, Quot.sound]
'ZhangLS.Spec.proposition141_off_diagonal_chi_term_zero' depends on axioms: [propext, Classical.choice, Quot.sound]
'ZhangLS.Spec.proposition141_offlocal_aggregate_constant_pos' depends on axioms: [propext, Classical.choice, Quot.sound]
'ZhangLS.Spec.proposition141_offlocal_delta_constant_pos' depends on axioms: [propext, Classical.choice, Quot.sound]
'ZhangLS.Spec.proposition141_offlocal_prime_kernel_bound' depends on axioms: [propext, Classical.choice, Quot.sound]
'ZhangLS.Spec.proposition141_offlocal_sigma_term_majorant' depends on axioms: [propext, Classical.choice, Quot.sound]
'ZhangLS.Spec.proposition141_offlocal_tail_constant_pos' depends on axioms: [propext, Classical.choice, Quot.sound]
'ZhangLS.Spec.proposition141_offlocalized_clearance' depends on axioms: [propext, Classical.choice, Quot.sound]
'ZhangLS.Spec.proposition141_original' depends on axioms: [propext, Classical.choice, Quot.sound]
'ZhangLS.Spec.proposition141_original_additive_reduction' depends on axioms: [propext, Classical.choice, Quot.sound]
'ZhangLS.Spec.proposition141_original_fourteen_three' depends on axioms: [propext, Classical.choice, Quot.sound]
'ZhangLS.Spec.proposition141_original_gauss_delta_reduction' depends on axioms: [propext, Classical.choice, Quot.sound]
'ZhangLS.Spec.proposition141_original_reciprocal_gcd_reduction' depends on axioms: [propext, Classical.choice, Quot.sound]
'ZhangLS.Spec.proposition141_outer_mean_add' depends on axioms: [propext, Classical.choice, Quot.sound]
'ZhangLS.Spec.proposition141_paper_prime_le_three_halves_P' depends on axioms: [propext, Classical.choice, Quot.sound]
'ZhangLS.Spec.proposition141_polynomial_eq_front' depends on axioms: [propext, Classical.choice, Quot.sound]
'ZhangLS.Spec.proposition141_polynomial_shift_exact' depends on axioms: [propext, Classical.choice, Quot.sound]
'ZhangLS.Spec.proposition141_prime_correction_card_budget' depends on axioms: [propext, Classical.choice, Quot.sound]
'ZhangLS.Spec.proposition141_prime_correction_scales' depends on axioms: [propext, Classical.choice, Quot.sound]
'ZhangLS.Spec.proposition141_prime_correction_summable' depends on axioms: [propext, Classical.choice, Quot.sound]
'ZhangLS.Spec.proposition141_prime_correction_weight_norm' depends on axioms: [propext, Classical.choice, Quot.sound]
'ZhangLS.Spec.proposition141_prime_corrections_combined_bound' depends on axioms: [propext, Classical.choice, Quot.sound]
'ZhangLS.Spec.proposition141_prime_divisible_correction_bound' depends on axioms: [propext, Classical.choice, Quot.sound]
'ZhangLS.Spec.proposition141_prime_front_total_bound' depends on axioms: [propext, Classical.choice, Quot.sound]
'ZhangLS.Spec.proposition141_prime_gauss_single_identity' depends on axioms: [propext, Classical.choice, Quot.sound]
'ZhangLS.Spec.proposition141_prime_gauss_single_literal' depends on axioms: [propext, Classical.choice, Quot.sound]
'ZhangLS.Spec.proposition141_prime_gauss_single_sum' depends on axioms: [propext, Classical.choice, Quot.sound]
'ZhangLS.Spec.proposition141_prime_phase_norm' depends on axioms: [propext, Classical.choice, Quot.sound]
'ZhangLS.Spec.proposition141_prime_phase_value' depends on axioms: [propext, Classical.choice, Quot.sound]
'ZhangLS.Spec.proposition141_prime_short_unit' depends on axioms: [propext, Classical.choice, Quot.sound]
'ZhangLS.Spec.proposition141_prime_small_correction_bound' depends on axioms: [propext, Classical.choice, Quot.sound]
'ZhangLS.Spec.proposition141_prime_source_corrections_identity' depends on axioms: [propext, Classical.choice, Quot.sound]
'ZhangLS.Spec.proposition141_prime_source_total_identity' depends on axioms: [propext, Classical.choice, Quot.sound]
'ZhangLS.Spec.proposition141_primitive_prime_series_summable' depends on axioms: [propext, Classical.choice, Quot.sound]
'ZhangLS.Spec.proposition141_principal_constant_pos' depends on axioms: [propext, Classical.choice, Quot.sound]
'ZhangLS.Spec.proposition141_principal_correction_bound' depends on axioms: [propext, Classical.choice, Quot.sound]
'ZhangLS.Spec.proposition141_principal_divisor_convolution' depends on axioms: [propext, Classical.choice, Quot.sound]
'ZhangLS.Spec.proposition141_principal_gauss_normalization' depends on axioms: [propext, Classical.choice, Quot.sound]
'ZhangLS.Spec.proposition141_principal_harmonic_budget' depends on axioms: [propext, Classical.choice, Quot.sound]
'ZhangLS.Spec.proposition141_principal_inner_bound' depends on axioms: [propext, Classical.choice, Quot.sound]
'ZhangLS.Spec.proposition141_principal_literal_gauss' depends on axioms: [propext, Classical.choice, Quot.sound]
'ZhangLS.Spec.proposition141_principal_literal_row' depends on axioms: [propext, Classical.choice, Quot.sound]
'ZhangLS.Spec.proposition141_principal_original_outer_sum' depends on axioms: [propext, Classical.choice, Quot.sound]
'ZhangLS.Spec.proposition141_principal_outer_off_support' depends on axioms: [propext, Classical.choice, Quot.sound]
'ZhangLS.Spec.proposition141_principal_positive_indices' depends on axioms: [propext, Classical.choice, Quot.sound]
'ZhangLS.Spec.proposition141_principal_quarter_identity' depends on axioms: [propext, Classical.choice, Quot.sound]
'ZhangLS.Spec.proposition141_principal_row_bound' depends on axioms: [propext, Classical.choice, Quot.sound]
'ZhangLS.Spec.proposition141_principal_row_eq_level_source' depends on axioms: [propext, Classical.choice, Quot.sound]
'ZhangLS.Spec.proposition141_principal_row_of_coefficient_zero' depends on axioms: [propext, Classical.choice, Quot.sound]
'ZhangLS.Spec.proposition141_principal_support_scales' depends on axioms: [propext, Classical.choice, Quot.sound]
'ZhangLS.Spec.proposition141_principal_total_bound' depends on axioms: [propext, Classical.choice, Quot.sound]
'ZhangLS.Spec.proposition141_principal_total_quarter_bound' depends on axioms: [propext, Classical.choice, Quot.sound]
'ZhangLS.Spec.proposition141_principal_weight_norm' depends on axioms: [propext, Classical.choice, Quot.sound]
'ZhangLS.Spec.proposition141_quotient_dk_tsum_eq_finite' depends on axioms: [propext, Classical.choice, Quot.sound]
'ZhangLS.Spec.proposition141_quotient_k_tsum_eq_finite' depends on axioms: [propext, Classical.choice, Quot.sound]
'ZhangLS.Spec.proposition141_quotient_nat_row_zero' depends on axioms: [propext, Classical.choice, Quot.sound]
'ZhangLS.Spec.proposition141_quotient_normalized_eq_finite' depends on axioms: [propext, Classical.choice, Quot.sound]
'ZhangLS.Spec.proposition141_real_character_unit_square' depends on axioms: [propext, Classical.choice, Quot.sound]
'ZhangLS.Spec.proposition141_reciprocal_fixed_gcd_mean' depends on axioms: [propext, Classical.choice, Quot.sound]
'ZhangLS.Spec.proposition141_reciprocal_fixed_gcd_split' depends on axioms: [propext, Classical.choice, Quot.sound]
'ZhangLS.Spec.proposition141_remaining_mean_norm_le' depends on axioms: [propext, Classical.choice, Quot.sound]
'ZhangLS.Spec.proposition141_remaining_mean_reordered' depends on axioms: [propext, Classical.choice, Quot.sound]
'ZhangLS.Spec.proposition141_residual_primitive_source_bound' depends on axioms: [propext, Classical.choice, Quot.sound]
'ZhangLS.Spec.proposition141_segment_exact' depends on axioms: [propext, Classical.choice, Quot.sound]
'ZhangLS.Spec.proposition141_sigma_prime_exchange' depends on axioms: [propext, Classical.choice, Quot.sound]
'ZhangLS.Spec.proposition141_small_log_budget' depends on axioms: [propext, Classical.choice, Quot.sound]
'ZhangLS.Spec.proposition141_small_normalized_scalar' depends on axioms: [propext, Classical.choice, Quot.sound]
'ZhangLS.Spec.proposition141_source_long_tail_block_bound' depends on axioms: [propext, Classical.choice, Quot.sound]
'ZhangLS.Spec.proposition141_source_offlocal_block_bound' depends on axioms: [propext, Classical.choice, Quot.sound]
'ZhangLS.Spec.proposition141_source_small_moduli_mem' depends on axioms: [propext, Classical.choice, Quot.sound]
'ZhangLS.Spec.proposition141_source_small_weight_sum' depends on axioms: [propext, Classical.choice, Quot.sound]
'ZhangLS.Spec.proposition141_source_unlocalized_large_block_split' depends on axioms: [propext, Classical.choice, Quot.sound]
'ZhangLS.Spec.proposition141_tau_five_le_prime_scale' depends on axioms: [propext, Classical.choice, Quot.sound]
'ZhangLS.Spec.proposition141_tau_five_prime' depends on axioms: [propext, Classical.choice, Quot.sound]
'ZhangLS.Spec.proposition141_tsum_pnat_eq_finite' depends on axioms: [propext, Classical.choice, Quot.sound]
'ZhangLS.Spec.proposition141_twist_inverse' depends on axioms: [propext, Classical.choice, Quot.sound]
'ZhangLS.Spec.proposition141_uniform_actual_prime_source_saving' depends on axioms: [propext, Classical.choice, Quot.sound]
'ZhangLS.Spec.proposition141_uniform_front_geometry' depends on axioms: [propext, Classical.choice, Quot.sound]
'ZhangLS.Spec.proposition141_uniform_front_mean_rate' depends on axioms: [propext, Classical.choice, Quot.sound]
'ZhangLS.Spec.proposition141_uniform_normalized_small_prefix' depends on axioms: [propext, Classical.choice, Quot.sound]
'ZhangLS.Spec.proposition141_uniform_off_diagonal_finite_sum_bound' depends on axioms: [propext, Classical.choice, Quot.sound]
'ZhangLS.Spec.proposition141_uniform_prime_front_saving' depends on axioms: [propext, Classical.choice, Quot.sound]
'ZhangLS.Spec.proposition141_uniform_primitive_off_diagonal_sum_bound' depends on axioms: [propext, Classical.choice, Quot.sound]
'ZhangLS.Spec.proposition141_uniform_principal_saving' depends on axioms: [propext, Classical.choice, Quot.sound]
'ZhangLS.Spec.proposition141_uniform_source_corrections_saving' depends on axioms: [propext, Classical.choice, Quot.sound]
'ZhangLS.Spec.proposition141_uniform_source_small_aggregate' depends on axioms: [propext, Classical.choice, Quot.sound]
'ZhangLS.Spec.proposition141_uniform_source_small_character_sum' depends on axioms: [propext, Classical.choice, Quot.sound]
'ZhangLS.Spec.proposition141_uniform_unlocalized_large_aggregate_rate' depends on axioms: [propext, Classical.choice, Quot.sound]
'ZhangLS.Spec.proposition141_uniform_unlocalized_small_aggregate_rate' depends on axioms: [propext, Classical.choice, Quot.sound]
'ZhangLS.Spec.proposition141_weighted_character_row_partition' depends on axioms: [propext, Classical.choice, Quot.sound]
'ZhangLS.Spec.proposition141_weighted_chi_source_branch' depends on axioms: [propext, Classical.choice, Quot.sound]
'ZhangLS.Spec.proposition141_weighted_residual_row_le_quotient' depends on axioms: [propext, Classical.choice, Quot.sound]
'ZhangLS.Spec.proposition71AdditiveDeltaMean' depends on axioms: [propext, Classical.choice, Quot.sound]
'ZhangLS.Spec.proposition71AdditiveDeltaSingle' depends on axioms: [propext, Classical.choice, Quot.sound]
'ZhangLS.Spec.proposition71CharacterDeltaFiber' depends on axioms: [propext, Classical.choice, Quot.sound]
'ZhangLS.Spec.proposition71DeltaDirichletTerm' depends on axioms: [propext, Classical.choice, Quot.sound]
'ZhangLS.Spec.proposition71DeltaMellinKernel' depends on axioms: [propext, Classical.choice, Quot.sound]
'ZhangLS.Spec.proposition71DeltaOneDilatedTerm' depends on axioms: [propext, Classical.choice, Quot.sound]
'ZhangLS.Spec.proposition71DeltaPair' depends on axioms: [propext, Classical.choice, Quot.sound]
'ZhangLS.Spec.proposition71DivisibleDeltaTerm' depends on axioms: [propext, Classical.choice, Quot.sound]
'ZhangLS.Spec.proposition71FiniteShortPair' depends on axioms: [propext, Quot.sound]
'ZhangLS.Spec.proposition71GaussCorrectionSingle' depends on axioms: [propext, Classical.choice, Quot.sound]
'ZhangLS.Spec.proposition71GcdMean' depends on axioms: [propext, Classical.choice, Quot.sound]
'ZhangLS.Spec.proposition71KappaEulerEnvelope' depends on axioms: [propext, Classical.choice, Quot.sound]
'ZhangLS.Spec.proposition71LambdaEulerEnvelope' depends on axioms: [propext, Classical.choice, Quot.sound]
'ZhangLS.Spec.proposition71NonprincipalGcdBlock' depends on axioms: [propext, Classical.choice, Quot.sound]
'ZhangLS.Spec.proposition71NonprincipalMean' depends on axioms: [propext, Classical.choice, Quot.sound]
'ZhangLS.Spec.proposition71NormalizedGaussSingle' depends on axioms: [propext, Classical.choice, Quot.sound]
'ZhangLS.Spec.proposition71OffCenterDeltaConstant' depends on axioms: [propext, Classical.choice, Quot.sound]
'ZhangLS.Spec.proposition71PrimeAdditiveDeltaMean' depends on axioms: [propext, Classical.choice, Quot.sound]
'ZhangLS.Spec.proposition71PrimeAveragedDeltaMean' depends on axioms: [propext, Classical.choice, Quot.sound]
'ZhangLS.Spec.proposition71PrimeGaussDeltaTerm' depends on axioms: [propext, Classical.choice, Quot.sound]
'ZhangLS.Spec.proposition71PrimeGcdMean' depends on axioms: [propext, Classical.choice, Quot.sound]
'ZhangLS.Spec.proposition71PrimeNonprincipalMean' depends on axioms: [propext, Classical.choice, Quot.sound]
'ZhangLS.Spec.proposition71PrimePrincipalMean' depends on axioms: [propext, Classical.choice, Quot.sound]
'ZhangLS.Spec.proposition71PrimeReciprocalPair' depends on axioms: [propext, Classical.choice, Quot.sound]
'ZhangLS.Spec.proposition71PrincipalDeltaFiber' depends on axioms: [propext, Classical.choice, Quot.sound]
'ZhangLS.Spec.proposition71PrincipalGcdBlock' depends on axioms: [propext, Classical.choice, Quot.sound]
'ZhangLS.Spec.proposition71PrincipalMean' depends on axioms: [propext, Classical.choice, Quot.sound]
'ZhangLS.Spec.proposition71PrincipalMellinIntegrand' depends on axioms: [propext, Classical.choice, Quot.sound]
'ZhangLS.Spec.proposition71ReciprocalWeight' depends on axioms: [propext, Classical.choice, Quot.sound]
'ZhangLS.Spec.proposition71SupportedCoprimeEquiv' depends on axioms: [propext, Classical.choice, Quot.sound]
'ZhangLS.Spec.proposition71SupportedKappaCoefficient' depends on axioms: [propext, Classical.choice, Quot.sound]
'ZhangLS.Spec.proposition71_actual_delta_dirichlet_series' depends on axioms: [propext, Classical.choice, Quot.sound]
'ZhangLS.Spec.proposition71_actual_delta_offcenter' depends on axioms: [propext, Classical.choice, Quot.sound]
'ZhangLS.Spec.proposition71_actual_family_sum_by_prime' depends on axioms: [propext, Classical.choice, Quot.sound]
'ZhangLS.Spec.proposition71_actual_gauss_term_interchange' depends on axioms: [propext, Classical.choice, Quot.sound]
'ZhangLS.Spec.proposition71_actual_gaussian_offcenter' depends on axioms: [propext, Classical.choice, Quot.sound]
'ZhangLS.Spec.proposition71_actual_prime_gauss_average_series' depends on axioms: [propext, Classical.choice, Quot.sound]
'ZhangLS.Spec.proposition71_actual_prime_gauss_term_branches' depends on axioms: [propext, Classical.choice, Quot.sound]
'ZhangLS.Spec.proposition71_actual_principal_mellin_source' depends on axioms: [propext, Classical.choice, Quot.sound]
'ZhangLS.Spec.proposition71_additive_character_correction_norm' depends on axioms: [propext, Classical.choice, Quot.sound]
'ZhangLS.Spec.proposition71_additive_character_norm' depends on axioms: [propext, Classical.choice, Quot.sound]
'ZhangLS.Spec.proposition71_additive_eq_gcd' depends on axioms: [propext, Classical.choice, Quot.sound]
'ZhangLS.Spec.proposition71_additive_single_reciprocity' depends on axioms: [propext, Classical.choice, Quot.sound]
'ZhangLS.Spec.proposition71_character_delta_fiber_summable' depends on axioms: [propext, Classical.choice, Quot.sound]
'ZhangLS.Spec.proposition71_coprime_index_summable' depends on axioms: [propext, Classical.choice, Quot.sound]
'ZhangLS.Spec.proposition71_coprime_index_tsum' depends on axioms: [propext, Classical.choice, Quot.sound]
'ZhangLS.Spec.proposition71_coprime_index_weight_tsum' depends on axioms: [propext, Classical.choice, Quot.sound]
'ZhangLS.Spec.proposition71_coprime_kappa_LSeries' depends on axioms: [propext, Classical.choice, Quot.sound]
'ZhangLS.Spec.proposition71_coprime_kappa_summable' depends on axioms: [propext, Classical.choice, Quot.sound]
'ZhangLS.Spec.proposition71_delta_dirichlet_integral' depends on axioms: [propext, Classical.choice, Quot.sound]
'ZhangLS.Spec.proposition71_delta_dirichlet_series_integral_norm_summable' depends on axioms: [propext, Classical.choice, Quot.sound]
'ZhangLS.Spec.proposition71_delta_dirichlet_series_term_integrable' depends on axioms: [propext, Classical.choice, Quot.sound]
'ZhangLS.Spec.proposition71_delta_dirichlet_series_term_integral' depends on axioms: [propext, Classical.choice, Quot.sound]
'ZhangLS.Spec.proposition71_delta_dirichlet_series_term_kernel' depends on axioms: [propext, Classical.choice, Quot.sound]
'ZhangLS.Spec.proposition71_delta_dirichlet_series_term_norm' depends on axioms: [propext, Classical.choice, Quot.sound]
'ZhangLS.Spec.proposition71_delta_dirichlet_series_tsum_integrable' depends on axioms: [propext, Classical.choice, Quot.sound]
'ZhangLS.Spec.proposition71_delta_one_dilated_absolute_bound' depends on axioms: [propext, Classical.choice, Quot.sound]
'ZhangLS.Spec.proposition71_delta_one_dilated_norm_bound' depends on axioms: [propext, Classical.choice, Quot.sound]
'ZhangLS.Spec.proposition71_delta_pair_fiber' depends on axioms: [propext, Classical.choice, Quot.sound]
'ZhangLS.Spec.proposition71_delta_pairs_summable_and_bound' depends on axioms: [propext, Classical.choice, Quot.sound]
'ZhangLS.Spec.proposition71_divisible_delta_branch_bound' depends on axioms: [propext, Classical.choice, Quot.sound]
'ZhangLS.Spec.proposition71_divisible_delta_reindexed' depends on axioms: [propext, Classical.choice, Quot.sound]
'ZhangLS.Spec.proposition71_exists_supported_coprime_split' depends on axioms: [propext, Classical.choice, Quot.sound]
'ZhangLS.Spec.proposition71_finite_short_pair_hasSum' depends on axioms: [propext, Classical.choice, Quot.sound]
'ZhangLS.Spec.proposition71_finite_short_pair_summable' depends on axioms: [propext, Classical.choice, Quot.sound]
'ZhangLS.Spec.proposition71_gaussian_clearance_budget' depends on axioms: [propext, Classical.choice, Quot.sound]
'ZhangLS.Spec.proposition71_gcd_block_split' depends on axioms: [propext, Classical.choice, Quot.sound]
'ZhangLS.Spec.proposition71_gcd_eq_principal_add_nonprincipal' depends on axioms: [propext, Classical.choice, Quot.sound]
'ZhangLS.Spec.proposition71_kappa_le_tau_five' depends on axioms: [propext, Classical.choice, Quot.sound]
'ZhangLS.Spec.proposition71_lambda_analytic' depends on axioms: [propext, Classical.choice, Quot.sound]
'ZhangLS.Spec.proposition71_lambda_factor_analytic' depends on axioms: [propext, Classical.choice, Quot.sound]
'ZhangLS.Spec.proposition71_lambda_factor_norm_bound' depends on axioms: [propext, Classical.choice, Quot.sound]
'ZhangLS.Spec.proposition71_lambda_norm_euler_bound' depends on axioms: [propext, Classical.choice, Quot.sound]
'ZhangLS.Spec.proposition71_modified_kappa_analytic' depends on axioms: [propext, Classical.choice, Quot.sound]
'ZhangLS.Spec.proposition71_modified_kappa_norm_euler_bound' depends on axioms: [propext, Classical.choice, Quot.sound]
'ZhangLS.Spec.proposition71_modified_local_norm_bound' depends on axioms: [propext, Classical.choice, Quot.sound]
'ZhangLS.Spec.proposition71_nat_multiples_summable_iff' depends on axioms: [propext, Classical.choice, Quot.sound]
'ZhangLS.Spec.proposition71_nat_multiples_tsum' depends on axioms: [propext, Classical.choice, Quot.sound]
'ZhangLS.Spec.proposition71_nonunit_character_term_zero' depends on axioms: [propext, Classical.choice, Quot.sound]
'ZhangLS.Spec.proposition71_normalized_gauss_decomposition' depends on axioms: [propext, Classical.choice, Quot.sound]
'ZhangLS.Spec.proposition71_normalized_gauss_nat_decomposition' depends on axioms: [propext, Classical.choice, Quot.sound]
'ZhangLS.Spec.proposition71_normalized_gauss_single_decomposition' depends on axioms: [propext, Classical.choice, Quot.sound]
'ZhangLS.Spec.proposition71_offcenter_delta_constant_pos' depends on axioms: [propext, Classical.choice, Quot.sound]
'ZhangLS.Spec.proposition71_original_additive_delta_reduction' depends on axioms: [propext, Classical.choice, Quot.sound]
'ZhangLS.Spec.proposition71_original_delta_mean_eq_prime_average' depends on axioms: [propext, Classical.choice, Quot.sound]
'ZhangLS.Spec.proposition71_original_gauss_restoration_bound' depends on axioms: [propext, Classical.choice, Quot.sound]
'ZhangLS.Spec.proposition71_original_gauss_restoration_little_o' depends on axioms: [propext, Classical.choice, Quot.sound]
'ZhangLS.Spec.proposition71_original_gcd_reduction' depends on axioms: [propext, Classical.choice, Quot.sound]
'ZhangLS.Spec.proposition71_original_principal_mellin_source' depends on axioms: [propext, Classical.choice, Quot.sound]
'ZhangLS.Spec.proposition71_original_principal_nonprincipal_reduction' depends on axioms: [propext, Classical.choice, Quot.sound]
'ZhangLS.Spec.proposition71_positive_delta_fiber_summable' depends on axioms: [propext, Classical.choice, Quot.sound]
'ZhangLS.Spec.proposition71_positive_nat_summable' depends on axioms: [propext, Classical.choice, Quot.sound]
'ZhangLS.Spec.proposition71_positive_nat_tsum' depends on axioms: [propext, Classical.choice, Quot.sound]
'ZhangLS.Spec.proposition71_prime_additive_eq_gcd' depends on axioms: [propext, Classical.choice, Quot.sound]
'ZhangLS.Spec.proposition71_prime_additive_eq_reciprocal_pairs' depends on axioms: [propext, Classical.choice, Quot.sound]
'ZhangLS.Spec.proposition71_prime_count_times_P_le_mass' depends on axioms: [propext, Classical.choice, Quot.sound]
'ZhangLS.Spec.proposition71_prime_gauss_mean_by_short_index' depends on axioms: [propext, Classical.choice, Quot.sound]
'ZhangLS.Spec.proposition71_prime_gauss_restoration_bound' depends on axioms: [propext, Classical.choice, Quot.sound]
'ZhangLS.Spec.proposition71_prime_gauss_term_by_short_index' depends on axioms: [propext, Classical.choice, Quot.sound]
'ZhangLS.Spec.proposition71_prime_gcd_principal_split' depends on axioms: [propext, Classical.choice, Quot.sound]
'ZhangLS.Spec.proposition71_prime_reciprocal_pair_summable' depends on axioms: [propext, Classical.choice, Quot.sound]
'ZhangLS.Spec.proposition71_prime_short_absolute_scales' depends on axioms: [propext, Classical.choice, Quot.sound]
'ZhangLS.Spec.proposition71_principal_LSeries' depends on axioms: [propext, Classical.choice, Quot.sound]
'ZhangLS.Spec.proposition71_principal_character_delta_fiber' depends on axioms: [propext, Classical.choice, Quot.sound]
'ZhangLS.Spec.proposition71_principal_character_nat' depends on axioms: [propext, Classical.choice, Quot.sound]
'ZhangLS.Spec.proposition71_principal_delta_fiber_summable' depends on axioms: [propext, Classical.choice, Quot.sound]
'ZhangLS.Spec.proposition71_principal_integrand_norm_euler_bound' depends on axioms: [propext, Classical.choice, Quot.sound]
'ZhangLS.Spec.proposition71_principal_integrand_residue_limit' depends on axioms: [propext, Classical.choice, Quot.sound]
'ZhangLS.Spec.proposition71_principal_weight_analytic' depends on axioms: [propext, Classical.choice, Quot.sound]
'ZhangLS.Spec.proposition71_reciprocal_character_split' depends on axioms: [propext, Classical.choice, Quot.sound]
'ZhangLS.Spec.proposition71_reciprocal_fiber_character_expansion' depends on axioms: [propext, Classical.choice, Quot.sound]
'ZhangLS.Spec.proposition71_reciprocal_fiber_split' depends on axioms: [propext, Classical.choice, Quot.sound]
'ZhangLS.Spec.proposition71_reciprocal_filtered_split' depends on axioms: [propext, Classical.choice, Quot.sound]
'ZhangLS.Spec.proposition71_reciprocal_weight_norm' depends on axioms: [propext, Classical.choice, Quot.sound]
'ZhangLS.Spec.proposition71_shifted_coprime_kappa_LSeries' depends on axioms: [propext, Classical.choice, Quot.sound]
'ZhangLS.Spec.proposition71_shifted_coprime_kappa_hasSum' depends on axioms: [propext, Classical.choice, Quot.sound]
'ZhangLS.Spec.proposition71_shifted_coprime_kappa_summable' depends on axioms: [propext, Classical.choice, Quot.sound]
'ZhangLS.Spec.proposition71_shifted_kappa_term_factor' depends on axioms: [propext, Classical.choice, Quot.sound]
'ZhangLS.Spec.proposition71_short_factors' depends on axioms: [propext, Classical.choice, Quot.sound]
'ZhangLS.Spec.proposition71_single_gauss_correction_bound' depends on axioms: [propext, Classical.choice, Quot.sound]
'ZhangLS.Spec.proposition71_strict_indices_card_le_cutoff' depends on axioms: [propext, Classical.choice, Quot.sound]
'ZhangLS.Spec.proposition71_supported_coprime' depends on axioms: [propext, Classical.choice, Quot.sound]
'ZhangLS.Spec.proposition71_supported_coprime_equiv_val' depends on axioms: [propext, Classical.choice, Quot.sound]
'ZhangLS.Spec.proposition71_supported_coprime_split_unique' depends on axioms: [propext, Classical.choice, Quot.sound]
'ZhangLS.Spec.proposition71_supported_kappa_LSeries' depends on axioms: [propext, Classical.choice, Quot.sound]
'ZhangLS.Spec.proposition71_supported_kappa_summable' depends on axioms: [propext, Classical.choice, Quot.sound]
'ZhangLS.Spec.proposition71_supported_kappa_term' depends on axioms: [propext, Classical.choice, Quot.sound]
'ZhangLS.Spec.proposition71_tau_five_local_hasSum' depends on axioms: [propext, Classical.choice, Quot.sound]
'ZhangLS.Spec.proposition71_tau_order_mono_succ' depends on axioms: [propext, Classical.choice, Quot.sound]
'ZhangLS.Spec.quotientConductorBackward' depends on axioms: [propext, Classical.choice, Quot.sound]
'ZhangLS.Spec.quotientConductorEquiv' depends on axioms: [propext, Classical.choice, Quot.sound]
'ZhangLS.Spec.quotientConductorForward' depends on axioms: [propext, Classical.choice, Quot.sound]
'ZhangLS.Spec.quotientConductorKBox' depends on axioms: [propext, Classical.choice, Quot.sound]
'ZhangLS.Spec.quotientConductorSource' depends on axioms: [propext, Classical.choice, Quot.sound]
'ZhangLS.Spec.quotientConductorSourceBox' depends on axioms: [propext, Classical.choice, Quot.sound]
'ZhangLS.Spec.quotientConductorSourceTerm' depends on axioms: [propext, Classical.choice, Quot.sound]
'ZhangLS.Spec.quotientConductorTarget' depends on axioms: [propext, Classical.choice, Quot.sound]
'ZhangLS.Spec.quotientConductorTargetBox' depends on axioms: [propext, Classical.choice, Quot.sound]
'ZhangLS.Spec.quotientConductorTargetTerm' depends on axioms: [propext, Classical.choice, Quot.sound]
'ZhangLS.Spec.quotientConductor_actual_finite_sum_eq' depends on axioms: [propext, Classical.choice, Quot.sound]
'ZhangLS.Spec.quotientConductor_actual_nested_tsum_eq' depends on axioms: [propext, Classical.choice, Quot.sound]
'ZhangLS.Spec.quotientConductor_actual_source_summable' depends on axioms: [propext, Classical.choice, Quot.sound]
'ZhangLS.Spec.quotientConductor_actual_target_closed_support' depends on axioms: [propext, Classical.choice, Quot.sound]
'ZhangLS.Spec.quotientConductor_actual_target_finite_support' depends on axioms: [propext, Classical.choice, Quot.sound]
'ZhangLS.Spec.quotientConductor_actual_target_summable' depends on axioms: [propext, Classical.choice, Quot.sound]
'ZhangLS.Spec.quotientConductor_actual_tsum_eq' depends on axioms: [propext, Classical.choice, Quot.sound]
'ZhangLS.Spec.quotientConductor_backward' depends on axioms: [propext]
'ZhangLS.Spec.quotientConductor_backward_character' depends on axioms: [propext, Classical.choice, Quot.sound]
'ZhangLS.Spec.quotientConductor_backward_forward' depends on axioms: [propext, Classical.choice, Quot.sound]
'ZhangLS.Spec.quotientConductor_backward_k' depends on axioms: [propext, Classical.choice, Quot.sound]
'ZhangLS.Spec.quotientConductor_backward_principal' depends on axioms: [propext, Classical.choice, Quot.sound]
'ZhangLS.Spec.quotientConductor_family_heq' depends on axioms: [propext, Classical.choice, Quot.sound]
'ZhangLS.Spec.quotientConductor_finset_sum' depends on axioms: [propext, Classical.choice, Quot.sound]
'ZhangLS.Spec.quotientConductor_forward' depends on axioms: [propext]
'ZhangLS.Spec.quotientConductor_forward_backward' depends on axioms: [propext, Classical.choice, Quot.sound]
'ZhangLS.Spec.quotientConductor_induced_exclusion' depends on axioms: [propext, Classical.choice, Quot.sound]
'ZhangLS.Spec.quotientConductor_mem_sourceBox' depends on axioms: [propext, Classical.choice, Quot.sound]
'ZhangLS.Spec.quotientConductor_mem_targetBox' depends on axioms: [propext, Classical.choice, Quot.sound]
'ZhangLS.Spec.quotientConductor_nested_tsum' depends on axioms: [propext, Classical.choice, Quot.sound]
'ZhangLS.Spec.quotientConductor_normalized_outer_reindex' depends on axioms: [propext, Classical.choice, Quot.sound]
'ZhangLS.Spec.quotientConductor_original_full_sigma_reindex' depends on axioms: [propext, Classical.choice, Quot.sound]
'ZhangLS.Spec.quotientConductor_source_finite_support' depends on axioms: [propext, Classical.choice, Quot.sound]
'ZhangLS.Spec.quotientConductor_source_summable' depends on axioms: [propext, Classical.choice, Quot.sound]
'ZhangLS.Spec.quotientConductor_source_target_forward' depends on axioms: [propext, Classical.choice, Quot.sound]
'ZhangLS.Spec.quotientConductor_source_target_term' depends on axioms: [propext, Classical.choice, Quot.sound]
'ZhangLS.Spec.quotientConductor_source_term_zero' depends on axioms: [propext, Classical.choice, Quot.sound]
'ZhangLS.Spec.quotientConductor_source_tsum_eq_sum' depends on axioms: [propext, Classical.choice, Quot.sound]
'ZhangLS.Spec.quotientConductor_target_nonzero_data' depends on axioms: [propext, Classical.choice, Quot.sound]
'ZhangLS.Spec.quotientConductor_target_outer_support' depends on axioms: [propext, Classical.choice, Quot.sound]
'ZhangLS.Spec.quotientConductor_tsum' depends on axioms: [propext, Classical.choice, Quot.sound]
'ZhangLS.Spec.quotientConductor_weight' depends on axioms: [propext, Classical.choice, Quot.sound]
'ZhangLS.Spec.quotientSourceFlatTerm' depends on axioms: [propext, Classical.choice, Quot.sound]
'ZhangLS.Spec.quotientSourceLargeRowTerm' depends on axioms: [propext, Classical.choice, Quot.sound]
'ZhangLS.Spec.quotientSourceNormalizedSource' depends on axioms: [propext, Classical.choice, Quot.sound]
'ZhangLS.Spec.quotientSourceRowIndex' depends on axioms: [propext, Classical.choice, Quot.sound]
'ZhangLS.Spec.quotientSourceSmallRowTerm' depends on axioms: [propext, Classical.choice, Quot.sound]
'ZhangLS.Spec.quotientSourceTargetRowMap' depends on axioms: [propext, Classical.choice, Quot.sound]
'ZhangLS.Spec.quotientSource_actual_conductor_row_le' depends on axioms: [propext, Classical.choice, Quot.sound]
'ZhangLS.Spec.quotientSource_actual_induced_gauss_weight' depends on axioms: [propext, Classical.choice, Quot.sound]
'ZhangLS.Spec.quotientSource_actual_row_le_box' depends on axioms: [propext, Classical.choice, Quot.sound]
'ZhangLS.Spec.quotientSource_actual_row_le_conductor' depends on axioms: [propext, Classical.choice, Quot.sound]
'ZhangLS.Spec.quotientSource_actual_row_zero_of_outer' depends on axioms: [propext, Classical.choice, Quot.sound]
'ZhangLS.Spec.quotientSource_flat_nonneg' depends on axioms: [propext, Classical.choice, Quot.sound]
'ZhangLS.Spec.quotientSource_flat_row_le_small' depends on axioms: [propext, Classical.choice, Quot.sound]
'ZhangLS.Spec.quotientSource_flat_row_nonzero_data' depends on axioms: [propext, Classical.choice, Quot.sound]
'ZhangLS.Spec.quotientSource_nested_source_eq' depends on axioms: [propext, Classical.choice, Quot.sound]
'ZhangLS.Spec.quotientSource_normalized_le_complete_conductor' depends on axioms: [propext, Classical.choice, Quot.sound]
'ZhangLS.Spec.quotientSource_normalized_little_o' depends on axioms: [propext, Classical.choice, Quot.sound]
'ZhangLS.Spec.quotientSource_normalized_target_le_complete_conductor' depends on axioms: [propext, Classical.choice, Quot.sound]
'ZhangLS.Spec.quotientSource_original_normalized_le_complete_conductor' depends on axioms: [propext, Classical.choice, Quot.sound]
'ZhangLS.Spec.quotientSource_small_row_le_large' depends on axioms: [propext, Classical.choice, Quot.sound]
'ZhangLS.Spec.quotientSource_sum_le_cover' depends on axioms: [propext, Classical.choice, Quot.sound]
'ZhangLS.Spec.quotientSource_sum_le_of_support_injective' depends on axioms: [propext, Classical.choice, Quot.sound]
'ZhangLS.Spec.quotientSource_target_eq_flat' depends on axioms: [propext, Classical.choice, Quot.sound]
'ZhangLS.Spec.quotientSource_target_row_injective' depends on axioms: [propext, Classical.choice, Quot.sound]
'ZhangLS.Spec.quotientSource_tsum_pnat_eq_sum' depends on axioms: [propext, Classical.choice, Quot.sound]
'ZhangLS.Spec.reciprocalDeltaFiniteGcdMean' depends on axioms: [propext, Classical.choice, Quot.sound]
'ZhangLS.Spec.reciprocalDeltaGcdTerm' depends on axioms: [propext, Classical.choice, Quot.sound]
'ZhangLS.Spec.reciprocalDelta_gcd_finite_outer' depends on axioms: [propext, Classical.choice, Quot.sound]
'ZhangLS.Spec.reciprocalDelta_gcd_summable' depends on axioms: [propext, Classical.choice, Quot.sound]
'ZhangLS.Spec.reciprocalDelta_gcd_term_eq' depends on axioms: [propext, Classical.choice, Quot.sound]
'ZhangLS.Spec.reciprocalDelta_source_finite_gcd' depends on axioms: [propext, Classical.choice, Quot.sound]
'ZhangLS.Spec.reciprocalDelta_source_gcd_tsum' depends on axioms: [propext, Classical.choice, Quot.sound]
'ZhangLS.Spec.reciprocalDelta_source_term' depends on axioms: [propext, Classical.choice, Quot.sound]
