'ZhangLS.Spec.divisorConductor_sum_le' depends on axioms: [propext, Classical.choice, Quot.sound]
'ZhangLS.Spec.finiteDivisorProduct_reindex' depends on axioms: [propext, Classical.choice, Quot.sound]
'ZhangLS.Spec.finiteFourSum_le_of_subset' depends on axioms: [propext, Classical.choice, Quot.sound]
'ZhangLS.Spec.finiteFourSum_norm_sub_le' depends on axioms: [propext, Classical.choice, Quot.sound]
'ZhangLS.Spec.natProduct_fiber_eq_divisorsAntidiagonal' depends on axioms: [propext, Classical.choice, Quot.sound]
'ZhangLS.Spec.natProduct_summable_divisorsAntidiagonal' depends on axioms: [propext, Classical.choice, Quot.sound]
'ZhangLS.Spec.positivePairNatCoe' does not depend on any axioms
'ZhangLS.Spec.positivePairNatCoe_injective' does not depend on any axioms
'ZhangLS.Spec.positivePairNatCoe_zero_off_range' depends on axioms: [propext, Quot.sound]
'ZhangLS.Spec.positivePairNatCoe_summable' depends on axioms: [propext, Classical.choice, Quot.sound]
'ZhangLS.Spec.positivePairNatCoe_tsum' depends on axioms: [propext, Classical.choice, Quot.sound]
'ZhangLS.Spec.primitiveConductor_nonprincipal_sum' depends on axioms: [propext, Classical.choice, Quot.sound]
'ZhangLS.Spec.primitiveConductor_gt_one_divisor_sum' depends on axioms: [propext, Classical.choice, Quot.sound]
'ZhangLS.Spec.proposition71PrimitivePrimeDeltaTerm' depends on axioms: [propext, Classical.choice, Quot.sound]
'ZhangLS.Spec.proposition71_primitive_prime_delta_summable' depends on axioms: [propext, Classical.choice, Quot.sound]
'ZhangLS.Spec.proposition71_original_sigma_prime_exchange' depends on axioms: [propext, Classical.choice, Quot.sound]
'ZhangLS.Spec.proposition71_induced_negative_nat' depends on axioms: [propext, Classical.choice, Quot.sound]
'ZhangLS.Spec.proposition71_induced_character_fiber' depends on axioms: [propext, Classical.choice, Quot.sound]
'ZhangLS.Spec.proposition71_induced_source_sigma' depends on axioms: [propext, Classical.choice, Quot.sound]
'ZhangLS.Spec.proposition71_induced_gauss_source_bound' depends on axioms: [propext, Classical.choice, Quot.sound]
'ZhangLS.Spec.proposition71CharacterPrimeSource' depends on axioms: [propext, Classical.choice, Quot.sound]
'ZhangLS.Spec.proposition71NonprincipalSourceBlock' depends on axioms: [propext, Classical.choice, Quot.sound]
'ZhangLS.Spec.proposition71_weighted_nonprincipal_source_exchange' depends on axioms: [propext, Classical.choice, Quot.sound]
'ZhangLS.Spec.proposition71_induced_dvd_source_bound' depends on axioms: [propext, Classical.choice, Quot.sound]
'ZhangLS.Spec.proposition71_primitive_family_source_bound' depends on axioms: [propext, Classical.choice, Quot.sound]
'ZhangLS.Spec.proposition71GeneralDeltaMellinKernel' depends on axioms: [propext, Classical.choice, Quot.sound]
'ZhangLS.Spec.proposition71GeneralDeltaDirichletTerm' depends on axioms: [propext, Classical.choice, Quot.sound]
'ZhangLS.Spec.proposition71_general_delta_dirichlet_series_term_norm' depends on axioms: [propext, Classical.choice, Quot.sound]
'ZhangLS.Spec.proposition71_general_delta_dirichlet_series_term_kernel' depends on axioms: [propext, Classical.choice, Quot.sound]
'ZhangLS.Spec.proposition71_general_delta_dirichlet_series_term_integrable' depends on axioms: [propext, Classical.choice, Quot.sound]
'ZhangLS.Spec.proposition71_general_delta_dirichlet_series_integral_norm_summable' depends on axioms: [propext, Classical.choice, Quot.sound]
'ZhangLS.Spec.proposition71_general_delta_dirichlet_series_tsum_integrable' depends on axioms: [propext, Classical.choice, Quot.sound]
'ZhangLS.Spec.proposition71_general_delta_dirichlet_integral' depends on axioms: [propext, Classical.choice, Quot.sound]
'ZhangLS.Spec.proposition71_general_delta_dirichlet_series_term_integral' depends on axioms: [propext, Classical.choice, Quot.sound]
'ZhangLS.Spec.proposition71_actual_general_delta_dirichlet_series' depends on axioms: [propext, Classical.choice, Quot.sound]
'ZhangLS.Spec.proposition71_nonprincipal_gauss_source_sum_bound' depends on axioms: [propext, Classical.choice, Quot.sound]
'ZhangLS.Spec.proposition71DivisorConductorBlock' depends on axioms: [propext, Classical.choice, Quot.sound]
'ZhangLS.Spec.proposition71_divisor_conductor_block_nonneg' depends on axioms: [propext, Classical.choice, Quot.sound]
'ZhangLS.Spec.proposition71_divisor_conductor_weight' depends on axioms: [propext, Classical.choice, Quot.sound]
'ZhangLS.Spec.proposition71_nonprincipal_source_block_bound' depends on axioms: [propext, Classical.choice, Quot.sound]
'ZhangLS.Spec.proposition71_indices_subset_prime_floor' depends on axioms: [propext, Classical.choice, Quot.sound]
'ZhangLS.Spec.proposition71_divisor_aggregate_le_original' depends on axioms: [propext, Classical.choice, Quot.sound]
'ZhangLS.Spec.proposition71_original_seven_thirteen' depends on axioms: [propext, Classical.choice, Quot.sound]
'ZhangLS.Spec.proposition71_multichoose_degree_mono' depends on axioms: [propext, Classical.choice, Quot.sound]
'ZhangLS.Spec.proposition71_prime_factor_constant_le_tau' depends on axioms: [propext, Classical.choice, Quot.sound]
'ZhangLS.Spec.proposition71_prime_inverse_rpow_le_three_quarters' depends on axioms: [propext, Classical.choice, Quot.sound]
'ZhangLS.Spec.proposition71_kappa_envelope_factor_le' depends on axioms: [propext, Classical.choice, Quot.sound]
'ZhangLS.Spec.proposition71_lambda_envelope_factor_le' depends on axioms: [propext, Classical.choice, Quot.sound]
'ZhangLS.Spec.proposition71_kappa_euler_envelope_le_tau' depends on axioms: [propext, Classical.choice, Quot.sound]
'ZhangLS.Spec.proposition71_lambda_euler_envelope_le_tau' depends on axioms: [propext, Classical.choice, Quot.sound]
'ZhangLS.Spec.proposition71_kappa_half_strip_envelope_nonneg' depends on axioms: [propext, Classical.choice, Quot.sound]
'ZhangLS.Spec.proposition71_lambda_half_strip_envelope_nonneg' depends on axioms: [propext, Classical.choice, Quot.sound]
'ZhangLS.Spec.proposition71PrincipalPoleSet' depends on axioms: [propext, Classical.choice, Quot.sound]
'ZhangLS.Spec.proposition71PrincipalPolePolynomial' depends on axioms: [propext, Classical.choice, Quot.sound]
'ZhangLS.Spec.proposition71PrincipalContourNumerator' depends on axioms: [propext, Classical.choice, Quot.sound]
'ZhangLS.Spec.proposition71_principal_polynomial_zeros' depends on axioms: [propext, Classical.choice, Quot.sound]
'ZhangLS.Spec.proposition71_principal_polynomial_analytic' depends on axioms: [propext, Classical.choice, Quot.sound]
'ZhangLS.Spec.proposition71_principal_polynomial_deriv' depends on axioms: [propext, Classical.choice, Quot.sound]
'ZhangLS.Spec.proposition71_principal_polynomial_simple' depends on axioms: [propext, Classical.choice, Quot.sound]
'ZhangLS.Spec.proposition71_principal_numerator_analytic' depends on axioms: [propext, Classical.choice, Quot.sound]
'ZhangLS.Spec.proposition71_removed_shift_quotient' depends on axioms: [propext, Classical.choice, Quot.sound]
'ZhangLS.Spec.proposition71_principal_numerator_quotient' depends on axioms: [propext, Classical.choice, Quot.sound]
'ZhangLS.Spec.proposition71_principal_numerator_at_one' depends on axioms: [propext, Classical.choice, Quot.sound]
'ZhangLS.Spec.proposition71_principal_quotient_eventually' depends on axioms: [propext, Classical.choice, Quot.sound]
'ZhangLS.Spec.proposition71_principal_numerator_residue' depends on axioms: [propext, Classical.choice, Quot.sound]
'ZhangLS.Spec.proposition71_short_height_beta_margin' depends on axioms: [propext, Classical.choice, Quot.sound]
'ZhangLS.Spec.proposition71_short_rectangle_pole_inside' depends on axioms: [propext, Classical.choice, Quot.sound]
'ZhangLS.Spec.proposition71_short_rectangle_shift_margin' depends on axioms: [propext, Classical.choice, Quot.sound]
'ZhangLS.Spec.proposition71_principal_short_rectangle_at_threshold' depends on axioms: [propext, Classical.choice, Quot.sound]
'ZhangLS.Spec.proposition71_actual_principal_short_rectangle' depends on axioms: [propext, Classical.choice, Quot.sound]
'ZhangLS.Spec.proposition71_actual_general_principal_mellin_source' depends on axioms: [propext, Classical.choice, Quot.sound]
'ZhangLS.Spec.proposition71PrincipalDeltaSum' depends on axioms: [propext, Classical.choice, Quot.sound]
'ZhangLS.Spec.proposition71PrincipalResidueSum' depends on axioms: [propext, Classical.choice, Quot.sound]
'ZhangLS.Spec.proposition71_principal_five_edge_error' depends on axioms: [propext, Classical.choice, Quot.sound]
'ZhangLS.Spec.proposition71_principal_zeta_right_bound' depends on axioms: [propext, Classical.choice, Quot.sound]
'ZhangLS.Spec.proposition71_principal_delta_cauchy_bound' depends on axioms: [propext, Classical.choice, Quot.sound]
'ZhangLS.Spec.proposition71_principal_zeta_short_rectangle_bound' depends on axioms: [propext, Classical.choice, Quot.sound]
'ZhangLS.Spec.proposition71_prime_negative_rpow_lt_one' depends on axioms: [propext, Classical.choice, Quot.sound]
'ZhangLS.Spec.proposition71_kappa_euler_envelope_nonneg' depends on axioms: [propext, Classical.choice, Quot.sound]
'ZhangLS.Spec.proposition71_lambda_euler_envelope_nonneg' depends on axioms: [propext, Classical.choice, Quot.sound]
'ZhangLS.Spec.proposition71_kappa_euler_envelope_antitone' depends on axioms: [propext, Classical.choice, Quot.sound]
'ZhangLS.Spec.proposition71_lambda_euler_envelope_antitone' depends on axioms: [propext, Classical.choice, Quot.sound]
'ZhangLS.Spec.proposition71_principal_integrand_norm_uniform_euler' depends on axioms: [propext, Classical.choice, Quot.sound]
'ZhangLS.Spec.proposition71_short_rectangle_real_bounds' depends on axioms: [propext, Classical.choice, Quot.sound]
'ZhangLS.Spec.proposition71_short_rectangle_width' depends on axioms: [propext, Classical.choice, Quot.sound]
'ZhangLS.Spec.proposition71_principal_left_pole_separation' depends on axioms: [propext, Classical.choice, Quot.sound]
'ZhangLS.Spec.proposition71_principal_horizontal_pole_separation' depends on axioms: [propext, Classical.choice, Quot.sound]
'ZhangLS.Spec.proposition71PrincipalArithmeticBound' depends on axioms: [propext, Classical.choice, Quot.sound]
'ZhangLS.Spec.proposition71_principal_arithmetic_bound_nonneg' depends on axioms: [propext, Classical.choice, Quot.sound]
'ZhangLS.Spec.proposition71_principal_right_pointwise' depends on axioms: [propext, Classical.choice, Quot.sound]
'ZhangLS.Spec.proposition71_principal_separated_pointwise' depends on axioms: [propext, Classical.choice, Quot.sound]
'ZhangLS.Spec.proposition71_principal_finite_edges' depends on axioms: [propext, Classical.choice, Quot.sound]
'ZhangLS.Spec.proposition71_integrable_cauchy_tails' depends on axioms: [propext, Classical.choice, Quot.sound]
'ZhangLS.Spec.proposition71_principal_right_tails' depends on axioms: [propext, Classical.choice, Quot.sound]
'ZhangLS.Spec.proposition71_principal_scale_right' depends on axioms: [propext, Classical.choice, Quot.sound]
'ZhangLS.Spec.proposition71_principal_scale_left' depends on axioms: [propext, Classical.choice, Quot.sound]
'ZhangLS.Spec.proposition71_principal_height_inverse' depends on axioms: [propext, Classical.choice, Quot.sound]
'ZhangLS.Spec.proposition71_principal_height_inverse_square' depends on axioms: [propext, Classical.choice, Quot.sound]
'ZhangLS.Spec.proposition71_principal_left_budget' depends on axioms: [propext, Classical.choice, Quot.sound]
'ZhangLS.Spec.proposition71_principal_horizontal_budget' depends on axioms: [propext, Classical.choice, Quot.sound]
'ZhangLS.Spec.proposition71_principal_tail_budget' depends on axioms: [propext, Classical.choice, Quot.sound]
'ZhangLS.Spec.proposition71_principal_local_scales' depends on axioms: [propext, Classical.choice, Quot.sound]
'ZhangLS.Spec.proposition71PrincipalContourConstant' depends on axioms: [propext, Classical.choice, Quot.sound]
'ZhangLS.Spec.proposition71_principal_contour_constant_pos' depends on axioms: [propext, Classical.choice, Quot.sound]
'ZhangLS.Spec.proposition71_principal_pointwise_at_threshold' depends on axioms: [propext, Classical.choice, Quot.sound]
'ZhangLS.Spec.proposition71_actual_principal_pointwise' depends on axioms: [propext, Classical.choice, Quot.sound]
'ZhangLS.Spec.proposition71_original_principal_contour' depends on axioms: [propext, Classical.choice, Quot.sound]
'ZhangLS.Spec.proposition71PrincipalPairTerm' depends on axioms: [propext, Classical.choice, Quot.sound]
'ZhangLS.Spec.proposition71_principal_pair_zero_product' depends on axioms: [propext, Classical.choice, Quot.sound]
'ZhangLS.Spec.proposition71_short_coefficient_zero_off_factors' depends on axioms: [propext, Classical.choice, Quot.sound]
'ZhangLS.Spec.proposition71_principal_long_fiber_summable' depends on axioms: [propext, Classical.choice, Quot.sound]
'ZhangLS.Spec.proposition71_principal_pair_summable' depends on axioms: [propext, Classical.choice, Quot.sound]
'ZhangLS.Spec.proposition71_principal_convolution_pointwise' depends on axioms: [propext, Classical.choice, Quot.sound]
'ZhangLS.Spec.proposition71_principal_delta_convolution_split' depends on axioms: [propext, Classical.choice, Quot.sound]
'ZhangLS.Spec.proposition71_principal_pair_tsum_finite' depends on axioms: [propext, Classical.choice, Quot.sound]
'ZhangLS.Spec.proposition71_principal_delta_finite_factorization' depends on axioms: [propext, Classical.choice, Quot.sound]
'ZhangLS.Spec.proposition71PrincipalQuadTerm' depends on axioms: [propext, Classical.choice, Quot.sound]
'ZhangLS.Spec.proposition71PrincipalQuadMean' depends on axioms: [propext, Classical.choice, Quot.sound]
'ZhangLS.Spec.proposition71_principal_block_quad_split' depends on axioms: [propext, Classical.choice, Quot.sound]
'ZhangLS.Spec.proposition71_prime_principal_eq_quad' depends on axioms: [propext, Classical.choice, Quot.sound]
'ZhangLS.Spec.proposition71ResidueArithmeticMean' depends on axioms: [propext, Classical.choice, Quot.sound]
'ZhangLS.Spec.proposition71_residue_weighted_sum' depends on axioms: [propext, Classical.choice, Quot.sound]
'ZhangLS.Spec.proposition71_main_term_prime_sum' depends on axioms: [propext, Classical.choice, Quot.sound]
'ZhangLS.Spec.proposition71_actual_residue_mean_error' depends on axioms: [propext, Classical.choice, Quot.sound]
'ZhangLS.Spec.proposition71_principal_residue_power' depends on axioms: [propext, Classical.choice, Quot.sound]
'ZhangLS.Spec.proposition71PrincipalQuadResidue' depends on axioms: [propext, Classical.choice, Quot.sound]
'ZhangLS.Spec.proposition71_principal_residue_star_term' depends on axioms: [propext, Classical.choice, Quot.sound]
'ZhangLS.Spec.proposition71_principal_quad_residue_expanded' depends on axioms: [propext, Classical.choice, Quot.sound]
'ZhangLS.Spec.proposition71_principal_quad_residue_sum' depends on axioms: [propext, Classical.choice, Quot.sound]
'ZhangLS.Spec.proposition71_principal_euler_weight_le_tau' depends on axioms: [propext, Classical.choice, Quot.sound]
'ZhangLS.Spec.proposition71_principal_envelope_weight_majorant' depends on axioms: [propext, Classical.choice, Quot.sound]
'ZhangLS.Spec.proposition71_principal_envelope_outer_sum' depends on axioms: [propext, Classical.choice, Quot.sound]
'ZhangLS.Spec.proposition71PrincipalExteriorWeight' depends on axioms: [propext, Classical.choice, Quot.sound]
'ZhangLS.Spec.proposition71_principal_left_re_lower' depends on axioms: [propext, Classical.choice, Quot.sound]
'ZhangLS.Spec.proposition71_principal_exterior_weight_nonneg' depends on axioms: [propext, Classical.choice, Quot.sound]
'ZhangLS.Spec.proposition71_principal_quad_contour_bound' depends on axioms: [propext, Classical.choice, Quot.sound]
'ZhangLS.Spec.proposition71_principal_prime_finite_error' depends on axioms: [propext, Classical.choice, Quot.sound]
'ZhangLS.Spec.proposition71_stretched_exponential_decay' depends on axioms: [propext, Classical.choice, Quot.sound]
'ZhangLS.Spec.proposition71_principal_outer_decay' depends on axioms: [propext, Classical.choice, Quot.sound]
'ZhangLS.Spec.proposition71_principal_outer_rate' depends on axioms: [propext, Classical.choice, Quot.sound]
'ZhangLS.Spec.proposition71_principal_rate_reassociate' depends on axioms: [propext, Classical.choice, Quot.sound]
'ZhangLS.Spec.proposition71_principal_floor_log_budget' depends on axioms: [propext, Classical.choice, Quot.sound]
'ZhangLS.Spec.proposition71_principal_prime_residue_error' depends on axioms: [propext, Classical.choice, Quot.sound]
'ZhangLS.Spec.proposition71_nonprincipal_phase_factor' depends on axioms: [propext, Classical.choice, Quot.sound]
'ZhangLS.Spec.proposition71_nonprincipal_phase_norm' depends on axioms: [propext, Classical.choice, Quot.sound]
'ZhangLS.Spec.proposition71_original_seven_eleven' depends on axioms: [propext, Classical.choice, Quot.sound]
'ZhangLS.Spec.proposition71_original_nonprincipal_little_o' depends on axioms: [propext, Classical.choice, Quot.sound]
'ZhangLS.Spec.proposition71_original_principal_reduction' depends on axioms: [propext, Classical.choice, Quot.sound]
'ZhangLS.Spec.proposition71_principal_residue_little_o' depends on axioms: [propext, Classical.choice, Quot.sound]
'ZhangLS.Spec.proposition71_at_every_positive_constant' depends on axioms: [propext, Classical.choice, Quot.sound]
'ZhangLS.Spec.proposition71_proved' depends on axioms: [propext, Classical.choice, Quot.sound]
