'ZhangLS.Spec.lemma151Twist' depends on axioms: [propext, Classical.choice, Quot.sound]
'ZhangLS.Spec.lemma151_twist_mul' depends on axioms: [propext, Classical.choice, Quot.sound]
'ZhangLS.Spec.lemma151_mu_mul_actual_nu' depends on axioms: [propext, Classical.choice, Quot.sound]
'ZhangLS.Spec.lemma151Rho' depends on axioms: [propext, Classical.choice, Quot.sound]
'ZhangLS.Spec.lemma151RhoStar' depends on axioms: [propext, Classical.choice, Quot.sound]
'ZhangLS.Spec.lemma151_rho_divisor_sum' depends on axioms: [propext, Classical.choice, Quot.sound]
'ZhangLS.Spec.lemma151_rhostar_divisor_sum' depends on axioms: [propext, Classical.choice, Quot.sound]
'ZhangLS.Spec.lemma151_rhostar_actual_nu_convolution' depends on axioms: [propext, Classical.choice, Quot.sound]
'ZhangLS.Spec.lemma151_moebius_norm_le_one' depends on axioms: [propext, Classical.choice, Quot.sound]
'ZhangLS.Spec.lemma151_power_norm' depends on axioms: [propext, Classical.choice, Quot.sound]
'ZhangLS.Spec.lemma151_rho_norm_le_tau' depends on axioms: [propext, Classical.choice, Quot.sound]
'ZhangLS.Spec.lemma151_rhostar_sub_rho_exact' depends on axioms: [propext, Classical.choice, Quot.sound]
'ZhangLS.Spec.lemma151_rhostar_sub_rho_bound' depends on axioms: [propext, Classical.choice, Quot.sound]
'ZhangLS.Spec.lemma151P1' depends on axioms: [propext, Classical.choice, Quot.sound]
'ZhangLS.Spec.lemma151P2' depends on axioms: [propext, Classical.choice, Quot.sound]
'ZhangLS.Spec.lemma151P3' depends on axioms: [propext, Classical.choice, Quot.sound]
'ZhangLS.Spec.lemma151Beta6' depends on axioms: [propext, Classical.choice, Quot.sound]
'ZhangLS.Spec.lemma151Beta7' depends on axioms: [propext, Classical.choice, Quot.sound]
'ZhangLS.Spec.lemma151Iota2' depends on axioms: [propext, Classical.choice, Quot.sound]
'ZhangLS.Spec.lemma151Iota3' depends on axioms: [propext, Classical.choice, Quot.sound]
'ZhangLS.Spec.lemma151Iota4' depends on axioms: [propext, Classical.choice, Quot.sound]
'ZhangLS.Spec.lemma151Kernel' depends on axioms: [propext, Classical.choice, Quot.sound]
'ZhangLS.Spec.lemma151First' depends on axioms: [propext, Classical.choice, Quot.sound]
'ZhangLS.Spec.lemma151Second' depends on axioms: [propext, Classical.choice, Quot.sound]
'ZhangLS.Spec.lemma151BChiPsi' depends on axioms: [propext, Classical.choice, Quot.sound]
'ZhangLS.Spec.lemma151BPsi' depends on axioms: [propext, Classical.choice, Quot.sound]
'ZhangLS.Spec.lemma151Q' depends on axioms: [propext, Classical.choice, Quot.sound]
'ZhangLS.Spec.Lemma151Supported' depends on axioms: [propext]
'ZhangLS.Spec.lemma151ArithmeticSum' depends on axioms: [propext, Classical.choice, Quot.sound]
'ZhangLS.Spec.lemma151FullKernelConstant' depends on axioms: [propext, Classical.choice, Quot.sound]
'ZhangLS.Spec.lemma151PrintedTail' depends on axioms: [propext, Classical.choice, Quot.sound]
'ZhangLS.Spec.lemma151ResidueTail' depends on axioms: [propext, Classical.choice, Quot.sound]
'ZhangLS.Spec.lemma151MainConstant' depends on axioms: [propext, Classical.choice, Quot.sound]
'ZhangLS.Spec.Lemma151OriginalTarget' depends on axioms: [propext, Classical.choice, Quot.sound]
'ZhangLS.Spec.lemma151_actual_psi_coefficient' depends on axioms: [propext, Classical.choice, Quot.sound]
'ZhangLS.Spec.lemma151_character_square' depends on axioms: [propext, Classical.choice, Quot.sound]
'ZhangLS.Spec.lemma151_psi_basis_character_cancellation' depends on axioms: [propext, Classical.choice, Quot.sound]
'ZhangLS.Spec.lemma151_prime_dvd_Q' depends on axioms: [propext, Classical.choice, Quot.sound]
'ZhangLS.Spec.lemma151_rough_coprime_modulus' depends on axioms: [propext, Classical.choice, Quot.sound]
'ZhangLS.Spec.lemma151_psi_basis_rough_cancellation' depends on axioms: [propext, Classical.choice, Quot.sound]
'ZhangLS.Spec.lemma151ArithmeticReplacementError' depends on axioms: [propext, Classical.choice, Quot.sound]
'ZhangLS.Spec.lemma151_weighted_rhostar_replacement' depends on axioms: [propext, Classical.choice, Quot.sound]
'ZhangLS.Spec.lemma151_rough_weighted_replacement' depends on axioms: [propext, Classical.choice, Quot.sound]
'ZhangLS.Spec.lemma151TailNumerator' depends on axioms: [propext, Classical.choice, Quot.sound]
'ZhangLS.Spec.lemma151TailIntegrand' depends on axioms: [propext, Classical.choice, Quot.sound]
'ZhangLS.Spec.lemma151TailRegularized' depends on axioms: [propext, Classical.choice, Quot.sound]
'ZhangLS.Spec.lemma151_tail_numerator_at_gamma' depends on axioms: [propext, Classical.choice, Quot.sound]
'ZhangLS.Spec.lemma151_tail_numerator_differentiable' depends on axioms: [propext, Classical.choice, Quot.sound]
'ZhangLS.Spec.lemma151_tail_gamma_quotient_differentiable' depends on axioms: [propext, Classical.choice, Quot.sound]
'ZhangLS.Spec.lemma151_tail_gamma_quotient_eq' depends on axioms: [propext, Classical.choice, Quot.sound]
'ZhangLS.Spec.lemma151_tail_regularized_eq' depends on axioms: [propext, Classical.choice, Quot.sound]
'ZhangLS.Spec.lemma151ExactTailResidue' depends on axioms: [propext, Classical.choice, Quot.sound]
'ZhangLS.Spec.lemma151_tail_regularized_at_zero' depends on axioms: [propext, Classical.choice, Quot.sound]
'ZhangLS.Spec.lemma151_tail_regularized_continuousAt_zero' depends on axioms: [propext, Classical.choice, Quot.sound]
'ZhangLS.Spec.lemma151_actual_tail_residue_limit' depends on axioms: [propext, Classical.choice, Quot.sound]
'ZhangLS.Spec.lemma151_reciprocal_zeta_factor' depends on axioms: [propext, Classical.choice, Quot.sound]
'ZhangLS.Spec.lemma151_actual_imaginary_tail_residue_limit' depends on axioms: [propext, Classical.choice, Quot.sound]
'ZhangLS.Spec.lemma151_exact_tail_residue_factorization' depends on axioms: [propext, Classical.choice, Quot.sound]
'ZhangLS.Spec.lemma151_exact_tail_residue_error' depends on axioms: [propext, Classical.choice, Quot.sound]
'ZhangLS.Spec.lemma151_short_exponential_integral' depends on axioms: [propext, Classical.choice, Quot.sound]
'ZhangLS.Spec.lemma151BStar' depends on axioms: [propext, Classical.choice, Quot.sound]
'ZhangLS.Spec.lemma151_residue_tail_eq_neg_pi_I_bstar' depends on axioms: [propext, Classical.choice, Quot.sound]
'ZhangLS.Spec.lemma151_rho_prime' depends on axioms: [propext, Classical.choice, Quot.sound]
'ZhangLS.Spec.lemma151_rhostar_prime' depends on axioms: [propext, Classical.choice, Quot.sound]
'ZhangLS.Spec.lemma151_literal_external_character_sign' depends on axioms: [propext, Classical.choice, Quot.sound]
'ZhangLS.Spec.lemma151_basis_not_interchangeable' depends on axioms: [propext, Classical.choice, Quot.sound]
'ZhangLS.Spec.lemma151_literal_B3_support_zero' depends on axioms: [propext, Classical.choice, Quot.sound]
'ZhangLS.Spec.lemma151_H14_endpoint' depends on axioms: [propext, Classical.choice, Quot.sound]
'ZhangLS.Spec.lemma151_supported_one' depends on axioms: [propext]
