'ZhangLS.Spec.lemma102Sum' depends on axioms: [propext, Classical.choice, Quot.sound]
'ZhangLS.Spec.lemma102Y1' depends on axioms: [propext, Classical.choice, Quot.sound]
'ZhangLS.Spec.lemma102Y2' depends on axioms: [propext, Classical.choice, Quot.sound]
'ZhangLS.Spec.lemma102MainInitial' depends on axioms: [propext, Classical.choice, Quot.sound]
'ZhangLS.Spec.lemma102MainLower' depends on axioms: [propext, Classical.choice, Quot.sound]
'ZhangLS.Spec.lemma102MainUpper' depends on axioms: [propext, Classical.choice, Quot.sound]
'ZhangLS.Spec.Lemma102Target' depends on axioms: [propext, Classical.choice, Quot.sound]
'ZhangLS.Spec.lemma102LogSum' depends on axioms: [propext, Classical.choice, Quot.sound]
'ZhangLS.Spec.lemma102LogMain' depends on axioms: [propext, Classical.choice, Quot.sound]
'ZhangLS.Spec.lemma102_actual_xi_perron' depends on axioms: [propext, Classical.choice, Quot.sound]
'ZhangLS.Spec.lemma102_actual_xi_perron_factored' depends on axioms: [propext, Classical.choice, Quot.sound]
'ZhangLS.Spec.lemma102PaperCircle' depends on axioms: [propext, Classical.choice, Quot.sound]
'ZhangLS.Spec.lemma102_zero_shift_norm' depends on axioms: [propext, Classical.choice, Quot.sound]
'ZhangLS.Spec.lemma102_unshifted_actual_finite_contour' depends on axioms: [propext, Classical.choice, Quot.sound]
'ZhangLS.Spec.lemma102_unshifted_actual_normalized_finite_contour' depends on axioms: [propext, Classical.choice, Quot.sound]
'ZhangLS.Spec.lemma102_unshifted_actual_ratio_right_bound' depends on axioms: [propext, Classical.choice, Quot.sound]
'ZhangLS.Spec.lemma102_unshiftedRightLineMajorant' depends on axioms: [propext, Classical.choice, Quot.sound]
'ZhangLS.Spec.lemma102_unshifted_right_line_majorant_nonneg' depends on axioms: [propext, Classical.choice, Quot.sound]
'ZhangLS.Spec.lemma102_unshifted_actual_right_line_numerator_bound' depends on axioms: [propext, Classical.choice, Quot.sound]
'ZhangLS.Spec.lemma102_unshifted_actual_right_line_integrable' depends on axioms: [propext, Classical.choice, Quot.sound]
'ZhangLS.Spec.lemma102_unshifted_actual_integrand_eq_log_kernel' depends on axioms: [propext, Classical.choice, Quot.sound]
'ZhangLS.Spec.lemma102_unshifted_actual_integrand_right_bound' depends on axioms: [propext, Classical.choice, Quot.sound]
'ZhangLS.Spec.lemma102_unshifted_actual_right_tails' depends on axioms: [propext, Classical.choice, Quot.sound]
'ZhangLS.Spec.lemma102_unshifted_integral_split_three' depends on axioms: [propext, Classical.choice, Quot.sound]
'ZhangLS.Spec.lemma102_unshifted_normalizer_norms' depends on axioms: [propext, Classical.choice, Quot.sound]
'ZhangLS.Spec.lemma102_unshifted_normalized_boundary_error' depends on axioms: [propext, Classical.choice, Quot.sound]
'ZhangLS.Spec.lemma102_unshifted_actual_sum_circle_boundary_error' depends on axioms: [propext, Classical.choice, Quot.sound]
'ZhangLS.Spec.lemma102_unshiftedPaperIntegrand' depends on axioms: [propext, Classical.choice, Quot.sound]
'ZhangLS.Spec.lemma102_unshiftedContourNumerator' depends on axioms: [propext, Classical.choice, Quot.sound]
'ZhangLS.Spec.Lemma102UnshiftedContourPoint' depends on axioms: [propext, Classical.choice, Quot.sound]
'ZhangLS.Spec.lemma102_unshifted_alpha_log_x_le_pi' depends on axioms: [propext, Classical.choice, Quot.sound]
'ZhangLS.Spec.lemma102_unshifted_actual_left_bound' depends on axioms: [propext, Classical.choice, Quot.sound]
'ZhangLS.Spec.lemma102_unshifted_actual_horizontal_bounds' depends on axioms: [propext, Classical.choice, Quot.sound]
'ZhangLS.Spec.lemma102_paper_left_exponential' depends on axioms: [propext, Classical.choice, Quot.sound]
'ZhangLS.Spec.lemma102_unshifted_actual_sum_circle_quantitative' depends on axioms: [propext, Classical.choice, Quot.sound]
'ZhangLS.Spec.lemma102_unshiftedContourTransferConstant' depends on axioms: [propext, Classical.choice, Quot.sound]
'ZhangLS.Spec.lemma102_unshifted_contour_transfer_constant_pos' depends on axioms: [propext, Classical.choice, Quot.sound]
'ZhangLS.Spec.lemma102_unshifted_actual_sum_circle_polynomial' depends on axioms: [propext, Classical.choice, Quot.sound]
'ZhangLS.Spec.lemma102_unshifted_actual_sum_circle_transfer' depends on axioms: [propext, Classical.choice, Quot.sound]
'ZhangLS.Spec.lemma102_exponential_triple_circle' depends on axioms: [propext, Classical.choice, Quot.sound]
'ZhangLS.Spec.lemma102_model_circle_integral' depends on axioms: [propext, Classical.choice, Quot.sound]
'ZhangLS.Spec.lemma102_circle_approximation_with_pi' depends on axioms: [propext, Classical.choice, Quot.sound]
'ZhangLS.Spec.lemma102_paper_circle_error_explicit' depends on axioms: [propext, Classical.choice, Quot.sound]
'ZhangLS.Spec.lemma102_paper_circle_error_with_pi' depends on axioms: [propext, Classical.choice, Quot.sound]
'ZhangLS.Spec.lemma102_unshifted_main_error_bounds' depends on axioms: [propext, Classical.choice, Quot.sound]
'ZhangLS.Spec.lemma102_unshifted_error_with_pi' depends on axioms: [propext, Classical.choice, Quot.sound]
'ZhangLS.Spec.lemma102_positive_log_sum' depends on axioms: [propext, Classical.choice, Quot.sound]
'ZhangLS.Spec.lemma102_sum_exact_bridge' depends on axioms: [propext, Classical.choice, Quot.sound]
'ZhangLS.Spec.lemma102_log_sum_zero_of_le_one' depends on axioms: [propext, Classical.choice, Quot.sound]
'ZhangLS.Spec.lemma102_sum_eq_tsum' depends on axioms: [propext, Classical.choice, Quot.sound]
'ZhangLS.Spec.lemma102_initial_main_identity' depends on axioms: [propext, Classical.choice, Quot.sound]
'ZhangLS.Spec.lemma102_lower_main_identity' depends on axioms: [propext, Classical.choice, Quot.sound]
'ZhangLS.Spec.lemma102_upper_main_identity' depends on axioms: [propext, Classical.choice, Quot.sound]
'ZhangLS.Spec.lemma102_second_difference_norm' depends on axioms: [propext, Classical.choice, Quot.sound]
'ZhangLS.Spec.lemma102_two_term_norm' depends on axioms: [propext, Classical.choice, Quot.sound]
'ZhangLS.Spec.lemma102_scale_error' depends on axioms: [propext, Classical.choice, Quot.sound]
'ZhangLS.Spec.lemma102_genuine_interior_error_with_pi' depends on axioms: [propext, Classical.choice, Quot.sound]
'ZhangLS.Spec.lemma102_boundary_xi_perron_bound' depends on axioms: [propext, Classical.choice, Quot.sound]
'ZhangLS.Spec.lemma102_boundary_xi_small_x' depends on axioms: [propext, Classical.choice, Quot.sound]
'ZhangLS.Spec.lemma102LogMainBound' depends on axioms: [propext, Classical.choice, Quot.sound]
'ZhangLS.Spec.lemma102_log_main_bound_pos' depends on axioms: [propext, Classical.choice, Quot.sound]
'ZhangLS.Spec.lemma102_log_main_bound' depends on axioms: [propext, Classical.choice, Quot.sound]
'ZhangLS.Spec.lemma102BoundaryBound' depends on axioms: [propext, Classical.choice, Quot.sound]
'ZhangLS.Spec.lemma102_genuine_boundary_bound' depends on axioms: [propext, Classical.choice, Quot.sound]
'ZhangLS.Spec.lemma102FullMain' depends on axioms: [propext, Classical.choice, Quot.sound]
'ZhangLS.Spec.lemma102MixedRaw' depends on axioms: [propext, Classical.choice, Quot.sound]
'ZhangLS.Spec.lemma102MixedMain' depends on axioms: [propext, Classical.choice, Quot.sound]
'ZhangLS.Spec.lemma102MixedHybrid' depends on axioms: [propext, Classical.choice, Quot.sound]
'ZhangLS.Spec.lemma102_mixed_source_exact' depends on axioms: [propext, Classical.choice, Quot.sound]
'ZhangLS.Spec.lemma102MixedInteriorConstant' depends on axioms: [propext, Classical.choice, Quot.sound]
'ZhangLS.Spec.lemma102_mixed_interior_constant_pos' depends on axioms: [propext, Classical.choice, Quot.sound]
'ZhangLS.Spec.lemma102_mixed_interior_quantitative' depends on axioms: [propext, Classical.choice, Quot.sound]
'ZhangLS.Spec.lemma102_full_main_bound' depends on axioms: [propext, Classical.choice, Quot.sound]
'ZhangLS.Spec.lemma102MixedBoundaryExponent' depends on axioms: [propext, Classical.choice, Quot.sound]
'ZhangLS.Spec.lemma102MixedBoundaryConstant' depends on axioms: [propext, Classical.choice, Quot.sound]
'ZhangLS.Spec.lemma102_mixed_boundary_constant_pos' depends on axioms: [propext, Classical.choice, Quot.sound]
'ZhangLS.Spec.lemma102_mixed_boundary_pointwise' depends on axioms: [propext, Classical.choice, Quot.sound]
'ZhangLS.Spec.lemma102_closed_weight_layer' depends on axioms: [propext, Classical.choice, Quot.sound]
'ZhangLS.Spec.lemma102TransitionPairs' depends on axioms: [propext, Classical.choice, Quot.sound]
'ZhangLS.Spec.lemma102_transition_weight_mass' depends on axioms: [propext, Classical.choice, Quot.sound]
'ZhangLS.Spec.lemma102MixedBoundaryTotalExponent' depends on axioms: [propext, Classical.choice, Quot.sound]
'ZhangLS.Spec.lemma102MixedBoundaryTotalConstant' depends on axioms: [propext, Classical.choice, Quot.sound]
'ZhangLS.Spec.lemma102_mixed_boundary_total_constant_pos' depends on axioms: [propext, Classical.choice, Quot.sound]
'ZhangLS.Spec.lemma102_mixed_boundary_quantitative' depends on axioms: [propext, Classical.choice, Quot.sound]
'ZhangLS.Spec.lemma102_mixed_interior_little_o' depends on axioms: [propext, Classical.choice, Quot.sound]
'ZhangLS.Spec.lemma102_mixed_boundary_little_o' depends on axioms: [propext, Classical.choice, Quot.sound]
'ZhangLS.Spec.lemma102_mixed_full_xi_replacement_little_o' depends on axioms: [propext, Classical.choice, Quot.sound]
'ZhangLS.Spec.lemma102MixedSource' depends on axioms: [propext, Classical.choice, Quot.sound]
'ZhangLS.Spec.lemma102_source_full_xi_replacement_little_o' depends on axioms: [propext, Classical.choice, Quot.sound]
