'ZhangLS.Spec.chi_actual_truncation_error' depends on axioms: [propext, Classical.choice, Quot.sound]
'ZhangLS.Spec.chi_finite_polynomial_harmonic_bound' depends on axioms: [propext, Classical.choice, Quot.sound]
'ZhangLS.Spec.chi_rpow_strip_weight' depends on axioms: [propext, Classical.choice, Quot.sound]
'ZhangLS.Spec.chi_actual_L_uniform_log_bound' depends on axioms: [propext, Classical.choice, Quot.sound]
'ZhangLS.Spec.chi_pseries_upper' depends on axioms: [propext, Classical.choice, Quot.sound]
'ZhangLS.Spec.chi_bounded_LSeries_upper' depends on axioms: [propext, Classical.choice, Quot.sound]
'ZhangLS.Spec.chi_actual_L_right_bound' depends on axioms: [propext, Classical.choice, Quot.sound]
'ZhangLS.Spec.chi_actual_L_inverse_right_bound' depends on axioms: [propext, Classical.choice, Quot.sound]
'ZhangLS.Spec.chi_actual_L_uniform_height_bound' depends on axioms: [propext, Classical.choice, Quot.sound]
'ZhangLS.Spec.chi_inverse_bound_on_disk' depends on axioms: [propext, Classical.choice, Quot.sound]
'ZhangLS.Spec.chiExceptionalRemoved' depends on axioms: [propext, Classical.choice, Quot.sound]
'ZhangLS.Spec.chi_exceptional_removed_differentiable' depends on axioms: [propext, Classical.choice, Quot.sound]
'ZhangLS.Spec.chi_exceptional_removed_factorization' depends on axioms: [propext, Classical.choice, Quot.sound]
'ZhangLS.Spec.chi_exceptional_removed_quotient' depends on axioms: [propext, Classical.choice, Quot.sound]
'ZhangLS.Spec.chi_exceptional_removed_ne_zero' depends on axioms: [propext, Classical.choice, Quot.sound]
'ZhangLS.Spec.chi_exceptional_removed_anchor_norm' depends on axioms: [propext, Classical.choice, Quot.sound]
'ZhangLS.Spec.chi_dslope_closed_disk_bound' depends on axioms: [propext, Classical.choice, Quot.sound]
'ZhangLS.Spec.chi_exceptional_removed_uniform_bound' depends on axioms: [propext, Classical.choice, Quot.sound]
'ZhangLS.Spec.chiReciprocalConstant' depends on axioms: [propext, Classical.choice, Quot.sound]
'ZhangLS.Spec.chi_reciprocal_constant_pos' depends on axioms: [propext, Classical.choice, Quot.sound]
'ZhangLS.Spec.chi_exceptional_removed_inverse_right_bound' depends on axioms: [propext, Classical.choice, Quot.sound]
'ZhangLS.Spec.chi_reciprocal_disk_geometry' depends on axioms: [propext, Classical.choice, Quot.sound]
'ZhangLS.Spec.chi_actual_inverse_strip_from_zero_data' depends on axioms: [propext, Classical.choice, Quot.sound]
'ZhangLS.Spec.ChiReciprocalContour' depends on axioms: [propext, Classical.choice, Quot.sound]
'ZhangLS.Spec.chi_reciprocal_contour_geometry' depends on axioms: [propext, Classical.choice, Quot.sound]
'ZhangLS.Spec.chi_reciprocal_distance_absorption' depends on axioms: [propext, Classical.choice, Quot.sound]
'ZhangLS.Spec.chi_actual_reciprocal_contour_from_zero_data' depends on axioms: [propext, Classical.choice, Quot.sound]
'ZhangLS.Spec.chi_actual_inverse_strip_under_A' depends on axioms: [propext, Classical.choice, Quot.sound]
'ZhangLS.Spec.chi_actual_polynomial_reciprocal_contour' depends on axioms: [propext, Classical.choice, Quot.sound]
'ZhangLS.Spec.chi_actual_shifted_polynomial_reciprocal' depends on axioms: [propext, Classical.choice, Quot.sound]
'ZhangLS.Spec.chi_actual_L_height_regression' depends on axioms: [propext, Classical.choice, Quot.sound]
'ZhangLS.Spec.chi_actual_inverse_right_regression' depends on axioms: [propext, Classical.choice, Quot.sound]
'ZhangLS.Spec.chi_actual_truncation_regression' depends on axioms: [propext, Classical.choice, Quot.sound]
'ZhangLS.Spec.lemma84_rectangle_operator_eq' depends on axioms: [propext, Classical.choice, Quot.sound]
'ZhangLS.Spec.lemma84_rectangle_translate' depends on axioms: [propext, Classical.choice, Quot.sound]
'ZhangLS.Spec.lemma84_rectangle_zpow_zero' depends on axioms: [propext, Classical.choice, Quot.sound]
'ZhangLS.Spec.lemma84_rectangle_shifted_zpow_zero' depends on axioms: [propext, Classical.choice, Quot.sound]
'ZhangLS.Spec.lemma84_rectangle_simple_pole' depends on axioms: [propext, Classical.choice, Quot.sound]
'ZhangLS.Spec.lemma84_rectangle_double_pole' depends on axioms: [propext, Classical.choice, Quot.sound]
'ZhangLS.Spec.lemma84RectangleBoundary' depends on axioms: [propext, Classical.choice, Quot.sound]
'ZhangLS.Spec.lemma84_boundary_ne_pole' depends on axioms: [propext, Classical.choice, Quot.sound]
'ZhangLS.Spec.lemma84_boundary_bottom' depends on axioms: [propext, Classical.choice, Quot.sound]
'ZhangLS.Spec.lemma84_boundary_top' depends on axioms: [propext, Classical.choice, Quot.sound]
'ZhangLS.Spec.lemma84_boundary_right' depends on axioms: [propext, Classical.choice, Quot.sound]
'ZhangLS.Spec.lemma84_boundary_left' depends on axioms: [propext, Classical.choice, Quot.sound]
'ZhangLS.Spec.lemma84_boundary_integral_congr' depends on axioms: [propext, Classical.choice, Quot.sound]
'ZhangLS.Spec.lemma84_boundary_integrable_of_continuousOn' depends on axioms: [propext, Classical.choice, Quot.sound]
'ZhangLS.Spec.lemma84_boundary_integrable_add' depends on axioms: [propext, Classical.choice, Quot.sound]
'ZhangLS.Spec.lemma84_boundary_integrable_const_mul' depends on axioms: [propext, Classical.choice, Quot.sound]
'ZhangLS.Spec.lemma84_closedBall_subset_rectangle' depends on axioms: [propext, Classical.choice, Quot.sound]
'ZhangLS.Spec.lemma84_pole_inside_rectangle' depends on axioms: [propext, Classical.choice, Quot.sound]
'ZhangLS.Spec.lemma84_sphere_ne_pole' depends on axioms: [propext, Classical.choice, Quot.sound]
'ZhangLS.Spec.lemma84_boundary_simple_continuous' depends on axioms: [propext, Classical.choice, Quot.sound]
'ZhangLS.Spec.lemma84_circle_simple_continuous' depends on axioms: [propext, Classical.choice, Quot.sound]
'ZhangLS.Spec.lemma84_circle_double_pole' depends on axioms: [propext, Classical.choice, Quot.sound]
'ZhangLS.Spec.lemma84_rectangle_principal_parts' depends on axioms: [propext, Classical.choice, Quot.sound]
'ZhangLS.Spec.lemma84_circle_principal_parts' depends on axioms: [propext, Classical.choice, Quot.sound]
'ZhangLS.Spec.lemma84_rectangle_circle_bridge' depends on axioms: [propext, Classical.choice, Quot.sound]
'ZhangLS.Spec.lemma84_principal_parts_boundary_integrable' depends on axioms: [propext, Classical.choice, Quot.sound]
'ZhangLS.Spec.lemma84_principal_parts_circle_integrable' depends on axioms: [propext, Classical.choice, Quot.sound]
'ZhangLS.Spec.lemma84_rectangle_circle_bridge_of_decomposition' depends on axioms: [propext,
 Classical.choice,
 Quot.sound]
'ZhangLS.Spec.lemma84_normalized_rectangle_circle_bridge' depends on axioms: [propext, Classical.choice, Quot.sound]
'ZhangLS.Spec.lemma84_rectangle_reverse_horizontal' depends on axioms: [propext, Classical.choice, Quot.sound]
'ZhangLS.Spec.lemma84SmoothingBeta' depends on axioms: [propext, Classical.choice, Quot.sound]
'ZhangLS.Spec.lemma84StrictCutoff' depends on axioms: [propext, Classical.choice, Quot.sound]
'ZhangLS.Spec.lemma84XiSum' depends on axioms: [propext, Classical.choice, Quot.sound]
'ZhangLS.Spec.lemma84MainTerm' depends on axioms: [propext, Classical.choice, Quot.sound]
'ZhangLS.Spec.Lemma84Target' depends on axioms: [propext, Classical.choice, Quot.sound]
'ZhangLS.Spec.lemma84_mem_strictCutoff' depends on axioms: [propext, Classical.choice, Quot.sound]
'ZhangLS.Spec.lemma84_smoothing_beta_re' depends on axioms: [propext, Classical.choice, Quot.sound]
'ZhangLS.Spec.lemma84_logarithmic_endpoint' depends on axioms: [propext, Classical.choice, Quot.sound]
'ZhangLS.Spec.lemma84_pi_zero_at_two' depends on axioms: [propext, Classical.choice, Quot.sound]
'ZhangLS.Spec.lemma84_laplace_moment_integrable' depends on axioms: [propext, Classical.choice, Quot.sound]
'ZhangLS.Spec.lemma84_laplace_moment_tendsto' depends on axioms: [propext, Classical.choice, Quot.sound]
'ZhangLS.Spec.lemma84_laplace_moment_integral' depends on axioms: [propext, Classical.choice, Quot.sound]
'ZhangLS.Spec.lemma84PositiveLaplaceKernel' depends on axioms: [propext, Classical.choice, Quot.sound]
'ZhangLS.Spec.lemma84_positive_laplace_kernel_continuous' depends on axioms: [propext, Classical.choice, Quot.sound]
'ZhangLS.Spec.lemma84_positive_laplace_kernel_eq_indicator' depends on axioms: [propext, Classical.choice, Quot.sound]
'ZhangLS.Spec.lemma84_positive_laplace_kernel_integrable' depends on axioms: [propext, Classical.choice, Quot.sound]
'ZhangLS.Spec.lemma84_positive_laplace_kernel_fourier' depends on axioms: [propext, Classical.choice, Quot.sound]
'ZhangLS.Spec.lemma84_inverse_square_vertical_norm' depends on axioms: [propext, Classical.choice, Quot.sound]
'ZhangLS.Spec.lemma84_inverse_quadratic_integrable' depends on axioms: [propext, Classical.choice, Quot.sound]
'ZhangLS.Spec.lemma84_positive_laplace_fourier_integrable' depends on axioms: [propext, Classical.choice, Quot.sound]
'ZhangLS.Spec.lemma84_log_perron_fourier_kernel' depends on axioms: [propext, Classical.choice, Quot.sound]
'ZhangLS.Spec.lemma84_log_perron_kernel' depends on axioms: [propext, Classical.choice, Quot.sound]
'ZhangLS.Spec.lemma84_partial_fractions' depends on axioms: [propext, Classical.choice, Quot.sound]
'ZhangLS.Spec.lemma84_exponential_pole_circleIntegrable' depends on axioms: [propext, Classical.choice, Quot.sound]
'ZhangLS.Spec.lemma84_exponential_simple_circle' depends on axioms: [propext, Classical.choice, Quot.sound]
'ZhangLS.Spec.lemma84_exponential_double_circle' depends on axioms: [propext, Classical.choice, Quot.sound]
'ZhangLS.Spec.lemma84_model_circle_integral' depends on axioms: [propext, Classical.choice, Quot.sound]
'ZhangLS.Spec.lemma84_smoothing_beta_norm' depends on axioms: [propext, Classical.choice, Quot.sound]
'ZhangLS.Spec.lemma84_positive_cpow_eq_exp' depends on axioms: [propext, Classical.choice, Quot.sound]
'ZhangLS.Spec.lemma84_paper_model_circle_integral' depends on axioms: [propext, Classical.choice, Quot.sound]
'ZhangLS.Spec.lemma84LogKernel' depends on axioms: [propext, Classical.choice, Quot.sound]
'ZhangLS.Spec.lemma84_vertical_ne_zero' depends on axioms: [propext, Classical.choice, Quot.sound]
'ZhangLS.Spec.lemma84_log_kernel_norm' depends on axioms: [propext, Classical.choice, Quot.sound]
'ZhangLS.Spec.lemma84_log_kernel_integrable' depends on axioms: [propext, Classical.choice, Quot.sound]
'ZhangLS.Spec.lemma84_log_kernel_translate' depends on axioms: [propext, Classical.choice, Quot.sound]
'ZhangLS.Spec.lemma84_shifted_log_perron_kernel' depends on axioms: [propext, Classical.choice, Quot.sound]
'ZhangLS.Spec.lemma84_pure_imaginary_eq' depends on axioms: [propext, Classical.choice, Quot.sound]
'ZhangLS.Spec.lemma84_original_log_perron_kernel' depends on axioms: [propext, Classical.choice, Quot.sound]
'ZhangLS.Spec.lemma84_original_kernel_eq_log' depends on axioms: [propext, Classical.choice, Quot.sound]
'ZhangLS.Spec.lemma84_positive_div_cpow' depends on axioms: [propext, Classical.choice, Quot.sound]
'ZhangLS.Spec.lemma84MellinTerm' depends on axioms: [propext, Classical.choice, Quot.sound]
'ZhangLS.Spec.lemma84PerronTerm' depends on axioms: [propext, Classical.choice, Quot.sound]
'ZhangLS.Spec.lemma84_mellin_term_eq_log_kernel' depends on axioms: [propext, Classical.choice, Quot.sound]
'ZhangLS.Spec.lemma84_mellin_term_integrable' depends on axioms: [propext, Classical.choice, Quot.sound]
'ZhangLS.Spec.lemma84_mellin_term_integral' depends on axioms: [propext, Classical.choice, Quot.sound]
'ZhangLS.Spec.lemma84_original_kernel_norm' depends on axioms: [propext, Classical.choice, Quot.sound]
'ZhangLS.Spec.lemma84_mellin_term_norm' depends on axioms: [propext, Classical.choice, Quot.sound]
'ZhangLS.Spec.lemma84_mellin_integral_norm_summable' depends on axioms: [propext, Classical.choice, Quot.sound]
'ZhangLS.Spec.lemma84_actual_L_ne_zero_right' depends on axioms: [propext, Classical.choice, Quot.sound]
'ZhangLS.Spec.lemma84_actual_dirichlet_bridge' depends on axioms: [propext, Classical.choice, Quot.sound]
'ZhangLS.Spec.lemma84_quotient_error_identity' depends on axioms: [propext, Classical.choice, Quot.sound]
'ZhangLS.Spec.lemma84_quotient_taylor_error' depends on axioms: [propext, Classical.choice, Quot.sound]
'ZhangLS.Spec.lemma84_actual_derivative_norm_lower' depends on axioms: [propext, Classical.choice, Quot.sound]
'ZhangLS.Spec.lemma84_circle_taylor_budget' depends on axioms: [propext, Classical.choice, Quot.sound]
'ZhangLS.Spec.lemma84_actual_derivative_norm_upper' depends on axioms: [propext, Classical.choice, Quot.sound]
'ZhangLS.Spec.lemma84_actual_circle_quotient' depends on axioms: [propext, Classical.choice, Quot.sound]
'ZhangLS.Spec.lemma84_actual_circle_denominator_ne_zero' depends on axioms: [propext, Classical.choice, Quot.sound]
'ZhangLS.Spec.lemma84_product_error_bound' depends on axioms: [propext, Classical.choice, Quot.sound]
'ZhangLS.Spec.lemma84_normalized_circle_product_error' depends on axioms: [propext, Classical.choice, Quot.sound]
'ZhangLS.Spec.lemma84_model_ratio_bound' depends on axioms: [propext, Classical.choice, Quot.sound]
'ZhangLS.Spec.lemma84_circle_kernel_bound' depends on axioms: [propext, Classical.choice, Quot.sound]
'ZhangLS.Spec.lemma84_actual_circle_error_with_pi' depends on axioms: [propext, Classical.choice, Quot.sound]
'ZhangLS.Spec.lemma84AnalyticCircleIntegrand' depends on axioms: [propext, Classical.choice, Quot.sound]
'ZhangLS.Spec.lemma84_circle_approximation_with_pi' depends on axioms: [propext, Classical.choice, Quot.sound]
'ZhangLS.Spec.lemma84_mellin_term_tsum' depends on axioms: [propext, Classical.choice, Quot.sound]
'ZhangLS.Spec.lemma84_log_perron_series_identity' depends on axioms: [propext, Classical.choice, Quot.sound]
'ZhangLS.Spec.lemma84_perron_tsum_eq_strict_sum' depends on axioms: [propext, Classical.choice, Quot.sound]
'ZhangLS.Spec.lemma84_actual_xi_perron' depends on axioms: [propext, Classical.choice, Quot.sound]
'ZhangLS.Spec.lemma84_actual_xi_perron_factored' depends on axioms: [propext, Classical.choice, Quot.sound]
'ZhangLS.Spec.lemma84TwoPoleRemainder' depends on axioms: [propext, Classical.choice, Quot.sound]
'ZhangLS.Spec.lemma84TwoPoleCoefficientA' depends on axioms: [propext, Classical.choice, Quot.sound]
'ZhangLS.Spec.lemma84TwoPoleCoefficientB' depends on axioms: [propext, Classical.choice, Quot.sound]
'ZhangLS.Spec.lemma84TwoPoleCoefficientC' depends on axioms: [propext, Classical.choice, Quot.sound]
'ZhangLS.Spec.lemma84_two_pole_decomposition' depends on axioms: [propext, Classical.choice, Quot.sound]
'ZhangLS.Spec.lemma84_two_pole_remainder_differentiableOn' depends on axioms: [propext, Classical.choice, Quot.sound]
'ZhangLS.Spec.lemma84ActualTwoPoleNumerator' depends on axioms: [propext, Classical.choice, Quot.sound]
'ZhangLS.Spec.lemma84_actual_reciprocal_factorization' depends on axioms: [propext, Classical.choice, Quot.sound]
'ZhangLS.Spec.lemma84_actual_integrand_two_pole_factorization' depends on axioms: [propext,
 Classical.choice,
 Quot.sound]
'ZhangLS.Spec.lemma84_actual_two_pole_numerator_differentiableOn' depends on axioms: [propext,
 Classical.choice,
 Quot.sound]
'ZhangLS.Spec.lemma84AnalyticRegion' depends on axioms: [propext, Classical.choice, Quot.sound]
'ZhangLS.Spec.lemma84_analytic_region_open' depends on axioms: [propext, Classical.choice, Quot.sound]
'ZhangLS.Spec.lemma84_actual_poles_distinct' depends on axioms: [propext, Classical.choice, Quot.sound]
'ZhangLS.Spec.lemma84_actual_two_pole_decomposition' depends on axioms: [propext, Classical.choice, Quot.sound]
'ZhangLS.Spec.lemma84_actual_two_pole_remainder_analyticOnNhd' depends on axioms: [propext,
 Classical.choice,
 Quot.sound]
'ZhangLS.Spec.lemma84_exceptional_zero_within_alpha' depends on axioms: [propext, Classical.choice, Quot.sound]
'ZhangLS.Spec.lemma84_paper_rectangle_geometry' depends on axioms: [propext, Classical.choice, Quot.sound]
'ZhangLS.Spec.lemma84_ball_subset_rectangle' depends on axioms: [propext, Classical.choice, Quot.sound]
'ZhangLS.Spec.lemma84_rectangle_inside_analytic_region' depends on axioms: [propext, Classical.choice, Quot.sound]
'ZhangLS.Spec.lemma84_paper_ball_inside_analytic_region' depends on axioms: [propext, Classical.choice, Quot.sound]
'ZhangLS.Spec.lemma84CorrectionError' depends on axioms: [propext, Classical.choice, Quot.sound]
'ZhangLS.Spec.lemma84PaperCircle' depends on axioms: [propext, Classical.choice, Quot.sound]
'ZhangLS.Spec.lemma84_actual_correction_strong_bound' depends on axioms: [propext, Classical.choice, Quot.sound]
'ZhangLS.Spec.lemma84_pi_polylog_bound' depends on axioms: [propext, Classical.choice, Quot.sound]
'ZhangLS.Spec.lemma84_paper_circle_error_explicit' depends on axioms: [propext, Classical.choice, Quot.sound]
'ZhangLS.Spec.lemma84_actual_finite_contour' depends on axioms: [propext, Classical.choice, Quot.sound]
'ZhangLS.Spec.lemma84_actual_normalized_finite_contour' depends on axioms: [propext, Classical.choice, Quot.sound]
'ZhangLS.Spec.lemma84_prime_rpow_sum_large' depends on axioms: [propext, Classical.choice, Quot.sound]
'ZhangLS.Spec.lemma84_near_one_prime_product' depends on axioms: [propext, Classical.choice, Quot.sound]
'ZhangLS.Spec.lemma84_paper_near_one_prime_product' depends on axioms: [propext, Classical.choice, Quot.sound]
'ZhangLS.Spec.lemma84UGrowthConstant' depends on axioms: [propext, Classical.choice, Quot.sound]
'ZhangLS.Spec.lemma84_u_growth_constant_pos' depends on axioms: [propext, Classical.choice, Quot.sound]
'ZhangLS.Spec.lemma84_actual_u_contour_bound' depends on axioms: [propext, Classical.choice, Quot.sound]
'ZhangLS.Spec.lemma84_actual_ratio_right_bound' depends on axioms: [propext, Classical.choice, Quot.sound]
'ZhangLS.Spec.lemma84RightLineMajorant' depends on axioms: [propext, Classical.choice, Quot.sound]
'ZhangLS.Spec.lemma84_right_line_majorant_nonneg' depends on axioms: [propext, Classical.choice, Quot.sound]
'ZhangLS.Spec.lemma84_actual_right_line_numerator_bound' depends on axioms: [propext, Classical.choice, Quot.sound]
'ZhangLS.Spec.lemma84_actual_right_line_integrable' depends on axioms: [propext, Classical.choice, Quot.sound]
'ZhangLS.Spec.lemma84_inverse_quadratic_integral' depends on axioms: [propext, Classical.choice, Quot.sound]
'ZhangLS.Spec.lemma84_log_kernel_norm_integral' depends on axioms: [propext, Classical.choice, Quot.sound]
'ZhangLS.Spec.lemma84_log_kernel_tail_point_bound' depends on axioms: [propext, Classical.choice, Quot.sound]
'ZhangLS.Spec.lemma84_log_kernel_positive_tail' depends on axioms: [propext, Classical.choice, Quot.sound]
'ZhangLS.Spec.lemma84_log_kernel_negative_tail' depends on axioms: [propext, Classical.choice, Quot.sound]
'ZhangLS.Spec.lemma84_actual_integrand_eq_log_kernel' depends on axioms: [propext, Classical.choice, Quot.sound]
'ZhangLS.Spec.lemma84_actual_integrand_right_bound' depends on axioms: [propext, Classical.choice, Quot.sound]
'ZhangLS.Spec.lemma84_actual_right_tails' depends on axioms: [propext, Classical.choice, Quot.sound]
'ZhangLS.Spec.lemma84_integral_split_three' depends on axioms: [propext, Classical.choice, Quot.sound]
'ZhangLS.Spec.lemma84_normalizer_norms' depends on axioms: [propext, Classical.choice, Quot.sound]
'ZhangLS.Spec.lemma84_normalized_boundary_error' depends on axioms: [propext, Classical.choice, Quot.sound]
'ZhangLS.Spec.lemma84_actual_sum_circle_boundary_error' depends on axioms: [propext, Classical.choice, Quot.sound]
'ZhangLS.Spec.lemma84UContourScale' depends on axioms: [propext, Classical.choice, Quot.sound]
'ZhangLS.Spec.lemma84_u_contour_scale_nonneg' depends on axioms: [propext, Classical.choice, Quot.sound]
'ZhangLS.Spec.lemma84_right_majorant_polylog' depends on axioms: [propext, Classical.choice, Quot.sound]
'ZhangLS.Spec.lemma84_shifted_L_near_contour_bound' depends on axioms: [propext, Classical.choice, Quot.sound]
'ZhangLS.Spec.lemma84_actual_near_contour_numerator_bound' depends on axioms: [propext, Classical.choice, Quot.sound]
'ZhangLS.Spec.lemma84_actual_uniform_contour_numerator' depends on axioms: [propext, Classical.choice, Quot.sound]
'ZhangLS.Spec.lemma84_left_vertical_integral_bound' depends on axioms: [propext, Classical.choice, Quot.sound]
'ZhangLS.Spec.lemma84_horizontal_kernel_bound' depends on axioms: [propext, Classical.choice, Quot.sound]
'ZhangLS.Spec.lemma84_horizontal_integrals_bound' depends on axioms: [propext, Classical.choice, Quot.sound]
'ZhangLS.Spec.lemma84_stretched_exponential_absorption' depends on axioms: [propext, Classical.choice, Quot.sound]
'ZhangLS.Spec.lemma84_polylog_to_polynomial' depends on axioms: [propext, Classical.choice, Quot.sound]
'ZhangLS.Spec.lemma84_paper_left_exponential' depends on axioms: [propext, Classical.choice, Quot.sound]
'ZhangLS.Spec.lemma84PaperIntegrand' depends on axioms: [propext, Classical.choice, Quot.sound]
'ZhangLS.Spec.lemma84ContourNumerator' depends on axioms: [propext, Classical.choice, Quot.sound]
'ZhangLS.Spec.Lemma84ContourPoint' depends on axioms: [propext, Classical.choice, Quot.sound]
'ZhangLS.Spec.lemma84_alpha_log_x_le_pi' depends on axioms: [propext, Classical.choice, Quot.sound]
'ZhangLS.Spec.lemma84_actual_left_bound' depends on axioms: [propext, Classical.choice, Quot.sound]
'ZhangLS.Spec.lemma84_actual_horizontal_bounds' depends on axioms: [propext, Classical.choice, Quot.sound]
'ZhangLS.Spec.lemma84TaylorCircleConstant' depends on axioms: [propext, Classical.choice, Quot.sound]
'ZhangLS.Spec.lemma84CorrectionCircleConstant' depends on axioms: [propext, Classical.choice, Quot.sound]
'ZhangLS.Spec.lemma84_circle_constants_pos' depends on axioms: [propext, Classical.choice, Quot.sound]
'ZhangLS.Spec.lemma84_circle_budget_algebra' depends on axioms: [propext, Classical.choice, Quot.sound]
'ZhangLS.Spec.lemma84_paper_circle_error_with_pi' depends on axioms: [propext, Classical.choice, Quot.sound]
'ZhangLS.Spec.lemma84_actual_sum_circle_quantitative' depends on axioms: [propext, Classical.choice, Quot.sound]
'ZhangLS.Spec.lemma84UScalarConstant' depends on axioms: [propext, Classical.choice, Quot.sound]
'ZhangLS.Spec.lemma84_u_scalar_constant_pos' depends on axioms: [propext, Classical.choice, Quot.sound]
'ZhangLS.Spec.lemma84_u_scale_polynomial' depends on axioms: [propext, Classical.choice, Quot.sound]
'ZhangLS.Spec.lemma84_six_alpha_right_scale' depends on axioms: [propext, Classical.choice, Quot.sound]
'ZhangLS.Spec.lemma84_modulus_inverse_exponential' depends on axioms: [propext, Classical.choice, Quot.sound]
'ZhangLS.Spec.lemma84_total_boundary_scalar_budget' depends on axioms: [propext, Classical.choice, Quot.sound]
'ZhangLS.Spec.lemma84ContourTransferConstant' depends on axioms: [propext, Classical.choice, Quot.sound]
'ZhangLS.Spec.lemma84_contour_transfer_constant_pos' depends on axioms: [propext, Classical.choice, Quot.sound]
'ZhangLS.Spec.lemma84_actual_sum_circle_polynomial' depends on axioms: [propext, Classical.choice, Quot.sound]
'ZhangLS.Spec.lemma84_actual_sum_circle_transfer' depends on axioms: [propext, Classical.choice, Quot.sound]
'ZhangLS.Spec.lemma84PiExponent' depends on axioms: [propext, Classical.choice, Quot.sound]
'ZhangLS.Spec.lemma84_genuine_main_error_bounds' depends on axioms: [propext, Classical.choice, Quot.sound]
'ZhangLS.Spec.lemma84_genuine_error_with_pi' depends on axioms: [propext, Classical.choice, Quot.sound]
'ZhangLS.Spec.lemma84_actual_zero_pi_error' depends on axioms: [propext, Classical.choice, Quot.sound]
'ZhangLS.Spec.Lemma84RepairedTarget' depends on axioms: [propext, Classical.choice, Quot.sound]
'ZhangLS.Spec.lemma84_repaired_L5' depends on axioms: [propext, Classical.choice, Quot.sound]
'ZhangLS.Spec.lemma84_bridge_regression_noncentral' depends on axioms: [propext, Classical.choice, Quot.sound]
'ZhangLS.Spec.lemma84_bridge_regression_double' depends on axioms: [propext, Classical.choice, Quot.sound]
'ZhangLS.Spec.lemma84_bridge_regression_orientation' depends on axioms: [propext, Classical.choice, Quot.sound]
'ZhangLS.Spec.lemma84_bridge_regression_decomposition' depends on axioms: [propext, Classical.choice, Quot.sound]
