'ZhangLS.Spec.lemma81_three_four_one_phase_nonneg' depends on axioms: [propext, Classical.choice, Quot.sound]
'ZhangLS.Spec.lemma81_three_four_one_mangoldt_term_nonneg' depends on axioms: [propext, Classical.choice, Quot.sound]
'ZhangLS.Spec.lemma81_zeta_three_four_one_logDeriv_nonpos' depends on axioms: [propext, Classical.choice, Quot.sound]
'ZhangLS.Spec.lemma81_zeta_local_zero_term_re_nonneg' depends on axioms: [propext, Classical.choice, Quot.sound]
'ZhangLS.Spec.lemma81_zeta_logDeriv_re_lower_sum' depends on axioms: [propext, Classical.choice, Quot.sound]
'ZhangLS.Spec.lemma81_zeta_logDeriv_re_lower' depends on axioms: [propext, Classical.choice, Quot.sound]
'ZhangLS.Spec.lemma81_zeta_logDeriv_re_lower_retaining_zero' depends on axioms: [propext, Classical.choice, Quot.sound]
'ZhangLS.Spec.lemma81_zeta_pole_re_le_one' depends on axioms: [propext, Classical.choice, Quot.sound]
'ZhangLS.Spec.lemma81_zeta_three_four_one_zero_inequality' depends on axioms: [propext, Classical.choice, Quot.sound]
'ZhangLS.Spec.lemma81_zeta_high_thin_strip' depends on axioms: [propext, Classical.choice, Quot.sound]
'ZhangLS.Spec.lemma81_zeta_removed_ne_zero_of_one_le_re' depends on axioms: [propext, Classical.choice, Quot.sound]
'ZhangLS.Spec.lemma81_zeta_low_height_collar' depends on axioms: [propext, Classical.choice, Quot.sound]
'ZhangLS.Spec.lemma81_uniform_zeta_pole_removed_thin_strip' depends on axioms: [propext, Classical.choice, Quot.sound]
'ZhangLS.Spec.lemma81_uniform_zeta_thin_strip' depends on axioms: [propext, Classical.choice, Quot.sound]
'ZhangLS.Spec.lemma81_zeta_contour_delta' depends on axioms: [propext, Classical.choice, Quot.sound]
'ZhangLS.Spec.lemma81_zeta_removed_paper_rectangle_bound' depends on axioms: [propext, Classical.choice, Quot.sound]
'ZhangLS.Spec.lemma81_zeta_logDeriv_norm_from_removed' depends on axioms: [propext, Classical.choice, Quot.sound]
'ZhangLS.Spec.lemma81_zeta_paper_left_bound' depends on axioms: [propext, Classical.choice, Quot.sound]
'ZhangLS.Spec.lemma81_zeta_paper_horizontal_bound' depends on axioms: [propext, Classical.choice, Quot.sound]
'ZhangLS.Spec.lemma81_principal_perron_smoothed_main_error_of_strip' depends on axioms: [propext,
 Classical.choice,
 Quot.sound]
'ZhangLS.Spec.lemma81_principal_mass_moment_budget' depends on axioms: [propext, Classical.choice, Quot.sound]
'ZhangLS.Spec.lemma81_principal_mass_left_power' depends on axioms: [propext, Classical.choice, Quot.sound]
'ZhangLS.Spec.lemma81_principal_mass_left_budget' depends on axioms: [propext, Classical.choice, Quot.sound]
'ZhangLS.Spec.lemma81_principal_mass_horizontal_budget' depends on axioms: [propext, Classical.choice, Quot.sound]
'ZhangLS.Spec.lemma81_principal_mass_error_constant_pos' depends on axioms: [propext, Classical.choice, Quot.sound]
'ZhangLS.Spec.lemma81_principal_mass_main_error_budget' depends on axioms: [propext, Classical.choice, Quot.sound]
'ZhangLS.Spec.lemma81_principal_mass_polynomial_absorption' depends on axioms: [propext, Classical.choice, Quot.sound]
'ZhangLS.Spec.lemma81_uniform_principal_smoothed_mass_main_error' depends on axioms: [propext,
 Classical.choice,
 Quot.sound]
'ZhangLS.Spec.lemma81_principal_sharp_prime_error_constant_pos' depends on axioms: [propext,
 Classical.choice,
 Quot.sound]
'ZhangLS.Spec.lemma81_uniform_principal_sharp_prime_mass_main_error' depends on axioms: [propext,
 Classical.choice,
 Quot.sound]
'ZhangLS.Spec.lemma81_uniform_actual_prime_mass_threshold' depends on axioms: [propext, Classical.choice, Quot.sound]
'ZhangLS.Spec.lemma81_uniform_actual_prime_log_mass_lower' depends on axioms: [propext, Classical.choice, Quot.sound]
'ZhangLS.Spec.lemma81_uniform_actual_prime_mass_lower' depends on axioms: [propext, Classical.choice, Quot.sound]
'ZhangLS.Spec.lemma81_uniform_actual_prime_mass_lower_original' depends on axioms: [propext,
 Classical.choice,
 Quot.sound]
'ZhangLS.Spec.lemma81_prime_mass_error_absorption_of_lower' depends on axioms: [propext, Classical.choice, Quot.sound]
'ZhangLS.Spec.lemma81_uniform_prime_mass_error_absorption' depends on axioms: [propext, Classical.choice, Quot.sound]
