'ZhangLS.Spec.lemma153_exp_imaginary_difference' depends on axioms: [propext, Classical.choice, Quot.sound]
'ZhangLS.Spec.lemma153_P4_log_difference' depends on axioms: [propext, Classical.choice, Quot.sound]
'ZhangLS.Spec.lemma153_P4_log_difference_bound' depends on axioms: [propext, Classical.choice, Quot.sound]
'ZhangLS.Spec.lemma153_alpha_logP' depends on axioms: [propext, Classical.choice, Quot.sound]
'ZhangLS.Spec.lemma153PhaseErrorConstant' depends on axioms: [propext, Classical.choice, Quot.sound]
'ZhangLS.Spec.lemma153_offset_P4_phase_error' depends on axioms: [propext, Classical.choice, Quot.sound]
'ZhangLS.Spec.lemma153_beta_gap_one' depends on axioms: [propext, Classical.choice, Quot.sound]
'ZhangLS.Spec.lemma153_beta_gap_two' depends on axioms: [propext, Classical.choice, Quot.sound]
'ZhangLS.Spec.lemma153_P4_cpow_imaginary' depends on axioms: [propext, Classical.choice, Quot.sound]
'ZhangLS.Spec.lemma153PhaseSign' depends on axioms: [propext, Classical.choice, Quot.sound]
'ZhangLS.Spec.lemma153_actual_P4_phase_bound' depends on axioms: [propext, Classical.choice, Quot.sound]
'ZhangLS.Spec.lemma153ShiftRatio' depends on axioms: [propext, Classical.choice, Quot.sound]
'ZhangLS.Spec.lemma153_actual_beta_factorization' depends on axioms: [propext, Classical.choice, Quot.sound]
'ZhangLS.Spec.lemma153_actual_shift_ratio_formula' depends on axioms: [propext, Classical.choice, Quot.sound]
'ZhangLS.Spec.lemma153LeadingWeight' depends on axioms: [propext, Classical.choice, Quot.sound]
'ZhangLS.Spec.lemma153LeadingSignedWeight' depends on axioms: [propext, Classical.choice, Quot.sound]
'ZhangLS.Spec.lemma153_real_ratio_bounds' depends on axioms: [propext, Classical.choice, Quot.sound]
'ZhangLS.Spec.lemma153_actual_shift_ratio_bounds' depends on axioms: [propext, Classical.choice, Quot.sound]
'ZhangLS.Spec.lemma153GeometricWeight' depends on axioms: [propext, Classical.choice, Quot.sound]
'ZhangLS.Spec.lemma153GeometricErrorConstant' depends on axioms: [propext, Classical.choice, Quot.sound]
'ZhangLS.Spec.lemma153_geometric_error_constant_pos' depends on axioms: [propext, Classical.choice, Quot.sound]
'ZhangLS.Spec.lemma153_phase_sign_norm' depends on axioms: [propext, Classical.choice, Quot.sound]
'ZhangLS.Spec.lemma153_weight_sign_identity' depends on axioms: [propext, Classical.choice, Quot.sound]
'ZhangLS.Spec.lemma153_actual_geometric_weight_bound' depends on axioms: [propext, Classical.choice, Quot.sound]
'ZhangLS.Spec.lemma153_actual_a_geometric_weight_budget' depends on axioms: [propext, Classical.choice, Quot.sound]
'ZhangLS.Spec.section15_zeta_regular_error' depends on axioms: [propext, Classical.choice, Quot.sound]
'ZhangLS.Spec.section15_ne_zero_of_near_one' depends on axioms: [propext, Classical.choice, Quot.sound]
'ZhangLS.Spec.section15_inverse_error' depends on axioms: [propext, Classical.choice, Quot.sound]
'ZhangLS.Spec.section15_derivative_lower' depends on axioms: [propext, Classical.choice, Quot.sound]
'ZhangLS.Spec.section15LFactor' depends on axioms: [propext, Classical.choice, Quot.sound]
'ZhangLS.Spec.section15LRelativeConstant' depends on axioms: [propext, Classical.choice, Quot.sound]
'ZhangLS.Spec.section15_l_relative_constant_pos' depends on axioms: [propext, Classical.choice, Quot.sound]
'ZhangLS.Spec.section15_actual_L_relative_error' depends on axioms: [propext, Classical.choice, Quot.sound]
'ZhangLS.Spec.section15_actual_beta_norm_lower' depends on axioms: [propext, Classical.choice, Quot.sound]
'ZhangLS.Spec.section15_actual_beta_L_relative_error' depends on axioms: [propext, Classical.choice, Quot.sound]
'ZhangLS.Spec.section15ActualIntegrand' depends on axioms: [propext, Classical.choice, Quot.sound]
'ZhangLS.Spec.section15RegularFactor' depends on axioms: [propext, Classical.choice, Quot.sound]
'ZhangLS.Spec.section15PoleNumerator' depends on axioms: [propext, Classical.choice, Quot.sound]
'ZhangLS.Spec.section15ActualR' depends on axioms: [propext, Classical.choice, Quot.sound]
'ZhangLS.Spec.section15ActualRStar' depends on axioms: [propext, Classical.choice, Quot.sound]
'ZhangLS.Spec.section15_cyclic_product' depends on axioms: [propext, Classical.choice, Quot.sound]
'ZhangLS.Spec.section15_integrand_regularization' depends on axioms: [propext, Classical.choice, Quot.sound]
'ZhangLS.Spec.section15_regular_factor_analytic' depends on axioms: [propext, Classical.choice, Quot.sound]
'ZhangLS.Spec.section15_pole_numerator_analytic' depends on axioms: [propext, Classical.choice, Quot.sound]
'ZhangLS.Spec.section15_actual_local_factorization' depends on axioms: [propext, Classical.choice, Quot.sound]
'ZhangLS.Spec.section15_actual_residue_limit' depends on axioms: [propext, Classical.choice, Quot.sound]
'ZhangLS.Spec.section15_actual_residue_formula' depends on axioms: [propext, Classical.choice, Quot.sound]
'ZhangLS.Spec.section15_alpha_le_L6' depends on axioms: [propext, Classical.choice, Quot.sound]
'ZhangLS.Spec.section15_alpha_logL_le_L6' depends on axioms: [propext, Classical.choice, Quot.sound]
'ZhangLS.Spec.section15_actual_delta_error_threshold' depends on axioms: [propext, Classical.choice, Quot.sound]
'ZhangLS.Spec.section15_omega_small_error' depends on axioms: [propext, Classical.choice, Quot.sound]
'ZhangLS.Spec.section15_actual_omega_error' depends on axioms: [propext, Classical.choice, Quot.sound]
'ZhangLS.Spec.section15_actual_zeta_factor_errors' depends on axioms: [propext, Classical.choice, Quot.sound]
'ZhangLS.Spec.section15_mul_error' depends on axioms: [propext, Classical.choice, Quot.sound]
'ZhangLS.Spec.section15_eight_factor_error' depends on axioms: [propext, Classical.choice, Quot.sound]
'ZhangLS.Spec.section15Correction' depends on axioms: [propext, Classical.choice, Quot.sound]
'ZhangLS.Spec.section15Geometric' depends on axioms: [propext, Classical.choice, Quot.sound]
'ZhangLS.Spec.section15_exact_residue_product' depends on axioms: [propext, Classical.choice, Quot.sound]
'ZhangLS.Spec.section15FactorConstant' depends on axioms: [propext, Classical.choice, Quot.sound]
'ZhangLS.Spec.section15_factor_constant_bounds' depends on axioms: [propext, Classical.choice, Quot.sound]
'ZhangLS.Spec.section15_actual_correction_error' depends on axioms: [propext, Classical.choice, Quot.sound]
'ZhangLS.Spec.section15_actual_shift_data' depends on axioms: [propext, Classical.choice, Quot.sound]
'ZhangLS.Spec.section15_actual_denominators_nonzero' depends on axioms: [propext, Classical.choice, Quot.sound]
'ZhangLS.Spec.section15_actual_geometric_eq' depends on axioms: [propext, Classical.choice, Quot.sound]
'ZhangLS.Spec.section15_actual_geometric_norm' depends on axioms: [propext, Classical.choice, Quot.sound]
'ZhangLS.Spec.section15_actual_r_product_error' depends on axioms: [propext, Classical.choice, Quot.sound]
'ZhangLS.Spec.section15_actual_a_L6_budget' depends on axioms: [propext, Classical.choice, Quot.sound]
'ZhangLS.Spec.section15_budget_threshold' depends on axioms: [propext, Classical.choice, Quot.sound]
'ZhangLS.Spec.section15_actual_weighted_r_product_bridge' depends on axioms: [propext, Classical.choice, Quot.sound]
'ZhangLS.Spec.section15_actual_small_circle_residue' depends on axioms: [propext, Classical.choice, Quot.sound]
'ZhangLS.Spec.section15_actual_geometric_nonzero' depends on axioms: [propext, Classical.choice, Quot.sound]
'ZhangLS.Spec.section15_actual_pole_nonzero' depends on axioms: [propext, Classical.choice, Quot.sound]
'ZhangLS.Spec.section15_actual_simple_pole_certificates' depends on axioms: [propext, Classical.choice, Quot.sound]
'ZhangLS.Spec.section15LeadingProductConstant' depends on axioms: [propext, Classical.choice, Quot.sound]
'ZhangLS.Spec.section15_leading_product_constant_pos' depends on axioms: [propext, Classical.choice, Quot.sound]
'ZhangLS.Spec.section15_alpha_logT_le_L6' depends on axioms: [propext, Classical.choice, Quot.sound]
'ZhangLS.Spec.section15_actual_r_product_leading_error' depends on axioms: [propext, Classical.choice, Quot.sound]
'ZhangLS.Spec.section15_actual_weighted_leading_residue_budget' depends on axioms: [propext, Classical.choice, Quot.sound]
