'ZhangLS.Spec.fixedDCoprimeGcdEquiv' depends on axioms: [propext, Classical.choice, Quot.sound]
'ZhangLS.Spec.fixedDCoprimeGcdForget' depends on axioms: [propext, Quot.sound]
'ZhangLS.Spec.fixedDCoprimeGcdIndex' depends on axioms: []
'ZhangLS.Spec.fixedDCoprimeGcdLift' depends on axioms: [propext, Quot.sound]
'ZhangLS.Spec.fixedDCoprimeGcd_filtered_nested_tsum' depends on axioms: [propext, Classical.choice, Quot.sound]
'ZhangLS.Spec.fixedDCoprimeGcd_filtered_tsum' depends on axioms: [propext, Classical.choice, Quot.sound]
'ZhangLS.Spec.fixedDCoprimeGcd_lift_gcd' depends on axioms: [propext, Quot.sound]
'ZhangLS.Spec.fixedDCoprimeGcd_lift_injective' depends on axioms: [propext, Classical.choice, Quot.sound]
'ZhangLS.Spec.fixedDCoprimeGcd_lift_surjective' depends on axioms: [propext, Quot.sound]
'ZhangLS.Spec.fixedDCoprimeGcd_tsum_reindex' depends on axioms: [propext, Classical.choice, Quot.sound]
'ZhangLS.Spec.fixedDGcdEquiv' depends on axioms: [propext, Classical.choice, Quot.sound]
'ZhangLS.Spec.fixedDGcdIndex' depends on axioms: []
'ZhangLS.Spec.fixedDGcdLift' depends on axioms: [propext]
'ZhangLS.Spec.fixedDGcd_additive_quotient' depends on axioms: [propext, Classical.choice, Quot.sound]
'ZhangLS.Spec.fixedDGcd_cast_inverse' depends on axioms: [propext, Classical.choice, Quot.sound]
'ZhangLS.Spec.fixedDGcd_character_zero_extension' depends on axioms: [propext, Classical.choice, Quot.sound]
'ZhangLS.Spec.fixedDGcd_coprime_iff' depends on axioms: [propext, Quot.sound]
'ZhangLS.Spec.fixedDGcd_coprime_tsum_reindex' depends on axioms: [propext, Classical.choice, Quot.sound]
'ZhangLS.Spec.fixedDGcd_divisor_inverse_phase' depends on axioms: [propext, Classical.choice, Quot.sound]
'ZhangLS.Spec.fixedDGcd_divisor_quotient_pos' depends on axioms: [propext]
'ZhangLS.Spec.fixedDGcd_inverse_divisor' depends on axioms: [propext, Classical.choice, Quot.sound]
'ZhangLS.Spec.fixedDGcd_inverse_phase_quotient' depends on axioms: [propext, Classical.choice, Quot.sound]
'ZhangLS.Spec.fixedDGcd_inverse_quotient' depends on axioms: [propext, Classical.choice, Quot.sound]
'ZhangLS.Spec.fixedDGcd_lift_gcd' depends on axioms: [propext, Quot.sound]
'ZhangLS.Spec.fixedDGcd_lift_injective' depends on axioms: [propext, Classical.choice, Quot.sound]
'ZhangLS.Spec.fixedDGcd_lift_surjective' depends on axioms: [propext, Quot.sound]
'ZhangLS.Spec.fixedDGcd_nested_tsum' depends on axioms: [propext, Classical.choice, Quot.sound]
'ZhangLS.Spec.fixedDGcd_nonSquarefreeRegression' depends on axioms: [propext]
'ZhangLS.Spec.fixedDGcd_original_deltaOne_phase' depends on axioms: [propext, Classical.choice, Quot.sound]
'ZhangLS.Spec.fixedDGcd_original_delta_phase' depends on axioms: [propext, Classical.choice, Quot.sound]
'ZhangLS.Spec.fixedDGcd_original_innerMain_reindex' depends on axioms: [propext, Classical.choice, Quot.sound]
'ZhangLS.Spec.fixedDGcd_phase_character_expansion' depends on axioms: [propext, Classical.choice, Quot.sound]
'ZhangLS.Spec.fixedDGcd_quotient_isUnit' depends on axioms: [propext, Classical.choice, Quot.sound]
'ZhangLS.Spec.fixedDGcd_quotient_p_isUnit' depends on axioms: [propext, Classical.choice, Quot.sound]
'ZhangLS.Spec.fixedDGcd_quotient_pos' depends on axioms: [propext]
'ZhangLS.Spec.fixedDGcd_scaled_kernel_argument' depends on axioms: [propext, Classical.choice, Quot.sound]
'ZhangLS.Spec.fixedDGcd_tsum_reindex' depends on axioms: [propext, Classical.choice, Quot.sound]
'ZhangLS.Spec.proposition71FiniteFrontKernel' depends on axioms: [propext, Classical.choice, Quot.sound]
'ZhangLS.Spec.proposition71FrontLargeTailConstant' depends on axioms: [propext, Classical.choice, Quot.sound]
'ZhangLS.Spec.proposition71InfiniteFrontKernel' depends on axioms: [propext, Classical.choice, Quot.sound]
'ZhangLS.Spec.proposition71LongHead' depends on axioms: [propext, Classical.choice, Quot.sound]
'ZhangLS.Spec.proposition71LongTail' depends on axioms: [propext, Classical.choice, Quot.sound]
'ZhangLS.Spec.proposition71OriginalDeltaOneMean' depends on axioms: [propext, Classical.choice, Quot.sound]
'ZhangLS.Spec.proposition71ShortLinearMass' depends on axioms: [propext, Classical.choice, Quot.sound]
'ZhangLS.Spec.proposition71_Z_log_derivative_wide' depends on axioms: [propext, Classical.choice, Quot.sound]
'ZhangLS.Spec.proposition71_actual_C_contour_eq_infinite' depends on axioms: [propext, Classical.choice, Quot.sound]
'ZhangLS.Spec.proposition71_actual_C_infinite_kernel' depends on axioms: [propext, Classical.choice, Quot.sound]
'ZhangLS.Spec.proposition71_actual_C_strict_front_contour' depends on axioms: [propext, Classical.choice, Quot.sound]
'ZhangLS.Spec.proposition71_actual_C_strict_front_kernel' depends on axioms: [propext, Classical.choice, Quot.sound]
'ZhangLS.Spec.proposition71_actual_family_partition' depends on axioms: [propext, Classical.choice, Quot.sound]
'ZhangLS.Spec.proposition71_actual_ratio_convolution' depends on axioms: [propext, Classical.choice, Quot.sound]
'ZhangLS.Spec.proposition71_arithmetic_sequence_LSeries' depends on axioms: [propext, Classical.choice, Quot.sound]
'ZhangLS.Spec.proposition71_arithmetic_sequence_strict_support' depends on axioms: [propext, Classical.choice, Quot.sound]
'ZhangLS.Spec.proposition71_delta_one_norm_eq_delta' depends on axioms: [propext, Classical.choice, Quot.sound]
'ZhangLS.Spec.proposition71_delta_one_scaled_tail' depends on axioms: [propext, Classical.choice, Quot.sound]
'ZhangLS.Spec.proposition71_finite_critical_exceptional_little_o' depends on axioms: [propext, Classical.choice, Quot.sound]
'ZhangLS.Spec.proposition71_finite_exceptional_contour_little_o' depends on axioms: [propext, Classical.choice, Quot.sound]
'ZhangLS.Spec.proposition71_finite_front_boundary_envelope' depends on axioms: [propext, Classical.choice, Quot.sound]
'ZhangLS.Spec.proposition71_finite_front_critical_norm' depends on axioms: [propext, Classical.choice, Quot.sound]
'ZhangLS.Spec.proposition71_finite_front_differentiableAt' depends on axioms: [propext, Classical.choice, Quot.sound]
'ZhangLS.Spec.proposition71_finite_front_segment_integrable' depends on axioms: [propext, Classical.choice, Quot.sound]
'ZhangLS.Spec.proposition71_finite_front_shift' depends on axioms: [propext, Classical.choice, Quot.sound]
'ZhangLS.Spec.proposition71_finite_tau_polynomial_norm' depends on axioms: [propext, Classical.choice, Quot.sound]
'ZhangLS.Spec.proposition71_front_conductor_log_bound' depends on axioms: [propext, Classical.choice, Quot.sound]
'ZhangLS.Spec.proposition71_front_large_tail_constant_pos' depends on axioms: [propext, Classical.choice, Quot.sound]
'ZhangLS.Spec.proposition71_front_large_tail_contour_rate' depends on axioms: [propext, Classical.choice, Quot.sound]
'ZhangLS.Spec.proposition71_front_large_tail_main_rate' depends on axioms: [propext, Classical.choice, Quot.sound]
'ZhangLS.Spec.proposition71_front_large_tail_term_bound' depends on axioms: [propext, Classical.choice, Quot.sound]
'ZhangLS.Spec.proposition71_front_large_tail_tsum_bound' depends on axioms: [propext, Classical.choice, Quot.sound]
'ZhangLS.Spec.proposition71_infinite_contour_head_tail' depends on axioms: [propext, Classical.choice, Quot.sound]
'ZhangLS.Spec.proposition71_infinite_exceptional_contour_little_o' depends on axioms: [propext, Classical.choice, Quot.sound]
'ZhangLS.Spec.proposition71_infinite_front_differentiableAt' depends on axioms: [propext, Classical.choice, Quot.sound]
'ZhangLS.Spec.proposition71_infinite_front_eq_actual_kernel' depends on axioms: [propext, Classical.choice, Quot.sound]
'ZhangLS.Spec.proposition71_infinite_front_head_tail' depends on axioms: [propext, Classical.choice, Quot.sound]
'ZhangLS.Spec.proposition71_infinite_front_segment_integrable' depends on axioms: [propext, Classical.choice, Quot.sound]
'ZhangLS.Spec.proposition71_inverse_Z_finite_contour_bound' depends on axioms: [propext, Classical.choice, Quot.sound]
'ZhangLS.Spec.proposition71_kappa_twist_LSeries_ratio' depends on axioms: [propext, Classical.choice, Quot.sound]
'ZhangLS.Spec.proposition71_kappa_twist_summable' depends on axioms: [propext, Classical.choice, Quot.sound]
'ZhangLS.Spec.proposition71_long_finite_polynomial_exponential' depends on axioms: [propext, Classical.choice, Quot.sound]
'ZhangLS.Spec.proposition71_long_head_majorant' depends on axioms: [propext, Classical.choice, Quot.sound]
'ZhangLS.Spec.proposition71_long_head_series_eq_finite' depends on axioms: [propext, Classical.choice, Quot.sound]
'ZhangLS.Spec.proposition71_long_head_tail' depends on axioms: [propext, Classical.choice, Quot.sound]
'ZhangLS.Spec.proposition71_long_series_head_tail' depends on axioms: [propext, Classical.choice, Quot.sound]
'ZhangLS.Spec.proposition71_long_tail_majorant' depends on axioms: [propext, Classical.choice, Quot.sound]
'ZhangLS.Spec.proposition71_normalized_segment_const_mul' depends on axioms: [propext, Classical.choice, Quot.sound]
'ZhangLS.Spec.proposition71_original_delta_one_reduction' depends on axioms: [propext, Classical.choice, Quot.sound]
'ZhangLS.Spec.proposition71_original_delta_one_series_summable' depends on axioms: [propext, Classical.choice, Quot.sound]
'ZhangLS.Spec.proposition71_original_full_family_C_reduction' depends on axioms: [propext, Classical.choice, Quot.sound]
'ZhangLS.Spec.proposition71_original_polynomial_eq_cutoff_prefix' depends on axioms: [propext, Classical.choice, Quot.sound]
'ZhangLS.Spec.proposition71_original_seven_six' depends on axioms: [propext, Classical.choice, Quot.sound]
'ZhangLS.Spec.proposition71_original_seven_three' depends on axioms: [propext, Classical.choice, Quot.sound]
'ZhangLS.Spec.proposition71_original_seven_three_normalized' depends on axioms: [propext, Classical.choice, Quot.sound]
'ZhangLS.Spec.proposition71_original_short_shifted_power' depends on axioms: [propext, Classical.choice, Quot.sound]
'ZhangLS.Spec.proposition71_original_short_support_geometry' depends on axioms: [propext, Classical.choice, Quot.sound]
'ZhangLS.Spec.proposition71_primitive_gauss_normalized_norm_le_one' depends on axioms: [propext, Classical.choice, Quot.sound]
'ZhangLS.Spec.proposition71_short_finite_polynomial_norm' depends on axioms: [propext, Classical.choice, Quot.sound]
'ZhangLS.Spec.proposition71_short_linear_mass_bound' depends on axioms: [propext, Classical.choice, Quot.sound]
'ZhangLS.Spec.proposition71_short_linear_mass_nonneg' depends on axioms: [propext, Classical.choice, Quot.sound]
'ZhangLS.Spec.proposition71_tau_unweighted_sum' depends on axioms: [propext, Classical.choice, Quot.sound]
'ZhangLS.Spec.proposition71_twisted_coefficient_majorant' depends on axioms: [propext, Classical.choice, Quot.sound]
'ZhangLS.Spec.proposition71_unnormalized_segment_eq' depends on axioms: [propext, Classical.choice, Quot.sound]
'ZhangLS.Spec.tauDeltaAbsoluteConstant' depends on axioms: [propext, Classical.choice, Quot.sound]
'ZhangLS.Spec.tauDeltaDilatedAbsolute' depends on axioms: [propext, Classical.choice, Quot.sound]
'ZhangLS.Spec.tauDeltaDilatedTerm' depends on axioms: [propext, Classical.choice, Quot.sound]
'ZhangLS.Spec.tauDeltaHead' depends on axioms: [propext, Classical.choice, Quot.sound]
'ZhangLS.Spec.tauDeltaUniformConstant' depends on axioms: [propext, Classical.choice, Quot.sound]
'ZhangLS.Spec.tauDelta_absolute_constant_pos' depends on axioms: [propext, Classical.choice, Quot.sound]
'ZhangLS.Spec.tauDelta_actual_absolute_head_tail' depends on axioms: [propext, Classical.choice, Quot.sound]
'ZhangLS.Spec.tauDelta_actual_absolute_sum' depends on axioms: [propext, Classical.choice, Quot.sound]
'ZhangLS.Spec.tauDelta_actual_dilated_absolute_sum' depends on axioms: [propext, Classical.choice, Quot.sound]
'ZhangLS.Spec.tauDelta_actual_dilated_character_sum' depends on axioms: [propext, Classical.choice, Quot.sound]
'ZhangLS.Spec.tauDelta_actual_uniform_bound' depends on axioms: [propext, Classical.choice, Quot.sound]
'ZhangLS.Spec.tauDelta_dilated_absolute_majorant' depends on axioms: [propext, Classical.choice, Quot.sound]
'ZhangLS.Spec.tauDelta_dilated_term_norm_le' depends on axioms: [propext, Classical.choice, Quot.sound]
'ZhangLS.Spec.tauDelta_head_geometry' depends on axioms: [propext, Classical.choice, Quot.sound]
'ZhangLS.Spec.tauDelta_head_hasSum' depends on axioms: [propext, Classical.choice, Quot.sound]
'ZhangLS.Spec.tauDelta_scaled_large_tail' depends on axioms: [propext, Classical.choice, Quot.sound]
'ZhangLS.Spec.tauDelta_t0_cutoff' depends on axioms: [propext, Classical.choice, Quot.sound]
'ZhangLS.Spec.tauDelta_tail_scale' depends on axioms: [propext, Classical.choice, Quot.sound]
'ZhangLS.Spec.tauDelta_tau_five_partial_sum' depends on axioms: [propext, Classical.choice, Quot.sound]
'ZhangLS.Spec.tauDelta_tau_five_square_summable' depends on axioms: [propext, Classical.choice, Quot.sound]
'ZhangLS.Spec.tauDelta_term_majorant' depends on axioms: [propext, Classical.choice, Quot.sound]
'ZhangLS.Spec.tauDelta_uniform_constant_pos' depends on axioms: [propext, Classical.choice, Quot.sound]
