'ZhangLS.Spec.lemma34_multichoose_product_factor_le' depends on axioms: [propext, Classical.choice, Quot.sound]
'ZhangLS.Spec.lemma34_multichoose_product_le' depends on axioms: [propext, Classical.choice, Quot.sound]
'ZhangLS.Spec.lemma34_tau_product_le' depends on axioms: [propext, Classical.choice, Quot.sound]
'ZhangLS.Spec.lemma34_tau_zero_order' depends on axioms: [propext, Classical.choice, Quot.sound]
'ZhangLS.Spec.lemma34_tau_product_le_all' depends on axioms: [propext, Classical.choice, Quot.sound]
'ZhangLS.Spec.lemma34_tau_product_le_real' depends on axioms: [propext, Classical.choice, Quot.sound]
'ZhangLS.Spec.lemma34_tau_square_le' depends on axioms: [propext, Classical.choice, Quot.sound]
'ZhangLS.Spec.lemma34_tau_square_le_real' depends on axioms: [propext, Classical.choice, Quot.sound]
'ZhangLS.Spec.lemma34_tau_product_harmonic_sum_le' depends on axioms: [propext, Classical.choice, Quot.sound]
'ZhangLS.Spec.lemma34_tau_product_log_sum_le' depends on axioms: [propext, Classical.choice, Quot.sound]
'ZhangLS.Spec.lemma34_tau_square_harmonic_sum_le' depends on axioms: [propext, Classical.choice, Quot.sound]
'ZhangLS.Spec.lemma34_tau_square_log_sum_le' depends on axioms: [propext, Classical.choice, Quot.sound]
'ZhangLS.Spec.lemma34_tau_square_harmonic_div_sum_le' depends on axioms: [propext, Classical.choice, Quot.sound]
'ZhangLS.Spec.lemma34_tau_majorized_coefficient_harmonic_energy' depends on axioms: [propext, Classical.choice, Quot.sound]
'ZhangLS.Spec.tau_product_regression_n_zero' depends on axioms: [propext, Classical.choice, Quot.sound]
'ZhangLS.Spec.tau_product_regression_n_one' depends on axioms: [propext, Classical.choice, Quot.sound]
'ZhangLS.Spec.tau_product_regression_order_one_left' depends on axioms: [propext, Classical.choice, Quot.sound]
'ZhangLS.Spec.tau_product_regression_order_one_right' depends on axioms: [propext, Classical.choice, Quot.sound]
'ZhangLS.Spec.tau_product_regression_zero_order_both' depends on axioms: [propext, Classical.choice, Quot.sound]
'ZhangLS.Spec.tau_product_regression_multichoose_2_3' depends on axioms: [propext, Classical.choice, Quot.sound]
'ZhangLS.Spec.tau_product_regression_multichoose_values' depends on axioms: [propext, Classical.choice, Quot.sound]
'ZhangLS.Spec.tau_product_regression_prime_square_values' depends on axioms: [propext, Classical.choice, Quot.sound]
'ZhangLS.Spec.tau_product_regression_composite' depends on axioms: [propext, Classical.choice, Quot.sound]
'ZhangLS.Spec.tau_product_regression_five_square' depends on axioms: [propext, Classical.choice, Quot.sound]
'ZhangLS.Spec.tau_product_regression_forty_square' depends on axioms: [propext, Classical.choice, Quot.sound]
'ZhangLS.Spec.tau_product_regression_order_12_10' depends on axioms: [propext, Classical.choice, Quot.sound]
'ZhangLS.Spec.tau_product_regression_five_harmonic' depends on axioms: [propext, Classical.choice, Quot.sound]
'ZhangLS.Spec.tau_product_regression_mixed_harmonic' depends on axioms: [propext, Classical.choice, Quot.sound]
