'ZhangLS.Spec.lemma101_three_errors' depends on axioms: [propext, Classical.choice, Quot.sound]
'ZhangLS.Spec.lemma101_low_estimate' depends on axioms: [propext, Classical.choice, Quot.sound]
'ZhangLS.Spec.lemma101Constant' depends on axioms: [propext, Classical.choice, Quot.sound]
'ZhangLS.Spec.lemma101_constant_pos' depends on axioms: [propext, Classical.choice, Quot.sound]
'ZhangLS.Spec.lemma101_proved' depends on axioms: [propext, Classical.choice, Quot.sound]
'ZhangLS.Spec.lemma101Cutoff' depends on axioms: [propext, Classical.choice, Quot.sound]
'ZhangLS.Spec.lemma101Sum' depends on axioms: [propext, Classical.choice, Quot.sound]
'ZhangLS.Spec.lemma101MainLower' depends on axioms: [propext, Classical.choice, Quot.sound]
'ZhangLS.Spec.lemma101MainUpper' depends on axioms: [propext, Classical.choice, Quot.sound]
'ZhangLS.Spec.Lemma101Transition' depends on axioms: [propext, Classical.choice, Quot.sound]
'ZhangLS.Spec.Lemma101Target' depends on axioms: [propext, Classical.choice, Quot.sound]
'ZhangLS.Spec.lemma101_second_difference_norm' depends on axioms: [propext, Classical.choice, Quot.sound]
'ZhangLS.Spec.lemma101_two_errors' depends on axioms: [propext, Classical.choice, Quot.sound]
'ZhangLS.Spec.lemma101_log_second_difference' depends on axioms: [propext, Classical.choice, Quot.sound]
'ZhangLS.Spec.lemma101_log_lower_combination' depends on axioms: [propext, Classical.choice, Quot.sound]
'ZhangLS.Spec.lemma101_uniform_sum_bound' depends on axioms: [propext, Classical.choice, Quot.sound]
'ZhangLS.Spec.lemma101InteriorConstant' depends on axioms: [propext, Classical.choice, Quot.sound]
'ZhangLS.Spec.lemma101_interior_constant_pos' depends on axioms: [propext, Classical.choice, Quot.sound]
'ZhangLS.Spec.lemma101_weighted_interior_error' depends on axioms: [propext, Classical.choice, Quot.sound]
'ZhangLS.Spec.lemma101_lower_main_identity' depends on axioms: [propext, Classical.choice, Quot.sound]
'ZhangLS.Spec.lemma101_lower_estimate' depends on axioms: [propext, Classical.choice, Quot.sound]
'ZhangLS.Spec.lemma101_upper_estimate' depends on axioms: [propext, Classical.choice, Quot.sound]
'ZhangLS.Spec.lemma101_log_cutoff' depends on axioms: [propext, Classical.choice, Quot.sound]
'ZhangLS.Spec.lemma101_cutoff_pos' depends on axioms: [propext, Classical.choice, Quot.sound]
'ZhangLS.Spec.lemma101_cutoff_mono' depends on axioms: [propext, Classical.choice, Quot.sound]
'ZhangLS.Spec.lemma101_positive_log_sum' depends on axioms: [propext, Classical.choice, Quot.sound]
'ZhangLS.Spec.lemma101_tent_log_kernel' depends on axioms: [propext, Classical.choice, Quot.sound]
'ZhangLS.Spec.lemma101_sum_exact_bridge' depends on axioms: [propext, Classical.choice, Quot.sound]
'ZhangLS.Spec.lemma101_weighted_zero_of_le_one' depends on axioms: [propext, Classical.choice, Quot.sound]
'ZhangLS.Spec.lemma101_tent_zero_of_ge' depends on axioms: [propext, Classical.choice, Quot.sound]
'ZhangLS.Spec.lemma101_term_zero_beyond_support' depends on axioms: [propext, Classical.choice, Quot.sound]
'ZhangLS.Spec.lemma101_sum_eq_tsum' depends on axioms: [propext, Classical.choice, Quot.sound]
'ZhangLS.Spec.lemma101_P_gt_one' depends on axioms: [propext, Classical.choice, Quot.sound]
'ZhangLS.Spec.lemma101_T_gt_one' depends on axioms: [propext, Classical.choice, Quot.sound]
'ZhangLS.Spec.lemma101_cutoff_lt_P' depends on axioms: [propext, Classical.choice, Quot.sound]
'ZhangLS.Spec.lemma101_cutoff_ge_T' depends on axioms: [propext, Classical.choice, Quot.sound]
'ZhangLS.Spec.lemma101_cutoff_le_one' depends on axioms: [propext, Classical.choice, Quot.sound]
'ZhangLS.Spec.lemma101_half_power_le_power' depends on axioms: [propext, Classical.choice, Quot.sound]
'ZhangLS.Spec.lemma101_half_power_gt_one' depends on axioms: [propext, Classical.choice, Quot.sound]
'ZhangLS.Spec.lemma101_T_le_half_power' depends on axioms: [propext, Classical.choice, Quot.sound]
'ZhangLS.Spec.lemma101_transition_ge_one' depends on axioms: [propext, Classical.choice, Quot.sound]
'ZhangLS.Spec.lemma101_prefactor_norm' depends on axioms: [propext, Classical.choice, Quot.sound]
'ZhangLS.Spec.lemma101_uniform_threshold' depends on axioms: [propext, Classical.choice, Quot.sound]
'ZhangLS.Spec.lemma101_shift_in_disk' depends on axioms: [propext, Classical.choice, Quot.sound]
'ZhangLS.Spec.lemma101_weighted_linear_error' depends on axioms: [propext, Classical.choice, Quot.sound]
'ZhangLS.Spec.lemma101_weighted_trivial' depends on axioms: [propext, Classical.choice, Quot.sound]
'ZhangLS.Spec.lemma101WeightedBoundConstant' depends on axioms: [propext, Classical.choice, Quot.sound]
'ZhangLS.Spec.lemma101_weighted_bound_constant_pos' depends on axioms: [propext, Classical.choice, Quot.sound]
'ZhangLS.Spec.lemma101_weighted_uniform_bound' depends on axioms: [propext, Classical.choice, Quot.sound]
'ZhangLS.Spec.lemma101_regression_scales' depends on axioms: [propext, Classical.choice, Quot.sound]
'ZhangLS.Spec.lemma101_regression_beta_formulas' depends on axioms: [propext, Classical.choice, Quot.sound]
'ZhangLS.Spec.lemma101_regression_natural_index' depends on axioms: [propext, Classical.choice, Quot.sound]
'ZhangLS.Spec.lemma101_regression_cyclic_wrap' depends on axioms: [propext, Classical.choice, Quot.sound]
'ZhangLS.Spec.lemma101_regression_cyclic_sum' depends on axioms: [propext, Classical.choice, Quot.sound]
'ZhangLS.Spec.lemma101_regression_tent_endpoints' depends on axioms: [propext, Classical.choice, Quot.sound]
'ZhangLS.Spec.lemma101_regression_literal_sum' depends on axioms: [propext, Classical.choice, Quot.sound]
'ZhangLS.Spec.lemma101_regression_top_summand' depends on axioms: [propext, Classical.choice, Quot.sound]
'ZhangLS.Spec.lemma101_regression_transition_expanded' depends on axioms: [propext, Classical.choice, Quot.sound]
'ZhangLS.Spec.lemma101_regression_first_transition_closed' depends on axioms: [propext, Classical.choice, Quot.sound]
'ZhangLS.Spec.lemma101_regression_middle_transition_closed' depends on axioms: [propext, Classical.choice, Quot.sound]
'ZhangLS.Spec.lemma101_regression_last_transition_open' depends on axioms: [propext, Classical.choice, Quot.sound]
'ZhangLS.Spec.lemma101_regression_first_transition_lower_open' depends on axioms: [propext,
 Classical.choice,
 Quot.sound]
'ZhangLS.Spec.lemma101_regression_strict_interior_lower' depends on axioms: [propext, Classical.choice, Quot.sound]
'ZhangLS.Spec.lemma101_regression_closed_interior_upper' depends on axioms: [propext, Classical.choice, Quot.sound]
'ZhangLS.Spec.lemma101_regression_boundary_rate' depends on axioms: [propext, Classical.choice, Quot.sound]
'ZhangLS.Spec.lemma101_regression_original_expanded' depends on axioms: [propext, Classical.choice, Quot.sound]
