'ZhangLS.Spec.lemma112GaussianDefect' depends on axioms: [propext, Classical.choice, Quot.sound]
'ZhangLS.Spec.lemma112_dual_series_interval_integrable' depends on axioms: [propext, Classical.choice, Quot.sound]
'ZhangLS.Spec.lemma112_defect_integral_identity' depends on axioms: [propext, Classical.choice, Quot.sound]
'ZhangLS.Spec.lemma112_integrated_defect_eq' depends on axioms: [propext, Classical.choice, Quot.sound]
'ZhangLS.Spec.lemma112_approximation_constant_pos' depends on axioms: [propext, Classical.choice, Quot.sound]
'ZhangLS.Spec.lemma112_integrated_approximation_bound' depends on axioms: [propext, Classical.choice, Quot.sound]
'ZhangLS.Spec.lemma112_proved' depends on axioms: [propext, Classical.choice, Quot.sound]
'ZhangLS.Spec.lemma112ActualLeftMellinIntegral' depends on axioms: [propext, Classical.choice, Quot.sound]
'ZhangLS.Spec.lemma112LeftApproximationConstant' depends on axioms: [propext, Classical.choice, Quot.sound]
'ZhangLS.Spec.lemma112ApproximationConstant' depends on axioms: [propext, Classical.choice, Quot.sound]
'ZhangLS.Spec.lemma112_actual_original_left_dual_bound' depends on axioms: [propext, Classical.choice, Quot.sound]
'ZhangLS.Spec.lemma112_actual_approximation_bound' depends on axioms: [propext, Classical.choice, Quot.sound]
'ZhangLS.Spec.lemma112_exp_small_at_paper_scale' depends on axioms: [propext, Classical.choice, Quot.sound]
'ZhangLS.Spec.lemma112_frequency_recovery_budget' depends on axioms: [propext, Classical.choice, Quot.sound]
'ZhangLS.Spec.lemma112_gaussian_tail_recovery_budget' depends on axioms: [propext, Classical.choice, Quot.sound]
'ZhangLS.Spec.lemma112_P1_one_lt' depends on axioms: [propext, Classical.choice, Quot.sound]
'ZhangLS.Spec.lemma112_short_cutoff_card' depends on axioms: [propext, Classical.choice, Quot.sound]
'ZhangLS.Spec.lemma112_actual_error_integral_lower' depends on axioms: [propext, Classical.choice, Quot.sound]
'ZhangLS.Spec.lemma112_E2_polynomial_floor' depends on axioms: [propext, Classical.choice, Quot.sound]
'ZhangLS.Spec.lemma112ConductorScale' depends on axioms: [propext, Classical.choice, Quot.sound]
'ZhangLS.Spec.lemma112ErrorDifferenceNumerator' depends on axioms: [propext, Classical.choice, Quot.sound]
'ZhangLS.Spec.lemma112ActualZErrorIntegrand' depends on axioms: [propext, Classical.choice, Quot.sound]
'ZhangLS.Spec.lemma112ErrorRegularIntegrand' depends on axioms: [propext, Classical.choice, Quot.sound]
'ZhangLS.Spec.lemma112_conductor_scale_pos' depends on axioms: [propext, Classical.choice, Quot.sound]
'ZhangLS.Spec.lemma112_error_difference_at_zero' depends on axioms: [propext, Classical.choice, Quot.sound]
'ZhangLS.Spec.lemma112_error_regular_eq_actual' depends on axioms: [propext, Classical.choice, Quot.sound]
'ZhangLS.Spec.lemma112_error_difference_rectangle_differentiable' depends on axioms: [propext,
 Classical.choice,
 Quot.sound]
'ZhangLS.Spec.lemma112_error_regular_rectangle_differentiable' depends on axioms: [propext,
 Classical.choice,
 Quot.sound]
'ZhangLS.Spec.lemma112_actual_error_vertical_point_bound' depends on axioms: [propext, Classical.choice, Quot.sound]
'ZhangLS.Spec.lemma112_actual_error_vertical_integral_bound' depends on axioms: [propext, Classical.choice, Quot.sound]
'ZhangLS.Spec.lemma112_error_vertical_ae_eq' depends on axioms: [propext, Classical.choice, Quot.sound]
'ZhangLS.Spec.lemma112_error_vertical_interval_integrable' depends on axioms: [propext, Classical.choice, Quot.sound]
'ZhangLS.Spec.lemma112_error_vertical_integral_eq' depends on axioms: [propext, Classical.choice, Quot.sound]
'ZhangLS.Spec.lemma112_error_regular_path_rectangle_cauchy' depends on axioms: [propext, Classical.choice, Quot.sound]
'ZhangLS.Spec.lemma112_actual_error_line_shift' depends on axioms: [propext, Classical.choice, Quot.sound]
'ZhangLS.Spec.lemma112FourierGaussian' depends on axioms: [propext, Classical.choice, Quot.sound]
'ZhangLS.Spec.lemma112_fourier_gaussian_identity' depends on axioms: [propext, Classical.choice, Quot.sound]
'ZhangLS.Spec.lemma112_fourier_gaussian_integrable' depends on axioms: [propext, Classical.choice, Quot.sound]
'ZhangLS.Spec.lemma112_fourier_gaussian_integral' depends on axioms: [propext, Classical.choice, Quot.sound]
'ZhangLS.Spec.lemma112_fourier_gaussian_norm' depends on axioms: [propext, Classical.choice, Quot.sound]
'ZhangLS.Spec.lemma112_finite_polynomial_gaussian_integral' depends on axioms: [propext, Classical.choice, Quot.sound]
'ZhangLS.Spec.lemma112_dirichlet_term_norm_le_one' depends on axioms: [propext, Classical.choice, Quot.sound]
'ZhangLS.Spec.lemma112_finite_polynomial_norm_bound' depends on axioms: [propext, Classical.choice, Quot.sound]
'ZhangLS.Spec.lemma112_finite_gaussian_recovery_bound' depends on axioms: [propext, Classical.choice, Quot.sound]
'ZhangLS.Spec.lemma112_finite_polynomial_gaussian_integrable' depends on axioms: [propext, Classical.choice, Quot.sound]
'ZhangLS.Spec.lemma112_truncated_gaussian_norm_lower' depends on axioms: [propext, Classical.choice, Quot.sound]
'ZhangLS.Spec.lemma112_scale_log_bounds' depends on axioms: [propext, Classical.choice, Quot.sound]
'ZhangLS.Spec.lemma112_dual_scale_log_bounds' depends on axioms: [propext, Classical.choice, Quot.sound]
'ZhangLS.Spec.lemma112_scale_exponential_rectangle_bound' depends on axioms: [propext, Classical.choice, Quot.sound]
'ZhangLS.Spec.lemma112_dual_scale_left_bound' depends on axioms: [propext, Classical.choice, Quot.sound]
'ZhangLS.Spec.lemma112_twist_modulus_bound' depends on axioms: [propext, Classical.choice, Quot.sound]
'ZhangLS.Spec.lemma112_actual_L_scale_rectangle_bound' depends on axioms: [propext, Classical.choice, Quot.sound]
'ZhangLS.Spec.lemma112_actual_horizontal_L_integral_bound' depends on axioms: [propext, Classical.choice, Quot.sound]
'ZhangLS.Spec.lemma112_short_polynomial_norm_bound' depends on axioms: [propext, Classical.choice, Quot.sound]
'ZhangLS.Spec.lemma112_model_scale_identity' depends on axioms: [propext, Classical.choice, Quot.sound]
'ZhangLS.Spec.lemma112_error_horizontal_factor_bound' depends on axioms: [propext, Classical.choice, Quot.sound]
'ZhangLS.Spec.lemma112_actual_original_left_integrand_split' depends on axioms: [propext, Classical.choice, Quot.sound]
'ZhangLS.Spec.lemma112_reciprocal_model_interval_integrable' depends on axioms: [propext, Classical.choice, Quot.sound]
'ZhangLS.Spec.lemma112_actual_left_tail_interval_integrable' depends on axioms: [propext, Classical.choice, Quot.sound]
'ZhangLS.Spec.lemma112_actual_original_left_integral_split' depends on axioms: [propext, Classical.choice, Quot.sound]
'ZhangLS.Spec.lemma112GaussianSeries' depends on axioms: [propext, Classical.choice, Quot.sound]
'ZhangLS.Spec.lemma112_actual_gaussian_mellin' depends on axioms: [propext, Classical.choice, Quot.sound]
'ZhangLS.Spec.lemma112_actual_gaussian_summable' depends on axioms: [propext, Classical.choice, Quot.sound]
'ZhangLS.Spec.lemma112_actual_mellin_numerator_entire' depends on axioms: [propext, Classical.choice, Quot.sound]
'ZhangLS.Spec.lemma112_actual_wide_rectangle_residue' depends on axioms: [propext, Classical.choice, Quot.sound]
'ZhangLS.Spec.lemma112_scale_log_bound' depends on axioms: [propext, Classical.choice, Quot.sound]
'ZhangLS.Spec.lemma112_actual_right_mellin_truncation' depends on axioms: [propext, Classical.choice, Quot.sound]
'ZhangLS.Spec.lemma112_error_horizontal_point_bound' depends on axioms: [propext, Classical.choice, Quot.sound]
'ZhangLS.Spec.lemma112_error_horizontal_integral_bound' depends on axioms: [propext, Classical.choice, Quot.sound]
'ZhangLS.Spec.lemma112_actual_original_left_Z_error_bound' depends on axioms: [propext, Classical.choice, Quot.sound]
'ZhangLS.Spec.lemma112PaperP1' depends on axioms: [propext, Classical.choice, Quot.sound]
'ZhangLS.Spec.lemma112Coefficient' depends on axioms: [propext, Classical.choice, Quot.sound]
'ZhangLS.Spec.lemma112JtildeOne' depends on axioms: [propext, Classical.choice, Quot.sound]
'ZhangLS.Spec.lemma112JtildeTwo' depends on axioms: [propext, Classical.choice, Quot.sound]
'ZhangLS.Spec.lemma112ShortPolynomial' depends on axioms: [propext, Classical.choice, Quot.sound]
'ZhangLS.Spec.lemma112ActualE2' depends on axioms: [propext, Classical.choice, Quot.sound]
'ZhangLS.Spec.Lemma112InRegion' depends on axioms: [propext, Classical.choice, Quot.sound]
'ZhangLS.Spec.Lemma112Target' depends on axioms: [propext, Classical.choice, Quot.sound]
'ZhangLS.Spec.lemma112_coefficient_eq_twist' depends on axioms: [propext, Classical.choice, Quot.sound]
'ZhangLS.Spec.lemma112_coefficient_norm_le_one' depends on axioms: [propext, Classical.choice, Quot.sound]
'ZhangLS.Spec.lemma112_coefficient_one' depends on axioms: [propext, Classical.choice, Quot.sound]
'ZhangLS.Spec.lemma112_short_polynomial_differentiable' depends on axioms: [propext, Classical.choice, Quot.sound]
'ZhangLS.Spec.lemma112_error_integrand_continuous' depends on axioms: [propext, Classical.choice, Quot.sound]
'ZhangLS.Spec.lemma112_error_integrand_interval_integrable' depends on axioms: [propext, Classical.choice, Quot.sound]
'ZhangLS.Spec.lemma112_E2_nonneg' depends on axioms: [propext, Classical.choice, Quot.sound]
'ZhangLS.Spec.lemma112_short_polynomial_conjugation' depends on axioms: [propext, Classical.choice, Quot.sound]
'ZhangLS.Spec.lemma112_short_polynomial_critical_reflection' depends on axioms: [propext, Classical.choice, Quot.sound]
'ZhangLS.Spec.lemma112_region_subset_lemma51' depends on axioms: [propext, Classical.choice, Quot.sound]
'ZhangLS.Spec.lemma112_region_subset_lemma61' depends on axioms: [propext, Classical.choice, Quot.sound]
'ZhangLS.Spec.lemma112_twist_family_data' depends on axioms: [propext, Classical.choice, Quot.sound]
'ZhangLS.Spec.lemma112_actual_twist_functional_equation' depends on axioms: [propext, Classical.choice, Quot.sound]
'ZhangLS.Spec.lemma112_normalized_integral_norm_le' depends on axioms: [propext, Classical.choice, Quot.sound]
'ZhangLS.Spec.lemma112_reciprocal_far_left_integral_bound' depends on axioms: [propext, Classical.choice, Quot.sound]
'ZhangLS.Spec.lemma112_reciprocal_horizontal_integral_bound' depends on axioms: [propext, Classical.choice, Quot.sound]
'ZhangLS.Spec.lemma112_reciprocal_tail_truncation_bound' depends on axioms: [propext, Classical.choice, Quot.sound]
'ZhangLS.Spec.lemma112_reciprocal_tail_rectangle_differentiable' depends on axioms: [propext,
 Classical.choice,
 Quot.sound]
'ZhangLS.Spec.lemma112_reciprocal_tail_rectangle_cauchy' depends on axioms: [propext, Classical.choice, Quot.sound]
'ZhangLS.Spec.lemma112_reciprocal_tail_point_bound' depends on axioms: [propext, Classical.choice, Quot.sound]
'ZhangLS.Spec.lemma112_reciprocal_far_left_point_bound' depends on axioms: [propext, Classical.choice, Quot.sound]
'ZhangLS.Spec.lemma112ReciprocalModelIntegrand' depends on axioms: [propext, Classical.choice, Quot.sound]
'ZhangLS.Spec.lemma112_reciprocal_model_reflection' depends on axioms: [propext, Classical.choice, Quot.sound]
'ZhangLS.Spec.lemma112_reciprocal_model_vertical_identity' depends on axioms: [propext, Classical.choice, Quot.sound]
'ZhangLS.Spec.lemma112_actual_finite_reciprocal_model_bound' depends on axioms: [propext, Classical.choice, Quot.sound]
'ZhangLS.Spec.lemma112ReciprocalTailTerm' depends on axioms: [propext, Classical.choice, Quot.sound]
'ZhangLS.Spec.lemma112_reciprocal_tail_summable' depends on axioms: [propext, Classical.choice, Quot.sound]
'ZhangLS.Spec.lemma112_actual_reciprocal_series_split' depends on axioms: [propext, Classical.choice, Quot.sound]
'ZhangLS.Spec.lemma112_P1_log' depends on axioms: [propext, Classical.choice, Quot.sound]
'ZhangLS.Spec.lemma112_reciprocal_horizontal_term_bound' depends on axioms: [propext, Classical.choice, Quot.sound]
'ZhangLS.Spec.lemma112_reciprocal_horizontal_sum_bound' depends on axioms: [propext, Classical.choice, Quot.sound]
'ZhangLS.Spec.lemma112_reciprocal_far_left_term_bound' depends on axioms: [propext, Classical.choice, Quot.sound]
'ZhangLS.Spec.lemma112_reciprocal_far_left_sum_bound' depends on axioms: [propext, Classical.choice, Quot.sound]
'ZhangLS.Spec.lemma112ActualReciprocalTailIntegrand' depends on axioms: [propext, Classical.choice, Quot.sound]
'ZhangLS.Spec.lemma112FiniteGaussianSum' depends on axioms: [propext, Classical.choice, Quot.sound]
'ZhangLS.Spec.lemma112_dual_scale_twice_below_cutoff' depends on axioms: [propext, Classical.choice, Quot.sound]
'ZhangLS.Spec.lemma112_finite_gaussian_cutoff_bound' depends on axioms: [propext, Classical.choice, Quot.sound]
'ZhangLS.Spec.lemma112_exp_remainder_le_polynomial' depends on axioms: [propext, Classical.choice, Quot.sound]
'ZhangLS.Spec.lemma112_exp_remainder_le_E2' depends on axioms: [propext, Classical.choice, Quot.sound]
'ZhangLS.Spec.lemma112ShortRightMellinIntegrand' depends on axioms: [propext, Classical.choice, Quot.sound]
'ZhangLS.Spec.lemma112_short_mellin_eq_finite_sum' depends on axioms: [propext, Classical.choice, Quot.sound]
'ZhangLS.Spec.lemma112_short_mellin_integrable' depends on axioms: [propext, Classical.choice, Quot.sound]
'ZhangLS.Spec.lemma112_actual_short_gaussian_mellin' depends on axioms: [propext, Classical.choice, Quot.sound]
'ZhangLS.Spec.lemma112_short_right_gaussian_bound' depends on axioms: [propext, Classical.choice, Quot.sound]
'ZhangLS.Spec.lemma112_actual_short_right_truncation' depends on axioms: [propext, Classical.choice, Quot.sound]
'ZhangLS.Spec.lemma112_actual_finite_short_mellin_dual_bound' depends on axioms: [propext, Classical.choice, Quot.sound]
'ZhangLS.Spec.lemma112_profile_monotone' depends on axioms: [propext, Classical.choice, Quot.sound]
'ZhangLS.Spec.lemma112_scaled_weight_coordinate' depends on axioms: [propext, Classical.choice, Quot.sound]
'ZhangLS.Spec.lemma112ScaledGaussianTerm' depends on axioms: [propext, Classical.choice, Quot.sound]
'ZhangLS.Spec.lemma112_scaled_gaussian_term_continuous' depends on axioms: [propext, Classical.choice, Quot.sound]
'ZhangLS.Spec.lemma112_scaled_gaussian_term_norm_le' depends on axioms: [propext, Classical.choice, Quot.sound]
'ZhangLS.Spec.lemma112_scaled_gaussian_interval_hasSum' depends on axioms: [propext, Classical.choice, Quot.sound]
'ZhangLS.Spec.lemma112_scaled_gaussian_interval_series' depends on axioms: [propext, Classical.choice, Quot.sound]
'ZhangLS.Spec.lemma112_gaussian_series_continuousOn' depends on axioms: [propext, Classical.choice, Quot.sound]
'ZhangLS.Spec.lemma112_gaussian_series_interval_integrable' depends on axioms: [propext, Classical.choice, Quot.sound]
'ZhangLS.Spec.lemma112_JtildeOne_integral' depends on axioms: [propext, Classical.choice, Quot.sound]
'ZhangLS.Spec.lemma112_JtildeTwo_integral' depends on axioms: [propext, Classical.choice, Quot.sound]
'ZhangLS.Spec.lemma112_twist_Z_logDeriv_normalized_wide' depends on axioms: [propext, Classical.choice, Quot.sound]
'ZhangLS.Spec.lemma112_twist_Z_log_modulus_wide' depends on axioms: [propext, Classical.choice, Quot.sound]
'ZhangLS.Spec.lemma112_twist_Z_norm_model_wide' depends on axioms: [propext, Classical.choice, Quot.sound]
'ZhangLS.Spec.lemma112DualScale' depends on axioms: [propext, Classical.choice, Quot.sound]
'ZhangLS.Spec.lemma112_dual_scale_pos' depends on axioms: [propext, Classical.choice, Quot.sound]
'ZhangLS.Spec.lemma112_dual_scale_log' depends on axioms: [propext, Classical.choice, Quot.sound]
'ZhangLS.Spec.lemma112_twist_Z_scale_cancellation' depends on axioms: [propext, Classical.choice, Quot.sound]
'ZhangLS.Spec.lemma112_Dt0_log_budget' depends on axioms: [propext, Classical.choice, Quot.sound]
'ZhangLS.Spec.lemma112_dual_scale_cutoff_gap' depends on axioms: [propext, Classical.choice, Quot.sound]
