'Section8Upstream.eps' depends on axioms: [propext, Classical.choice, Quot.sound]
'Section8Upstream.t' depends on axioms: [propext, Classical.choice, Quot.sound]
'Section8Upstream.r' depends on axioms: [propext, Classical.choice, Quot.sound]
'Section8Upstream.F' depends on axioms: [propext, Classical.choice, Quot.sound]
'Section8Upstream.G' depends on axioms: [propext, Classical.choice, Quot.sound]
'Section8Upstream.paper_beta_scaled' depends on axioms: [propext, Classical.choice, Quot.sound]
'Section8Upstream.paper_beta_agreement' depends on axioms: [propext, Classical.choice, Quot.sound]
'Section8Upstream.smoothing_scaled' depends on axioms: [propext, Classical.choice, Quot.sound]
'Section8Upstream.smoothing_agreement' depends on axioms: [propext, Classical.choice, Quot.sound]
'Section8Upstream.alpha_log_P' depends on axioms: [propext, Classical.choice, Quot.sound]
'Section8Upstream.scale_log_rpow' depends on axioms: [propext, Classical.choice, Quot.sound]
'Section8Upstream.exponent_scaled' depends on axioms: [propext, Classical.choice, Quot.sound]
'Section8Upstream.actual_F_normalized' depends on axioms: [propext, Classical.choice, Quot.sound]
'Section8Upstream.G_scale' depends on axioms: [propext, Classical.choice, Quot.sound]
'Section8Upstream.actual_G_normalized' depends on axioms: [propext, Classical.choice, Quot.sound]
'Section8Upstream.all_F_at_zero' depends on axioms: [propext, Classical.choice, Quot.sound]
'Section8Upstream.all_G_at_zero' depends on axioms: [propext, Classical.choice, Quot.sound]
'Section8Upstream.log_D_tendsto' depends on axioms: [propext, Classical.choice, Quot.sound]
'Section8Upstream.eps_eq' depends on axioms: [propext, Classical.choice, Quot.sound]
'Section8Upstream.eps_tendsto' depends on axioms: [propext, Classical.choice, Quot.sound]
'Section8Upstream.continuous_t' depends on axioms: [propext, Classical.choice, Quot.sound]
'Section8Upstream.continuous_F' depends on axioms: [propext, Classical.choice, Quot.sound]
'Section8Upstream.continuous_G' depends on axioms: [propext, Classical.choice, Quot.sound]
'Section8Upstream.actual_F_tendsto' depends on axioms: [propext, Classical.choice, Quot.sound]
'Section8Upstream.actual_G_tendsto' depends on axioms: [propext, Classical.choice, Quot.sound]
'Section8Upstream.delta' depends on axioms: [propext, Classical.choice, Quot.sound]
'Section8Upstream.delta_eq' depends on axioms: [propext, Classical.choice, Quot.sound]
'Section8Upstream.delta_tendsto' depends on axioms: [propext, Classical.choice, Quot.sound]
'Section8Upstream.alpha_log_T_eq' depends on axioms: [propext, Classical.choice, Quot.sound]
'Section8Upstream.alpha_log_T_tendsto' depends on axioms: [propext, Classical.choice, Quot.sound]
'Section8Upstream.exact_log_P1' depends on axioms: [propext, Classical.choice, Quot.sound]
'Section8Upstream.exact_log_P2' depends on axioms: [propext, Classical.choice, Quot.sound]
'Section8Upstream.exact_log_ratio' depends on axioms: [propext, Classical.choice, Quot.sound]
'Section8Upstream.exact_pi_normalization' depends on axioms: [propext, Classical.choice, Quot.sound]
'Section8Upstream.cross_expansion' depends on axioms: [propext, Classical.choice, Quot.sound]
'Section8Upstream.cross_symmetrization' depends on axioms: [propext, Classical.choice, Quot.sound]
'ZhangLS.Spec.lemma84_paper_model_circle_integral' depends on axioms: [propext, Classical.choice, Quot.sound]
