'Section8.p' depends on axioms: [propext, Classical.choice, Quot.sound]
'Section8.I' depends on axioms: [propext, Classical.choice, Quot.sound]
'Section8.f16' depends on axioms: [propext, Classical.choice, Quot.sound]
'Section8.f26' depends on axioms: [propext, Classical.choice, Quot.sound]
'Section8.f36' depends on axioms: [propext, Classical.choice, Quot.sound]
'Section8.f17' depends on axioms: [propext, Classical.choice, Quot.sound]
'Section8.f27' depends on axioms: [propext, Classical.choice, Quot.sound]
'Section8.f37' depends on axioms: [propext, Classical.choice, Quot.sound]
'Section8.g16' depends on axioms: [propext, Classical.choice, Quot.sound]
'Section8.g26' depends on axioms: [propext, Classical.choice, Quot.sound]
'Section8.g36' depends on axioms: [propext, Classical.choice, Quot.sound]
'Section8.g17' depends on axioms: [propext, Classical.choice, Quot.sound]
'Section8.g27' depends on axioms: [propext, Classical.choice, Quot.sound]
'Section8.g37' depends on axioms: [propext, Classical.choice, Quot.sound]
'Section8.h11' depends on axioms: [propext, Classical.choice, Quot.sound]
'Section8.h22' depends on axioms: [propext, Classical.choice, Quot.sound]
'Section8.h21' depends on axioms: [propext, Classical.choice, Quot.sound]
'Section8.h12' depends on axioms: [propext, Classical.choice, Quot.sound]
'Section8.b11' depends on axioms: [propext, Classical.choice, Quot.sound]
'Section8.b22' depends on axioms: [propext, Classical.choice, Quot.sound]
'Section8.b21' depends on axioms: [propext, Classical.choice, Quot.sound]
'Section8.b12' depends on axioms: [propext, Classical.choice, Quot.sound]
'Section8.c11' depends on axioms: [propext, Classical.choice, Quot.sound]
'Section8.c22' depends on axioms: [propext, Classical.choice, Quot.sound]
'Section8.c12' depends on axioms: [propext, Classical.choice, Quot.sound]
'Section8.c21' depends on axioms: [propext, Classical.choice, Quot.sound]
'Section8.iota2' depends on axioms: [propext, Classical.choice, Quot.sound]
'Section8.c1' depends on axioms: [propext, Classical.choice, Quot.sound]
'Section8.pe' depends on axioms: [propext, Classical.choice, Quot.sound]
'Section8.pePrimitive' depends on axioms: [propext, Classical.choice, Quot.sound]
'Section8.pePrimitive_hasDerivAt' depends on axioms: [propext, Classical.choice, Quot.sound]
'Section8.integral_pe' depends on axioms: [propext, Classical.choice, Quot.sound]
'Section8.h11_closed' depends on axioms: [propext, Classical.choice, Quot.sound]
'Section8.h22_closed' depends on axioms: [propext, Classical.choice, Quot.sound]
'Section8.h12_closed' depends on axioms: [propext, Classical.choice, Quot.sound]
'Section8.h21_closed' depends on axioms: [propext, Classical.choice, Quot.sound]
'Section8.pp' depends on axioms: [propext, Classical.choice, Quot.sound]
'Section8.pp_hasDerivAt' depends on axioms: [propext, Classical.choice, Quot.sound]
'Section8.F11' depends on axioms: [propext, Classical.choice, Quot.sound]
'Section8.F22' depends on axioms: [propext, Classical.choice, Quot.sound]
'Section8.F12' depends on axioms: [propext, Classical.choice, Quot.sound]
'Section8.F21' depends on axioms: [propext, Classical.choice, Quot.sound]
'Section8.p_ne' depends on axioms: [propext, Classical.choice, Quot.sound]
'Section8.k3_ne' depends on axioms: [propext, Classical.choice, Quot.sound]
'Section8.k5_ne' depends on axioms: [propext, Classical.choice, Quot.sound]
'Section8.k_ne' depends on axioms: [propext, Classical.choice, Quot.sound]
'Section8.F11_hasDerivAt' depends on axioms: [propext, Classical.choice, Quot.sound]
'Section8.F22_hasDerivAt' depends on axioms: [propext, Classical.choice, Quot.sound]
'Section8.F12_hasDerivAt' depends on axioms: [propext, Classical.choice, Quot.sound]
'Section8.F21_hasDerivAt' depends on axioms: [propext, Classical.choice, Quot.sound]
'Section8.b11_integrated' depends on axioms: [propext, Classical.choice, Quot.sound]
'Section8.b22_integrated' depends on axioms: [propext, Classical.choice, Quot.sound]
'Section8.b12_integrated' depends on axioms: [propext, Classical.choice, Quot.sound]
'Section8.b21_integrated' depends on axioms: [propext, Classical.choice, Quot.sound]
'Section8.delta' depends on axioms: [propext, Classical.choice, Quot.sound]
'Section8.pi_bounds' depends on axioms: [propext, Classical.choice, Quot.sound]
'Section8.sqrt_two_bounds' depends on axioms: [propext, Classical.choice, Quot.sound]
'Section8.delta_bounds' depends on axioms: [propext, Classical.choice, Quot.sound]
'Section8.sin_delta_bounds' depends on axioms: [propext, Classical.choice, Quot.sound]
'Section8.cos_delta_bounds' depends on axioms: [propext, Classical.choice, Quot.sound]
'Section8.r' depends on axioms: [propext, Classical.choice, Quot.sound]
'Section8.co' depends on axioms: [propext, Classical.choice, Quot.sound]
'Section8.si' depends on axioms: [propext, Classical.choice, Quot.sound]
'Section8.phase_three' depends on axioms: [propext, Classical.choice, Quot.sound]
'Section8.phase_five' depends on axioms: [propext, Classical.choice, Quot.sound]
'Section8.phase_half' depends on axioms: [propext, Classical.choice, Quot.sound]
'Section8.phase_neg_half' depends on axioms: [propext, Classical.choice, Quot.sound]
'Section8.phase_delta' depends on axioms: [propext, Classical.choice, Quot.sound]
'Section8.phase_neg_delta' depends on axioms: [propext, Classical.choice, Quot.sound]
'Section8.phase_11' depends on axioms: [propext, Classical.choice, Quot.sound]
'Section8.phase_22' depends on axioms: [propext, Classical.choice, Quot.sound]
'Section8.phase_12a' depends on axioms: [propext, Classical.choice, Quot.sound]
'Section8.phase_12b' depends on axioms: [propext, Classical.choice, Quot.sound]
'Section8.phase_21b' depends on axioms: [propext, Classical.choice, Quot.sound]
'Section8.b11_re' depends on axioms: [propext, Classical.choice, Quot.sound]
'Section8.b22_re' depends on axioms: [propext, Classical.choice, Quot.sound]
'Section8.b12_re' depends on axioms: [propext, Classical.choice, Quot.sound]
'Section8.b12_im' depends on axioms: [propext, Classical.choice, Quot.sound]
'Section8.b21_re' depends on axioms: [propext, Classical.choice, Quot.sound]
'Section8.b21_im' depends on axioms: [propext, Classical.choice, Quot.sound]
'Section8.closedValue' depends on axioms: [propext, Classical.choice, Quot.sound]
'Section8.c1_re_closed' depends on axioms: [propext, Classical.choice, Quot.sound]
'Section8.c1_im_zero' depends on axioms: [propext, Classical.choice, Quot.sound]
'Section8.closedValue_lower' depends on axioms: [propext, Classical.choice, Quot.sound]
'Section8.c1_re_lower' depends on axioms: [propext, Classical.choice, Quot.sound]
'Section8.c1_re_gt_seven' depends on axioms: [propext, Classical.choice, Quot.sound]
'Section8.printed_8_24_is_false' depends on axioms: [propext, Classical.choice, Quot.sound]
'Section8.c1_eq_ofReal_re' depends on axioms: [propext, Classical.choice, Quot.sound]
