'ZhangLS.Spec.primitive_gauss_norm_square' depends on axioms: [propext, Classical.choice, Quot.sound]
'ZhangLS.Spec.all_moduli_character_hermitian_orthogonality' depends on axioms: [propext, Classical.choice, Quot.sound]
'ZhangLS.Spec.all_moduli_unit_character_mean_square_exact' depends on axioms: [propext, Classical.choice, Quot.sound]
'ZhangLS.Spec.all_moduli_unit_character_transform_parseval' depends on axioms: [propext, Classical.choice, Quot.sound]
'ZhangLS.Spec.all_moduli_gauss_finite_transform_norm_square' depends on axioms: [propext, Classical.choice, Quot.sound]
'ZhangLS.Spec.all_moduli_primitive_mean_le_additive' depends on axioms: [propext, Classical.choice, Quot.sound]
'ZhangLS.Spec.all_moduli_primitive_mean_mul_le_additive' depends on axioms: [propext, Classical.choice, Quot.sound]
'ZhangLS.Spec.all_moduli_primitive_mean_weighted_le_additive' depends on axioms: [propext, Classical.choice, Quot.sound]
'ZhangLS.Spec.reduced_fraction_cross_ne' depends on axioms: [propext, Quot.sound]
'ZhangLS.Spec.reduced_fraction_separation' depends on axioms: [propext, Classical.choice, Quot.sound]
'ZhangLS.Spec.trig_sum_shift_norm' depends on axioms: [propext, Classical.choice, Quot.sound]
'ZhangLS.Spec.shifted_additive_large_sieve' depends on axioms: [propext, Classical.choice, Quot.sound]
'ZhangLS.Spec.all_moduli_sample_bounds' depends on axioms: [propext, Classical.choice, Quot.sound]
'ZhangLS.Spec.all_moduli_samples_separated' depends on axioms: [propext, Classical.choice, Quot.sound]
'ZhangLS.Spec.all_moduli_primitive_large_sieve' depends on axioms: [propext, Classical.choice, Quot.sound]
'ZhangLS.Spec.primitive_large_sieve_finset' depends on axioms: [propext, Classical.choice, Quot.sound]
'ZhangLS.Spec.mem_primitiveDyadicModuli' depends on axioms: [propext, Classical.choice, Quot.sound]
'ZhangLS.Spec.primitive_dyadic_large_sieve' depends on axioms: [propext, Classical.choice, Quot.sound]
'ZhangLS.Spec.all_moduli_primitive_large_sieve_weighted' depends on axioms: [propext, Classical.choice, Quot.sound]
'ZhangLS.Spec.primitive_large_sieve_finset_weighted' depends on axioms: [propext, Classical.choice, Quot.sound]
'ZhangLS.Spec.primitiveDyadicModuli_eq_empty_of_le_one' depends on axioms: [propext, Classical.choice, Quot.sound]
