'ZhangLS.Spec.lemma84_boundary_xi_perron_bound' depends on axioms: [propext, Classical.choice, Quot.sound]
'ZhangLS.Spec.lemma84BoundaryXiExponent' depends on axioms: [propext, Classical.choice, Quot.sound]
'ZhangLS.Spec.lemma84BoundaryXiConstant' depends on axioms: [propext, Classical.choice, Quot.sound]
'ZhangLS.Spec.lemma84_boundary_xi_constant_pos' depends on axioms: [propext, Classical.choice, Quot.sound]
'ZhangLS.Spec.lemma84_boundary_right_majorant' depends on axioms: [propext, Classical.choice, Quot.sound]
'ZhangLS.Spec.lemma84_boundary_xi_small_x' depends on axioms: [propext, Classical.choice, Quot.sound]
'ZhangLS.Spec.lemma84_harmonic_real_layer' depends on axioms: [propext, Classical.choice, Quot.sound]
'ZhangLS.Spec.lemma84_actual_weight_layer' depends on axioms: [propext, Classical.choice, Quot.sound]
'ZhangLS.Spec.lemma84_boundary_g_main_bound' depends on axioms: [propext, Classical.choice, Quot.sound]
'ZhangLS.Spec.lemma84BoundaryInnerExponent' depends on axioms: [propext, Classical.choice, Quot.sound]
'ZhangLS.Spec.lemma84BoundaryInnerConstant' depends on axioms: [propext, Classical.choice, Quot.sound]
'ZhangLS.Spec.lemma84_boundary_inner_constant_pos' depends on axioms: [propext, Classical.choice, Quot.sound]
'ZhangLS.Spec.lemma84_boundary_inner_bound' depends on axioms: [propext, Classical.choice, Quot.sound]
'ZhangLS.Spec.lemma84BoundaryTotalExponent' depends on axioms: [propext, Classical.choice, Quot.sound]
'ZhangLS.Spec.lemma84BoundaryTotalConstant' depends on axioms: [propext, Classical.choice, Quot.sound]
'ZhangLS.Spec.lemma84_boundary_total_constant_pos' depends on axioms: [propext, Classical.choice, Quot.sound]
'ZhangLS.Spec.lemma84_boundary_total_quantitative' depends on axioms: [propext, Classical.choice, Quot.sound]
'ZhangLS.Spec.lemma84_boundary_logT_tenth' depends on axioms: [propext, Classical.choice, Quot.sound]
'ZhangLS.Spec.lemma84_boundary_budget_square' depends on axioms: [propext, Classical.choice, Quot.sound]
'ZhangLS.Spec.lemma84_section8_boundary_little_o' depends on axioms: [propext, Classical.choice, Quot.sound]
'ZhangLS.Spec.lemma84_section8_full_xi_replacement_little_o' depends on axioms: [propext, Classical.choice, Quot.sound]
