'ZhangLS.Spec.lemma162UnramifiedProductBound' depends on axioms: [propext, Classical.choice, Quot.sound]
'ZhangLS.Spec.lemma162_unramified_product_bound_pos' depends on axioms: [propext, Classical.choice, Quot.sound]
'ZhangLS.Spec.lemma162_raw_euler_separated_bound' depends on axioms: [propext, Classical.choice, Quot.sound]
'ZhangLS.Spec.lemma162_corrected_strip_bound' depends on axioms: [propext, Classical.choice, Quot.sound]
'ZhangLS.Spec.lemma162ThinStripConstant' depends on axioms: [propext, Classical.choice, Quot.sound]
'ZhangLS.Spec.lemma162_thin_strip_constant_pos' depends on axioms: [propext, Classical.choice, Quot.sound]
'ZhangLS.Spec.lemma162_paper_thin_strip_bound' depends on axioms: [propext, Classical.choice, Quot.sound]
'ZhangLS.Spec.lemma162_raw_rational_center' depends on axioms: [propext, Classical.choice, Quot.sound]
'ZhangLS.Spec.lemma162_actual_raw_center' depends on axioms: [propext, Classical.choice, Quot.sound]
'ZhangLS.Spec.lemma162_actual_raw_center_zero' depends on axioms: [propext, Classical.choice, Quot.sound]
'ZhangLS.Spec.lemma162_actual_raw_center_diagonal' depends on axioms: [propext, Classical.choice, Quot.sound]
'ZhangLS.Spec.lemma162_actual_raw_product_center_diagonal' depends on axioms: [propext, Classical.choice, Quot.sound]
'ZhangLS.Spec.lemma162_ramified_sector_bound' depends on axioms: [propext, Classical.choice, Quot.sound]
'ZhangLS.Spec.lemma162_raw_sector_bound' depends on axioms: [propext, Classical.choice, Quot.sound]
'ZhangLS.Spec.lemma162SectorConstant' depends on axioms: [propext, Classical.choice, Quot.sound]
'ZhangLS.Spec.lemma162_sector_constant_pos' depends on axioms: [propext, Classical.choice, Quot.sound]
'ZhangLS.Spec.lemma162_paper_sector_bound' depends on axioms: [propext, Classical.choice, Quot.sound]
'ZhangLS.Spec.lemma162_disk_in_sector' depends on axioms: [propext, Classical.choice, Quot.sound]
'ZhangLS.Spec.lemma162_paper_disk_bound' depends on axioms: [propext, Classical.choice, Quot.sound]
'ZhangLS.Spec.lemma162_raw_center_prime_comparison' depends on axioms: [propext, Classical.choice, Quot.sound]
'ZhangLS.Spec.lemma162_raw_center_prime_norm' depends on axioms: [propext, Classical.choice, Quot.sound]
'ZhangLS.Spec.lemma162CenterProductBound' depends on axioms: [propext, Classical.choice, Quot.sound]
'ZhangLS.Spec.lemma162CenterVariationConstant' depends on axioms: [propext, Classical.choice, Quot.sound]
'ZhangLS.Spec.lemma162_center_product_bound_pos' depends on axioms: [propext, Classical.choice, Quot.sound]
'ZhangLS.Spec.lemma162_center_variation_constant_pos' depends on axioms: [propext, Classical.choice, Quot.sound]
'ZhangLS.Spec.lemma162_center_square_summable' depends on axioms: [propext, Classical.choice, Quot.sound]
'ZhangLS.Spec.lemma162_center_variation_summable' depends on axioms: [propext, Classical.choice, Quot.sound]
'ZhangLS.Spec.lemma162_finite_center_majorant_bound' depends on axioms: [propext, Classical.choice, Quot.sound]
'ZhangLS.Spec.lemma162_raw_center_product_comparison' depends on axioms: [propext, Classical.choice, Quot.sound]
'ZhangLS.Spec.lemma162_raw_center_zero_exact' depends on axioms: [propext, Classical.choice, Quot.sound]
'ZhangLS.Spec.lemma162_raw_center_zero_norm_le_one' depends on axioms: [propext, Classical.choice, Quot.sound]
'ZhangLS.Spec.lemma162CorrectedCenterMain' depends on axioms: [propext, Classical.choice, Quot.sound]
'ZhangLS.Spec.lemma162_corrected_center_main_eq' depends on axioms: [propext, Classical.choice, Quot.sound]
'ZhangLS.Spec.lemma162CorrectedCenterVariationConstant' depends on axioms: [propext, Classical.choice, Quot.sound]
'ZhangLS.Spec.lemma162_corrected_center_variation_constant_pos' depends on axioms: [propext, Classical.choice, Quot.sound]
'ZhangLS.Spec.lemma162_corrected_center_comparison' depends on axioms: [propext, Classical.choice, Quot.sound]
'ZhangLS.Spec.lemma162CorrectedCenterAlphaConstant' depends on axioms: [propext, Classical.choice, Quot.sound]
'ZhangLS.Spec.lemma162_corrected_center_alpha_constant_pos' depends on axioms: [propext, Classical.choice, Quot.sound]
'ZhangLS.Spec.lemma162_paper_corrected_center_alpha' depends on axioms: [propext, Classical.choice, Quot.sound]
'ZhangLS.Spec.lemma162_paper_corrected_center' depends on axioms: [propext, Classical.choice, Quot.sound]
'ZhangLS.Spec.lemma162_paper_cauchy_bounds' depends on axioms: [propext, Classical.choice, Quot.sound]
'ZhangLS.Spec.lemma162_paper_corrected_center_four' depends on axioms: [propext, Classical.choice, Quot.sound]
'ZhangLS.Spec.Lemma162CorrectedQuantitativeAt' depends on axioms: [propext, Classical.choice, Quot.sound]
'ZhangLS.Spec.lemma162_corrected_quantitative_proved' depends on axioms: [propext, Classical.choice, Quot.sound]
'ZhangLS.Spec.lemma162_corrected_quantitative_shared_constant' depends on axioms: [propext, Classical.choice, Quot.sound]
