'ZhangLS.Spec.lemma161_actual_continuation' depends on axioms: [propext, Classical.choice, Quot.sound]
'ZhangLS.Spec.lemma161_actual_local_correction' depends on axioms: [propext, Classical.choice, Quot.sound]
'ZhangLS.Spec.lemma161_alpha_error_constant_pos' depends on axioms: [propext, Classical.choice, Quot.sound]
'ZhangLS.Spec.lemma161_alpha_le_hundredth' depends on axioms: [propext, Classical.choice, Quot.sound]
'ZhangLS.Spec.lemma161_character_arithmetic_eq' depends on axioms: [propext, Classical.choice, Quot.sound]
'ZhangLS.Spec.lemma161_coefficient_local_norm_series' depends on axioms: [propext, Classical.choice, Quot.sound]
'ZhangLS.Spec.lemma161_coefficient_multiplicative' depends on axioms: [propext, Classical.choice, Quot.sound]
'ZhangLS.Spec.lemma161_coefficient_one' depends on axioms: [propext, Classical.choice, Quot.sound]
'ZhangLS.Spec.lemma161_coefficient_prime_hasSum' depends on axioms: [propext, Classical.choice, Quot.sound]
'ZhangLS.Spec.lemma161_coefficient_prime_norm_le' depends on axioms: [propext, Classical.choice, Quot.sound]
'ZhangLS.Spec.lemma161_coefficient_prime_power' depends on axioms: [propext, Classical.choice, Quot.sound]
'ZhangLS.Spec.lemma161_coefficient_zero' depends on axioms: [propext, Classical.choice, Quot.sound]
'ZhangLS.Spec.lemma161_dirichlet_series_hasProd' depends on axioms: [propext, Classical.choice, Quot.sound]
'ZhangLS.Spec.lemma161_error_constant_pos' depends on axioms: [propext, Classical.choice, Quot.sound]
'ZhangLS.Spec.lemma161_euler_product_analyticOnNhd' depends on axioms: [propext, Classical.choice, Quot.sound]
'ZhangLS.Spec.lemma161_euler_product_comparison' depends on axioms: [propext, Classical.choice, Quot.sound]
'ZhangLS.Spec.lemma161_euler_product_multipliable' depends on axioms: [propext, Classical.choice, Quot.sound]
'ZhangLS.Spec.lemma161_finite_center_lower' depends on axioms: [propext, Classical.choice, Quot.sound]
'ZhangLS.Spec.lemma161_finite_reciprocal_bound' depends on axioms: [propext, Classical.choice, Quot.sound]
'ZhangLS.Spec.lemma161_finite_restricted_comparison' depends on axioms: [propext, Classical.choice, Quot.sound]
'ZhangLS.Spec.lemma161_h2_zero' depends on axioms: [propext, Classical.choice, Quot.sound]
'ZhangLS.Spec.lemma161_inverse_norm_upper' depends on axioms: [propext, Classical.choice, Quot.sound]
'ZhangLS.Spec.lemma161_kappa_defining_series' depends on axioms: [propext, Classical.choice, Quot.sound]
'ZhangLS.Spec.lemma161_kappa_multiplicative' depends on axioms: [propext, Classical.choice, Quot.sound]
'ZhangLS.Spec.lemma161_kappa_one' depends on axioms: [propext, Classical.choice, Quot.sound]
'ZhangLS.Spec.lemma161_kappa_prime_power' depends on axioms: [propext, Classical.choice, Quot.sound]
'ZhangLS.Spec.lemma161_kappa_prime_power_hasSum' depends on axioms: [propext, Classical.choice, Quot.sound]
'ZhangLS.Spec.lemma161_lambda_factor_rational' depends on axioms: [propext, Classical.choice, Quot.sound]
'ZhangLS.Spec.lemma161_lambda_norm_le' depends on axioms: [propext, Classical.choice, Quot.sound]
'ZhangLS.Spec.lemma161_local_correction_identity' depends on axioms: [propext, Classical.choice, Quot.sound]
'ZhangLS.Spec.lemma161_local_kappa_succ' depends on axioms: [propext, Classical.choice, Quot.sound]
'ZhangLS.Spec.lemma161_local_product_agreement' depends on axioms: [propext, Classical.choice, Quot.sound]
'ZhangLS.Spec.lemma161_local_shift_difference' depends on axioms: [propext, Classical.choice, Quot.sound]
'ZhangLS.Spec.lemma161_local_tail_succ_hasSum' depends on axioms: [propext, Classical.choice, Quot.sound]
'ZhangLS.Spec.lemma161_local_variable_difference' depends on axioms: [propext, Classical.choice, Quot.sound]
'ZhangLS.Spec.lemma161_local_zero_shift' depends on axioms: [propext, Classical.choice, Quot.sound]
'ZhangLS.Spec.lemma161_lseries_summable' depends on axioms: [propext, Classical.choice, Quot.sound]
'ZhangLS.Spec.lemma161_main_factor_norm_lower' depends on axioms: [propext, Classical.choice, Quot.sound]
'ZhangLS.Spec.lemma161_main_lower_bound_pos' depends on axioms: [propext, Classical.choice, Quot.sound]
'ZhangLS.Spec.lemma161_main_multipliable' depends on axioms: [propext, Classical.choice, Quot.sound]
'ZhangLS.Spec.lemma161_main_ne_zero' depends on axioms: [propext, Classical.choice, Quot.sound]
'ZhangLS.Spec.lemma161_main_norm_lower' depends on axioms: [propext, Classical.choice, Quot.sound]
'ZhangLS.Spec.lemma161_main_restricted_multipliable' depends on axioms: [propext, Classical.choice, Quot.sound]
'ZhangLS.Spec.lemma161_mobius_weight' depends on axioms: [propext, Classical.choice, Quot.sound]
'ZhangLS.Spec.lemma161_modified_kappa_excluded' depends on axioms: [propext, Classical.choice, Quot.sound]
'ZhangLS.Spec.lemma161_modified_kappa_exclusion_invariant' depends on axioms: [propext, Classical.choice, Quot.sound]
'ZhangLS.Spec.lemma161_modified_kappa_hasSum' depends on axioms: [propext, Classical.choice, Quot.sound]
'ZhangLS.Spec.lemma161_modified_kappa_mul' depends on axioms: [propext, Classical.choice, Quot.sound]
'ZhangLS.Spec.lemma161_modified_kappa_one' depends on axioms: [propext, Classical.choice, Quot.sound]
'ZhangLS.Spec.lemma161_modified_kappa_prime_power_excluded' depends on axioms: [propext, Classical.choice, Quot.sound]
'ZhangLS.Spec.lemma161_modified_kappa_prime_power_unexcluded' depends on axioms: [propext, Classical.choice, Quot.sound]
'ZhangLS.Spec.lemma161_modified_kappa_product' depends on axioms: [propext, Classical.choice, Quot.sound]
'ZhangLS.Spec.lemma161_modified_lambda_mul' depends on axioms: [propext, Classical.choice, Quot.sound]
'ZhangLS.Spec.lemma161_modified_lambda_prime_power' depends on axioms: [propext, Classical.choice, Quot.sound]
'ZhangLS.Spec.lemma161_monomial_norm_half' depends on axioms: [propext, Classical.choice, Quot.sound]
'ZhangLS.Spec.lemma161_original_factor_agreement' depends on axioms: [propext, Classical.choice, Quot.sound]
'ZhangLS.Spec.lemma161_original_local_series' depends on axioms: [propext, Classical.choice, Quot.sound]
'ZhangLS.Spec.lemma161_original_proved' depends on axioms: [propext, Classical.choice, Quot.sound]
'ZhangLS.Spec.lemma161_paper_alpha_estimate' depends on axioms: [propext, Classical.choice, Quot.sound]
'ZhangLS.Spec.lemma161_paper_beta_norm_le' depends on axioms: [propext, Classical.choice, Quot.sound]
'ZhangLS.Spec.lemma161_paper_beta_re' depends on axioms: [propext, Classical.choice, Quot.sound]
'ZhangLS.Spec.lemma161_paper_estimate' depends on axioms: [propext, Classical.choice, Quot.sound]
'ZhangLS.Spec.lemma161_power_hasSum' depends on axioms: [propext, Classical.choice, Quot.sound]
'ZhangLS.Spec.lemma161_power_term_shift' depends on axioms: [propext, Classical.choice, Quot.sound]
'ZhangLS.Spec.lemma161_prime_comparison' depends on axioms: [propext, Classical.choice, Quot.sound]
'ZhangLS.Spec.lemma161_prime_error_uniform' depends on axioms: [propext, Classical.choice, Quot.sound]
'ZhangLS.Spec.lemma161_prime_factor_differentiableOn' depends on axioms: [propext, Classical.choice, Quot.sound]
'ZhangLS.Spec.lemma161_prime_power_term' depends on axioms: [propext, Classical.choice, Quot.sound]
'ZhangLS.Spec.lemma161_products_locally_uniform' depends on axioms: [propext, Classical.choice, Quot.sound]
'ZhangLS.Spec.lemma161_reciprocal_bound_pos' depends on axioms: [propext, Classical.choice, Quot.sound]
'ZhangLS.Spec.lemma161_regression_exceptional_main' depends on axioms: [propext, Classical.choice, Quot.sound]
'ZhangLS.Spec.lemma161_regression_nonexceptional_main' depends on axioms: [propext, Classical.choice, Quot.sound]
'ZhangLS.Spec.lemma161_regression_star_center_nonzero' depends on axioms: [propext, Classical.choice, Quot.sound]
'ZhangLS.Spec.lemma161_regression_two_zero' depends on axioms: [propext, Classical.choice, Quot.sound]
'ZhangLS.Spec.lemma161_regression_unmodified_zero' depends on axioms: [propext, Classical.choice, Quot.sound]
'ZhangLS.Spec.lemma161_restricted_analytic' depends on axioms: [propext, Classical.choice, Quot.sound]
'ZhangLS.Spec.lemma161_restricted_center_lower' depends on axioms: [propext, Classical.choice, Quot.sound]
'ZhangLS.Spec.lemma161_restricted_comparison' depends on axioms: [propext, Classical.choice, Quot.sound]
'ZhangLS.Spec.lemma161_restricted_differentiableOn' depends on axioms: [propext, Classical.choice, Quot.sound]
'ZhangLS.Spec.lemma161_restricted_error' depends on axioms: [propext, Classical.choice, Quot.sound]
'ZhangLS.Spec.lemma161_restricted_multipliable' depends on axioms: [propext, Classical.choice, Quot.sound]
'ZhangLS.Spec.lemma161_restricted_norm_le' depends on axioms: [propext, Classical.choice, Quot.sound]
'ZhangLS.Spec.lemma161_restricted_prime_comparison' depends on axioms: [propext, Classical.choice, Quot.sound]
'ZhangLS.Spec.lemma161_restricted_product_eq_subtype' depends on axioms: [propext, Classical.choice, Quot.sound]
'ZhangLS.Spec.lemma161_shift_variation_bound' depends on axioms: [propext, Classical.choice, Quot.sound]
'ZhangLS.Spec.lemma161_star_analytic' depends on axioms: [propext, Classical.choice, Quot.sound]
'ZhangLS.Spec.lemma161_star_comparison' depends on axioms: [propext, Classical.choice, Quot.sound]
'ZhangLS.Spec.lemma161_star_exceptional_original' depends on axioms: [propext, Classical.choice, Quot.sound]
'ZhangLS.Spec.lemma161_star_ne_zero_eventually' depends on axioms: [propext, Classical.choice, Quot.sound]
'ZhangLS.Spec.lemma161_star_norm_lower_of_small' depends on axioms: [propext, Classical.choice, Quot.sound]
'ZhangLS.Spec.lemma161_term_mul' depends on axioms: [propext, Classical.choice, Quot.sound]
'ZhangLS.Spec.lemma161_uniform_nonzero' depends on axioms: [propext, Classical.choice, Quot.sound]
'ZhangLS.Spec.lemma161_variable_variation_bound' depends on axioms: [propext, Classical.choice, Quot.sound]
'ZhangLS.Spec.lemma161_weighted_local_excluded_hasSum' depends on axioms: [propext, Classical.choice, Quot.sound]
'ZhangLS.Spec.lemma161_weighted_local_kappa_summable' depends on axioms: [propext, Classical.choice, Quot.sound]
'ZhangLS.Spec.lemma161_with_shared_shift_constant' depends on axioms: [propext, Classical.choice, Quot.sound]
'ZhangLS.Spec.lemma161_xi_eq_kernel_sum' depends on axioms: [propext, Classical.choice, Quot.sound]
'ZhangLS.Spec.lemma161_xi_kernel_mul' depends on axioms: [propext, Classical.choice, Quot.sound]
'ZhangLS.Spec.lemma161_xi_kernel_one' depends on axioms: [propext, Classical.choice, Quot.sound]
'ZhangLS.Spec.lemma161_xi_one' depends on axioms: [propext, Classical.choice, Quot.sound]
'ZhangLS.Spec.lemma161_xi_prime_power' depends on axioms: [propext, Classical.choice, Quot.sound]
'ZhangLS.Spec.lemma161_xi_prime_power_sum' depends on axioms: [propext, Classical.choice, Quot.sound]
'ZhangLS.Spec.lemma161_xi_weight_multiplicative' depends on axioms: [propext, Classical.choice, Quot.sound]
'ZhangLS.Spec.lemma161_xi_zero' depends on axioms: [propext, Classical.choice, Quot.sound]
'ZhangLS.Spec.lemma161_zero_center_equals_main' depends on axioms: [propext, Classical.choice, Quot.sound]
'ZhangLS.Spec.lemma161_zero_center_factor' depends on axioms: [propext, Classical.choice, Quot.sound]
