'ZhangLS.Spec.conductorTotientWeight_bound' depends on axioms: [propext, Classical.choice, Quot.sound]
'ZhangLS.Spec.conductorTotientWeight_three_halves' depends on axioms: [propext, Classical.choice, Quot.sound]
'ZhangLS.Spec.inducedGaussInflation' depends on axioms: [propext, Classical.choice, Quot.sound]
'ZhangLS.Spec.inducedGauss_changeLevel_formula' depends on axioms: [propext, Classical.choice, Quot.sound]
'ZhangLS.Spec.inducedGauss_changeLevel_formula_dvd' depends on axioms: [propext, Classical.choice, Quot.sound]
'ZhangLS.Spec.inducedGauss_changeLevel_nat' depends on axioms: [propext, Classical.choice, Quot.sound]
'ZhangLS.Spec.inducedGauss_changeLevel_norm_le' depends on axioms: [propext, Classical.choice, Quot.sound]
'ZhangLS.Spec.inducedGauss_conductor_formula' depends on axioms: [propext, Classical.choice, Quot.sound]
'ZhangLS.Spec.inducedGauss_coprime_sum_mobius' depends on axioms: [propext, Classical.choice, Quot.sound]
'ZhangLS.Spec.inducedGauss_divisor_inner' depends on axioms: [propext, Classical.choice, Quot.sound]
'ZhangLS.Spec.inducedGauss_inflation_formula' depends on axioms: [propext, Classical.choice, Quot.sound]
'ZhangLS.Spec.inducedGauss_inflation_one' depends on axioms: [propext, Classical.choice, Quot.sound]
'ZhangLS.Spec.inducedGauss_inflation_zero' depends on axioms: [propext, Classical.choice, Quot.sound]
'ZhangLS.Spec.inducedGauss_inverse_norm_le_sqrt_conductor' depends on axioms: [propext, Classical.choice, Quot.sound]
'ZhangLS.Spec.inducedGauss_level_one_value' depends on axioms: [propext, Classical.choice, Quot.sound]
'ZhangLS.Spec.inducedGauss_mobius_indicator' depends on axioms: [propext, Classical.choice, Quot.sound]
'ZhangLS.Spec.inducedGauss_mobius_indicator_divisors' depends on axioms: [propext, Classical.choice, Quot.sound]
'ZhangLS.Spec.inducedGauss_mobius_norm_le_one' depends on axioms: [propext, Classical.choice, Quot.sound]
'ZhangLS.Spec.inducedGauss_nonprincipal_conductor_gt_one' depends on axioms: [propext, Classical.choice, Quot.sound]
'ZhangLS.Spec.inducedGauss_norm_le_sqrt_conductor' depends on axioms: [propext, Classical.choice, Quot.sound]
'ZhangLS.Spec.inducedGauss_primitive_norm' depends on axioms: [propext, Classical.choice, Quot.sound]
'ZhangLS.Spec.inducedGauss_scaled_additive' depends on axioms: [propext, Classical.choice, Quot.sound]
'ZhangLS.Spec.inducedGauss_sum_range_multiples' depends on axioms: [propext, Classical.choice, Quot.sound]
'ZhangLS.Spec.inducedGauss_sum_zmod_eq_range' depends on axioms: [propext, Classical.choice, Quot.sound]
'ZhangLS.Spec.polynomialLogHalfConstant' depends on axioms: [propext, Classical.choice, Quot.sound]
'ZhangLS.Spec.polynomialLogHalfConstant_pos' depends on axioms: [propext, Classical.choice, Quot.sound]
'ZhangLS.Spec.polynomialLog_div_decay' depends on axioms: [propext, Classical.choice, Quot.sound]
'ZhangLS.Spec.polynomialLog_half_power' depends on axioms: [propext, Classical.choice, Quot.sound]
'ZhangLS.Spec.positiveGcdEquiv' depends on axioms: [propext, Classical.choice, Quot.sound]
'ZhangLS.Spec.positiveGcdIndex' depends on axioms: []
'ZhangLS.Spec.positiveGcdLift' depends on axioms: [propext]
'ZhangLS.Spec.positiveGcd_lift_gcd' depends on axioms: [propext, Quot.sound]
'ZhangLS.Spec.positiveGcd_lift_injective' depends on axioms: [propext, Classical.choice, Quot.sound]
'ZhangLS.Spec.positiveGcd_lift_surjective' depends on axioms: [propext, Quot.sound]
'ZhangLS.Spec.positiveGcd_nested_tsum' depends on axioms: [propext, Classical.choice, Quot.sound]
'ZhangLS.Spec.positiveGcd_scaled_ratio' depends on axioms: [propext, Classical.choice, Quot.sound]
'ZhangLS.Spec.positiveGcd_tsum_reindex' depends on axioms: [propext, Classical.choice, Quot.sound]
'ZhangLS.Spec.primitiveConductorFamilyEquiv' depends on axioms: [propext, Classical.choice, Quot.sound]
'ZhangLS.Spec.primitiveConductorFamilyFintype' depends on axioms: [propext, Classical.choice, Quot.sound]
'ZhangLS.Spec.primitiveConductorFamilyIndex' depends on axioms: [propext, Classical.choice, Quot.sound]
'ZhangLS.Spec.primitiveConductorFamilyLift' depends on axioms: [propext, Classical.choice, Quot.sound]
'ZhangLS.Spec.primitiveConductorFamily_filtered_sum' depends on axioms: [propext, Classical.choice, Quot.sound]
'ZhangLS.Spec.primitiveConductorFamily_gauss_bound' depends on axioms: [propext, Classical.choice, Quot.sound]
'ZhangLS.Spec.primitiveConductorFamily_index_pos' depends on axioms: [propext, Classical.choice, Quot.sound]
'ZhangLS.Spec.primitiveConductorFamily_lift_conductor' depends on axioms: [propext, Classical.choice, Quot.sound]
'ZhangLS.Spec.primitiveConductorFamily_lift_injective' depends on axioms: [propext, Classical.choice, Quot.sound]
'ZhangLS.Spec.primitiveConductorFamily_lift_surjective' depends on axioms: [propext, Classical.choice, Quot.sound]
'ZhangLS.Spec.primitiveConductorFamily_nonprincipal_gauss_bound' depends on axioms: [propext, Classical.choice, Quot.sound]
'ZhangLS.Spec.primitiveConductorFamily_principal_iff' depends on axioms: [propext, Classical.choice, Quot.sound]
'ZhangLS.Spec.primitiveConductorFamily_sum' depends on axioms: [propext, Classical.choice, Quot.sound]
'ZhangLS.Spec.primitiveConductorFamily_sum_divisors' depends on axioms: [propext, Classical.choice, Quot.sound]
'ZhangLS.Spec.primitiveConductorFamily_two_exclusions_gauss_bound' depends on axioms: [propext, Classical.choice, Quot.sound]
'ZhangLS.Spec.primitiveConductorFamily_two_exclusions_sum' depends on axioms: [propext, Classical.choice, Quot.sound]
'ZhangLS.Spec.proposition141DyadicBlockCount' depends on axioms: [propext, Classical.choice, Quot.sound]
'ZhangLS.Spec.proposition141DyadicScale' depends on axioms: [propext, Classical.choice, Quot.sound]
'ZhangLS.Spec.proposition141LargeAggregateConstant' depends on axioms: [propext, Classical.choice, Quot.sound]
'ZhangLS.Spec.proposition141LargeMeanConstant' depends on axioms: [propext, Classical.choice, Quot.sound]
'ZhangLS.Spec.proposition141LargeMeanSquareConstant' depends on axioms: [propext, Classical.choice, Quot.sound]
'ZhangLS.Spec.proposition141LocalScale' depends on axioms: [propext, Classical.choice, Quot.sound]
'ZhangLS.Spec.proposition141LocalizedConductorBlock' depends on axioms: [propext, Classical.choice, Quot.sound]
'ZhangLS.Spec.proposition141LocalizedIndices' depends on axioms: [propext, Classical.choice, Quot.sound]
'ZhangLS.Spec.proposition141LocalizedWeightedMean' depends on axioms: [propext, Classical.choice, Quot.sound]
'ZhangLS.Spec.proposition141NormalizedLargeAggregate' depends on axioms: [propext, Classical.choice, Quot.sound]
'ZhangLS.Spec.proposition141PrimitiveModulusPairs' depends on axioms: [propext, Classical.choice, Quot.sound]
'ZhangLS.Spec.proposition141SourceLargeAggregate' depends on axioms: [propext, Classical.choice, Quot.sound]
'ZhangLS.Spec.proposition141SourceLargeBlock' depends on axioms: [propext, Classical.choice, Quot.sound]
'ZhangLS.Spec.proposition141SourceLargeModuli' depends on axioms: [propext, Classical.choice, Quot.sound]
'ZhangLS.Spec.proposition141WeightedFiniteMean' depends on axioms: [propext, Classical.choice, Quot.sound]
'ZhangLS.Spec.proposition141WeightedSmallConductorAggregate' depends on axioms: [propext, Classical.choice, Quot.sound]
'ZhangLS.Spec.proposition141_actual_localized_large_mean_saving' depends on axioms: [propext, Classical.choice, Quot.sound]
'ZhangLS.Spec.proposition141_actual_localized_large_mean_square' depends on axioms: [propext, Classical.choice, Quot.sound]
'ZhangLS.Spec.proposition141_actual_weighted_finite_mellin_mean' depends on axioms: [propext, Classical.choice, Quot.sound]
'ZhangLS.Spec.proposition141_complementary_divisor_budget' depends on axioms: [propext, Classical.choice, Quot.sound]
'ZhangLS.Spec.proposition141_complementary_divisor_sum' depends on axioms: [propext, Classical.choice, Quot.sound]
'ZhangLS.Spec.proposition141_delta_line_norm_integrable' depends on axioms: [propext, Classical.choice, Quot.sound]
'ZhangLS.Spec.proposition141_delta_line_norm_integral' depends on axioms: [propext, Classical.choice, Quot.sound]
'ZhangLS.Spec.proposition141_divisor_tau_five_harmonic' depends on axioms: [propext, Classical.choice, Quot.sound]
'ZhangLS.Spec.proposition141_double_mellin_norm' depends on axioms: [propext, Classical.choice, Quot.sound]
'ZhangLS.Spec.proposition141_dyadic_block_count_bound' depends on axioms: [propext, Classical.choice, Quot.sound]
'ZhangLS.Spec.proposition141_dyadic_cover' depends on axioms: [propext, Classical.choice, Quot.sound]
'ZhangLS.Spec.proposition141_dyadic_cover_unique' depends on axioms: [propext, Classical.choice, Quot.sound]
'ZhangLS.Spec.proposition141_dyadic_scale_lower' depends on axioms: [propext, Classical.choice, Quot.sound]
'ZhangLS.Spec.proposition141_dyadic_scale_pos' depends on axioms: [propext, Classical.choice, Quot.sound]
'ZhangLS.Spec.proposition141_exterior_power_identity' depends on axioms: [propext, Classical.choice, Quot.sound]
'ZhangLS.Spec.proposition141_floor_P_log_seven' depends on axioms: [propext, Classical.choice, Quot.sound]
'ZhangLS.Spec.proposition141_large_aggregate_constant_pos' depends on axioms: [propext, Classical.choice, Quot.sound]
'ZhangLS.Spec.proposition141_large_conductor_geometric_budget' depends on axioms: [propext, Classical.choice, Quot.sound]
'ZhangLS.Spec.proposition141_large_mean_constant_pos' depends on axioms: [propext, Classical.choice, Quot.sound]
'ZhangLS.Spec.proposition141_large_mean_square_constant_pos' depends on axioms: [propext, Classical.choice, Quot.sound]
'ZhangLS.Spec.proposition141_large_outer_weight_sum' depends on axioms: [propext, Classical.choice, Quot.sound]
'ZhangLS.Spec.proposition141_localized_block_le_mean' depends on axioms: [propext, Classical.choice, Quot.sound]
'ZhangLS.Spec.proposition141_localized_block_nonneg' depends on axioms: [propext, Classical.choice, Quot.sound]
'ZhangLS.Spec.proposition141_localized_geometry' depends on axioms: [propext, Classical.choice, Quot.sound]
'ZhangLS.Spec.proposition141_localized_length_budget' depends on axioms: [propext, Classical.choice, Quot.sound]
'ZhangLS.Spec.proposition141_localized_mean_expanded' depends on axioms: [propext, Classical.choice, Quot.sound]
'ZhangLS.Spec.proposition141_localized_mean_nonneg' depends on axioms: [propext, Classical.choice, Quot.sound]
'ZhangLS.Spec.proposition141_mem_localized_indices' depends on axioms: [propext, Classical.choice, Quot.sound]
'ZhangLS.Spec.proposition141_normalized_complementary_divisor_budget' depends on axioms: [propext, Classical.choice, Quot.sound]
'ZhangLS.Spec.proposition141_source_large_block_cutoff' depends on axioms: [propext, Classical.choice, Quot.sound]
'ZhangLS.Spec.proposition141_source_large_block_le' depends on axioms: [propext, Classical.choice, Quot.sound]
'ZhangLS.Spec.proposition141_source_large_moduli_empty' depends on axioms: [propext, Classical.choice, Quot.sound]
'ZhangLS.Spec.proposition141_source_large_moduli_mem' depends on axioms: [propext, Classical.choice, Quot.sound]
'ZhangLS.Spec.proposition141_source_outer_support' depends on axioms: [propext, Classical.choice, Quot.sound]
'ZhangLS.Spec.proposition141_supported_conductor_scale' depends on axioms: [propext, Classical.choice, Quot.sound]
'ZhangLS.Spec.proposition141_uniform_large_aggregate_little_o' depends on axioms: [propext, Classical.choice, Quot.sound]
'ZhangLS.Spec.proposition141_uniform_large_aggregate_rate' depends on axioms: [propext, Classical.choice, Quot.sound]
'ZhangLS.Spec.proposition141_uniform_localized_conductor_block' depends on axioms: [propext, Classical.choice, Quot.sound]
'ZhangLS.Spec.proposition141_uniform_localized_large_saving' depends on axioms: [propext, Classical.choice, Quot.sound]
'ZhangLS.Spec.proposition141_uniform_normalized_large_aggregate' depends on axioms: [propext, Classical.choice, Quot.sound]
'ZhangLS.Spec.proposition141_uniform_source_large_aggregate' depends on axioms: [propext, Classical.choice, Quot.sound]
'ZhangLS.Spec.proposition141_uniform_source_large_block' depends on axioms: [propext, Classical.choice, Quot.sound]
'ZhangLS.Spec.proposition141_uniform_source_outer_support' depends on axioms: [propext, Classical.choice, Quot.sound]
'ZhangLS.Spec.proposition141_uniform_weighted_small_conductor_aggregate' depends on axioms: [propext, Classical.choice, Quot.sound]
'ZhangLS.Spec.proposition141_weighted_small_aggregate_le' depends on axioms: [propext, Classical.choice, Quot.sound]
'ZhangLS.Spec.proposition71DeltaOneDoubleTerm' depends on axioms: [propext, Classical.choice, Quot.sound]
'ZhangLS.Spec.proposition71DeltaOneSeriesTerm' depends on axioms: [propext, Classical.choice, Quot.sound]
'ZhangLS.Spec.proposition71DominantReciprocalZ' depends on axioms: [propext, Classical.choice, Quot.sound]
'ZhangLS.Spec.proposition71DoubleMellinIntegrand' depends on axioms: [propext, Classical.choice, Quot.sound]
'ZhangLS.Spec.proposition71FrontActualIntegrand' depends on axioms: [propext, Classical.choice, Quot.sound]
'ZhangLS.Spec.proposition71FrontActualKernel' depends on axioms: [propext, Classical.choice, Quot.sound]
'ZhangLS.Spec.proposition71FrontDominantIntegrand' depends on axioms: [propext, Classical.choice, Quot.sound]
'ZhangLS.Spec.proposition71FrontErrorConstant' depends on axioms: [propext, Classical.choice, Quot.sound]
'ZhangLS.Spec.proposition71FrontGaussIntegrand' depends on axioms: [propext, Classical.choice, Quot.sound]
'ZhangLS.Spec.proposition71FrontSegmentIntegral' depends on axioms: [propext, Classical.choice, Quot.sound]
'ZhangLS.Spec.proposition71GammaOmegaKernel' depends on axioms: [propext, Classical.choice, Quot.sound]
'ZhangLS.Spec.proposition71GenericExceptionalMean' depends on axioms: [propext, Classical.choice, Quot.sound]
'ZhangLS.Spec.proposition71RegularizedZetaReciprocal' depends on axioms: [propext, Classical.choice, Quot.sound]
'ZhangLS.Spec.proposition71ShortCoefficientMass' depends on axioms: [propext, Classical.choice, Quot.sound]
'ZhangLS.Spec.proposition71TauFiveThreeHalvesMass' depends on axioms: [propext, Classical.choice, Quot.sound]
'ZhangLS.Spec.proposition71ZetaAuxHeight' depends on axioms: [propext, Classical.choice, Quot.sound]
'ZhangLS.Spec.proposition71ZetaAuxInteger' depends on axioms: [propext, Classical.choice, Quot.sound]
'ZhangLS.Spec.proposition71ZetaAuxLogDerivativeBound' depends on axioms: [propext, Classical.choice, Quot.sound]
'ZhangLS.Spec.proposition71_actual_delta_mellin_inversion' depends on axioms: [propext, Classical.choice, Quot.sound]
'ZhangLS.Spec.proposition71_actual_delta_one_double_series' depends on axioms: [propext, Classical.choice, Quot.sound]
'ZhangLS.Spec.proposition71_actual_delta_one_series' depends on axioms: [propext, Classical.choice, Quot.sound]
'ZhangLS.Spec.proposition71_actual_delta_vertical_integrable' depends on axioms: [propext, Classical.choice, Quot.sound]
'ZhangLS.Spec.proposition71_actual_double_mellin_sum' depends on axioms: [propext, Classical.choice, Quot.sound]
'ZhangLS.Spec.proposition71_actual_family_card_le_mass' depends on axioms: [propext, Classical.choice, Quot.sound]
'ZhangLS.Spec.proposition71_actual_finite_mellin_sum' depends on axioms: [propext, Classical.choice, Quot.sound]
'ZhangLS.Spec.proposition71_actual_scaled_delta_mellin' depends on axioms: [propext, Classical.choice, Quot.sound]
'ZhangLS.Spec.proposition71_bounded_lseries_norm_zeta' depends on axioms: [propext, Classical.choice, Quot.sound]
'ZhangLS.Spec.proposition71_character_neg_one_norm' depends on axioms: [propext, Classical.choice, Quot.sound]
'ZhangLS.Spec.proposition71_delta_one_integral' depends on axioms: [propext, Classical.choice, Quot.sound]
'ZhangLS.Spec.proposition71_delta_one_series_integral_norm_summable' depends on axioms: [propext, Classical.choice, Quot.sound]
'ZhangLS.Spec.proposition71_delta_one_series_term_integrable' depends on axioms: [propext, Classical.choice, Quot.sound]
'ZhangLS.Spec.proposition71_delta_one_series_term_integral' depends on axioms: [propext, Classical.choice, Quot.sound]
'ZhangLS.Spec.proposition71_delta_one_series_term_kernel' depends on axioms: [propext, Classical.choice, Quot.sound]
'ZhangLS.Spec.proposition71_delta_one_series_term_norm' depends on axioms: [propext, Classical.choice, Quot.sound]
'ZhangLS.Spec.proposition71_delta_one_series_tsum_integrable' depends on axioms: [propext, Classical.choice, Quot.sound]
'ZhangLS.Spec.proposition71_dominant_reciprocal_Z_line_bound' depends on axioms: [propext, Classical.choice, Quot.sound]
'ZhangLS.Spec.proposition71_dominant_reciprocal_Z_norm' depends on axioms: [propext, Classical.choice, Quot.sound]
'ZhangLS.Spec.proposition71_double_mellin_integrand_expansion' depends on axioms: [propext, Classical.choice, Quot.sound]
'ZhangLS.Spec.proposition71_double_mellin_integrand_integrable' depends on axioms: [propext, Classical.choice, Quot.sound]
'ZhangLS.Spec.proposition71_exp_div_cosh_le_two' depends on axioms: [propext, Classical.choice, Quot.sound]
'ZhangLS.Spec.proposition71_extracted_scale_norm' depends on axioms: [propext, Classical.choice, Quot.sound]
'ZhangLS.Spec.proposition71_finite_mellin_integrand_integrable' depends on axioms: [propext, Classical.choice, Quot.sound]
'ZhangLS.Spec.proposition71_finite_polynomial_conjugate' depends on axioms: [propext, Classical.choice, Quot.sound]
'ZhangLS.Spec.proposition71_front_actual_factorization' depends on axioms: [propext, Classical.choice, Quot.sound]
'ZhangLS.Spec.proposition71_front_actual_family_rate' depends on axioms: [propext, Classical.choice, Quot.sound]
'ZhangLS.Spec.proposition71_front_actual_interval_integrable' depends on axioms: [propext, Classical.choice, Quot.sound]
'ZhangLS.Spec.proposition71_front_coefficient_summable' depends on axioms: [propext, Classical.choice, Quot.sound]
'ZhangLS.Spec.proposition71_front_dominant_finite_expansion' depends on axioms: [propext, Classical.choice, Quot.sound]
'ZhangLS.Spec.proposition71_front_error_constant_pos' depends on axioms: [propext, Classical.choice, Quot.sound]
'ZhangLS.Spec.proposition71_front_error_exact' depends on axioms: [propext, Classical.choice, Quot.sound]
'ZhangLS.Spec.proposition71_front_error_norm' depends on axioms: [propext, Classical.choice, Quot.sound]
'ZhangLS.Spec.proposition71_front_even_inv' depends on axioms: [propext, Classical.choice, Quot.sound]
'ZhangLS.Spec.proposition71_front_exterior_bound' depends on axioms: [propext, Classical.choice, Quot.sound]
'ZhangLS.Spec.proposition71_front_gammaR_even_quotient' depends on axioms: [propext, Classical.choice, Quot.sound]
'ZhangLS.Spec.proposition71_front_gammaR_ne_zero' depends on axioms: [propext, Classical.choice, Quot.sound]
'ZhangLS.Spec.proposition71_front_gammaR_odd_quotient' depends on axioms: [propext, Classical.choice, Quot.sound]
'ZhangLS.Spec.proposition71_front_gauss_full_integral' depends on axioms: [propext, Classical.choice, Quot.sound]
'ZhangLS.Spec.proposition71_front_gauss_integrable' depends on axioms: [propext, Classical.choice, Quot.sound]
'ZhangLS.Spec.proposition71_front_gauss_norm_bound' depends on axioms: [propext, Classical.choice, Quot.sound]
'ZhangLS.Spec.proposition71_front_kernel_polynomial' depends on axioms: [propext, Classical.choice, Quot.sound]
'ZhangLS.Spec.proposition71_front_lseries_analytic' depends on axioms: [propext, Classical.choice, Quot.sound]
'ZhangLS.Spec.proposition71_front_lseries_norm_bound' depends on axioms: [propext, Classical.choice, Quot.sound]
'ZhangLS.Spec.proposition71_front_odd_inv' depends on axioms: [propext, Classical.choice, Quot.sound]
'ZhangLS.Spec.proposition71_front_omega_exact' depends on axioms: [propext, Classical.choice, Quot.sound]
'ZhangLS.Spec.proposition71_front_original_contour_exact' depends on axioms: [propext, Classical.choice, Quot.sound]
'ZhangLS.Spec.proposition71_front_parity_segment_bound' depends on axioms: [propext, Classical.choice, Quot.sound]
'ZhangLS.Spec.proposition71_front_reciprocal_Z_archimedean' depends on axioms: [propext, Classical.choice, Quot.sound]
'ZhangLS.Spec.proposition71_front_scalar_budget' depends on axioms: [propext, Classical.choice, Quot.sound]
'ZhangLS.Spec.proposition71_front_segment_point_exact' depends on axioms: [propext, Classical.choice, Quot.sound]
'ZhangLS.Spec.proposition71_front_theta_even_exact' depends on axioms: [propext, Classical.choice, Quot.sound]
'ZhangLS.Spec.proposition71_front_theta_odd_exact' depends on axioms: [propext, Classical.choice, Quot.sound]
'ZhangLS.Spec.proposition71_front_transform_uniform_rate' depends on axioms: [propext, Classical.choice, Quot.sound]
'ZhangLS.Spec.proposition71_gamma_half_norm_square' depends on axioms: [propext, Classical.choice, Quot.sound]
'ZhangLS.Spec.proposition71_gamma_omega_density_bound' depends on axioms: [propext, Classical.choice, Quot.sound]
'ZhangLS.Spec.proposition71_gamma_omega_exterior_bound' depends on axioms: [propext, Classical.choice, Quot.sound]
'ZhangLS.Spec.proposition71_gamma_omega_integrable' depends on axioms: [propext, Classical.choice, Quot.sound]
'ZhangLS.Spec.proposition71_gamma_omega_mass_bound' depends on axioms: [propext, Classical.choice, Quot.sound]
'ZhangLS.Spec.proposition71_gamma_three_halves_norm_square' depends on axioms: [propext, Classical.choice, Quot.sound]
'ZhangLS.Spec.proposition71_generic_exceptional_fourth_power_budget' depends on axioms: [propext, Classical.choice, Quot.sound]
'ZhangLS.Spec.proposition71_generic_exceptional_little_o' depends on axioms: [propext, Classical.choice, Quot.sound]
'ZhangLS.Spec.proposition71_generic_exceptional_mean_nonneg' depends on axioms: [propext, Classical.choice, Quot.sound]
'ZhangLS.Spec.proposition71_generic_inverse_fourth_moment' depends on axioms: [propext, Classical.choice, Quot.sound]
'ZhangLS.Spec.proposition71_generic_tau_five_energy' depends on axioms: [propext, Classical.choice, Quot.sound]
'ZhangLS.Spec.proposition71_generic_tau_five_second_moment' depends on axioms: [propext, Classical.choice, Quot.sound]
'ZhangLS.Spec.proposition71_horizontal_log_norm_difference' depends on axioms: [propext, Classical.choice, Quot.sound]
'ZhangLS.Spec.proposition71_horizontal_norm_ratio_bound' depends on axioms: [propext, Classical.choice, Quot.sound]
'ZhangLS.Spec.proposition71_integral_segment_complement' depends on axioms: [propext, Classical.choice, Quot.sound]
'ZhangLS.Spec.proposition71_inverse_mellin_integrand_integrable' depends on axioms: [propext, Classical.choice, Quot.sound]
'ZhangLS.Spec.proposition71_norm_quotient_displacement' depends on axioms: [propext, Classical.choice, Quot.sound]
'ZhangLS.Spec.proposition71_omega_gamma_line_density' depends on axioms: [propext, Classical.choice, Quot.sound]
'ZhangLS.Spec.proposition71_original_front_exterior_gap' depends on axioms: [propext, Classical.choice, Quot.sound]
'ZhangLS.Spec.proposition71_original_front_lower_height' depends on axioms: [propext, Classical.choice, Quot.sound]
'ZhangLS.Spec.proposition71_original_front_parity_decay' depends on axioms: [propext, Classical.choice, Quot.sound]
'ZhangLS.Spec.proposition71_original_front_transform' depends on axioms: [propext, Classical.choice, Quot.sound]
'ZhangLS.Spec.proposition71_positive_ratio_cpow' depends on axioms: [propext, Classical.choice, Quot.sound]
'ZhangLS.Spec.proposition71_positive_shifted_power_product' depends on axioms: [propext, Classical.choice, Quot.sound]
'ZhangLS.Spec.proposition71_primitive_gauss_norm' depends on axioms: [propext, Classical.choice, Quot.sound]
'ZhangLS.Spec.proposition71_real_zeta_elementary_bound' depends on axioms: [propext, Classical.choice, Quot.sound]
'ZhangLS.Spec.proposition71_real_zeta_norm_mass' depends on axioms: [propext, Classical.choice, Quot.sound]
'ZhangLS.Spec.proposition71_reciprocal_Z_error_exact' depends on axioms: [propext, Classical.choice, Quot.sound]
'ZhangLS.Spec.proposition71_reciprocal_Z_error_norm' depends on axioms: [propext, Classical.choice, Quot.sound]
'ZhangLS.Spec.proposition71_reciprocal_Z_exact' depends on axioms: [propext, Classical.choice, Quot.sound]
'ZhangLS.Spec.proposition71_regularized_zeta_reciprocal_analytic' depends on axioms: [propext, Classical.choice, Quot.sound]
'ZhangLS.Spec.proposition71_regularized_zeta_reciprocal_at_one' depends on axioms: [propext, Classical.choice, Quot.sound]
'ZhangLS.Spec.proposition71_regularized_zeta_reciprocal_eq' depends on axioms: [propext, Classical.choice, Quot.sound]
'ZhangLS.Spec.proposition71_regularized_zeta_reciprocal_strip' depends on axioms: [propext, Classical.choice, Quot.sound]
'ZhangLS.Spec.proposition71_scaled_mellin_power' depends on axioms: [propext, Classical.choice, Quot.sound]
'ZhangLS.Spec.proposition71_short_coefficient_mass_bound' depends on axioms: [propext, Classical.choice, Quot.sound]
'ZhangLS.Spec.proposition71_short_coefficient_mass_nonneg' depends on axioms: [propext, Classical.choice, Quot.sound]
'ZhangLS.Spec.proposition71_short_polynomial_norm' depends on axioms: [propext, Classical.choice, Quot.sound]
'ZhangLS.Spec.proposition71_tau_three_halves_mass_pos' depends on axioms: [propext, Classical.choice, Quot.sound]
'ZhangLS.Spec.proposition71_tau_three_halves_norm_summable' depends on axioms: [propext, Classical.choice, Quot.sound]
'ZhangLS.Spec.proposition71_theta_star_three_halves_bound' depends on axioms: [propext, Classical.choice, Quot.sound]
'ZhangLS.Spec.proposition71_zeta_aux_height_pos' depends on axioms: [propext, Classical.choice, Quot.sound]
'ZhangLS.Spec.proposition71_zeta_aux_height_tendsto' depends on axioms: [propext, Classical.choice, Quot.sound]
'ZhangLS.Spec.proposition71_zeta_aux_integer_bounds' depends on axioms: [propext, Classical.choice, Quot.sound]
'ZhangLS.Spec.proposition71_zeta_aux_log_bounds' depends on axioms: [propext, Classical.choice, Quot.sound]
'ZhangLS.Spec.proposition71_zeta_aux_root_tendsto' depends on axioms: [propext, Classical.choice, Quot.sound]
'ZhangLS.Spec.proposition71_zeta_auxiliary_geometry' depends on axioms: [propext, Classical.choice, Quot.sound]
'ZhangLS.Spec.proposition71_zeta_auxiliary_horizontal_ratios' depends on axioms: [propext, Classical.choice, Quot.sound]
'ZhangLS.Spec.proposition71_zeta_auxiliary_strip' depends on axioms: [propext, Classical.choice, Quot.sound]
'ZhangLS.Spec.proposition71_zeta_paper_alpha_budget' depends on axioms: [propext, Classical.choice, Quot.sound]
'ZhangLS.Spec.proposition71_zeta_paper_strip_bounds' depends on axioms: [propext, Classical.choice, Quot.sound]
'ZhangLS.Spec.proposition71_zeta_repaired_strip_bounds' depends on axioms: [propext, Classical.choice, Quot.sound]
'ZhangLS.Spec.proposition71_zeta_right_half_bounds' depends on axioms: [propext, Classical.choice, Quot.sound]
