'ZhangLS.Spec.lemma153MellinIntegrand' depends on axioms: [propext, Classical.choice, Quot.sound]
'ZhangLS.Spec.lemma153_mellin_integrand_eq_actual_series' depends on axioms: [propext, Classical.choice, Quot.sound]
'ZhangLS.Spec.lemma153ResiduePrefactor' depends on axioms: [propext, Classical.choice, Quot.sound]
'ZhangLS.Spec.lemma153_residue_prefactor_differentiableAt' depends on axioms: [propext, Classical.choice, Quot.sound]
'ZhangLS.Spec.lemma153_residue_prefactor_analyticAt' depends on axioms: [propext, Classical.choice, Quot.sound]
'ZhangLS.Spec.lemma153_residue_prefactor_zero' depends on axioms: [propext, Classical.choice, Quot.sound]
'ZhangLS.Spec.lemma153RegularNumerator' depends on axioms: [propext, Classical.choice, Quot.sound]
'ZhangLS.Spec.lemma153_regular_numerator_differentiableAt' depends on axioms: [propext, Classical.choice, Quot.sound]
'ZhangLS.Spec.lemma153_regular_numerator_eq' depends on axioms: [propext, Classical.choice, Quot.sound]
'ZhangLS.Spec.lemma153ActualResidue' depends on axioms: [propext, Classical.choice, Quot.sound]
'ZhangLS.Spec.lemma153_actual_circle_integral_eq_residue' depends on axioms: [propext, Classical.choice, Quot.sound]
'ZhangLS.Spec.lemma153_actual_residue_decomposition' depends on axioms: [propext, Classical.choice, Quot.sound]
'ZhangLS.Spec.lemma153ResidueRadius' depends on axioms: [propext, Classical.choice, Quot.sound]
'ZhangLS.Spec.lemma153LocalUBound' depends on axioms: [propext, Classical.choice, Quot.sound]
'ZhangLS.Spec.lemma153LocalPrefactorBound' depends on axioms: [propext, Classical.choice, Quot.sound]
'ZhangLS.Spec.lemma153_residue_radius_properties' depends on axioms: [propext, Classical.choice, Quot.sound]
'ZhangLS.Spec.lemma153_local_U_bound_nonneg' depends on axioms: [propext, Classical.choice, Quot.sound]
'ZhangLS.Spec.lemma153_local_prefactor_bound_nonneg' depends on axioms: [propext, Classical.choice, Quot.sound]
'ZhangLS.Spec.lemma153_U_bound_le_prefactor_bound' depends on axioms: [propext, Classical.choice, Quot.sound]
'ZhangLS.Spec.lemma153_gaussian_factor_residue_bound' depends on axioms: [propext, Classical.choice, Quot.sound]
'ZhangLS.Spec.lemma153_actual_U_local_bound' depends on axioms: [propext, Classical.choice, Quot.sound]
'ZhangLS.Spec.lemma153_actual_prefactor_local_bound' depends on axioms: [propext, Classical.choice, Quot.sound]
'ZhangLS.Spec.lemma153_actual_prefactor_diffContOnCl' depends on axioms: [propext, Classical.choice, Quot.sound]
'ZhangLS.Spec.lemma153_actual_prefactor_first_derivative_bound' depends on axioms: [propext,
 Classical.choice,
 Quot.sound]
'ZhangLS.Spec.lemma153_actual_prefactor_second_derivative_bound' depends on axioms: [propext,
 Classical.choice,
 Quot.sound]
'ZhangLS.Spec.lemma153_actual_shifted_residue_error_bound' depends on axioms: [propext, Classical.choice, Quot.sound]
'ZhangLS.Spec.lemma153ShiftedValueConstant' depends on axioms: [propext, Classical.choice, Quot.sound]
'ZhangLS.Spec.lemma153ResidueBracketConstant' depends on axioms: [propext, Classical.choice, Quot.sound]
'ZhangLS.Spec.lemma153ResidueRateConstant' depends on axioms: [propext, Classical.choice, Quot.sound]
'ZhangLS.Spec.lemma153_shifted_value_constant_pos' depends on axioms: [propext, Classical.choice, Quot.sound]
'ZhangLS.Spec.lemma153_residue_bracket_constant_pos' depends on axioms: [propext, Classical.choice, Quot.sound]
'ZhangLS.Spec.lemma153_residue_rate_constant_pos' depends on axioms: [propext, Classical.choice, Quot.sound]
'ZhangLS.Spec.lemma153_shifted_value_scale' depends on axioms: [propext, Classical.choice, Quot.sound]
'ZhangLS.Spec.lemma153_residue_bracket_scale' depends on axioms: [propext, Classical.choice, Quot.sound]
'ZhangLS.Spec.lemma153_actual_shifted_residue_rate' depends on axioms: [propext, Classical.choice, Quot.sound]
'ZhangLS.Spec.lemma153_log_power_eventual_absorption' depends on axioms: [propext, Classical.choice, Quot.sound]
'ZhangLS.Spec.lemma153_paper_log_absorption_threshold' depends on axioms: [propext, Classical.choice, Quot.sound]
'ZhangLS.Spec.lemma153PaperResidueErrorConstant' depends on axioms: [propext, Classical.choice, Quot.sound]
'ZhangLS.Spec.lemma153_paper_residue_error_constant_pos' depends on axioms: [propext, Classical.choice, Quot.sound]
'ZhangLS.Spec.lemma153_paper_actual_residue_estimate' depends on axioms: [propext, Classical.choice, Quot.sound]
'ZhangLS.Spec.lemma153_M_uniform_bound' depends on axioms: [propext, Classical.choice, Quot.sound]
'ZhangLS.Spec.lemma153_general_M_normalization_uniform_bound' depends on axioms: [propext, Classical.choice, Quot.sound]
'ZhangLS.Spec.lemma153_actual_U_center_uniform_bound' depends on axioms: [propext, Classical.choice, Quot.sound]
'ZhangLS.Spec.lemma153_main_U_uniform_bound' depends on axioms: [propext, Classical.choice, Quot.sound]
'ZhangLS.Spec.lemma153_ramified_totient_hasProd' depends on axioms: [propext, Classical.choice, Quot.sound]
'ZhangLS.Spec.lemma153_zero_MU_prime_cancellation' depends on axioms: [propext, Classical.choice, Quot.sound]
'ZhangLS.Spec.lemma153_zero_MU_exact_cancellation' depends on axioms: [propext, Classical.choice, Quot.sound]
'ZhangLS.Spec.lemma153_zero_MU_LDeriv_main_term' depends on axioms: [propext, Classical.choice, Quot.sound]
'ZhangLS.Spec.lemma153NormalizedCenterErrorConstant' depends on axioms: [propext, Classical.choice, Quot.sound]
'ZhangLS.Spec.lemma153NormalizedResidueErrorConstant' depends on axioms: [propext, Classical.choice, Quot.sound]
'ZhangLS.Spec.lemma153_normalized_center_error_constant_pos' depends on axioms: [propext, Classical.choice, Quot.sound]
'ZhangLS.Spec.lemma153_normalized_residue_error_constant_pos' depends on axioms: [propext, Classical.choice, Quot.sound]
'ZhangLS.Spec.lemma153_paper_normalized_actual_residue' depends on axioms: [propext, Classical.choice, Quot.sound]
