def ZhangLS.Spec.Lemma81Target : Prop :=
∃ c,
  0 < c ∧
    ZhangLS.Spec.Lemma52CompatibleConstant c ∧
      ∀ (B₁ B₂ : ℝ),
        0 < B₁ →
          0 < B₂ →
            ∀ (ε : ℝ),
              0 < ε →
                ∃ D₀,
                  ∀ (D : ℕ),
                    D₀ ≤ D →
                      ∀ (χ : ZhangLS.Spec.RealPrimitiveCharacter D) (a₁ a₂ : ℕ → ℂ),
                        ZhangLS.Spec.Lemma81AdmissibleSequence D B₁ a₁ →
                          ZhangLS.Spec.Lemma81AdmissibleSequence D B₂ a₂ →
                            ∀ (Y : ZhangLS.Spec.lemma33CharacterIndex D → ℂ → ℂ),
                              (∀ ψ ∈ ZhangLS.Spec.lemma81GoodFamily χ, ZhangLS.Spec.Lemma23ActualBranch ψ.snd (Y ψ)) →
                                ‖ZhangLS.Spec.lemma81DiscreteMean χ c Y a₁ a₂ - ZhangLS.Spec.lemma81ThetaOne χ c a₁ a₂ -
                                      (starRingEnd ℂ)
                                        (ZhangLS.Spec.lemma81ThetaOne χ c (ZhangLS.Spec.lemma81ConjugateSequence a₂)
                                          (ZhangLS.Spec.lemma81ConjugateSequence a₁))‖ ≤
                                  ε * ZhangLS.Spec.lemma33ActualPrimeMass D
'ZhangLS.Spec.lemma81_mem_good_family' depends on axioms: [propext, Classical.choice, Quot.sound]
'ZhangLS.Spec.lemma81_zero_window_subset_container' depends on axioms: [propext, Classical.choice, Quot.sound]
'ZhangLS.Spec.lemma81_container_divisor_eq_order' depends on axioms: [propext, Classical.choice, Quot.sound]
'ZhangLS.Spec.lemma81_mem_container_zero_finset' depends on axioms: [propext, Classical.choice, Quot.sound]
'ZhangLS.Spec.lemma81_mem_zero_finset' depends on axioms: [propext, Classical.choice, Quot.sound]
'ZhangLS.Spec.lemma81_conjugate_sequence_admissible' depends on axioms: [propext, Classical.choice, Quot.sound]
'ZhangLS.Spec.lemma81_polynomial_conjugate' depends on axioms: [propext, Classical.choice, Quot.sound]
'ZhangLS.Spec.lemma81_center_reflection' depends on axioms: [propext, Classical.choice, Quot.sound]
'ZhangLS.Spec.lemma81_omega_reflection' depends on axioms: [propext, Classical.choice, Quot.sound]
'ZhangLS.Spec.lemma81_polynomial_weight_reflection' depends on axioms: [propext, Classical.choice, Quot.sound]
'ZhangLS.Spec.lemma81_actual_zero_set_finite' depends on axioms: [propext, Classical.choice, Quot.sound]
'ZhangLS.Spec.lemma81_segment_point_reflection' depends on axioms: [propext, Classical.choice, Quot.sound]
'ZhangLS.Spec.lemma81_normalized_segment_conjugation' depends on axioms: [propext, Classical.choice, Quot.sound]
'ZhangLS.Spec.lemma81_inverse_Z_norm_bound' depends on axioms: [propext, Classical.choice, Quot.sound]
'ZhangLS.Spec.lemma81_right_segment_zero_separation' depends on axioms: [propext, Classical.choice, Quot.sound]
'ZhangLS.Spec.lemma81_Ctilde_eq_C_mul_relative_error' depends on axioms: [propext, Classical.choice, Quot.sound]
'ZhangLS.Spec.lemma81_uniform_actual_kernel_replacement' depends on axioms: [propext, Classical.choice, Quot.sound]
'ZhangLS.Spec.lemma81_zero_window_iff_original' depends on axioms: [propext, Classical.choice, Quot.sound]
'ZhangLS.Spec.lemma81_mem_original_zero_finset' depends on axioms: [propext, Classical.choice, Quot.sound]
'ZhangLS.Spec.lemma81_actual_family_branches_exist' depends on axioms: [propext, Classical.choice, Quot.sound]
'ZhangLS.Spec.lemma81_multichoose_two_square_le_four' depends on axioms: [propext, Classical.choice, Quot.sound]
'ZhangLS.Spec.lemma81_tau_two_square_le_tau_four' depends on axioms: [propext, Classical.choice, Quot.sound]
'ZhangLS.Spec.lemma81_tau_two_square_harmonic_sum' depends on axioms: [propext, Classical.choice, Quot.sound]
'ZhangLS.Spec.lemma81_tuple_count_le_tau' depends on axioms: [propext, Classical.choice, Quot.sound]
'ZhangLS.Spec.lemma81_tuple_coefficient_norm_le' depends on axioms: [propext, Classical.choice, Quot.sound]
'ZhangLS.Spec.lemma81_tuple_coefficient_zero_of_large' depends on axioms: [propext, Classical.choice, Quot.sound]
'ZhangLS.Spec.lemma81_actual_polynomial_square_expansion' depends on axioms: [propext, Classical.choice, Quot.sound]
'ZhangLS.Spec.lemma81_thin_strip_exponential_weight' depends on axioms: [propext, Classical.choice, Quot.sound]
'ZhangLS.Spec.lemma81_convolution_coefficient_energy' depends on axioms: [propext, Classical.choice, Quot.sound]
'ZhangLS.Spec.lemma81_fourth_moment_constant_pos' depends on axioms: [propext, Classical.choice, Quot.sound]
'ZhangLS.Spec.lemma81_actual_polynomial_fourth_moment' depends on axioms: [propext, Classical.choice, Quot.sound]
'ZhangLS.Spec.lemma81_cutoff_le_P' depends on axioms: [propext, Classical.choice, Quot.sound]
'ZhangLS.Spec.lemma81_finite_character_polynomial_eq_cpow_sum' depends on axioms: [propext,
 Classical.choice,
 Quot.sound]
'ZhangLS.Spec.lemma81_actual_polynomial_eq_prefix' depends on axioms: [propext, Classical.choice, Quot.sound]
'ZhangLS.Spec.lemma81_conjugate_sequence_involutive' depends on axioms: [propext, Classical.choice, Quot.sound]
'ZhangLS.Spec.lemma81_actual_A_fourth_moment' depends on axioms: [propext, Classical.choice, Quot.sound]
'ZhangLS.Spec.lemma81_product_moment_of_fourth' depends on axioms: [propext, Classical.choice, Quot.sound]
'ZhangLS.Spec.lemma81_actual_A_inverse_fourth_moment' depends on axioms: [propext, Classical.choice, Quot.sound]
'ZhangLS.Spec.lemma81_actual_A_product_second_moment' depends on axioms: [propext, Classical.choice, Quot.sound]
'ZhangLS.Spec.lemma81_T_log_le_square' depends on axioms: [propext, Classical.choice, Quot.sound]
'ZhangLS.Spec.lemma81_three_T_cube_le_P' depends on axioms: [propext, Classical.choice, Quot.sound]
'ZhangLS.Spec.lemma81_T_inverse_square_le_exp_neg_log' depends on axioms: [propext, Classical.choice, Quot.sound]
'ZhangLS.Spec.lemma81_uniform_six_one_lengths' depends on axioms: [propext, Classical.choice, Quot.sound]
'ZhangLS.Spec.lemma81_finite_character_polynomial_conjugate' depends on axioms: [propext, Classical.choice, Quot.sound]
'ZhangLS.Spec.lemma81_actual_inverse_polynomial_fourth_moment' depends on axioms: [propext,
 Classical.choice,
 Quot.sound]
'ZhangLS.Spec.lemma81_weighted_polynomial_eq_actual_prefix' depends on axioms: [propext, Classical.choice, Quot.sound]
'ZhangLS.Spec.lemma81_weighted_polynomial_fourth_moment' depends on axioms: [propext, Classical.choice, Quot.sound]
'ZhangLS.Spec.lemma81_inverse_weighted_polynomial_fourth_moment' depends on axioms: [propext,
 Classical.choice,
 Quot.sound]
'ZhangLS.Spec.lemma81_short_cutoff_coefficient_norm' depends on axioms: [propext, Classical.choice, Quot.sound]
'ZhangLS.Spec.lemma81_short_polynomial_eq_actual_prefix' depends on axioms: [propext, Classical.choice, Quot.sound]
'ZhangLS.Spec.lemma81_short_polynomial_fourth_moment' depends on axioms: [propext, Classical.choice, Quot.sound]
'ZhangLS.Spec.lemma81_uniform_six_one_polynomial_moments' depends on axioms: [propext, Classical.choice, Quot.sound]
'ZhangLS.Spec.lemma81_interval_cauchy_square' depends on axioms: [propext, Classical.choice, Quot.sound]
'ZhangLS.Spec.lemma81_interval_fourth_power' depends on axioms: [propext, Classical.choice, Quot.sound]
'ZhangLS.Spec.lemma81_finite_family_integral_fourth' depends on axioms: [propext, Classical.choice, Quot.sound]
'ZhangLS.Spec.lemma81_uniform_actual_E1_fourth_moment' depends on axioms: [propext, Classical.choice, Quot.sound]
'ZhangLS.Spec.lemma81_three_term_fourth_bound' depends on axioms: [propext, Classical.choice, Quot.sound]
'ZhangLS.Spec.lemma81_uniform_actual_L_fourth_moment' depends on axioms: [propext, Classical.choice, Quot.sound]
'ZhangLS.Spec.lemma81_uniform_actual_shifted_L_product_moment' depends on axioms: [propext,
 Classical.choice,
 Quot.sound]
'ZhangLS.Spec.lemma81_omega_segment_norm' depends on axioms: [propext, Classical.choice, Quot.sound]
'ZhangLS.Spec.lemma81_omega_norm_density' depends on axioms: [propext, Classical.choice, Quot.sound]
'ZhangLS.Spec.lemma81_gaussian_density_integrable' depends on axioms: [propext, Classical.choice, Quot.sound]
'ZhangLS.Spec.lemma81_gaussian_density_mass' depends on axioms: [propext, Classical.choice, Quot.sound]
'ZhangLS.Spec.lemma81_actual_finite_gaussian_mass' depends on axioms: [propext, Classical.choice, Quot.sound]
'ZhangLS.Spec.lemma81_analytic_critical_reflection' depends on axioms: [propext, Classical.choice, Quot.sound]
'ZhangLS.Spec.lemma81_actual_M_analytic' depends on axioms: [propext, Classical.choice, Quot.sound]
'ZhangLS.Spec.lemma81_actual_M_critical_real' depends on axioms: [propext, Classical.choice, Quot.sound]
'ZhangLS.Spec.lemma81_actual_M_reflection' depends on axioms: [propext, Classical.choice, Quot.sound]
'ZhangLS.Spec.lemma81_actual_normalized_quotient_reflection' depends on axioms: [propext, Classical.choice, Quot.sound]
'ZhangLS.Spec.lemma81_Ctilde_reflection_of_domain' depends on axioms: [propext, Classical.choice, Quot.sound]
'ZhangLS.Spec.lemma81_uniform_Ctilde_reflection' depends on axioms: [propext, Classical.choice, Quot.sound]
'ZhangLS.Spec.lemma81_right_segment_point_in_region' depends on axioms: [propext, Classical.choice, Quot.sound]
'ZhangLS.Spec.lemma81_uniform_reflected_contour_identity' depends on axioms: [propext, Classical.choice, Quot.sound]
'ZhangLS.Spec.lemma81_polynomial_differentiable' depends on axioms: [propext, Classical.choice, Quot.sound]
'ZhangLS.Spec.lemma81_omega_differentiable' depends on axioms: [propext, Classical.choice, Quot.sound]
'ZhangLS.Spec.lemma81_tilde_integrand_eq_numerator_div' depends on axioms: [propext, Classical.choice, Quot.sound]
'ZhangLS.Spec.lemma81_actual_tilde_numerator_analyticAt' depends on axioms: [propext, Classical.choice, Quot.sound]
'ZhangLS.Spec.lemma81_actual_tilde_integrand_analyticAt' depends on axioms: [propext, Classical.choice, Quot.sound]
'ZhangLS.Spec.lemma81_actual_C_analyticAt' depends on axioms: [propext, Classical.choice, Quot.sound]
'ZhangLS.Spec.lemma81_right_point_mem_segment' depends on axioms: [propext, Classical.choice, Quot.sound]
'ZhangLS.Spec.lemma81_uniform_right_contour_regular_data' depends on axioms: [propext, Classical.choice, Quot.sound]
'ZhangLS.Spec.lemma81_actual_C_integrand_analyticAt' depends on axioms: [propext, Classical.choice, Quot.sound]
'ZhangLS.Spec.lemma81_uniform_actual_contour_integrability' depends on axioms: [propext, Classical.choice, Quot.sound]
'ZhangLS.Spec.lemma81_integrand_difference_factor' depends on axioms: [propext, Classical.choice, Quot.sound]
'ZhangLS.Spec.lemma81_uniform_aggregate_replacement_pointwise' depends on axioms: [propext,
 Classical.choice,
 Quot.sound]
'ZhangLS.Spec.lemma81_normalization_factor_norm_le_one' depends on axioms: [propext, Classical.choice, Quot.sound]
'ZhangLS.Spec.lemma81_normalized_family_error_bound' depends on axioms: [propext, Classical.choice, Quot.sound]
'ZhangLS.Spec.lemma81_uniform_aggregate_replacement_integral' depends on axioms: [propext, Classical.choice, Quot.sound]
'ZhangLS.Spec.lemma81_ThetaOne_eq_sum_CIntegral' depends on axioms: [propext, Classical.choice, Quot.sound]
'ZhangLS.Spec.lemma81_actual_replacement_littleO' depends on axioms: [propext, Classical.choice, Quot.sound]
'ZhangLS.Spec.lemma81_wide_strip_parameters' depends on axioms: [propext, Classical.choice, Quot.sound]
'ZhangLS.Spec.lemma81_actual_L_coarse_exponential' depends on axioms: [propext, Classical.choice, Quot.sound]
'ZhangLS.Spec.lemma81_inverse_Z_coarse_exponential' depends on axioms: [propext, Classical.choice, Quot.sound]
'ZhangLS.Spec.lemma81_section_log_hundred' depends on axioms: [propext, Classical.choice, Quot.sound]
'ZhangLS.Spec.lemma81_wide_shift_path_near_center' depends on axioms: [propext, Classical.choice, Quot.sound]
'ZhangLS.Spec.lemma81_uniform_wide_actual_quotient' depends on axioms: [propext, Classical.choice, Quot.sound]
'ZhangLS.Spec.lemma81_actual_phase_norm_one' depends on axioms: [propext, Classical.choice, Quot.sound]
'ZhangLS.Spec.lemma81_uniform_wide_actual_C_growth' depends on axioms: [propext, Classical.choice, Quot.sound]
'ZhangLS.Spec.lemma81_boundary_growth_constant_pos' depends on axioms: [propext, Classical.choice, Quot.sound]
'ZhangLS.Spec.lemma81_uniform_thin_actual_Ctilde_growth' depends on axioms: [propext, Classical.choice, Quot.sound]
'ZhangLS.Spec.lemma81_actual_A_coarse_bound' depends on axioms: [propext, Classical.choice, Quot.sound]
'ZhangLS.Spec.lemma81_actual_A_product_coarse_bound' depends on axioms: [propext, Classical.choice, Quot.sound]
'ZhangLS.Spec.lemma81_actual_good_family_card_le_mass' depends on axioms: [propext, Classical.choice, Quot.sound]
'ZhangLS.Spec.lemma81_gaussian_boundary_decay' depends on axioms: [propext, Classical.choice, Quot.sound]
'ZhangLS.Spec.lemma81_gaussian_boundary_decay_at' depends on axioms: [propext, Classical.choice, Quot.sound]
'ZhangLS.Spec.lemma81_uniform_boundary_envelope_small' depends on axioms: [propext, Classical.choice, Quot.sound]
'ZhangLS.Spec.lemma81_boundary_integrand_envelope' depends on axioms: [propext, Classical.choice, Quot.sound]
'ZhangLS.Spec.lemma81_uniform_actual_boundary_integrands_small' depends on axioms: [propext,
 Classical.choice,
 Quot.sound]
'ZhangLS.Spec.lemma81_separated_upper_cut' depends on axioms: [propext, Classical.choice, Quot.sound]
'ZhangLS.Spec.lemma81_separated_lower_cut' depends on axioms: [propext, Classical.choice, Quot.sound]
'ZhangLS.Spec.lemma81_closed_rectangle_height' depends on axioms: [propext, Classical.choice, Quot.sound]
'ZhangLS.Spec.lemma81_uniform_actual_rectangle_boundaries' depends on axioms: [propext, Classical.choice, Quot.sound]
'ZhangLS.Spec.lemma81_analyticAt_dslope_same' depends on axioms: [propext, Classical.choice, Quot.sound]
'ZhangLS.Spec.lemma81_simple_pole_regular_part_analytic' depends on axioms: [propext, Classical.choice, Quot.sound]
'ZhangLS.Spec.lemma81_simple_zero_div_eq' depends on axioms: [propext, Classical.choice, Quot.sound]
'ZhangLS.Spec.lemma81_simple_zero_principal_part' depends on axioms: [propext, Classical.choice, Quot.sound]
'ZhangLS.Spec.lemma81_simple_zero_residue_tendsto' depends on axioms: [propext, Classical.choice, Quot.sound]
'ZhangLS.Spec.lemma81_actual_numerator_div_deriv' depends on axioms: [propext, Classical.choice, Quot.sound]
'ZhangLS.Spec.lemma81_uniform_actual_simple_zero_residues' depends on axioms: [propext, Classical.choice, Quot.sound]
'ZhangLS.Spec.lemma81_finite_pole_remainder_off_set' depends on axioms: [propext, Classical.choice, Quot.sound]
'ZhangLS.Spec.lemma81_finite_pole_remainder_at_pole' depends on axioms: [propext, Classical.choice, Quot.sound]
'ZhangLS.Spec.lemma81_principal_sum_analyticAt' depends on axioms: [propext, Classical.choice, Quot.sound]
'ZhangLS.Spec.lemma81_finite_pole_remainder_analyticOnNhd' depends on axioms: [propext, Classical.choice, Quot.sound]
'ZhangLS.Spec.lemma81_rectangle_cauchy' depends on axioms: [propext, Classical.choice, Quot.sound]
'ZhangLS.Spec.lemma81_horizontal_inverse_continuous' depends on axioms: [propext, Classical.choice, Quot.sound]
'ZhangLS.Spec.lemma81_vertical_inverse_continuous' depends on axioms: [propext, Classical.choice, Quot.sound]
'ZhangLS.Spec.lemma81_rectangle_inverse_split_real' depends on axioms: [propext, Classical.choice, Quot.sound]
'ZhangLS.Spec.lemma81_rectangle_inverse_split_im' depends on axioms: [propext, Classical.choice, Quot.sound]
'ZhangLS.Spec.lemma81_rectangle_inverse_winding_symmetric' depends on axioms: [propext, Classical.choice, Quot.sound]
'ZhangLS.Spec.lemma81_rectangle_inverse_winding' depends on axioms: [propext, Classical.choice, Quot.sound]
'ZhangLS.Spec.lemma81_rectangle_reciprocal_translate' depends on axioms: [propext, Classical.choice, Quot.sound]
'ZhangLS.Spec.lemma81_rectangle_simple_pole_winding' depends on axioms: [propext, Classical.choice, Quot.sound]
'ZhangLS.Spec.lemma81_finite_pole_edge_integral' depends on axioms: [propext, Classical.choice, Quot.sound]
'ZhangLS.Spec.lemma81_finite_rectangle_residue_theorem' depends on axioms: [propext, Classical.choice, Quot.sound]
'ZhangLS.Spec.lemma81_closed_rectangle_iff' depends on axioms: [propext, Classical.choice, Quot.sound]
'ZhangLS.Spec.lemma81_open_rectangle_iff' depends on axioms: [propext, Classical.choice, Quot.sound]
'ZhangLS.Spec.lemma81_closed_not_open_is_boundary' depends on axioms: [propext, Classical.choice, Quot.sound]
'ZhangLS.Spec.lemma81_actual_rectangle_residue_identity' depends on axioms: [propext, Classical.choice, Quot.sound]
'ZhangLS.Spec.lemma81_uniform_extended_contour_separation' depends on axioms: [propext, Classical.choice, Quot.sound]
'ZhangLS.Spec.lemma81_zero_separated_quarter_of_one' depends on axioms: [propext, Classical.choice, Quot.sound]
'ZhangLS.Spec.lemma81_normalized_segment_eq_vertical' depends on axioms: [propext, Classical.choice, Quot.sound]
'ZhangLS.Spec.lemma81_rectangle_vertical_difference_bound' depends on axioms: [propext, Classical.choice, Quot.sound]
'ZhangLS.Spec.lemma81_uniform_actual_C_shift_pointwise' depends on axioms: [propext, Classical.choice, Quot.sound]
'ZhangLS.Spec.lemma81_actual_C_shift_littleO' depends on axioms: [propext, Classical.choice, Quot.sound]
'ZhangLS.Spec.lemma81_height_band_of_near_endpoint' depends on axioms: [propext, Classical.choice, Quot.sound]
'ZhangLS.Spec.lemma81_height_of_mem_uIcc' depends on axioms: [propext, Classical.choice, Quot.sound]
'ZhangLS.Spec.lemma81_integral_height_change_bound' depends on axioms: [propext, Classical.choice, Quot.sound]
'ZhangLS.Spec.lemma81_uniform_extended_vertical_integrability' depends on axioms: [propext,
 Classical.choice,
 Quot.sound]
'ZhangLS.Spec.lemma81_rectangle_normalization_vertical' depends on axioms: [propext, Classical.choice, Quot.sound]
'ZhangLS.Spec.lemma81_rectangle_normalization_norm_le_one' depends on axioms: [propext, Classical.choice, Quot.sound]
'ZhangLS.Spec.lemma81_rectangle_truncation_bound' depends on axioms: [propext, Classical.choice, Quot.sound]
'ZhangLS.Spec.lemma81_uniform_actual_residue_to_segments' depends on axioms: [propext, Classical.choice, Quot.sound]
'ZhangLS.Spec.lemma81_actual_residue_deformation_littleO' depends on axioms: [propext, Classical.choice, Quot.sound]
'ZhangLS.Spec.lemma81_actual_right_contour_littleO' depends on axioms: [propext, Classical.choice, Quot.sound]
'ZhangLS.Spec.lemma81_proved' depends on axioms: [propext, Classical.choice, Quot.sound]
