'ZhangLS.Spec.appendixB_divisor_regression_Q' depends on axioms: [propext, Classical.choice, Quot.sound]
'ZhangLS.Spec.appendixB_divisor_regression_actual_b' depends on axioms: [propext, Classical.choice, Quot.sound]
'ZhangLS.Spec.appendixB_divisor_regression_actual_bpsi' depends on axioms: [propext, Classical.choice, Quot.sound]
'ZhangLS.Spec.appendixB_divisor_regression_beta_shifts' depends on axioms: [propext, Classical.choice, Quot.sound]
'ZhangLS.Spec.appendixB_divisor_regression_fourth_endpoint' depends on axioms: [propext, Classical.choice, Quot.sound]
'ZhangLS.Spec.appendixB_divisor_regression_original_A' depends on axioms: [propext, Classical.choice, Quot.sound]
'ZhangLS.Spec.appendixB_divisor_regression_ramified_n1' depends on axioms: [propext, Classical.choice, Quot.sound]
'ZhangLS.Spec.appendixB_divisor_regression_square_source' depends on axioms: [propext, Classical.choice, Quot.sound]
'ZhangLS.Spec.appendixB_divisor_regression_strict_source' depends on axioms: [propext, Classical.choice, Quot.sound]
'ZhangLS.Spec.appendixB_divisor_regression_zero_n1' depends on axioms: [propext, Classical.choice, Quot.sound]
'ZhangLS.Spec.appendixB_actual_b_B1_uniform' depends on axioms: [propext, Classical.choice, Quot.sound]
'ZhangLS.Spec.appendixB_actual_b_arithmetic_errors' depends on axioms: [propext, Classical.choice, Quot.sound]
'ZhangLS.Spec.appendixB_actual_b_factor_majorants' depends on axioms: [propext, Classical.choice, Quot.sound]
'ZhangLS.Spec.appendixB_optional_character_norm' depends on axioms: [propext, Classical.choice, Quot.sound]
'ZhangLS.Spec.appendixB_shifted_coefficient_factor_majorant' depends on axioms: [propext, Classical.choice, Quot.sound]
'ZhangLS.Spec.appendixB_shifted_coefficient_majorant' depends on axioms: [propext, Classical.choice, Quot.sound]
'ZhangLS.Spec.appendixB_actual_divisor_nu_tail' depends on axioms: [propext, Classical.choice, Quot.sound]
'ZhangLS.Spec.appendixB_finite_weighted_cauchy' depends on axioms: [propext, Classical.choice, Quot.sound]
'ZhangLS.Spec.appendixB_tau_two_harmonic_energy' depends on axioms: [propext, Classical.choice, Quot.sound]
'ZhangLS.Spec.appendixB_tau_two_paper_energy' depends on axioms: [propext, Classical.choice, Quot.sound]
'ZhangLS.Spec.appendixB_divisor_arithmetic_error_explicit' depends on axioms: [propext, Classical.choice, Quot.sound]
'ZhangLS.Spec.appendixB_divisor_arithmetic_error_finite' depends on axioms: [propext, Classical.choice, Quot.sound]
'ZhangLS.Spec.appendixB_divisor_weighted_B1_explicit' depends on axioms: [propext, Classical.choice, Quot.sound]
'ZhangLS.Spec.appendixB_divisor_weighted_B1_uniform' depends on axioms: [propext, Classical.choice, Quot.sound]
'ZhangLS.Spec.appendixB_horizontal_bound' depends on axioms: [propext, Classical.choice, Quot.sound]
'ZhangLS.Spec.appendixB_left_boundary_bound' depends on axioms: [propext, Classical.choice, Quot.sound]
'ZhangLS.Spec.appendixBRegularIntegrand' depends on axioms: [propext, Classical.choice, Quot.sound]
'ZhangLS.Spec.appendixBRegularNumerator' depends on axioms: [propext, Classical.choice, Quot.sound]
'ZhangLS.Spec.appendixB_actual_rectangle_circle' depends on axioms: [propext, Classical.choice, Quot.sound]
'ZhangLS.Spec.appendixB_regular_integrand_agrees' depends on axioms: [propext, Classical.choice, Quot.sound]
'ZhangLS.Spec.appendixB_regular_numerator_differentiableOn' depends on axioms: [propext, Classical.choice, Quot.sound]
'ZhangLS.Spec.appendixB_regular_rectangle_circle' depends on axioms: [propext, Classical.choice, Quot.sound]
'ZhangLS.Spec.appendixBContourPolynomialConstant' depends on axioms: [propext, Classical.choice, Quot.sound]
'ZhangLS.Spec.appendixB_contour_budget_eventually' depends on axioms: [propext, Classical.choice, Quot.sound]
'ZhangLS.Spec.appendixB_contour_budget_nonneg' depends on axioms: [propext, Classical.choice, Quot.sound]
'ZhangLS.Spec.appendixB_contour_budget_polynomial' depends on axioms: [propext, Classical.choice, Quot.sound]
'ZhangLS.Spec.appendixB_original_error_eventual_bound' depends on axioms: [propext, Classical.choice, Quot.sound]
'ZhangLS.Spec.appendixB_original_error_tendsto_zero' depends on axioms: [propext, Classical.choice, Quot.sound]
'ZhangLS.Spec.appendixBContourBudget' depends on axioms: [propext, Classical.choice, Quot.sound]
'ZhangLS.Spec.appendixB_full_kernel_quantitative' depends on axioms: [propext, Classical.choice, Quot.sound]
'ZhangLS.Spec.appendixBModelLeading' depends on axioms: [propext, Classical.choice, Quot.sound]
'ZhangLS.Spec.appendixB_model_circle_eq_leading' depends on axioms: [propext, Classical.choice, Quot.sound]
'ZhangLS.Spec.appendixB_model_circle_integral' depends on axioms: [propext, Classical.choice, Quot.sound]
'ZhangLS.Spec.appendixB_model_partial_fractions' depends on axioms: [propext, Classical.choice, Quot.sound]
'ZhangLS.Spec.appendixBOriginalError' depends on axioms: [propext, Classical.choice, Quot.sound]
'ZhangLS.Spec.appendixB_alpha_logP' depends on axioms: [propext, Classical.choice, Quot.sound]
'ZhangLS.Spec.appendixB_log_model_at_printed' depends on axioms: [propext, Classical.choice, Quot.sound]
'ZhangLS.Spec.appendixB_original_beta_perturbation' depends on axioms: [propext, Classical.choice, Quot.sound]
'ZhangLS.Spec.appendixB_original_frequency_bounds' depends on axioms: [propext, Classical.choice, Quot.sound]
'ZhangLS.Spec.appendixB_original_gamma_eq' depends on axioms: [propext, Classical.choice, Quot.sound]
'ZhangLS.Spec.appendixB_original_gamma_lower' depends on axioms: [propext, Classical.choice, Quot.sound]
'ZhangLS.Spec.appendixB_original_phase_budget' depends on axioms: [propext, Classical.choice, Quot.sound]
'ZhangLS.Spec.appendixB_original_printed_constants_uniform' depends on axioms: [propext, Classical.choice, Quot.sound]
'ZhangLS.Spec.appendixBOriginalCutoff' depends on axioms: [propext, Classical.choice, Quot.sound]
'ZhangLS.Spec.appendixBOriginalExponent' depends on axioms: [propext, Classical.choice, Quot.sound]
'ZhangLS.Spec.appendixBOriginalFrequency' depends on axioms: [propext, Classical.choice, Quot.sound]
'ZhangLS.Spec.appendixBOriginalGamma' depends on axioms: [propext, Classical.choice, Quot.sound]
'ZhangLS.Spec.appendixBOriginalTCost' depends on axioms: [propext, Classical.choice, Quot.sound]
'ZhangLS.Spec.appendixB_original_cutoff_log' depends on axioms: [propext, Classical.choice, Quot.sound]
'ZhangLS.Spec.appendixB_original_cutoff_pos' depends on axioms: [propext, Classical.choice, Quot.sound]
'ZhangLS.Spec.appendixB_original_cutoffs_eventually' depends on axioms: [propext, Classical.choice, Quot.sound]
'ZhangLS.Spec.appendixB_original_full_kernels_uniform' depends on axioms: [propext, Classical.choice, Quot.sound]
'ZhangLS.Spec.appendixB_original_gamma' depends on axioms: [propext, Classical.choice, Quot.sound]
'ZhangLS.Spec.appendixB_original_log_l1' depends on axioms: [propext, Classical.choice, Quot.sound]
'ZhangLS.Spec.appendixBFullKernelSum' depends on axioms: [propext, Classical.choice, Quot.sound]
'ZhangLS.Spec.appendixB_full_kernel_perron' depends on axioms: [propext, Classical.choice, Quot.sound]
'ZhangLS.Spec.appendixB_kernel_perron_term' depends on axioms: [propext, Classical.choice, Quot.sound]
'ZhangLS.Spec.appendixB_rho_dirichlet_series' depends on axioms: [propext, Classical.choice, Quot.sound]
'ZhangLS.Spec.appendixB_twist_LSeries' depends on axioms: [propext, Classical.choice, Quot.sound]
'ZhangLS.Spec.appendixB_twist_summable' depends on axioms: [propext, Classical.choice, Quot.sound]
'ZhangLS.Spec.appendixB_twist_term' depends on axioms: [propext, Classical.choice, Quot.sound]
'ZhangLS.Spec.appendixBLogModel' depends on axioms: [propext, Classical.choice, Quot.sound]
'ZhangLS.Spec.appendixBPhaseBudget' depends on axioms: [propext, Classical.choice, Quot.sound]
'ZhangLS.Spec.appendixB_imaginary_exp_lipschitz' depends on axioms: [propext, Classical.choice, Quot.sound]
'ZhangLS.Spec.appendixB_imaginary_exp_norm' depends on axioms: [propext, Classical.choice, Quot.sound]
'ZhangLS.Spec.appendixB_log_model_stability' depends on axioms: [propext, Classical.choice, Quot.sound]
'ZhangLS.Spec.appendixB_model_as_log_model' depends on axioms: [propext, Classical.choice, Quot.sound]
'ZhangLS.Spec.appendixB_H14_complement_pointwise' depends on axioms: [propext, Classical.choice, Quot.sound]
'ZhangLS.Spec.appendixB_H14_endpoint_separate' depends on axioms: [propext, Classical.choice, Quot.sound]
'ZhangLS.Spec.appendixB_P2_source_expanded' depends on axioms: [propext, Classical.choice, Quot.sound]
'ZhangLS.Spec.appendixB_beta_one_source' depends on axioms: [propext, Classical.choice, Quot.sound]
'ZhangLS.Spec.appendixB_beta_three_source' depends on axioms: [propext, Classical.choice, Quot.sound]
'ZhangLS.Spec.appendixB_beta_two_source' depends on axioms: [propext, Classical.choice, Quot.sound]
'ZhangLS.Spec.appendixB_full_kernel_finite_sum' depends on axioms: [propext, Classical.choice, Quot.sound]
'ZhangLS.Spec.appendixB_full_kernel_strict_product_endpoint' depends on axioms: [propext, Classical.choice, Quot.sound]
'ZhangLS.Spec.appendixB_kernel_strict_endpoint' depends on axioms: [propext, Classical.choice, Quot.sound]
'ZhangLS.Spec.appendixB_kernel_zero_index' depends on axioms: [propext, Classical.choice, Quot.sound]
'ZhangLS.Spec.appendixB_literal_B3_tail_zero' depends on axioms: [propext, Classical.choice, Quot.sound]
'ZhangLS.Spec.appendixB_original_P1' depends on axioms: [propext, Classical.choice, Quot.sound]
'ZhangLS.Spec.appendixB_original_P2' depends on axioms: [propext, Classical.choice, Quot.sound]
'ZhangLS.Spec.appendixB_original_P3' depends on axioms: [propext, Classical.choice, Quot.sound]
'ZhangLS.Spec.appendixB_original_gamma_P1' depends on axioms: [propext, Classical.choice, Quot.sound]
'ZhangLS.Spec.appendixB_original_gamma_P2' depends on axioms: [propext, Classical.choice, Quot.sound]
'ZhangLS.Spec.appendixB_original_gamma_P3' depends on axioms: [propext, Classical.choice, Quot.sound]
'ZhangLS.Spec.appendixB_printed_e1_prime' depends on axioms: [propext, Classical.choice, Quot.sound]
'ZhangLS.Spec.appendixB_printed_e2' depends on axioms: [propext, Classical.choice, Quot.sound]
'ZhangLS.Spec.appendixB_printed_e3' depends on axioms: [propext, Classical.choice, Quot.sound]
'ZhangLS.Spec.appendixB_source_full_kernel_asymptotics' depends on axioms: [propext, Classical.choice, Quot.sound]
'ZhangLS.Spec.appendixB_integrand_eq_log_kernel' depends on axioms: [propext, Classical.choice, Quot.sound]
'ZhangLS.Spec.appendixB_right_line_integrable' depends on axioms: [propext, Classical.choice, Quot.sound]
'ZhangLS.Spec.appendixB_right_ratio_bound' depends on axioms: [propext, Classical.choice, Quot.sound]
'ZhangLS.Spec.appendixB_right_tails' depends on axioms: [propext, Classical.choice, Quot.sound]
'ZhangLS.Spec.AppendixBContourPoint' depends on axioms: [propext, Classical.choice, Quot.sound]
'ZhangLS.Spec.appendixBContourHeight' depends on axioms: [propext, Classical.choice, Quot.sound]
'ZhangLS.Spec.appendixBContourMajorant' depends on axioms: [propext, Classical.choice, Quot.sound]
'ZhangLS.Spec.appendixB_actual_contour_ratio_bound' depends on axioms: [propext, Classical.choice, Quot.sound]
'ZhangLS.Spec.appendixB_extended_strip_bounds' depends on axioms: [propext, Classical.choice, Quot.sound]
'ZhangLS.Spec.appendixBZetaCircle' depends on axioms: [propext, Classical.choice, Quot.sound]
'ZhangLS.Spec.appendixBZetaIntegrand' depends on axioms: [propext, Classical.choice, Quot.sound]
'ZhangLS.Spec.appendixB_actual_circle_leading_error' depends on axioms: [propext, Classical.choice, Quot.sound]
'ZhangLS.Spec.appendixB_zeta_ratio_circle_error' depends on axioms: [propext, Classical.choice, Quot.sound]
'ZhangLS.Spec.appendixB_zeta_ratio_regularized' depends on axioms: [propext, Classical.choice, Quot.sound]
'ZhangLS.Spec.appendixB_actual_kernel_rhostar_to_full_uniform' depends on axioms: [propext, Classical.choice, Quot.sound]
'ZhangLS.Spec.appendixB_kernel_tsum_finite' depends on axioms: [propext, Classical.choice, Quot.sound]
'ZhangLS.Spec.appendixB_prime_log_mass' depends on axioms: [propext, Classical.choice, Quot.sound]
'ZhangLS.Spec.appendixB_prime_log_mass_strict' depends on axioms: [propext, Classical.choice, Quot.sound]
'ZhangLS.Spec.appendixB_weighted_prefix_bound' depends on axioms: [propext, Classical.choice, Quot.sound]
'ZhangLS.Spec.appendixB_actual_nu_tail' depends on axioms: [propext, Classical.choice, Quot.sound]
'ZhangLS.Spec.appendixB_rough_arithmetic_error_finite' depends on axioms: [propext, Classical.choice, Quot.sound]
'ZhangLS.Spec.appendixB_rough_gt_fourth' depends on axioms: [propext, Classical.choice, Quot.sound]
'ZhangLS.Spec.appendixB_weighted_B1_explicit' depends on axioms: [propext, Classical.choice, Quot.sound]
'ZhangLS.Spec.appendixB_weighted_B1_uniform' depends on axioms: [propext, Classical.choice, Quot.sound]
'ZhangLS.Spec.appendixBRhoGlobalConstant' depends on axioms: [propext, Classical.choice, Quot.sound]
'ZhangLS.Spec.appendixBRoughRemovalConstant' depends on axioms: [propext, Classical.choice, Quot.sound]
'ZhangLS.Spec.appendixB_nonrough_mass_exp_bound' depends on axioms: [propext, Classical.choice, Quot.sound]
'ZhangLS.Spec.appendixB_nonrough_mass_finite' depends on axioms: [propext, Classical.choice, Quot.sound]
'ZhangLS.Spec.appendixB_nonrough_small_prime' depends on axioms: [propext, Classical.choice, Quot.sound]
'ZhangLS.Spec.appendixB_original_B2_explicit' depends on axioms: [propext, Classical.choice, Quot.sound]
'ZhangLS.Spec.appendixB_original_B2_uniform' depends on axioms: [propext, Classical.choice, Quot.sound]
'ZhangLS.Spec.appendixB_original_mass_exponent' depends on axioms: [propext, Classical.choice, Quot.sound]
'ZhangLS.Spec.appendixB_original_rho_mass' depends on axioms: [propext, Classical.choice, Quot.sound]
'ZhangLS.Spec.appendixB_original_rho_norm' depends on axioms: [propext, Classical.choice, Quot.sound]
'ZhangLS.Spec.appendixB_prime_multiple_mass' depends on axioms: [propext, Classical.choice, Quot.sound]
'ZhangLS.Spec.appendixB_replacement_alpha_scale' depends on axioms: [propext, Classical.choice, Quot.sound]
'ZhangLS.Spec.appendixB_rho_global_constant_pos' depends on axioms: [propext, Classical.choice, Quot.sound]
'ZhangLS.Spec.appendixB_rough_removal_constant_pos' depends on axioms: [propext, Classical.choice, Quot.sound]
'ZhangLS.Spec.appendixBRhoMass' depends on axioms: [propext, Classical.choice, Quot.sound]
'ZhangLS.Spec.appendixB_prime_factor_log_sum' depends on axioms: [propext, Classical.choice, Quot.sound]
'ZhangLS.Spec.appendixB_rho_local_excess' depends on axioms: [propext, Classical.choice, Quot.sound]
'ZhangLS.Spec.appendixB_rho_local_series' depends on axioms: [propext, Classical.choice, Quot.sound]
'ZhangLS.Spec.appendixB_rho_local_tail' depends on axioms: [propext, Classical.choice, Quot.sound]
'ZhangLS.Spec.appendixB_rho_mass_euler' depends on axioms: [propext, Classical.choice, Quot.sound]
'ZhangLS.Spec.appendixB_rho_mass_exp_bound' depends on axioms: [propext, Classical.choice, Quot.sound]
'ZhangLS.Spec.appendixB_rho_mass_mul' depends on axioms: [propext, Classical.choice, Quot.sound]
'ZhangLS.Spec.appendixB_rho_mass_nonneg' depends on axioms: [propext, Classical.choice, Quot.sound]
'ZhangLS.Spec.appendixB_rho_mass_one' depends on axioms: [propext, Classical.choice, Quot.sound]
'ZhangLS.Spec.appendixB_rho_mass_zero' depends on axioms: [propext, Classical.choice, Quot.sound]
'ZhangLS.Spec.appendixB_rho_norm_exp_log' depends on axioms: [propext, Classical.choice, Quot.sound]
'ZhangLS.Spec.appendixB_rho_norm_le_index' depends on axioms: [propext, Classical.choice, Quot.sound]
'ZhangLS.Spec.appendixB_rho_prime_factorization' depends on axioms: [propext, Classical.choice, Quot.sound]
'ZhangLS.Spec.appendixB_rho_prime_norm' depends on axioms: [propext, Classical.choice, Quot.sound]
'ZhangLS.Spec.appendixB_rho_prime_power' depends on axioms: [propext, Classical.choice, Quot.sound]
'ZhangLS.Spec.appendixBReplacementConstant' depends on axioms: [propext, Classical.choice, Quot.sound]
'ZhangLS.Spec.appendixB_kernel_replacement_uniform' depends on axioms: [propext, Classical.choice, Quot.sound]
'ZhangLS.Spec.appendixB_replacement_constant_pos' depends on axioms: [propext, Classical.choice, Quot.sound]
'ZhangLS.Spec.appendixB_weighted_replacement_explicit' depends on axioms: [propext, Classical.choice, Quot.sound]
'ZhangLS.Spec.appendixB_weighted_replacement_uniform' depends on axioms: [propext, Classical.choice, Quot.sound]
'ZhangLS.Spec.appendixB_weighted_rough_removal' depends on axioms: [propext, Classical.choice, Quot.sound]
'ZhangLS.Spec.appendixBSharpTailError' depends on axioms: [propext, Classical.choice, Quot.sound]
'ZhangLS.Spec.appendixB_actual_sharp_tail_quantitative' depends on axioms: [propext, Classical.choice, Quot.sound]
'ZhangLS.Spec.appendixB_actual_tail_to_exact_residue_uniform' depends on axioms: [propext, Classical.choice, Quot.sound]
'ZhangLS.Spec.appendixB_interval_card_bound' depends on axioms: [propext, Classical.choice, Quot.sound]
'ZhangLS.Spec.appendixB_interval_harmonic_mass' depends on axioms: [propext, Classical.choice, Quot.sound]
'ZhangLS.Spec.appendixB_logarithmic_boundary_mass' depends on axioms: [propext, Classical.choice, Quot.sound]
'ZhangLS.Spec.appendixBTailContourBudget' depends on axioms: [propext, Classical.choice, Quot.sound]
'ZhangLS.Spec.appendixB_tail_contour_budget_eventual_power' depends on axioms: [propext, Classical.choice, Quot.sound]
'ZhangLS.Spec.appendixB_tail_contour_budget_polynomial' depends on axioms: [propext, Classical.choice, Quot.sound]
'ZhangLS.Spec.appendixBTailContinuedIntegrand' depends on axioms: [propext, Classical.choice, Quot.sound]
'ZhangLS.Spec.appendixBTailHolomorphicNumerator' depends on axioms: [propext, Classical.choice, Quot.sound]
'ZhangLS.Spec.appendixB_tail_actual_circle_residue' depends on axioms: [propext, Classical.choice, Quot.sound]
'ZhangLS.Spec.appendixB_tail_circle_residue' depends on axioms: [propext, Classical.choice, Quot.sound]
'ZhangLS.Spec.appendixB_tail_continued_agrees' depends on axioms: [propext, Classical.choice, Quot.sound]
'ZhangLS.Spec.appendixB_tail_holomorphic_at_zero' depends on axioms: [propext, Classical.choice, Quot.sound]
'ZhangLS.Spec.appendixB_tail_numerator_differentiableOn' depends on axioms: [propext, Classical.choice, Quot.sound]
'ZhangLS.Spec.appendixB_tail_rectangle_circle' depends on axioms: [propext, Classical.choice, Quot.sound]
'ZhangLS.Spec.appendixB_tail_single_pole_decomposition' depends on axioms: [propext, Classical.choice, Quot.sound]
'ZhangLS.Spec.appendixB_far_gaussian_summable_bound' depends on axioms: [propext, Classical.choice, Quot.sound]
'ZhangLS.Spec.appendixB_far_gaussian_term_bound' depends on axioms: [propext, Classical.choice, Quot.sound]
'ZhangLS.Spec.appendixBExactTailErrorConstant' depends on axioms: [propext, Classical.choice, Quot.sound]
'ZhangLS.Spec.appendixBTerminalTailErrorConstant' depends on axioms: [propext, Classical.choice, Quot.sound]
'ZhangLS.Spec.appendixB_actual_tail_exact_residue_power' depends on axioms: [propext, Classical.choice, Quot.sound]
'ZhangLS.Spec.appendixB_actual_tail_terminal_detailed' depends on axioms: [propext, Classical.choice, Quot.sound]
'ZhangLS.Spec.appendixB_actual_tail_terminal_power' depends on axioms: [propext, Classical.choice, Quot.sound]
'ZhangLS.Spec.appendixB_actual_tail_terminal_uniform' depends on axioms: [propext, Classical.choice, Quot.sound]
'ZhangLS.Spec.appendixB_exact_tail_budget_eventual_power' depends on axioms: [propext, Classical.choice, Quot.sound]
'ZhangLS.Spec.appendixB_sharp_tail_error_eventual_detailed' depends on axioms: [propext, Classical.choice, Quot.sound]
'ZhangLS.Spec.appendixB_sharp_tail_error_eventual_power' depends on axioms: [propext, Classical.choice, Quot.sound]
'ZhangLS.Spec.appendixBCutoffUnsmoothingBudget' depends on axioms: [propext, Classical.choice, Quot.sound]
'ZhangLS.Spec.appendixB_actual_rho_finite_error' depends on axioms: [propext, Classical.choice, Quot.sound]
'ZhangLS.Spec.appendixB_cutoff_budget_antitone' depends on axioms: [propext, Classical.choice, Quot.sound]
'ZhangLS.Spec.appendixB_harmonic_paper_floor' depends on axioms: [propext, Classical.choice, Quot.sound]
'ZhangLS.Spec.appendixB_source_cutoff_le_p1' depends on axioms: [propext, Classical.choice, Quot.sound]
'ZhangLS.Spec.appendixB_source_floor_geometry' depends on axioms: [propext, Classical.choice, Quot.sound]
'ZhangLS.Spec.appendixB_two_p1_le_floor_p' depends on axioms: [propext, Classical.choice, Quot.sound]
'ZhangLS.Spec.appendixB_source_gaussian_slice_quantitative' depends on axioms: [propext, Classical.choice, Quot.sound]
'ZhangLS.Spec.appendixBRhoGaussianIntegrand' depends on axioms: [propext, Classical.choice, Quot.sound]
'ZhangLS.Spec.appendixBRhoGaussianSeries' depends on axioms: [propext, Classical.choice, Quot.sound]
'ZhangLS.Spec.appendixBSourceGaussianSlice' depends on axioms: [propext, Classical.choice, Quot.sound]
'ZhangLS.Spec.appendixB_monomial_LSeries_term' depends on axioms: [propext, Classical.choice, Quot.sound]
'ZhangLS.Spec.appendixB_rho_gaussian_integrand_tsum' depends on axioms: [propext, Classical.choice, Quot.sound]
'ZhangLS.Spec.appendixB_rho_gaussian_mellin' depends on axioms: [propext, Classical.choice, Quot.sound]
'ZhangLS.Spec.appendixB_source_gaussian_integrand' depends on axioms: [propext, Classical.choice, Quot.sound]
'ZhangLS.Spec.appendixB_source_gaussian_numerator' depends on axioms: [propext, Classical.choice, Quot.sound]
'ZhangLS.Spec.appendixB_source_gaussian_slice_eq_sum' depends on axioms: [propext, Classical.choice, Quot.sound]
'ZhangLS.Spec.appendixB_source_gaussian_slice_mellin' depends on axioms: [propext, Classical.choice, Quot.sound]
'ZhangLS.Spec.appendixBFiniteGaussianSourceSlice' depends on axioms: [propext, Classical.choice, Quot.sound]
'ZhangLS.Spec.appendixB_rho_gaussian_finite_split' depends on axioms: [propext, Classical.choice, Quot.sound]
'ZhangLS.Spec.appendixB_source_gaussian_eq_rho_series' depends on axioms: [propext, Classical.choice, Quot.sound]
'ZhangLS.Spec.appendixB_source_gaussian_finite_error' depends on axioms: [propext, Classical.choice, Quot.sound]
'ZhangLS.Spec.appendixB_tail_actual_rectangle_circle' depends on axioms: [propext, Classical.choice, Quot.sound]
'ZhangLS.Spec.appendixBH14TerminalConstant' depends on axioms: [propext, Classical.choice, Quot.sound]
'ZhangLS.Spec.appendixB_actual_h14_exact_residue_power' depends on axioms: [propext, Classical.choice, Quot.sound]
'ZhangLS.Spec.appendixB_actual_h14_terminal_quantitative' depends on axioms: [propext, Classical.choice, Quot.sound]
'ZhangLS.Spec.appendixB_actual_h14_terminal_uniform' depends on axioms: [propext, Classical.choice, Quot.sound]
'ZhangLS.Spec.appendixB_tail_residue_exact_shift_independence' depends on axioms: [propext, Classical.choice, Quot.sound]
'ZhangLS.Spec.appendixB_tail_horizontal_bound' depends on axioms: [propext, Classical.choice, Quot.sound]
'ZhangLS.Spec.appendixB_actual_tail_left_uniform' depends on axioms: [propext, Classical.choice, Quot.sound]
'ZhangLS.Spec.appendixB_log_kernel_mono_negative' depends on axioms: [propext, Classical.choice, Quot.sound]
'ZhangLS.Spec.appendixB_tail_left_boundary_bound' depends on axioms: [propext, Classical.choice, Quot.sound]
'ZhangLS.Spec.appendixB_gaussian_multiplier_bound' depends on axioms: [propext, Classical.choice, Quot.sound]
'ZhangLS.Spec.appendixB_linear_gaussian_bound' depends on axioms: [propext, Classical.choice, Quot.sound]
'ZhangLS.Spec.appendixB_source_power_bracket' depends on axioms: [propext, Classical.choice, Quot.sound]
'ZhangLS.Spec.appendixB_tail_integrand_full_kernel_factorization' depends on axioms: [propext, Classical.choice, Quot.sound]
'ZhangLS.Spec.appendixB_tail_integrand_norm_transfer' depends on axioms: [propext, Classical.choice, Quot.sound]
'ZhangLS.Spec.appendixB_source_scale_log' depends on axioms: [propext, Classical.choice, Quot.sound]
'ZhangLS.Spec.appendixB_source_scales_uniform' depends on axioms: [propext, Classical.choice, Quot.sound]
'ZhangLS.Spec.appendixBStrictMonomial' depends on axioms: [propext, Classical.choice, Quot.sound]
'ZhangLS.Spec.appendixB_complement_ramp_identity' depends on axioms: [propext, Classical.choice, Quot.sound]
'ZhangLS.Spec.appendixB_monomial_excludes_equality' depends on axioms: [propext, Classical.choice, Quot.sound]
'ZhangLS.Spec.appendixB_positive_cpow_split' depends on axioms: [propext, Classical.choice, Quot.sound]
'ZhangLS.Spec.appendixB_truncated_ramp_identity' depends on axioms: [propext, Classical.choice, Quot.sound]
'ZhangLS.Spec.appendixB_actual_complement_endpoint' depends on axioms: [propext, Classical.choice, Quot.sound]
'ZhangLS.Spec.appendixB_printed_tail_literal' depends on axioms: [propext, Classical.choice, Quot.sound]
'ZhangLS.Spec.appendixB_terminal_tail_literal' depends on axioms: [propext, Classical.choice, Quot.sound]
'ZhangLS.Spec.appendixB_terminal_tail_sign' depends on axioms: [propext, Classical.choice, Quot.sound]
'ZhangLS.Spec.appendixB_actual_tail_beta_rate' depends on axioms: [propext, Classical.choice, Quot.sound]
'ZhangLS.Spec.appendixB_tail_model_beta_error' depends on axioms: [propext, Classical.choice, Quot.sound]
'ZhangLS.Spec.appendixB_tail_residue_local_error' depends on axioms: [propext, Classical.choice, Quot.sound]
'ZhangLS.Spec.appendixB_tail_zero_numerator_norm' depends on axioms: [propext, Classical.choice, Quot.sound]
'ZhangLS.Spec.appendixBRhoMonomialCoefficient' depends on axioms: [propext, Classical.choice, Quot.sound]
'ZhangLS.Spec.appendixB_actual_rho_far_gaussian' depends on axioms: [propext, Classical.choice, Quot.sound]
'ZhangLS.Spec.appendixB_actual_rho_finite_unsmoothing' depends on axioms: [propext, Classical.choice, Quot.sound]
'ZhangLS.Spec.appendixB_global_rho_monomial_bound' depends on axioms: [propext, Classical.choice, Quot.sound]
'ZhangLS.Spec.appendixB_log_ratio_step' depends on axioms: [propext, Classical.choice, Quot.sound]
'ZhangLS.Spec.appendixB_original_rho_monomial_bound' depends on axioms: [propext, Classical.choice, Quot.sound]
'ZhangLS.Spec.appendixB_rho_monomial_norm' depends on axioms: [propext, Classical.choice, Quot.sound]
'ZhangLS.Spec.appendixB_log_kernel_mono_positive' depends on axioms: [propext, Classical.choice, Quot.sound]
'ZhangLS.Spec.appendixB_source_standard_line_mellin' depends on axioms: [propext, Classical.choice, Quot.sound]
'ZhangLS.Spec.appendixB_tail_right_tails' depends on axioms: [propext, Classical.choice, Quot.sound]
'ZhangLS.Spec.appendixBSharpSourceSlice' depends on axioms: [propext, Classical.choice, Quot.sound]
'ZhangLS.Spec.appendixBSharpSourceTerm' depends on axioms: [propext, Classical.choice, Quot.sound]
'ZhangLS.Spec.appendixB_actual_complement_finite_integral' depends on axioms: [propext, Classical.choice, Quot.sound]
'ZhangLS.Spec.appendixB_affine_log_step_intervalIntegrable' depends on axioms: [propext, Classical.choice, Quot.sound]
'ZhangLS.Spec.appendixB_sharp_source_slice_intervalIntegrable' depends on axioms: [propext, Classical.choice, Quot.sound]
'ZhangLS.Spec.appendixB_sharp_source_term_eq_log' depends on axioms: [propext, Classical.choice, Quot.sound]
'ZhangLS.Spec.appendixB_sharp_source_term_integral' depends on axioms: [propext, Classical.choice, Quot.sound]
'ZhangLS.Spec.appendixB_sharp_source_term_intervalIntegrable' depends on axioms: [propext, Classical.choice, Quot.sound]
'ZhangLS.Spec.appendixB_scaled_log_step' depends on axioms: [propext, Classical.choice, Quot.sound]
'ZhangLS.Spec.appendixB_scaled_step_difference_integral' depends on axioms: [propext, Classical.choice, Quot.sound]
'ZhangLS.Spec.appendixB_strict_step_difference_integral' depends on axioms: [propext, Classical.choice, Quot.sound]
'ZhangLS.Spec.appendixB_strict_step_interval' depends on axioms: [propext, Classical.choice, Quot.sound]
'ZhangLS.Spec.appendixB_strict_step_intervalIntegrable' depends on axioms: [propext, Classical.choice, Quot.sound]
'ZhangLS.Spec.appendixB_actual_complement_step_integral' depends on axioms: [propext, Classical.choice, Quot.sound]
'ZhangLS.Spec.appendixB_complement_finite_sum' depends on axioms: [propext, Classical.choice, Quot.sound]
'ZhangLS.Spec.appendixB_exponential_complement_integral' depends on axioms: [propext, Classical.choice, Quot.sound]
'ZhangLS.Spec.appendixB_exponential_complement_ramp' depends on axioms: [propext, Classical.choice, Quot.sound]
'ZhangLS.Spec.appendixB_integer_log_cutoff' depends on axioms: [propext, Classical.choice, Quot.sound]
'ZhangLS.Spec.appendixB_log_step_difference_integral' depends on axioms: [propext, Classical.choice, Quot.sound]
'ZhangLS.Spec.appendixB_paper_power_exp' depends on axioms: [propext, Classical.choice, Quot.sound]
'ZhangLS.Spec.appendixBSingleUnsmoothingBudget' depends on axioms: [propext, Classical.choice, Quot.sound]
'ZhangLS.Spec.appendixB_finite_gaussian_sharp_error' depends on axioms: [propext, Classical.choice, Quot.sound]
'ZhangLS.Spec.appendixB_source_unsmoothing_uniform' depends on axioms: [propext, Classical.choice, Quot.sound]
'ZhangLS.Spec.appendixBComplementKernel' depends on axioms: [propext, Classical.choice, Quot.sound]
'ZhangLS.Spec.appendixBComplementKernelSum' depends on axioms: [propext, Classical.choice, Quot.sound]
'ZhangLS.Spec.appendixBTruncatedKernel' depends on axioms: [propext, Classical.choice, Quot.sound]
'ZhangLS.Spec.appendixBTruncatedKernelSum' depends on axioms: [propext, Classical.choice, Quot.sound]
'ZhangLS.Spec.appendixB_actual_h14_sum' depends on axioms: [propext, Classical.choice, Quot.sound]
'ZhangLS.Spec.appendixB_complement_terms_summable' depends on axioms: [propext, Classical.choice, Quot.sound]
'ZhangLS.Spec.appendixB_complement_zero_at_or_above' depends on axioms: [propext, Classical.choice, Quot.sound]
'ZhangLS.Spec.appendixB_complement_zero_below' depends on axioms: [propext, Classical.choice, Quot.sound]
'ZhangLS.Spec.appendixB_full_eq_h14_add_complement' depends on axioms: [propext, Classical.choice, Quot.sound]
'ZhangLS.Spec.appendixB_h14_is_actual_truncation' depends on axioms: [propext, Classical.choice, Quot.sound]
'ZhangLS.Spec.appendixB_kernel_exact_partition' depends on axioms: [propext, Classical.choice, Quot.sound]
'ZhangLS.Spec.appendixB_shifted_kernel_summable' depends on axioms: [propext, Classical.choice, Quot.sound]
'ZhangLS.Spec.appendixB_shifted_kernel_support' depends on axioms: [propext, Classical.choice, Quot.sound]
'ZhangLS.Spec.appendixB_tail_includes_equality' depends on axioms: [propext, Classical.choice, Quot.sound]
'ZhangLS.Spec.appendixB_truncated_terms_summable' depends on axioms: [propext, Classical.choice, Quot.sound]
'ZhangLS.Spec.appendixBIntegratedExactTailResidue' depends on axioms: [propext, Classical.choice, Quot.sound]
'ZhangLS.Spec.appendixB_actual_beta_ne_zero' depends on axioms: [propext, Classical.choice, Quot.sound]
'ZhangLS.Spec.appendixB_integrated_exact_tail_rate' depends on axioms: [propext, Classical.choice, Quot.sound]
'ZhangLS.Spec.appendixB_integrated_original_leading_tail' depends on axioms: [propext, Classical.choice, Quot.sound]
'ZhangLS.Spec.appendixB_integrated_tail_bstar_rate' depends on axioms: [propext, Classical.choice, Quot.sound]
'ZhangLS.Spec.appendixB_original_tail_leading_phase' depends on axioms: [propext, Classical.choice, Quot.sound]
'ZhangLS.Spec.appendixBGaussianBoundaryBand' depends on axioms: [propext, Classical.choice, Quot.sound]
'ZhangLS.Spec.appendixBGaussianStepError' depends on axioms: [propext, Classical.choice, Quot.sound]
'ZhangLS.Spec.appendixBStrictLogStep' depends on axioms: [propext, Classical.choice, Quot.sound]
'ZhangLS.Spec.appendixB_gaussian_finite_unsmoothing' depends on axioms: [propext, Classical.choice, Quot.sound]
'ZhangLS.Spec.appendixB_gaussian_step_endpoint' depends on axioms: [propext, Classical.choice, Quot.sound]
'ZhangLS.Spec.appendixB_gaussian_step_error_le_one' depends on axioms: [propext, Classical.choice, Quot.sound]
'ZhangLS.Spec.appendixB_gaussian_step_error_off_boundary' depends on axioms: [propext, Classical.choice, Quot.sound]
'ZhangLS.Spec.appendixB_gaussian_weight_unit_interval' depends on axioms: [propext, Classical.choice, Quot.sound]
'ZhangLS.Spec.appendixBUnsmoothingDecayConstant' depends on axioms: [propext, Classical.choice, Quot.sound]
'ZhangLS.Spec.appendixB_unsmoothing_budget_eventual_power' depends on axioms: [propext, Classical.choice, Quot.sound]
'ZhangLS.Spec.appendixB_unsmoothing_budget_polynomial' depends on axioms: [propext, Classical.choice, Quot.sound]
'ZhangLS.Spec.appendixB_unsmoothing_decay_constant_pos' depends on axioms: [propext, Classical.choice, Quot.sound]
'ZhangLS.Spec.actual151_b_first_cutoff_le_P' depends on axioms: [propext, Classical.choice, Quot.sound]
'ZhangLS.Spec.actual151_b_product_cutoff_le_P' depends on axioms: [propext, Classical.choice, Quot.sound]
'ZhangLS.Spec.actual151_b_second_cutoff_le_P' depends on axioms: [propext, Classical.choice, Quot.sound]
'ZhangLS.Spec.actual151_divisor_coordinates' depends on axioms: [propext, Classical.choice, Quot.sound]
'ZhangLS.Spec.actual151_kernel_pair_product_le_floor' depends on axioms: [propext, Classical.choice, Quot.sound]
'ZhangLS.Spec.actual151_psi_arithmetic_sum_finite' depends on axioms: [propext, Classical.choice, Quot.sound]
'ZhangLS.Spec.actual151_weight_tsum_finite' depends on axioms: [propext, Classical.choice, Quot.sound]
'ZhangLS.Spec.actual151FirstConstant' depends on axioms: [propext, Classical.choice, Quot.sound]
'ZhangLS.Spec.actual151FirstError' depends on axioms: [propext, Classical.choice, Quot.sound]
'ZhangLS.Spec.actual151FullFactor' depends on axioms: [propext, Classical.choice, Quot.sound]
'ZhangLS.Spec.actual151KernelError' depends on axioms: [propext, Classical.choice, Quot.sound]
'ZhangLS.Spec.actual151MainConstant' depends on axioms: [propext, Classical.choice, Quot.sound]
'ZhangLS.Spec.actual151RoughFactor' depends on axioms: [propext, Classical.choice, Quot.sound]
'ZhangLS.Spec.actual151SecondConstant' depends on axioms: [propext, Classical.choice, Quot.sound]
'ZhangLS.Spec.actual151SecondError' depends on axioms: [propext, Classical.choice, Quot.sound]
'ZhangLS.Spec.actual151_bounded_rough_removal_uniform' depends on axioms: [propext, Classical.choice, Quot.sound]
'ZhangLS.Spec.actual151_full_factor_linear' depends on axioms: [propext, Classical.choice, Quot.sound]
'ZhangLS.Spec.actual151_full_factors_uniform' depends on axioms: [propext, Classical.choice, Quot.sound]
'ZhangLS.Spec.actual151_linear_error' depends on axioms: [propext, Classical.choice, Quot.sound]
'ZhangLS.Spec.actual151_rough_factors_uniform' depends on axioms: [propext, Classical.choice, Quot.sound]
'ZhangLS.Spec.Lemma151RepairedQuantitativeTarget' depends on axioms: [propext, Classical.choice, Quot.sound]
'ZhangLS.Spec.actual151_main_constant_residue' depends on axioms: [propext, Classical.choice, Quot.sound]
'ZhangLS.Spec.actual151_repaired_quantitative' depends on axioms: [propext, Classical.choice, Quot.sound]
'ZhangLS.Spec.actual151_repaired_quantitative_character' depends on axioms: [propext, Classical.choice, Quot.sound]
'ZhangLS.Spec.actual151_rho_convolution_collision' depends on axioms: [propext, Classical.choice, Quot.sound]
'ZhangLS.Spec.actual151FirstConstantBound' depends on axioms: [propext, Classical.choice, Quot.sound]
'ZhangLS.Spec.actual151NuError' depends on axioms: [propext, Classical.choice, Quot.sound]
'ZhangLS.Spec.actual151PointwiseError' depends on axioms: [propext, Classical.choice, Quot.sound]
'ZhangLS.Spec.actual151ProductError' depends on axioms: [propext, Classical.choice, Quot.sound]
'ZhangLS.Spec.actual151SecondConstantBound' depends on axioms: [propext, Classical.choice, Quot.sound]
'ZhangLS.Spec.actual151_divisor_products_uniform' depends on axioms: [propext, Classical.choice, Quot.sound]
'ZhangLS.Spec.actual151_first_constant_le' depends on axioms: [propext, Classical.choice, Quot.sound]
'ZhangLS.Spec.actual151_product_error' depends on axioms: [propext, Classical.choice, Quot.sound]
'ZhangLS.Spec.actual151_rhostar_to_rho_uniform' depends on axioms: [propext, Classical.choice, Quot.sound]
'ZhangLS.Spec.actual151_second_constant_le' depends on axioms: [propext, Classical.choice, Quot.sound]
'ZhangLS.Spec.actual151FirstErrorConstant' depends on axioms: [propext, Classical.choice, Quot.sound]
'ZhangLS.Spec.actual151FullErrorConstant' depends on axioms: [propext, Classical.choice, Quot.sound]
'ZhangLS.Spec.actual151PointwiseConstant' depends on axioms: [propext, Classical.choice, Quot.sound]
'ZhangLS.Spec.actual151Rate' depends on axioms: [propext, Classical.choice, Quot.sound]
'ZhangLS.Spec.actual151SecondErrorConstant' depends on axioms: [propext, Classical.choice, Quot.sound]
'ZhangLS.Spec.actual151_collision_le_rate' depends on axioms: [propext, Classical.choice, Quot.sound]
'ZhangLS.Spec.actual151_factor_error_rates' depends on axioms: [propext, Classical.choice, Quot.sound]
'ZhangLS.Spec.actual151_outer_four_log_scale' depends on axioms: [propext, Classical.choice, Quot.sound]
'ZhangLS.Spec.actual151_pointwise_error_rate' depends on axioms: [propext, Classical.choice, Quot.sound]
'ZhangLS.Spec.actual151_pointwise_error_tendsto_zero' depends on axioms: [propext, Classical.choice, Quot.sound]
'ZhangLS.Spec.actual151_rate_le_one' depends on axioms: [propext, Classical.choice, Quot.sound]
'ZhangLS.Spec.actual151_rate_nonneg' depends on axioms: [propext, Classical.choice, Quot.sound]
'ZhangLS.Spec.actual151_repaired_power_uniform' depends on axioms: [propext, Classical.choice, Quot.sound]
'ZhangLS.Spec.actual151_zpow_le_rate' depends on axioms: [propext, Classical.choice, Quot.sound]
'ZhangLS.Spec.actual151_regression_P2' depends on axioms: [propext, Classical.choice, Quot.sound]
'ZhangLS.Spec.actual151_regression_actual_beta' depends on axioms: [propext, Classical.choice, Quot.sound]
'ZhangLS.Spec.actual151_regression_common_threshold' depends on axioms: [propext, Classical.choice, Quot.sound]
'ZhangLS.Spec.actual151_regression_floor_endpoint' depends on axioms: [propext, Classical.choice, Quot.sound]
'ZhangLS.Spec.actual151_regression_literal_target' depends on axioms: [propext, Classical.choice, Quot.sound]
'ZhangLS.Spec.actual151_regression_product_cutoff' depends on axioms: [propext, Classical.choice, Quot.sound]
'ZhangLS.Spec.actual151_regression_ramified_sum' depends on axioms: [propext, Classical.choice, Quot.sound]
'ZhangLS.Spec.actual151_regression_rate' depends on axioms: [propext, Classical.choice, Quot.sound]
'ZhangLS.Spec.actual151_regression_source_basis' depends on axioms: [propext, Classical.choice, Quot.sound]
'ZhangLS.Spec.actual151_regression_strict_h14' depends on axioms: [propext, Classical.choice, Quot.sound]
'ZhangLS.Spec.actual151_regression_tail_constant' depends on axioms: [propext, Classical.choice, Quot.sound]
'ZhangLS.Spec.actual151_b_weight_rough_rectangle' depends on axioms: [propext, Classical.choice, Quot.sound]
'ZhangLS.Spec.actual151_psi_arithmetic_sum_rectangle' depends on axioms: [propext, Classical.choice, Quot.sound]
'ZhangLS.Spec.actual151_rho_rough_rectangle' depends on axioms: [propext, Classical.choice, Quot.sound]
'ZhangLS.Spec.actual151_rough_domain_factor_closed' depends on axioms: [propext, Classical.choice, Quot.sound]
'ZhangLS.Spec.actual151_rough_domain_positive' depends on axioms: [propext, Classical.choice, Quot.sound]
'ZhangLS.Spec.actual151PaperVarpi' depends on axioms: [propext, Classical.choice, Quot.sound]
'ZhangLS.Spec.actual151_actual_M_weighted_substitution_uniform' depends on axioms: [propext, Classical.choice, Quot.sound]
'ZhangLS.Spec.actual151_actual_weighted_substitution_uniform' depends on axioms: [propext, Classical.choice, Quot.sound]
'ZhangLS.Spec.actual151_pointwise_constant_nonneg' depends on axioms: [propext, Classical.choice, Quot.sound]
'ZhangLS.Spec.actual151WeightedEulerConstant' depends on axioms: [propext, Classical.choice, Quot.sound]
'ZhangLS.Spec.actual151WeightedEulerPrimeConstant' depends on axioms: [propext, Classical.choice, Quot.sound]
'ZhangLS.Spec.actual151_norm_term_real' depends on axioms: [propext, Classical.choice, Quot.sound]
'ZhangLS.Spec.actual151_one_add_four_le_inv_four' depends on axioms: [propext, Classical.choice, Quot.sound]
'ZhangLS.Spec.actual151_prime_monomial_real' depends on axioms: [propext, Classical.choice, Quot.sound]
'ZhangLS.Spec.actual151_weighted_abs_euler_bound' depends on axioms: [propext, Classical.choice, Quot.sound]
'ZhangLS.Spec.actual151_weighted_abs_real_series_bound' depends on axioms: [propext, Classical.choice, Quot.sound]
'ZhangLS.Spec.actual151_weighted_euler_constant_pos' depends on axioms: [propext, Classical.choice, Quot.sound]
'ZhangLS.Spec.actual151_weighted_euler_majorant_summable' depends on axioms: [propext, Classical.choice, Quot.sound]
'ZhangLS.Spec.actual151_weighted_euler_prime_constant_nonneg' depends on axioms: [propext, Classical.choice, Quot.sound]
'ZhangLS.Spec.actual151_weighted_finite_correction_bound' depends on axioms: [propext, Classical.choice, Quot.sound]
'ZhangLS.Spec.actual151_weighted_local_euler_bound' depends on axioms: [propext, Classical.choice, Quot.sound]
'ZhangLS.Spec.actual151_Icc_prefix_rankin' depends on axioms: [propext, Classical.choice, Quot.sound]
'ZhangLS.Spec.actual151_abs_real_series_summable' depends on axioms: [propext, Classical.choice, Quot.sound]
'ZhangLS.Spec.actual151_finite_prefix_L_22_5_of_zeta' depends on axioms: [propext, Classical.choice, Quot.sound]
'ZhangLS.Spec.actual151_finite_prefix_log_fourth_of_zeta' depends on axioms: [propext, Classical.choice, Quot.sound]
'ZhangLS.Spec.actual151_finite_prefix_rankin' depends on axioms: [propext, Classical.choice, Quot.sound]
'ZhangLS.Spec.actual151_norm_lseries_term_real' depends on axioms: [propext, Classical.choice, Quot.sound]
'ZhangLS.Spec.actual151_norm_riemannZeta_real_le' depends on axioms: [propext, Classical.choice, Quot.sound]
'ZhangLS.Spec.actual151_rankin_sigma_gt_one' depends on axioms: [propext, Classical.choice, Quot.sound]
'ZhangLS.Spec.actual151_rankin_term_le' depends on axioms: [propext, Classical.choice, Quot.sound]
'ZhangLS.Spec.actual151_real_zeta_div_series_le' depends on axioms: [propext, Classical.choice, Quot.sound]
'ZhangLS.Spec.actual151_real_zeta_series_le' depends on axioms: [propext, Classical.choice, Quot.sound]
'ZhangLS.Spec.actual151_strict_prefix_rankin' depends on axioms: [propext, Classical.choice, Quot.sound]
'ZhangLS.Spec.actual151WeightedPrimeTailConstant' depends on axioms: [propext, Classical.choice, Quot.sound]
'ZhangLS.Spec.actual151_local_chi_varpi_at_prime' depends on axioms: [propext, Classical.choice, Quot.sound]
'ZhangLS.Spec.actual151_local_weighted_prime_norm' depends on axioms: [propext, Classical.choice, Quot.sound]
'ZhangLS.Spec.actual151_weighted_local_norm_series' depends on axioms: [propext, Classical.choice, Quot.sound]
'ZhangLS.Spec.actual151_weighted_prime_norm' depends on axioms: [propext, Classical.choice, Quot.sound]
'ZhangLS.Spec.actual151_weighted_prime_power_tail' depends on axioms: [propext, Classical.choice, Quot.sound]
'ZhangLS.Spec.actual151_weighted_prime_tail_constant_nonneg' depends on axioms: [propext, Classical.choice, Quot.sound]
'ZhangLS.Spec.actual151_weighted_prime_tail_majorant_summable' depends on axioms: [propext, Classical.choice, Quot.sound]
'ZhangLS.Spec.actual151WeightedPrefixConstant' depends on axioms: [propext, Classical.choice, Quot.sound]
'ZhangLS.Spec.actual151_actual_coefficient_prefix_bound' depends on axioms: [propext, Classical.choice, Quot.sound]
'ZhangLS.Spec.actual151_actual_paper_varpi_prefix' depends on axioms: [propext, Classical.choice, Quot.sound]
'ZhangLS.Spec.actual151_actual_varpi_weight_prefix_bound' depends on axioms: [propext, Classical.choice, Quot.sound]
'ZhangLS.Spec.actual151_weighted_prefix_constant_pos' depends on axioms: [propext, Classical.choice, Quot.sound]
'ZhangLS.Spec.actual151_weighted_prefix_error_scale' depends on axioms: [propext, Classical.choice, Quot.sound]
