'ZhangLS.Spec.lemma153_center_majorant_summable' depends on axioms: [propext, Classical.choice, Quot.sound]
'ZhangLS.Spec.lemma153_unramified_product_bound_pos' depends on axioms: [propext, Classical.choice, Quot.sound]
'ZhangLS.Spec.lemma153_finite_center_majorant_product_le' depends on axioms: [propext, Classical.choice, Quot.sound]
'ZhangLS.Spec.lemma153_ramified_center_norm_le_one' depends on axioms: [propext, Classical.choice, Quot.sound]
'ZhangLS.Spec.lemma153_prime_center_norm_le' depends on axioms: [propext, Classical.choice, Quot.sound]
'ZhangLS.Spec.lemma153CenterVariationConstant' depends on axioms: [propext, Classical.choice, Quot.sound]
'ZhangLS.Spec.lemma153_center_variation_majorant_summable' depends on axioms: [propext, Classical.choice, Quot.sound]
'ZhangLS.Spec.lemma153_center_variation_constant_pos' depends on axioms: [propext, Classical.choice, Quot.sound]
'ZhangLS.Spec.lemma153_ramified_center_difference_eq_zero' depends on axioms: [propext, Classical.choice, Quot.sound]
'ZhangLS.Spec.lemma153_finite_center_product_comparison' depends on axioms: [propext, Classical.choice, Quot.sound]
'ZhangLS.Spec.lemma153_repaired_euler_center_comparison' depends on axioms: [propext, Classical.choice, Quot.sound]
'ZhangLS.Spec.lemma153_repaired_center_main_comparison' depends on axioms: [propext, Classical.choice, Quot.sound]
'ZhangLS.Spec.lemma153_repaired_center_main_explicit' depends on axioms: [propext, Classical.choice, Quot.sound]
'ZhangLS.Spec.lemma153CenterShiftRadius' depends on axioms: [propext, Classical.choice, Quot.sound]
'ZhangLS.Spec.lemma153_center_shift_radius_pos' depends on axioms: [propext, Classical.choice, Quot.sound]
'ZhangLS.Spec.lemma153_small_parameters_of_radius' depends on axioms: [propext, Classical.choice, Quot.sound]
'ZhangLS.Spec.lemma153_repaired_center_neighborhood_comparison' depends on axioms: [propext,
 Classical.choice,
 Quot.sound]
'ZhangLS.Spec.lemma153PaperCenterConstant' depends on axioms: [propext, Classical.choice, Quot.sound]
'ZhangLS.Spec.lemma153_paper_center_constant_pos' depends on axioms: [propext, Classical.choice, Quot.sound]
'ZhangLS.Spec.lemma153_paper_shift_norm_sum_le' depends on axioms: [propext, Classical.choice, Quot.sound]
'ZhangLS.Spec.lemma153_paper_repaired_center_estimate' depends on axioms: [propext, Classical.choice, Quot.sound]
'ZhangLS.Spec.lemma153_paper_repaired_center_explicit' depends on axioms: [propext, Classical.choice, Quot.sound]
'ZhangLS.Spec.lemma153_shifted_prime_monomial' depends on axioms: [propext, Classical.choice, Quot.sound]
'ZhangLS.Spec.lemma153_actual_local_product_agreement' depends on axioms: [propext, Classical.choice, Quot.sound]
'ZhangLS.Spec.lemma153_actual_shifted_continuation' depends on axioms: [propext, Classical.choice, Quot.sound]
'ZhangLS.Spec.lemma153_paper_shifted_analytic_bridge' depends on axioms: [propext, Classical.choice, Quot.sound]
'ZhangLS.Spec.lemma153_actual_term_mul' depends on axioms: [propext, Classical.choice, Quot.sound]
'ZhangLS.Spec.lemma153_actual_prime_power_term' depends on axioms: [propext, Classical.choice, Quot.sound]
'ZhangLS.Spec.lemma153_actual_lseries_summable' depends on axioms: [propext, Classical.choice, Quot.sound]
'ZhangLS.Spec.lemma153_actual_dirichlet_series_hasProd' depends on axioms: [propext, Classical.choice, Quot.sound]
'ZhangLS.Spec.lemma153_actual_local_ratios' depends on axioms: [propext, Classical.choice, Quot.sound]
'ZhangLS.Spec.lemma153_actual_unramified_chi_varpi' depends on axioms: [propext, Classical.choice, Quot.sound]
'ZhangLS.Spec.lemma153_actual_prime_factor_extraction' depends on axioms: [propext, Classical.choice, Quot.sound]
'ZhangLS.Spec.lemma153_actual_local_ratio_bounds' depends on axioms: [propext, Classical.choice, Quot.sound]
'ZhangLS.Spec.lemma153_local_chi_varpi_norm' depends on axioms: [propext, Classical.choice, Quot.sound]
'ZhangLS.Spec.lemma153_actual_prime_power_norm' depends on axioms: [propext, Classical.choice, Quot.sound]
'ZhangLS.Spec.lemma153_local_norm_majorant_summable' depends on axioms: [propext, Classical.choice, Quot.sound]
'ZhangLS.Spec.lemma153_local_norm_constant_nonneg' depends on axioms: [propext, Classical.choice, Quot.sound]
'ZhangLS.Spec.lemma153_actual_local_norm_series' depends on axioms: [propext, Classical.choice, Quot.sound]
'ZhangLS.Spec.lemma153_base_closed_hasSum' depends on axioms: [propext, Classical.choice, Quot.sound]
'ZhangLS.Spec.lemma153_base_closed_correction_identity' depends on axioms: [propext, Classical.choice, Quot.sound]
'ZhangLS.Spec.lemma153_actual_local_correction' depends on axioms: [propext, Classical.choice, Quot.sound]
'ZhangLS.Spec.lemma153_base_local_nonzero' depends on axioms: [propext, Classical.choice, Quot.sound]
'ZhangLS.Spec.lemma153_reduced_center_lipschitz' depends on axioms: [propext, Classical.choice, Quot.sound]
'ZhangLS.Spec.lemma153_unramified_reduced_center' depends on axioms: [propext, Classical.choice, Quot.sound]
'ZhangLS.Spec.lemma153_center_prime_constant_pos' depends on axioms: [propext, Classical.choice, Quot.sound]
'ZhangLS.Spec.lemma153_unramified_center_comparison' depends on axioms: [propext, Classical.choice, Quot.sound]
'ZhangLS.Spec.lemma153_center_prime_comparison' depends on axioms: [propext, Classical.choice, Quot.sound]
'ZhangLS.Spec.lemma153_reduced_correction_identity' depends on axioms: [propext, Classical.choice, Quot.sound]
'ZhangLS.Spec.lemma153_mixed_ratio_reduction' depends on axioms: [propext, Classical.choice, Quot.sound]
'ZhangLS.Spec.lemma153_mixed_ratio_sub_one' depends on axioms: [propext, Classical.choice, Quot.sound]
'ZhangLS.Spec.lemma153_norm_mul_difference' depends on axioms: [propext, Classical.choice, Quot.sound]
'ZhangLS.Spec.lemma153_norm_square_difference' depends on axioms: [propext, Classical.choice, Quot.sound]
'ZhangLS.Spec.lemma153_lambda_one' depends on axioms: [propext, Classical.choice, Quot.sound]
'ZhangLS.Spec.lemma153_lambda_prime' depends on axioms: [propext, Classical.choice, Quot.sound]
'ZhangLS.Spec.lemma153_varpi_one' depends on axioms: [propext, Classical.choice, Quot.sound]
'ZhangLS.Spec.lemma153_varpi_prime' depends on axioms: [propext, Classical.choice, Quot.sound]
'ZhangLS.Spec.lemma153_unramified_factor_error' depends on axioms: [propext, Classical.choice, Quot.sound]
'ZhangLS.Spec.lemma153_ramified_factor_error' depends on axioms: [propext, Classical.choice, Quot.sound]
'ZhangLS.Spec.lemma153_majorant_nonneg' depends on axioms: [propext, Classical.choice, Quot.sound]
'ZhangLS.Spec.lemma153_majorant_summable' depends on axioms: [propext, Classical.choice, Quot.sound]
'ZhangLS.Spec.lemma153_prime_error_uniform' depends on axioms: [propext, Classical.choice, Quot.sound]
'ZhangLS.Spec.lemma153_prime_factor_differentiable' depends on axioms: [propext, Classical.choice, Quot.sound]
'ZhangLS.Spec.lemma153_products_locally_uniform' depends on axioms: [propext, Classical.choice, Quot.sound]
'ZhangLS.Spec.lemma153_euler_product_multipliable' depends on axioms: [propext, Classical.choice, Quot.sound]
'ZhangLS.Spec.lemma153_euler_product_analyticOnNhd' depends on axioms: [propext, Classical.choice, Quot.sound]
'ZhangLS.Spec.lemma153_euler_product_norm_bound' depends on axioms: [propext, Classical.choice, Quot.sound]
'ZhangLS.Spec.lemma153_finite_ite_hasProd' depends on axioms: [propext, Classical.choice, Quot.sound]
'ZhangLS.Spec.lemma153_finite_replacement_ratio' depends on axioms: [propext, Classical.choice, Quot.sound]
'ZhangLS.Spec.lemma153_mem_prime_divisor_set' depends on axioms: [propext, Classical.choice, Quot.sound]
'ZhangLS.Spec.lemma153_prime_divisor_set_power' depends on axioms: [propext, Classical.choice, Quot.sound]
'ZhangLS.Spec.lemma153_general_m_local_product_agreement' depends on axioms: [propext, Classical.choice, Quot.sound]
'ZhangLS.Spec.lemma153_general_m_actual_continuation' depends on axioms: [propext, Classical.choice, Quot.sound]
'ZhangLS.Spec.lemma153_general_m_baseline_prime' depends on axioms: [propext, Classical.choice, Quot.sound]
'ZhangLS.Spec.lemma153_general_m_baseline' depends on axioms: [propext, Classical.choice, Quot.sound]
'ZhangLS.Spec.lemma153_general_m_exception_bound_pos' depends on axioms: [propext, Classical.choice, Quot.sound]
'ZhangLS.Spec.lemma153_general_m_prime_error_bound' depends on axioms: [propext, Classical.choice, Quot.sound]
'ZhangLS.Spec.lemma153_prime_divisor_indicator_summable' depends on axioms: [propext, Classical.choice, Quot.sound]
'ZhangLS.Spec.lemma153_general_m_majorant_summable' depends on axioms: [propext, Classical.choice, Quot.sound]
'ZhangLS.Spec.lemma153_general_m_prime_differentiableOn' depends on axioms: [propext, Classical.choice, Quot.sound]
'ZhangLS.Spec.lemma153_general_m_products_locally_uniform' depends on axioms: [propext, Classical.choice, Quot.sound]
'ZhangLS.Spec.lemma153_general_m_euler_multipliable' depends on axioms: [propext, Classical.choice, Quot.sound]
'ZhangLS.Spec.lemma153_general_m_analyticOnNhd' depends on axioms: [propext, Classical.choice, Quot.sound]
'ZhangLS.Spec.lemma153_general_m_prime_power_unexcluded' depends on axioms: [propext, Classical.choice, Quot.sound]
'ZhangLS.Spec.lemma153_general_m_prime_power_l_unexcluded' depends on axioms: [propext, Classical.choice, Quot.sound]
'ZhangLS.Spec.lemma153_general_m_l_hasSum' depends on axioms: [propext, Classical.choice, Quot.sound]
'ZhangLS.Spec.lemma153_general_m_local_agreement' depends on axioms: [propext, Classical.choice, Quot.sound]
'ZhangLS.Spec.lemma153_general_m_prime_norm_le' depends on axioms: [propext, Classical.choice, Quot.sound]
'ZhangLS.Spec.lemma153_general_m_local_norm_series' depends on axioms: [propext, Classical.choice, Quot.sound]
'ZhangLS.Spec.lemma153_general_m_local_ratio' depends on axioms: [propext, Classical.choice, Quot.sound]
'ZhangLS.Spec.lemma153_general_m_ratio' depends on axioms: [propext, Classical.choice, Quot.sound]
'ZhangLS.Spec.lemma153_general_m_prime_power_ratio' depends on axioms: [propext, Classical.choice, Quot.sound]
'ZhangLS.Spec.lemma153_general_m_term_mul' depends on axioms: [propext, Classical.choice, Quot.sound]
'ZhangLS.Spec.lemma153_general_m_prime_power_term' depends on axioms: [propext, Classical.choice, Quot.sound]
'ZhangLS.Spec.lemma153_general_m_lseries_summable' depends on axioms: [propext, Classical.choice, Quot.sound]
'ZhangLS.Spec.lemma153_general_m_dirichlet_series_hasProd' depends on axioms: [propext, Classical.choice, Quot.sound]
'ZhangLS.Spec.lemma153_local_removal_norm_le' depends on axioms: [propext, Classical.choice, Quot.sound]
'ZhangLS.Spec.lemma153_base_norm_lower' depends on axioms: [propext, Classical.choice, Quot.sound]
'ZhangLS.Spec.lemma153_shifted_correction_error_bound' depends on axioms: [propext, Classical.choice, Quot.sound]
'ZhangLS.Spec.lemma153_local_chi_varpi_eq' depends on axioms: [propext, Classical.choice, Quot.sound]
'ZhangLS.Spec.lemma153_actual_local_hasSum' depends on axioms: [propext, Classical.choice, Quot.sound]
'ZhangLS.Spec.lemma153_shifted_local_extraction' depends on axioms: [propext, Classical.choice, Quot.sound]
'ZhangLS.Spec.lemma153_shifted_local_polynomial' depends on axioms: [propext, Classical.choice, Quot.sound]
'ZhangLS.Spec.lemma153_original_shifted_difference' depends on axioms: [propext, Classical.choice, Quot.sound]
'ZhangLS.Spec.lemma153_first_coefficient_shift_error' depends on axioms: [propext, Classical.choice, Quot.sound]
'ZhangLS.Spec.lemma153_shifted_free_factor' depends on axioms: [propext, Classical.choice, Quot.sound]
'ZhangLS.Spec.lemma153_zero_center_factor' depends on axioms: [propext, Classical.choice, Quot.sound]
'ZhangLS.Spec.lemma153_zero_center_equals_main' depends on axioms: [propext, Classical.choice, Quot.sound]
'ZhangLS.Spec.lemma153_zero_center_factor_real' depends on axioms: [propext, Classical.choice, Quot.sound]
'ZhangLS.Spec.lemma153_real_product_ge_one' depends on axioms: [propext, Classical.choice, Quot.sound]
'ZhangLS.Spec.lemma153_zero_center_re_ge_one' depends on axioms: [propext, Classical.choice, Quot.sound]
'ZhangLS.Spec.lemma153_main_re_ge_one' depends on axioms: [propext, Classical.choice, Quot.sound]
'ZhangLS.Spec.lemma153_main_norm_ge_one' depends on axioms: [propext, Classical.choice, Quot.sound]
'ZhangLS.Spec.lemma153_main_ne_zero' depends on axioms: [propext, Classical.choice, Quot.sound]
'ZhangLS.Spec.lemma153_nonzero_of_center_distance_lt_one' depends on axioms: [propext, Classical.choice, Quot.sound]
'ZhangLS.Spec.lemma153_mixed_prime_comparison' depends on axioms: [propext, Classical.choice, Quot.sound]
'ZhangLS.Spec.lemma153_quotient_difference_bound' depends on axioms: [propext, Classical.choice, Quot.sound]
'ZhangLS.Spec.lemma153_lambda_shift_variation' depends on axioms: [propext, Classical.choice, Quot.sound]
'ZhangLS.Spec.lemma153_prime_normalizer_lower' depends on axioms: [propext, Classical.choice, Quot.sound]
'ZhangLS.Spec.lemma153_actual_mixed_ratio_reduction' depends on axioms: [propext, Classical.choice, Quot.sound]
'ZhangLS.Spec.lemma153_paper_beta_norm_le' depends on axioms: [propext, Classical.choice, Quot.sound]
'ZhangLS.Spec.lemma153_normalization_nonzero_threshold' depends on axioms: [propext, Classical.choice, Quot.sound]
'ZhangLS.Spec.lemma153_prime_factor_nonzero_of_product' depends on axioms: [propext, Classical.choice, Quot.sound]
'ZhangLS.Spec.lemma153_original_normalization_on_convergence' depends on axioms: [propext, Classical.choice, Quot.sound]
'ZhangLS.Spec.lemma153_small_parameters_threshold' depends on axioms: [propext, Classical.choice, Quot.sound]
'ZhangLS.Spec.lemma153_paper_product_analytic_bounded' depends on axioms: [propext, Classical.choice, Quot.sound]
'ZhangLS.Spec.lemma153_local_compatibility' depends on axioms: [propext, Classical.choice, Quot.sound]
'ZhangLS.Spec.lemma153_coefficient_prime_power_d' depends on axioms: [propext, Classical.choice, Quot.sound]
'ZhangLS.Spec.lemma153_coefficient_prime_power_l' depends on axioms: [propext, Classical.choice, Quot.sound]
'ZhangLS.Spec.lemma153_coefficient_d_hasSum' depends on axioms: [propext, Classical.choice, Quot.sound]
'ZhangLS.Spec.lemma153_coefficient_l_hasSum' depends on axioms: [propext, Classical.choice, Quot.sound]
'ZhangLS.Spec.lemma153_lambda_prime_power' depends on axioms: [propext, Classical.choice, Quot.sound]
'ZhangLS.Spec.lemma153_cpow_prime_power' depends on axioms: [propext, Classical.choice, Quot.sound]
'ZhangLS.Spec.lemma153_character_prime_power' depends on axioms: [propext, Classical.choice, Quot.sound]
'ZhangLS.Spec.lemma153_quadratic_power_cancel' depends on axioms: [propext, Classical.choice, Quot.sound]
'ZhangLS.Spec.lemma153_h2_one_sum' depends on axioms: [propext, Classical.choice, Quot.sound]
'ZhangLS.Spec.lemma153_local_kernel_finite_sum' depends on axioms: [propext, Classical.choice, Quot.sound]
'ZhangLS.Spec.lemma153_chi_varpi_prime_power' depends on axioms: [propext, Classical.choice, Quot.sound]
'ZhangLS.Spec.lemma153_actual_prime_power_extraction' depends on axioms: [propext, Classical.choice, Quot.sound]
'ZhangLS.Spec.lemma153_coefficient_one' depends on axioms: [propext, Classical.choice, Quot.sound]
'ZhangLS.Spec.lemma153_coefficient_ramified_prime_power' depends on axioms: [propext, Classical.choice, Quot.sound]
'ZhangLS.Spec.lemma153_ramified_local_hasSum' depends on axioms: [propext, Classical.choice, Quot.sound]
'ZhangLS.Spec.lemma153_ramified_local_extraction' depends on axioms: [propext, Classical.choice, Quot.sound]
'ZhangLS.Spec.lemma153_ramified_factor_bound' depends on axioms: [propext, Classical.choice, Quot.sound]
'ZhangLS.Spec.lemma153_ramified_product_bound' depends on axioms: [propext, Classical.choice, Quot.sound]
'ZhangLS.Spec.lemma153_ramified_strip_monomial' depends on axioms: [propext, Classical.choice, Quot.sound]
'ZhangLS.Spec.lemma153_ramified_strip_product' depends on axioms: [propext, Classical.choice, Quot.sound]
'ZhangLS.Spec.lemma153_prime_divisor_set_prod' depends on axioms: [propext, Classical.choice, Quot.sound]
'ZhangLS.Spec.lemma153_euler_product_separated_bound' depends on axioms: [propext, Classical.choice, Quot.sound]
'ZhangLS.Spec.lemma153_euler_product_strip_bound' depends on axioms: [propext, Classical.choice, Quot.sound]
'ZhangLS.Spec.lemma153_kappa_rational_bounds' depends on axioms: [propext, Classical.choice, Quot.sound]
'ZhangLS.Spec.lemma153_lambda_rational_difference' depends on axioms: [propext, Classical.choice, Quot.sound]
'ZhangLS.Spec.lemma153_base_norm_difference' depends on axioms: [propext, Classical.choice, Quot.sound]
'ZhangLS.Spec.lemma153_normalized_ratio_bounds' depends on axioms: [propext, Classical.choice, Quot.sound]
'ZhangLS.Spec.lemma153_strip_constant_pos' depends on axioms: [propext, Classical.choice, Quot.sound]
'ZhangLS.Spec.lemma153_repaired_proved' depends on axioms: [propext, Classical.choice, Quot.sound]
'ZhangLS.Spec.lemma153_with_shared_shift_constant' depends on axioms: [propext, Classical.choice, Quot.sound]
'ZhangLS.Spec.lemma153_weighted_kappa_hasSum' depends on axioms: [propext, Classical.choice, Quot.sound]
'ZhangLS.Spec.lemma153_diagonal_antidiagonal' depends on axioms: [propext, Classical.choice, Quot.sound]
'ZhangLS.Spec.lemma153_tail_diagonal_hasSum' depends on axioms: [propext, Classical.choice, Quot.sound]
'ZhangLS.Spec.lemma153_tail_closed_hasSum' depends on axioms: [propext, Classical.choice, Quot.sound]
'ZhangLS.Spec.lemma153_general_m_prime_pair_mul' depends on axioms: [propext, Classical.choice, Quot.sound]
'ZhangLS.Spec.lemma153_general_m_pair_mul' depends on axioms: [propext, Classical.choice, Quot.sound]
'ZhangLS.Spec.lemma153_general_m_normalized_pair_mul' depends on axioms: [propext, Classical.choice, Quot.sound]
'ZhangLS.Spec.lemma153_lambda_mul' depends on axioms: [propext, Classical.choice, Quot.sound]
'ZhangLS.Spec.lemma153_actual_varpi_kernel_one' depends on axioms: [propext, Classical.choice, Quot.sound]
'ZhangLS.Spec.lemma153_actual_varpi_kernel_mul' depends on axioms: [propext, Classical.choice, Quot.sound]
'ZhangLS.Spec.lemma153_actual_varpi_arithmetic_eq' depends on axioms: [propext, Classical.choice, Quot.sound]
'ZhangLS.Spec.lemma153_actual_varpi_multiplicative' depends on axioms: [propext, Classical.choice, Quot.sound]
'ZhangLS.Spec.lemma153_actual_coefficient_multiplicative' depends on axioms: [propext, Classical.choice, Quot.sound]
'ZhangLS.Spec.lemma153_tau_two_prime_power' depends on axioms: [propext, Classical.choice, Quot.sound]
'ZhangLS.Spec.lemma153_coefficient_prime' depends on axioms: [propext, Classical.choice, Quot.sound]
'ZhangLS.Spec.lemma153_weighted_geometric_hasSum' depends on axioms: [propext, Classical.choice, Quot.sound]
'ZhangLS.Spec.lemma153_weighted_h2_hasSum' depends on axioms: [propext, Classical.choice, Quot.sound]
'ZhangLS.Spec.lemma153_zero_b_ne_zero' depends on axioms: [propext, Classical.choice, Quot.sound]
'ZhangLS.Spec.lemma153_zero_b_compatibility' depends on axioms: [propext, Classical.choice, Quot.sound]
'ZhangLS.Spec.lemma153_zero_center_local_value' depends on axioms: [propext, Classical.choice, Quot.sound]
'ZhangLS.Spec.lemma153_lambda_zero_shifts' depends on axioms: [propext, Classical.choice, Quot.sound]
'ZhangLS.Spec.lemma153_zero_kappa_prime_power' depends on axioms: [propext, Classical.choice, Quot.sound]
'ZhangLS.Spec.lemma153_zero_coefficient_prime_power' depends on axioms: [propext, Classical.choice, Quot.sound]
'ZhangLS.Spec.lemma153_zero_base_hasSum' depends on axioms: [propext, Classical.choice, Quot.sound]
'ZhangLS.Spec.lemma153_zero_parameters' depends on axioms: [propext, Classical.choice, Quot.sound]
'ZhangLS.Spec.lemma153_zero_baseline_expression' depends on axioms: [propext, Classical.choice, Quot.sound]
'ZhangLS.Spec.lemma153_actual_zero_baseline' depends on axioms: [propext, Classical.choice, Quot.sound]
'ZhangLS.Spec.lemma153_zero_c_expression' depends on axioms: [propext, Classical.choice, Quot.sound]
'ZhangLS.Spec.lemma153_kappa_rational_zero' depends on axioms: [propext, Classical.choice, Quot.sound]
'ZhangLS.Spec.lemma153_unramified_zero_center' depends on axioms: [propext, Classical.choice, Quot.sound]
'ZhangLS.Spec.lemma153_prime_zero_center' depends on axioms: [propext, Classical.choice, Quot.sound]
'ZhangLS.Spec.lemma153_ramified_totient_product' depends on axioms: [propext, Classical.choice, Quot.sound]
'ZhangLS.Spec.lemma153_zero_product_equals_main' depends on axioms: [propext, Classical.choice, Quot.sound]
