'ZhangLS.Spec.roughCollision_twist_multiplicative' depends on axioms: [propext, Classical.choice, Quot.sound]
'ZhangLS.Spec.roughCollision_rho_multiplicative' depends on axioms: [propext, Classical.choice, Quot.sound]
'ZhangLS.Spec.roughCollision_rho_tau_bound' depends on axioms: [propext, Classical.choice, Quot.sound]
'ZhangLS.Spec.roughCollision_rho_defect' depends on axioms: [propext, Classical.choice, Quot.sound]
'ZhangLS.Spec.roughCollision_common_prime_lower' depends on axioms: [propext, Classical.choice, Quot.sound]
'ZhangLS.Spec.roughCollision_multiple_subset' depends on axioms: [propext, Classical.choice, Quot.sound]
'ZhangLS.Spec.roughCollision_multiple_harmonic_bound' depends on axioms: [propext, Classical.choice, Quot.sound]
'ZhangLS.Spec.roughCollision_tau_prime' depends on axioms: [propext, Classical.choice, Quot.sound]
'ZhangLS.Spec.roughCollision_prime_multiple_bound' depends on axioms: [propext, Classical.choice, Quot.sound]
'ZhangLS.Spec.roughCollisionPrimes' depends on axioms: [propext, Classical.choice, Quot.sound]
'ZhangLS.Spec.roughCollision_prime_cover' depends on axioms: [propext, Classical.choice, Quot.sound]
'ZhangLS.Spec.roughCollision_prime_square_tail' depends on axioms: [propext, Classical.choice, Quot.sound]
'ZhangLS.Spec.roughCollision_tau_mass' depends on axioms: [propext, Classical.choice, Quot.sound]
'ZhangLS.Spec.roughCollisionDomain' depends on axioms: [propext, Classical.choice, Quot.sound]
'ZhangLS.Spec.roughCollision_weighted_defect_bound' depends on axioms: [propext, Classical.choice, Quot.sound]
'ZhangLS.Spec.roughCollision_kernel_factorization' depends on axioms: [propext, Classical.choice, Quot.sound]
'ZhangLS.Spec.roughCollision_actual_source_kernels' depends on axioms: [propext, Classical.choice, Quot.sound]
'ZhangLS.Spec.roughCollisionUniformBudget' depends on axioms: [propext, Classical.choice, Quot.sound]
'ZhangLS.Spec.roughCollisionNormalizedConstant' depends on axioms: [propext, Classical.choice, Quot.sound]
'ZhangLS.Spec.roughCollision_harmonic_budget' depends on axioms: [propext, Classical.choice, Quot.sound]
'ZhangLS.Spec.roughCollision_normalized_budget' depends on axioms: [propext, Classical.choice, Quot.sound]
'ZhangLS.Spec.roughCollision_budget_isLittleO_alpha' depends on axioms: [propext, Classical.choice, Quot.sound]
'ZhangLS.Spec.roughCollision_actual_source_uniform' depends on axioms: [propext, Classical.choice, Quot.sound]
'ZhangLS.Spec.roughCollision_supported_coprime' depends on axioms: [propext, Classical.choice, Quot.sound]
'ZhangLS.Spec.roughCollision_actual_B_smooth_split' depends on axioms: [propext, Classical.choice, Quot.sound]
'ZhangLS.Spec.roughCollisionSourceDefect' depends on axioms: [propext, Classical.choice, Quot.sound]
'ZhangLS.Spec.roughCollision_source_divisor_sum' depends on axioms: [propext, Classical.choice, Quot.sound]
'ZhangLS.Spec.roughCollision_source_character_divisor_sum' depends on axioms: [propext, Classical.choice, Quot.sound]
'ZhangLS.Spec.roughCollision_rho_prime_exact' depends on axioms: [propext, Classical.choice, Quot.sound]
'ZhangLS.Spec.roughCollision_rho_prime_square_exact' depends on axioms: [propext, Classical.choice, Quot.sound]
'ZhangLS.Spec.roughCollision_prime_collision_identity' depends on axioms: [propext, Classical.choice, Quot.sound]
'ZhangLS.Spec.roughCollision_H14_boundary' depends on axioms: [propext, Classical.choice, Quot.sound]
'ZhangLS.Spec.roughCollision_literal_B3_zero' depends on axioms: [propext, Classical.choice, Quot.sound]
'ZhangLS.Spec.roughCollision_U_expanded' depends on axioms: [propext, Classical.choice, Quot.sound]
'ZhangLS.Spec.roughCollision_V_expanded' depends on axioms: [propext, Classical.choice, Quot.sound]
'ZhangLS.Spec.roughCollision_rough_domain_expanded' depends on axioms: [propext, Classical.choice, Quot.sound]
'ZhangLS.Spec.roughCollision_small_prime_excluded' depends on axioms: [propext, Classical.choice, Quot.sound]
'ZhangLS.Spec.roughCollision_constant_expanded' depends on axioms: [propext, Classical.choice, Quot.sound]
'ZhangLS.Spec.roughCollision_supported_one' depends on axioms: [propext, Classical.choice, Quot.sound]
'ZhangLS.Spec.roughCollision_rhostar_is_actual_nu' depends on axioms: [propext, Classical.choice, Quot.sound]
