'ZhangLS.Spec.lemma83PaperBeta' depends on axioms: [propext, Classical.choice, Quot.sound]
'ZhangLS.Spec.lemma83_beta_re' depends on axioms: [propext, Classical.choice, Quot.sound]
'ZhangLS.Spec.lemma83PowerCoefficient' depends on axioms: [propext, Classical.choice, Quot.sound]
'ZhangLS.Spec.lemma83_power_coefficient_multiplicative' depends on axioms: [propext, Classical.choice, Quot.sound]
'ZhangLS.Spec.lemma83Kappa' depends on axioms: [propext, Classical.choice, Quot.sound]
'ZhangLS.Spec.lemma83_kappa_multiplicative' depends on axioms: [propext, Classical.choice, Quot.sound]
'ZhangLS.Spec.lemma83_kappa_one' depends on axioms: [propext, Classical.choice, Quot.sound]
'ZhangLS.Spec.Lemma83SupportedIndex' depends on axioms: [propext, Classical.choice, Quot.sound]
'ZhangLS.Spec.lemma83ModifiedKappa' depends on axioms: [propext, Classical.choice, Quot.sound]
'ZhangLS.Spec.lemma83LambdaFactor' depends on axioms: [propext, Classical.choice, Quot.sound]
'ZhangLS.Spec.lemma83Lambda' depends on axioms: [propext, Classical.choice, Quot.sound]
'ZhangLS.Spec.lemma83ModifiedLambda' depends on axioms: [propext, Classical.choice, Quot.sound]
'ZhangLS.Spec.lemma83Xi' depends on axioms: [propext, Classical.choice, Quot.sound]
'ZhangLS.Spec.lemma83XiDirichletSeries' depends on axioms: [propext, Classical.choice, Quot.sound]
'ZhangLS.Spec.lemma83Pi' depends on axioms: [propext, Classical.choice, Quot.sound]
'ZhangLS.Spec.Lemma83Continuation' depends on axioms: [propext, Classical.choice, Quot.sound]
'ZhangLS.Spec.Lemma83Target' depends on axioms: [propext, Classical.choice, Quot.sound]
'ZhangLS.Spec.lemma83KappaRational' depends on axioms: [propext, Classical.choice, Quot.sound]
'ZhangLS.Spec.lemma83TailRational' depends on axioms: [propext, Classical.choice, Quot.sound]
'ZhangLS.Spec.lemma83RegularXiRational' depends on axioms: [propext, Classical.choice, Quot.sound]
'ZhangLS.Spec.lemma83LocalRemoval' depends on axioms: [propext, Classical.choice, Quot.sound]
'ZhangLS.Spec.lemma83RegularCorrection' depends on axioms: [propext, Classical.choice, Quot.sound]
'ZhangLS.Spec.lemma83RCorrection' depends on axioms: [propext, Classical.choice, Quot.sound]
'ZhangLS.Spec.lemma83DCorrection' depends on axioms: [propext, Classical.choice, Quot.sound]
'ZhangLS.Spec.lemma83_regular_correction_identity' depends on axioms: [propext, Classical.choice, Quot.sound]
'ZhangLS.Spec.lemma83_r_correction_identity' depends on axioms: [propext, Classical.choice, Quot.sound]
'ZhangLS.Spec.lemma83_d_correction_identity' depends on axioms: [propext, Classical.choice, Quot.sound]
'ZhangLS.Spec.lemma83_regular_correction_ramified' depends on axioms: [propext, Classical.choice, Quot.sound]
'ZhangLS.Spec.lemma83_r_correction_ramified' depends on axioms: [propext, Classical.choice, Quot.sound]
'ZhangLS.Spec.lemma83_d_correction_ramified' depends on axioms: [propext, Classical.choice, Quot.sound]
'ZhangLS.Spec.lemma83_regular_correction_zero_shift' depends on axioms: [propext, Classical.choice, Quot.sound]
'ZhangLS.Spec.lemma83_r_correction_zero_shift' depends on axioms: [propext, Classical.choice, Quot.sound]
'ZhangLS.Spec.lemma83_d_correction_zero_shift' depends on axioms: [propext, Classical.choice, Quot.sound]
'ZhangLS.Spec.lemma83_d_correction_two_zero' depends on axioms: [propext, Classical.choice, Quot.sound]
'ZhangLS.Spec.lemma83RegularRadius' depends on axioms: [propext, Classical.choice, Quot.sound]
'ZhangLS.Spec.lemma83RegularConstant' depends on axioms: [propext, Classical.choice, Quot.sound]
'ZhangLS.Spec.lemma83_regular_radius_pos' depends on axioms: [propext, Classical.choice, Quot.sound]
'ZhangLS.Spec.lemma83_regular_radius_lt_one' depends on axioms: [propext, Classical.choice, Quot.sound]
'ZhangLS.Spec.lemma83_regular_constant_pos' depends on axioms: [propext, Classical.choice, Quot.sound]
'ZhangLS.Spec.lemma83_regular_correction_norm_error' depends on axioms: [propext, Classical.choice, Quot.sound]
'ZhangLS.Spec.lemma83_prime_monomial_norm_rpow' depends on axioms: [propext, Classical.choice, Quot.sound]
'ZhangLS.Spec.lemma83_shift_monomial_norm' depends on axioms: [propext, Classical.choice, Quot.sound]
'ZhangLS.Spec.lemma83_t_monomial_norm' depends on axioms: [propext, Classical.choice, Quot.sound]
'ZhangLS.Spec.lemma83_character_monomial_norm_le' depends on axioms: [propext, Classical.choice, Quot.sound]
'ZhangLS.Spec.lemma83_character_monomial_norm_radius' depends on axioms: [propext, Classical.choice, Quot.sound]
'ZhangLS.Spec.lemma83RegularPrimeFactor' depends on axioms: [propext, Classical.choice, Quot.sound]
'ZhangLS.Spec.lemma83_regular_prime_error_uniform' depends on axioms: [propext, Classical.choice, Quot.sound]
'ZhangLS.Spec.lemma83_regular_prime_factor_differentiableOn' depends on axioms: [propext, Classical.choice, Quot.sound]
'ZhangLS.Spec.lemma83RestrictedRegularFactor' depends on axioms: [propext, Classical.choice, Quot.sound]
'ZhangLS.Spec.lemma83RegularEulerProduct' depends on axioms: [propext, Classical.choice, Quot.sound]
'ZhangLS.Spec.lemma83_restricted_regular_factor_differentiableOn' depends on axioms: [propext,
 Classical.choice,
 Quot.sound]
'ZhangLS.Spec.lemma83_restricted_regular_error_uniform' depends on axioms: [propext, Classical.choice, Quot.sound]
'ZhangLS.Spec.lemma83_regular_majorant_summable' depends on axioms: [propext, Classical.choice, Quot.sound]
'ZhangLS.Spec.lemma83_regular_products_locally_uniform' depends on axioms: [propext, Classical.choice, Quot.sound]
'ZhangLS.Spec.lemma83_regular_euler_product_multipliable' depends on axioms: [propext, Classical.choice, Quot.sound]
'ZhangLS.Spec.lemma83_regular_euler_product_analyticOnNhd' depends on axioms: [propext, Classical.choice, Quot.sound]
'ZhangLS.Spec.lemma83RegularProductBound' depends on axioms: [propext, Classical.choice, Quot.sound]
'ZhangLS.Spec.lemma83_regular_product_bound_pos' depends on axioms: [propext, Classical.choice, Quot.sound]
'ZhangLS.Spec.lemma83_regular_finite_product_bound' depends on axioms: [propext, Classical.choice, Quot.sound]
'ZhangLS.Spec.lemma83_regular_euler_product_bound' depends on axioms: [propext, Classical.choice, Quot.sound]
'ZhangLS.Spec.lemma83_regular_prime_factor_zero_shift' depends on axioms: [propext, Classical.choice, Quot.sound]
'ZhangLS.Spec.lemma83_restricted_regular_factor_zero_shift' depends on axioms: [propext, Classical.choice, Quot.sound]
'ZhangLS.Spec.lemma83_regular_euler_product_zero_shift' depends on axioms: [propext, Classical.choice, Quot.sound]
'ZhangLS.Spec.lemma83ExceptionalPrimeFactor' depends on axioms: [propext, Classical.choice, Quot.sound]
'ZhangLS.Spec.lemma83ExceptionalEulerProduct' depends on axioms: [propext, Classical.choice, Quot.sound]
'ZhangLS.Spec.lemma83EulerCorrection' depends on axioms: [propext, Classical.choice, Quot.sound]
'ZhangLS.Spec.lemma83_shifted_character_norm_le' depends on axioms: [propext, Classical.choice, Quot.sound]
'ZhangLS.Spec.lemma83_shifted_character_norm_radius' depends on axioms: [propext, Classical.choice, Quot.sound]
'ZhangLS.Spec.lemma83_shifted_character_denominator_ne_zero' depends on axioms: [propext, Classical.choice, Quot.sound]
'ZhangLS.Spec.lemma83_exceptional_prime_differentiableOn' depends on axioms: [propext, Classical.choice, Quot.sound]
'ZhangLS.Spec.lemma83_exceptional_product_analyticOnNhd' depends on axioms: [propext, Classical.choice, Quot.sound]
'ZhangLS.Spec.lemma83_euler_correction_analyticOnNhd' depends on axioms: [propext, Classical.choice, Quot.sound]
'ZhangLS.Spec.lemma83_r_correction_sub_one' depends on axioms: [propext, Classical.choice, Quot.sound]
'ZhangLS.Spec.lemma83_d_correction_sub_one' depends on axioms: [propext, Classical.choice, Quot.sound]
'ZhangLS.Spec.lemma83ExceptionalConstant' depends on axioms: [propext, Classical.choice, Quot.sound]
'ZhangLS.Spec.lemma83_exceptional_constant_pos' depends on axioms: [propext, Classical.choice, Quot.sound]
'ZhangLS.Spec.lemma83_r_correction_norm_error' depends on axioms: [propext, Classical.choice, Quot.sound]
'ZhangLS.Spec.lemma83_d_correction_norm_error' depends on axioms: [propext, Classical.choice, Quot.sound]
'ZhangLS.Spec.lemma83_exceptional_prime_error_bound' depends on axioms: [propext, Classical.choice, Quot.sound]
'ZhangLS.Spec.lemma83_exceptional_prime_bound' depends on axioms: [propext, Classical.choice, Quot.sound]
'ZhangLS.Spec.lemma83_exceptional_product_bound' depends on axioms: [propext, Classical.choice, Quot.sound]
'ZhangLS.Spec.lemma83_euler_correction_bound' depends on axioms: [propext, Classical.choice, Quot.sound]
'ZhangLS.Spec.lemma83_prime_monomial_one' depends on axioms: [propext, Classical.choice, Quot.sound]
'ZhangLS.Spec.lemma83_exceptional_prime_zero_shift' depends on axioms: [propext, Classical.choice, Quot.sound]
'ZhangLS.Spec.lemma83_exceptional_prime_set' depends on axioms: [propext, Classical.choice, Quot.sound]
'ZhangLS.Spec.lemma83_exceptional_product_zero_shift' depends on axioms: [propext, Classical.choice, Quot.sound]
'ZhangLS.Spec.lemma83_euler_correction_zero_shift' depends on axioms: [propext, Classical.choice, Quot.sound]
'ZhangLS.Spec.lemma83_rpow_tsum_le' depends on axioms: [propext, Classical.choice, Quot.sound]
'ZhangLS.Spec.lemma83_finite_euler_le' depends on axioms: [propext, Classical.choice, Quot.sound]
'ZhangLS.Spec.lemma83_rankin_factor_le' depends on axioms: [propext, Classical.choice, Quot.sound]
'ZhangLS.Spec.lemma83_small_prime_product_le' depends on axioms: [propext, Classical.choice, Quot.sound]
'ZhangLS.Spec.lemma83_prime_subset_log_le' depends on axioms: [propext, Classical.choice, Quot.sound]
'ZhangLS.Spec.lemma83_large_prime_log_sum_le' depends on axioms: [propext, Classical.choice, Quot.sound]
'ZhangLS.Spec.lemma83_large_prime_inv_sum_le' depends on axioms: [propext, Classical.choice, Quot.sound]
'ZhangLS.Spec.lemma83_small_prime_log_sum_le' depends on axioms: [propext, Classical.choice, Quot.sound]
'ZhangLS.Spec.lemma83_prime_log_sum_le_loglog' depends on axioms: [propext, Classical.choice, Quot.sound]
'ZhangLS.Spec.lemma83_one_add_product_le_exp_sum' depends on axioms: [propext, Classical.choice, Quot.sound]
'ZhangLS.Spec.lemma83_prime_product_le_cutoff' depends on axioms: [propext, Classical.choice, Quot.sound]
'ZhangLS.Spec.lemma83_prime_product_le_loglog' depends on axioms: [propext, Classical.choice, Quot.sound]
'ZhangLS.Spec.lemma83_prime_product_uniform_le' depends on axioms: [propext, Classical.choice, Quot.sound]
'ZhangLS.Spec.lemma83_prime_log_sum_uniform_le' depends on axioms: [propext, Classical.choice, Quot.sound]
'ZhangLS.Spec.lemma83_loglog_two_base_pos' depends on axioms: [propext, Classical.choice, Quot.sound]
'ZhangLS.Spec.lemma83_log_nat_gt_one' depends on axioms: [propext, Classical.choice, Quot.sound]
'ZhangLS.Spec.lemma83_prime_product_loglog_exists' depends on axioms: [propext, Classical.choice, Quot.sound]
'ZhangLS.Spec.lemma83_prime_log_sum_loglog_exists' depends on axioms: [propext, Classical.choice, Quot.sound]
'ZhangLS.Spec.lemma83_product_perturbation' depends on axioms: [propext, Classical.choice, Quot.sound]
'ZhangLS.Spec.lemma83_exp_sub_one_bound' depends on axioms: [propext, Classical.choice, Quot.sound]
'ZhangLS.Spec.lemma83_monomial_near_one' depends on axioms: [propext, Classical.choice, Quot.sound]
'ZhangLS.Spec.lemma83_supported_eq_one' depends on axioms: [propext, Classical.choice, Quot.sound]
'ZhangLS.Spec.lemma83_modified_kappa_excluded' depends on axioms: [propext, Classical.choice, Quot.sound]
'ZhangLS.Spec.lemma83_modified_kappa_one' depends on axioms: [propext, Classical.choice, Quot.sound]
'ZhangLS.Spec.lemma83_modified_kappa_prime_power_excluded' depends on axioms: [propext, Classical.choice, Quot.sound]
'ZhangLS.Spec.lemma83_modified_lambda_one' depends on axioms: [propext, Classical.choice, Quot.sound]
'ZhangLS.Spec.lemma83_xi_one' depends on axioms: [propext, Classical.choice, Quot.sound]
'ZhangLS.Spec.lemma83_xi_zero' depends on axioms: [propext, Classical.choice, Quot.sound]
'ZhangLS.Spec.lemma83_supported_prime_power_eq' depends on axioms: [propext, Classical.choice, Quot.sound]
'ZhangLS.Spec.lemma83SupportedPrimePowerEquiv' depends on axioms: [propext, Classical.choice, Quot.sound]
'ZhangLS.Spec.lemma83_modified_kappa_prime_power_unexcluded' depends on axioms: [propext, Classical.choice, Quot.sound]
'ZhangLS.Spec.lemma83AddConvolution' depends on axioms: [propext, Classical.choice, Quot.sound]
'ZhangLS.Spec.lemma83LocalH2' depends on axioms: [propext, Classical.choice, Quot.sound]
'ZhangLS.Spec.lemma83LocalH3' depends on axioms: [propext, Classical.choice, Quot.sound]
'ZhangLS.Spec.lemma83LocalKappa' depends on axioms: [propext, Classical.choice, Quot.sound]
'ZhangLS.Spec.lemma83_local_h2_zero' depends on axioms: [propext, Classical.choice, Quot.sound]
'ZhangLS.Spec.lemma83_local_h3_zero' depends on axioms: [propext, Classical.choice, Quot.sound]
'ZhangLS.Spec.lemma83_local_kappa_zero' depends on axioms: [propext, Classical.choice, Quot.sound]
'ZhangLS.Spec.lemma83_local_kappa_succ' depends on axioms: [propext, Classical.choice, Quot.sound]
'ZhangLS.Spec.lemma83_add_convolution_mul_pow' depends on axioms: [propext, Classical.choice, Quot.sound]
'ZhangLS.Spec.lemma83_add_convolution_hasSum' depends on axioms: [propext, Classical.choice, Quot.sound]
'ZhangLS.Spec.lemma83_add_convolution_power_series_hasSum' depends on axioms: [propext, Classical.choice, Quot.sound]
'ZhangLS.Spec.lemma83_local_h2_hasSum' depends on axioms: [propext, Classical.choice, Quot.sound]
'ZhangLS.Spec.lemma83_local_h3_hasSum' depends on axioms: [propext, Classical.choice, Quot.sound]
'ZhangLS.Spec.lemma83_local_kappa_hasSum' depends on axioms: [propext, Classical.choice, Quot.sound]
'ZhangLS.Spec.lemma83_local_kappa_summable' depends on axioms: [propext, Classical.choice, Quot.sound]
'ZhangLS.Spec.lemma83_local_kappa_norm_summable' depends on axioms: [propext, Classical.choice, Quot.sound]
'ZhangLS.Spec.lemma83_local_h2_one' depends on axioms: [propext, Classical.choice, Quot.sound]
'ZhangLS.Spec.lemma83_local_h3_one' depends on axioms: [propext, Classical.choice, Quot.sound]
'ZhangLS.Spec.lemma83_local_kappa_one' depends on axioms: [propext, Classical.choice, Quot.sound]
'ZhangLS.Spec.lemma83_local_kappa_first' depends on axioms: [propext, Classical.choice, Quot.sound]
'ZhangLS.Spec.lemma83_convolution_prime_power' depends on axioms: [propext, Classical.choice, Quot.sound]
'ZhangLS.Spec.lemma83_power_coefficient_prime_power' depends on axioms: [propext, Classical.choice, Quot.sound]
'ZhangLS.Spec.lemma83_triple_power_coefficient_prime_power' depends on axioms: [propext, Classical.choice, Quot.sound]
'ZhangLS.Spec.lemma83_moebius_prime_power_succ' depends on axioms: [propext, Classical.choice, Quot.sound]
'ZhangLS.Spec.lemma83_moebius_convolution_prime_power_succ' depends on axioms: [propext, Classical.choice, Quot.sound]
'ZhangLS.Spec.lemma83_kappa_prime_power' depends on axioms: [propext, Classical.choice, Quot.sound]
'ZhangLS.Spec.lemma83_kappa_prime_power_hasSum' depends on axioms: [propext, Classical.choice, Quot.sound]
'ZhangLS.Spec.lemma83_modified_lambda_prime_power' depends on axioms: [propext, Classical.choice, Quot.sound]
'ZhangLS.Spec.lemma83_xi_prime_power_sum' depends on axioms: [propext, Classical.choice, Quot.sound]
'ZhangLS.Spec.lemma83_xi_prime_power' depends on axioms: [propext, Classical.choice, Quot.sound]
'ZhangLS.Spec.lemma83_xi_prime_power_r' depends on axioms: [propext, Classical.choice, Quot.sound]
'ZhangLS.Spec.lemma83_xi_prime_power_d' depends on axioms: [propext, Classical.choice, Quot.sound]
'ZhangLS.Spec.lemma83_xi_prime_power_regular' depends on axioms: [propext, Classical.choice, Quot.sound]
'ZhangLS.Spec.lemma83_shifted_double_summable' depends on axioms: [propext, Classical.choice, Quot.sound]
'ZhangLS.Spec.lemma83_antidiagonal_geometric' depends on axioms: [propext, Classical.choice, Quot.sound]
'ZhangLS.Spec.lemma83_shifted_double_tsum_eq' depends on axioms: [propext, Classical.choice, Quot.sound]
'ZhangLS.Spec.lemma83_shifted_tail_hasSum' depends on axioms: [propext, Classical.choice, Quot.sound]
'ZhangLS.Spec.lemma83_power_series_shifted_summable' depends on axioms: [propext, Classical.choice, Quot.sound]
'ZhangLS.Spec.lemma83_local_kappa_shifted_summable' depends on axioms: [propext, Classical.choice, Quot.sound]
'ZhangLS.Spec.lemma83_local_kappa_shifted_double_summable' depends on axioms: [propext, Classical.choice, Quot.sound]
'ZhangLS.Spec.lemma83_local_kappa_shifted_tail_hasSum' depends on axioms: [propext, Classical.choice, Quot.sound]
'ZhangLS.Spec.lemma83ActualKappaRational' depends on axioms: [propext, Classical.choice, Quot.sound]
'ZhangLS.Spec.lemma83_actual_kappa_hasSum' depends on axioms: [propext, Classical.choice, Quot.sound]
'ZhangLS.Spec.lemma83_xi_r_hasSum' depends on axioms: [propext, Classical.choice, Quot.sound]
'ZhangLS.Spec.lemma83_xi_d_hasSum' depends on axioms: [propext, Classical.choice, Quot.sound]
'ZhangLS.Spec.lemma83_actual_kappa_tail_hasSum' depends on axioms: [propext, Classical.choice, Quot.sound]
'ZhangLS.Spec.lemma83_xi_regular_hasSum' depends on axioms: [propext, Classical.choice, Quot.sound]
'ZhangLS.Spec.lemma83_actual_kappa_rational_cyclic' depends on axioms: [propext, Classical.choice, Quot.sound]
'ZhangLS.Spec.lemma83_lambda_factor_inverse' depends on axioms: [propext, Classical.choice, Quot.sound]
'ZhangLS.Spec.lemma83_prime_reciprocal_relation' depends on axioms: [propext, Classical.choice, Quot.sound]
'ZhangLS.Spec.lemma83_prime_mobius_weight' depends on axioms: [propext, Classical.choice, Quot.sound]
'ZhangLS.Spec.lemma83_cpow_shift_norm' depends on axioms: [propext, Classical.choice, Quot.sound]
'ZhangLS.Spec.lemma83_cpow_tail_norm' depends on axioms: [propext, Classical.choice, Quot.sound]
'ZhangLS.Spec.lemma83_one_sub_ne_zero' depends on axioms: [propext, Classical.choice, Quot.sound]
'ZhangLS.Spec.lemma83_xi_regular_correction' depends on axioms: [propext, Classical.choice, Quot.sound]
'ZhangLS.Spec.lemma83_xi_r_correction' depends on axioms: [propext, Classical.choice, Quot.sound]
'ZhangLS.Spec.lemma83_xi_d_correction' depends on axioms: [propext, Classical.choice, Quot.sound]
'ZhangLS.Spec.lemma83_local_h2_norm_bound' depends on axioms: [propext, Classical.choice, Quot.sound]
'ZhangLS.Spec.lemma83_local_h3_norm_bound' depends on axioms: [propext, Classical.choice, Quot.sound]
'ZhangLS.Spec.lemma83_local_kappa_norm_polynomial' depends on axioms: [propext, Classical.choice, Quot.sound]
'ZhangLS.Spec.lemma83_quadratic_geometric_bound' depends on axioms: [propext, Classical.choice, Quot.sound]
'ZhangLS.Spec.lemma83_local_kappa_norm_exponential' depends on axioms: [propext, Classical.choice, Quot.sound]
'ZhangLS.Spec.lemma83_kappa_prime_power_norm_exponential' depends on axioms: [propext, Classical.choice, Quot.sound]
'ZhangLS.Spec.lemma83FactoredCoefficient' depends on axioms: [propext, Classical.choice, Quot.sound]
'ZhangLS.Spec.lemma83_factored_coefficient_insert' depends on axioms: [propext, Classical.choice, Quot.sound]
'ZhangLS.Spec.lemma83_finite_supported_series' depends on axioms: [propext, Classical.choice, Quot.sound]
'ZhangLS.Spec.lemma83_supported_iff_factored' depends on axioms: [propext, Classical.choice, Quot.sound]
'ZhangLS.Spec.lemma83SupportedFactoredEquiv' depends on axioms: [propext, Classical.choice, Quot.sound]
'ZhangLS.Spec.lemma83_modified_kappa_factored' depends on axioms: [propext, Classical.choice, Quot.sound]
'ZhangLS.Spec.lemma83_factorization_product' depends on axioms: [propext, Classical.choice, Quot.sound]
'ZhangLS.Spec.lemma83_factorization_product_of_subset' depends on axioms: [propext, Classical.choice, Quot.sound]
'ZhangLS.Spec.lemma83_multiplicative_shifted_term_factorization' depends on axioms: [propext,
 Classical.choice,
 Quot.sound]
'ZhangLS.Spec.lemma83ModifiedLocal' depends on axioms: [propext, Classical.choice, Quot.sound]
'ZhangLS.Spec.lemma83SupportedSmoothEquiv' depends on axioms: [propext, Classical.choice, Quot.sound]
'ZhangLS.Spec.lemma83_modified_local_product' depends on axioms: [propext, Classical.choice, Quot.sound]
'ZhangLS.Spec.lemma83_modified_supported_hasSum' depends on axioms: [propext, Classical.choice, Quot.sound]
'ZhangLS.Spec.lemma83_modified_supported_product' depends on axioms: [propext, Classical.choice, Quot.sound]
'ZhangLS.Spec.lemma83_modified_local_excluded_hasSum' depends on axioms: [propext, Classical.choice, Quot.sound]
'ZhangLS.Spec.lemma83_modified_local_kappa_summable' depends on axioms: [propext, Classical.choice, Quot.sound]
'ZhangLS.Spec.lemma83_modified_kappa_hasSum' depends on axioms: [propext, Classical.choice, Quot.sound]
'ZhangLS.Spec.lemma83_modified_kappa_product' depends on axioms: [propext, Classical.choice, Quot.sound]
'ZhangLS.Spec.lemma83_modified_kappa_mul' depends on axioms: [propext, Classical.choice, Quot.sound]
'ZhangLS.Spec.lemma83_modified_kappa_exclusion_invariant' depends on axioms: [propext, Classical.choice, Quot.sound]
'ZhangLS.Spec.lemma83_modified_lambda_mul' depends on axioms: [propext, Classical.choice, Quot.sound]
'ZhangLS.Spec.lemma152DivisorKernelSum' depends on axioms: [propext, Classical.choice, Quot.sound]
'ZhangLS.Spec.lemma152_divisor_kernel_multiplicative' depends on axioms: [propext, Classical.choice, Quot.sound]
'ZhangLS.Spec.lemma83XiWeight' depends on axioms: [propext, Classical.choice, Quot.sound]
'ZhangLS.Spec.lemma83_xi_weight_multiplicative' depends on axioms: [propext, Classical.choice, Quot.sound]
'ZhangLS.Spec.lemma83XiKernel' depends on axioms: [propext, Classical.choice, Quot.sound]
'ZhangLS.Spec.lemma83_xi_kernel_one' depends on axioms: [propext, Classical.choice, Quot.sound]
'ZhangLS.Spec.lemma83_xi_kernel_mul' depends on axioms: [propext, Classical.choice, Quot.sound]
'ZhangLS.Spec.lemma83_xi_eq_kernel_sum' depends on axioms: [propext, Classical.choice, Quot.sound]
'ZhangLS.Spec.lemma83XiArithmetic' depends on axioms: [propext, Classical.choice, Quot.sound]
'ZhangLS.Spec.lemma83_xi_multiplicative' depends on axioms: [propext, Classical.choice, Quot.sound]
'ZhangLS.Spec.lemma83_kappa_tail_norm_bound' depends on axioms: [propext, Classical.choice, Quot.sound]
'ZhangLS.Spec.lemma83_prime_reciprocal_norm_le_half' depends on axioms: [propext, Classical.choice, Quot.sound]
'ZhangLS.Spec.lemma83_one_sub_norm_ge_half' depends on axioms: [propext, Classical.choice, Quot.sound]
'ZhangLS.Spec.lemma83_tail_parameter_norm_le_half' depends on axioms: [propext, Classical.choice, Quot.sound]
'ZhangLS.Spec.lemma83_lambda_prime_norm_bound' depends on axioms: [propext, Classical.choice, Quot.sound]
'ZhangLS.Spec.lemma83_prime_mobius_weight_norm_bound' depends on axioms: [propext, Classical.choice, Quot.sound]
'ZhangLS.Spec.lemma83_modified_kappa_prime_norm_bound' depends on axioms: [propext, Classical.choice, Quot.sound]
'ZhangLS.Spec.lemma83_xi_prime_power_norm_bound' depends on axioms: [propext, Classical.choice, Quot.sound]
'ZhangLS.Spec.lemma83_shift_monomial_sub_one_bound' depends on axioms: [propext, Classical.choice, Quot.sound]
'ZhangLS.Spec.lemma83_regular_prime_small_shift' depends on axioms: [propext, Classical.choice, Quot.sound]
'ZhangLS.Spec.lemma83RegularShiftMass' depends on axioms: [propext, Classical.choice, Quot.sound]
'ZhangLS.Spec.lemma83RegularShiftConstant' depends on axioms: [propext, Classical.choice, Quot.sound]
'ZhangLS.Spec.lemma83_regular_shift_majorant_summable' depends on axioms: [propext, Classical.choice, Quot.sound]
'ZhangLS.Spec.lemma83_regular_shift_mass_nonneg' depends on axioms: [propext, Classical.choice, Quot.sound]
'ZhangLS.Spec.lemma83_real_exp_small_scale' depends on axioms: [propext, Classical.choice, Quot.sound]
'ZhangLS.Spec.lemma83_regular_product_small_shift' depends on axioms: [propext, Classical.choice, Quot.sound]
'ZhangLS.Spec.lemma83_xi_local_absolute' depends on axioms: [propext, Classical.choice, Quot.sound]
'EulerProduct.summable_norm_of_prime_power_tsum_le' depends on axioms: [propext, Classical.choice, Quot.sound]
'EulerProduct.summable_norm_of_prime_power_tail_le' depends on axioms: [propext, Classical.choice, Quot.sound]
'EulerProduct.summable_norm_of_prime_power_tsum_le_primes' depends on axioms: [propext, Classical.choice, Quot.sound]
'EulerProduct.summable_norm_of_prime_power_tail_le_primes' depends on axioms: [propext, Classical.choice, Quot.sound]
'ZhangLS.Spec.lemma83_xi_term_one' depends on axioms: [propext, Classical.choice, Quot.sound]
'ZhangLS.Spec.lemma83_xi_term_mul' depends on axioms: [propext, Classical.choice, Quot.sound]
'ZhangLS.Spec.lemma83_xi_prime_power_term' depends on axioms: [propext, Classical.choice, Quot.sound]
'ZhangLS.Spec.lemma83_character_monomial_half' depends on axioms: [propext, Classical.choice, Quot.sound]
'ZhangLS.Spec.lemma83_xi_lseries_summable' depends on axioms: [propext, Classical.choice, Quot.sound]
'ZhangLS.Spec.lemma83_xi_euler_hasProd' depends on axioms: [propext, Classical.choice, Quot.sound]
'ZhangLS.Spec.lemma83AllPrimeFactor' depends on axioms: [propext, Classical.choice, Quot.sound]
'ZhangLS.Spec.lemma83_exceptional_hasProd' depends on axioms: [propext, Classical.choice, Quot.sound]
'ZhangLS.Spec.lemma83_all_factors_hasProd' depends on axioms: [propext, Classical.choice, Quot.sound]
'ZhangLS.Spec.lemma83_prime_monomial_add' depends on axioms: [propext, Classical.choice, Quot.sound]
'ZhangLS.Spec.lemma83_character_monomial_lt_reciprocal' depends on axioms: [propext, Classical.choice, Quot.sound]
'ZhangLS.Spec.lemma83_local_series_correction' depends on axioms: [propext, Classical.choice, Quot.sound]
'ZhangLS.Spec.lemma83_local_cross_multiply' depends on axioms: [propext, Classical.choice, Quot.sound]
'ZhangLS.Spec.lemma83_continuation_agreement' depends on axioms: [propext, Classical.choice, Quot.sound]
'ZhangLS.Spec.lemma83_euler_is_continuation' depends on axioms: [propext, Classical.choice, Quot.sound]
'ZhangLS.Spec.lemma83_r_correction_difference' depends on axioms: [propext, Classical.choice, Quot.sound]
'ZhangLS.Spec.lemma83_d_correction_difference' depends on axioms: [propext, Classical.choice, Quot.sound]
'ZhangLS.Spec.lemma83_r_correction_lipschitz' depends on axioms: [propext, Classical.choice, Quot.sound]
'ZhangLS.Spec.lemma83_d_correction_lipschitz' depends on axioms: [propext, Classical.choice, Quot.sound]
'ZhangLS.Spec.lemma83_exceptional_prime_lipschitz' depends on axioms: [propext, Classical.choice, Quot.sound]
'ZhangLS.Spec.lemma83FiniteShiftB' depends on axioms: [propext, Classical.choice, Quot.sound]
'ZhangLS.Spec.lemma83FiniteShiftWeight' depends on axioms: [propext, Classical.choice, Quot.sound]
'ZhangLS.Spec.lemma83FiniteShiftError' depends on axioms: [propext, Classical.choice, Quot.sound]
'ZhangLS.Spec.lemma83_finite_shift_weight_pos' depends on axioms: [propext, Classical.choice, Quot.sound]
'ZhangLS.Spec.lemma83_finite_shift_error_pos' depends on axioms: [propext, Classical.choice, Quot.sound]
'ZhangLS.Spec.lemma83_character_monomial_small_shift' depends on axioms: [propext, Classical.choice, Quot.sound]
'ZhangLS.Spec.lemma83_exceptional_prime_small_shift' depends on axioms: [propext, Classical.choice, Quot.sound]
'ZhangLS.Spec.lemma83_exceptional_product_small_shift' depends on axioms: [propext, Classical.choice, Quot.sound]
'ZhangLS.Spec.lemma83PrimeProductScale' depends on axioms: [propext, Classical.choice, Quot.sound]
'ZhangLS.Spec.lemma83TotalShiftConstant' depends on axioms: [propext, Classical.choice, Quot.sound]
'ZhangLS.Spec.lemma83_regular_shift_constant_nonneg' depends on axioms: [propext, Classical.choice, Quot.sound]
'ZhangLS.Spec.lemma83_total_shift_constant_pos' depends on axioms: [propext, Classical.choice, Quot.sound]
'ZhangLS.Spec.lemma83_pi_prime_product_bound' depends on axioms: [propext, Classical.choice, Quot.sound]
'ZhangLS.Spec.lemma83_euler_correction_small_shift' depends on axioms: [propext, Classical.choice, Quot.sound]
'ZhangLS.Spec.lemma83_polylog_eventually_le' depends on axioms: [propext, Classical.choice, Quot.sound]
'ZhangLS.Spec.lemma83_paper_beta_norm' depends on axioms: [propext, Classical.choice, Quot.sound]
'ZhangLS.Spec.lemma83_alpha_small' depends on axioms: [propext, Classical.choice, Quot.sound]
'ZhangLS.Spec.lemma83_paper_cutoff_log' depends on axioms: [propext, Classical.choice, Quot.sound]
'ZhangLS.Spec.lemma83_uniform_growth' depends on axioms: [propext, Classical.choice, Quot.sound]
'ZhangLS.Spec.lemma83_original' depends on axioms: [propext, Classical.choice, Quot.sound]
'ZhangLS.Spec.regression_lemma83_pi_two_zero' depends on axioms: [propext, Classical.choice, Quot.sound]
'ZhangLS.Spec.regression_lemma83_zero_pi_additive' depends on axioms: [propext, Classical.choice, Quot.sound]
