'ZhangLS.Spec.lemma152_monomial_add' depends on axioms: [propext, Classical.choice, Quot.sound]
'ZhangLS.Spec.lemma152_monomial_off_diagonal' depends on axioms: [propext, Classical.choice, Quot.sound]
'ZhangLS.Spec.lemma152_local_product_agreement' depends on axioms: [propext, Classical.choice, Quot.sound]
'ZhangLS.Spec.lemma152_actual_continuation' depends on axioms: [propext, Classical.choice, Quot.sound]
'ZhangLS.Spec.lemma152_xi_weight_multiplicative' depends on axioms: [propext, Classical.choice, Quot.sound]
'ZhangLS.Spec.lemma152_xi_kernel_one' depends on axioms: [propext, Classical.choice, Quot.sound]
'ZhangLS.Spec.lemma152_xi_kernel_mul' depends on axioms: [propext, Classical.choice, Quot.sound]
'ZhangLS.Spec.lemma152_xi_eq_kernel_sum' depends on axioms: [propext, Classical.choice, Quot.sound]
'ZhangLS.Spec.lemma152_coefficient_multiplicative' depends on axioms: [propext, Classical.choice, Quot.sound]
'ZhangLS.Spec.lemma152_correction_constant_pos' depends on axioms: [propext, Classical.choice, Quot.sound]
'ZhangLS.Spec.lemma152_one_sub_norm_lower' depends on axioms: [propext, Classical.choice, Quot.sound]
'ZhangLS.Spec.lemma152_correction_norm_error' depends on axioms: [propext, Classical.choice, Quot.sound]
'ZhangLS.Spec.lemma152_denominator_bounds' depends on axioms: [propext, Classical.choice, Quot.sound]
'ZhangLS.Spec.lemma152_shift_variation_bound' depends on axioms: [propext, Classical.choice, Quot.sound]
'ZhangLS.Spec.lemma152_variable_variation_bound' depends on axioms: [propext, Classical.choice, Quot.sound]
'ZhangLS.Spec.lemma152_beta_re' depends on axioms: [propext, Classical.choice, Quot.sound]
'ZhangLS.Spec.lemma152_kappa_multiplicative' depends on axioms: [propext, Classical.choice, Quot.sound]
'ZhangLS.Spec.lemma152_kappa_one' depends on axioms: [propext, Classical.choice, Quot.sound]
'ZhangLS.Spec.lemma152_term_mul' depends on axioms: [propext, Classical.choice, Quot.sound]
'ZhangLS.Spec.lemma152_prime_power_term' depends on axioms: [propext, Classical.choice, Quot.sound]
'ZhangLS.Spec.lemma152_monomial_norm_half' depends on axioms: [propext, Classical.choice, Quot.sound]
'ZhangLS.Spec.lemma152_lseries_summable' depends on axioms: [propext, Classical.choice, Quot.sound]
'ZhangLS.Spec.lemma152_dirichlet_series_hasProd' depends on axioms: [propext, Classical.choice, Quot.sound]
'ZhangLS.Spec.lemma152_divisor_kernel_multiplicative' depends on axioms: [propext, Classical.choice, Quot.sound]
'ZhangLS.Spec.lemma152_monomial_norm_le' depends on axioms: [propext, Classical.choice, Quot.sound]
'ZhangLS.Spec.lemma152_monomial_norm_radius' depends on axioms: [propext, Classical.choice, Quot.sound]
'ZhangLS.Spec.lemma152_prime_error_uniform' depends on axioms: [propext, Classical.choice, Quot.sound]
'ZhangLS.Spec.lemma152_prime_factor_differentiableOn' depends on axioms: [propext, Classical.choice, Quot.sound]
'ZhangLS.Spec.lemma152_majorant_summable' depends on axioms: [propext, Classical.choice, Quot.sound]
'ZhangLS.Spec.lemma152_products_locally_uniform' depends on axioms: [propext, Classical.choice, Quot.sound]
'ZhangLS.Spec.lemma152_euler_product_multipliable' depends on axioms: [propext, Classical.choice, Quot.sound]
'ZhangLS.Spec.lemma152_euler_product_analyticOnNhd' depends on axioms: [propext, Classical.choice, Quot.sound]
'ZhangLS.Spec.lemma152_local_kappa_zero' depends on axioms: [propext, Classical.choice, Quot.sound]
'ZhangLS.Spec.lemma152_local_kappa_succ' depends on axioms: [propext, Classical.choice, Quot.sound]
'ZhangLS.Spec.lemma152_local_kappa_hasSum' depends on axioms: [propext, Classical.choice, Quot.sound]
'ZhangLS.Spec.lemma152_double_power_coefficient_prime_power' depends on axioms: [propext, Classical.choice, Quot.sound]
'ZhangLS.Spec.lemma152_kappa_prime_power' depends on axioms: [propext, Classical.choice, Quot.sound]
'ZhangLS.Spec.lemma152_kappa_prime_power_hasSum' depends on axioms: [propext, Classical.choice, Quot.sound]
'ZhangLS.Spec.lemma152_local_kappa_double_summable' depends on axioms: [propext, Classical.choice, Quot.sound]
'ZhangLS.Spec.lemma152_local_kappa_tail_hasSum' depends on axioms: [propext, Classical.choice, Quot.sound]
'ZhangLS.Spec.lemma152_local_kappa_one' depends on axioms: [propext, Classical.choice, Quot.sound]
'ZhangLS.Spec.lemma152_local_correction_identity' depends on axioms: [propext, Classical.choice, Quot.sound]
'ZhangLS.Spec.lemma152_local_correction_ramified' depends on axioms: [propext, Classical.choice, Quot.sound]
'ZhangLS.Spec.lemma152_local_correction_zero_shifts' depends on axioms: [propext, Classical.choice, Quot.sound]
'ZhangLS.Spec.lemma152_local_correction_at_center' depends on axioms: [propext, Classical.choice, Quot.sound]
'ZhangLS.Spec.lemma152_local_correction_shift_difference' depends on axioms: [propext, Classical.choice, Quot.sound]
'ZhangLS.Spec.lemma152_local_correction_variable_difference' depends on axioms: [propext, Classical.choice, Quot.sound]
'ZhangLS.Spec.lemma152_h2_norm_le' depends on axioms: [propext, Classical.choice, Quot.sound]
'ZhangLS.Spec.lemma152_local_kappa_norm_le' depends on axioms: [propext, Classical.choice, Quot.sound]
'ZhangLS.Spec.lemma152_kappa_tail_majorant_hasSum' depends on axioms: [propext, Classical.choice, Quot.sound]
'ZhangLS.Spec.lemma152_local_kappa_tail_norm_le' depends on axioms: [propext, Classical.choice, Quot.sound]
'ZhangLS.Spec.lemma152_lambda_norm_le' depends on axioms: [propext, Classical.choice, Quot.sound]
'ZhangLS.Spec.lemma152_coefficient_prime_norm_le' depends on axioms: [propext, Classical.choice, Quot.sound]
'ZhangLS.Spec.lemma152_coefficient_local_norm_series' depends on axioms: [propext, Classical.choice, Quot.sound]
'ZhangLS.Spec.lemma152_coefficient_one' depends on axioms: [propext, Classical.choice, Quot.sound]
'ZhangLS.Spec.lemma152_coefficient_zero' depends on axioms: [propext, Classical.choice, Quot.sound]
'ZhangLS.Spec.lemma152_lambda_factor_rational' depends on axioms: [propext, Classical.choice, Quot.sound]
'ZhangLS.Spec.lemma152_mobius_weight' depends on axioms: [propext, Classical.choice, Quot.sound]
'ZhangLS.Spec.lemma152_coefficient_prime_hasSum' depends on axioms: [propext, Classical.choice, Quot.sound]
'ZhangLS.Spec.lemma152_actual_local_correction' depends on axioms: [propext, Classical.choice, Quot.sound]
'ZhangLS.Spec.lemma152_modified_kappa_mul' depends on axioms: [propext, Classical.choice, Quot.sound]
'ZhangLS.Spec.lemma152_modified_kappa_exclusion_invariant' depends on axioms: [propext, Classical.choice, Quot.sound]
'ZhangLS.Spec.lemma152_modified_lambda_mul' depends on axioms: [propext, Classical.choice, Quot.sound]
'ZhangLS.Spec.lemma152_character_arithmetic_eq' depends on axioms: [propext, Classical.choice, Quot.sound]
'ZhangLS.Spec.lemma152_weighted_local_excluded_hasSum' depends on axioms: [propext, Classical.choice, Quot.sound]
'ZhangLS.Spec.lemma152_weighted_local_kappa_summable' depends on axioms: [propext, Classical.choice, Quot.sound]
'ZhangLS.Spec.lemma152_modified_kappa_hasSum' depends on axioms: [propext, Classical.choice, Quot.sound]
'ZhangLS.Spec.lemma152_modified_kappa_product' depends on axioms: [propext, Classical.choice, Quot.sound]
'ZhangLS.Spec.lemma152_log_exp_bound' depends on axioms: [propext, Classical.choice, Quot.sound]
'ZhangLS.Spec.lemma152_shift_monomial_variation' depends on axioms: [propext, Classical.choice, Quot.sound]
'ZhangLS.Spec.lemma152_center_monomial_variation' depends on axioms: [propext, Classical.choice, Quot.sound]
'ZhangLS.Spec.lemma152_nonzero_of_small_alpha' depends on axioms: [propext, Classical.choice, Quot.sound]
'ZhangLS.Spec.lemma152_nonvanishing_threshold' depends on axioms: [propext, Classical.choice, Quot.sound]
'ZhangLS.Spec.lemma152_prime_comparison' depends on axioms: [propext, Classical.choice, Quot.sound]
'ZhangLS.Spec.lemma152_variation_majorant_summable' depends on axioms: [propext, Classical.choice, Quot.sound]
'ZhangLS.Spec.lemma152_product_bound_pos' depends on axioms: [propext, Classical.choice, Quot.sound]
'ZhangLS.Spec.lemma152_uniform_variation_constant_pos' depends on axioms: [propext, Classical.choice, Quot.sound]
'ZhangLS.Spec.lemma152_finite_majorant_product_le' depends on axioms: [propext, Classical.choice, Quot.sound]
'ZhangLS.Spec.lemma152_prime_norm_le' depends on axioms: [propext, Classical.choice, Quot.sound]
'ZhangLS.Spec.lemma152_finite_product_comparison' depends on axioms: [propext, Classical.choice, Quot.sound]
'ZhangLS.Spec.lemma152_euler_product_comparison' depends on axioms: [propext, Classical.choice, Quot.sound]
'ZhangLS.Spec.lemma152_error_constant_pos' depends on axioms: [propext, Classical.choice, Quot.sound]
'ZhangLS.Spec.lemma152_alpha_le_hundredth' depends on axioms: [propext, Classical.choice, Quot.sound]
'ZhangLS.Spec.lemma152_paper_beta_norm_le' depends on axioms: [propext, Classical.choice, Quot.sound]
'ZhangLS.Spec.lemma152_paper_estimate' depends on axioms: [propext, Classical.choice, Quot.sound]
'ZhangLS.Spec.lemma152_repaired_proved' depends on axioms: [propext, Classical.choice, Quot.sound]
'ZhangLS.Spec.lemma152_with_shared_shift_constant' depends on axioms: [propext, Classical.choice, Quot.sound]
'ZhangLS.Spec.lemma152_weighted_modified_local_product' depends on axioms: [propext, Classical.choice, Quot.sound]
'ZhangLS.Spec.lemma152_weighted_modified_supported_hasSum' depends on axioms: [propext, Classical.choice, Quot.sound]
'ZhangLS.Spec.lemma152_weighted_modified_supported_product' depends on axioms: [propext, Classical.choice, Quot.sound]
'ZhangLS.Spec.lemma152_modified_kappa_excluded' depends on axioms: [propext, Classical.choice, Quot.sound]
'ZhangLS.Spec.lemma152_modified_kappa_one' depends on axioms: [propext, Classical.choice, Quot.sound]
'ZhangLS.Spec.lemma152_modified_kappa_prime_power_excluded' depends on axioms: [propext, Classical.choice, Quot.sound]
'ZhangLS.Spec.lemma152_modified_kappa_prime_power_unexcluded' depends on axioms: [propext, Classical.choice, Quot.sound]
'ZhangLS.Spec.lemma152_xi_one' depends on axioms: [propext, Classical.choice, Quot.sound]
'ZhangLS.Spec.lemma152_xi_zero' depends on axioms: [propext, Classical.choice, Quot.sound]
'ZhangLS.Spec.lemma152_modified_lambda_prime_power' depends on axioms: [propext, Classical.choice, Quot.sound]
'ZhangLS.Spec.lemma152_xi_prime_power_sum' depends on axioms: [propext, Classical.choice, Quot.sound]
'ZhangLS.Spec.lemma152_xi_prime_power' depends on axioms: [propext, Classical.choice, Quot.sound]
'ZhangLS.Spec.lemma152_coefficient_prime_power' depends on axioms: [propext, Classical.choice, Quot.sound]
