'ZhangLS.Spec.inducedGauss_sum_zmod_eq_range' depends on axioms: [propext, Classical.choice, Quot.sound]
'ZhangLS.Spec.inducedGauss_sum_range_multiples' depends on axioms: [propext, Classical.choice, Quot.sound]
'ZhangLS.Spec.inducedGauss_changeLevel_nat' depends on axioms: [propext, Classical.choice, Quot.sound]
'ZhangLS.Spec.inducedGauss_mobius_indicator' depends on axioms: [propext, Classical.choice, Quot.sound]
'ZhangLS.Spec.inducedGauss_mobius_indicator_divisors' depends on axioms: [propext, Classical.choice, Quot.sound]
'ZhangLS.Spec.inducedGauss_scaled_additive' depends on axioms: [propext, Classical.choice, Quot.sound]
'ZhangLS.Spec.coprimeGaussResidueEquiv' depends on axioms: [propext, Classical.choice, Quot.sound]
'ZhangLS.Spec.coprimeGauss_residue_coordinates' depends on axioms: [propext, Classical.choice, Quot.sound]
'ZhangLS.Spec.coprimeGauss_residue_nat' depends on axioms: [propext, Classical.choice, Quot.sound]
'ZhangLS.Spec.coprimeGauss_additive_factorization' depends on axioms: [propext, Classical.choice, Quot.sound]
'ZhangLS.Spec.additiveReciprocity_stdAddChar' depends on axioms: [propext, Classical.choice, Quot.sound]
'ZhangLS.Spec.additiveReciprocity_product_phase' depends on axioms: [propext, Classical.choice, Quot.sound]
'ZhangLS.Spec.additiveReciprocity_delta' depends on axioms: [propext, Classical.choice, Quot.sound]
'ZhangLS.Spec.coprimeGauss_real_twist_values' depends on axioms: [propext, Classical.choice, Quot.sound]
'ZhangLS.Spec.coprimeGauss_real_twist_formula' depends on axioms: [propext, Classical.choice, Quot.sound]
'ZhangLS.Spec.inducedGaussInflation' depends on axioms: [propext, Classical.choice, Quot.sound]
'ZhangLS.Spec.inducedGauss_inflation_zero' depends on axioms: [propext, Classical.choice, Quot.sound]
'ZhangLS.Spec.inducedGauss_inflation_one' depends on axioms: [propext, Classical.choice, Quot.sound]
'ZhangLS.Spec.inducedGauss_inflation_formula' depends on axioms: [propext, Classical.choice, Quot.sound]
'ZhangLS.Spec.inducedGauss_coprime_sum_mobius' depends on axioms: [propext, Classical.choice, Quot.sound]
'ZhangLS.Spec.inducedGauss_divisor_inner' depends on axioms: [propext, Classical.choice, Quot.sound]
'ZhangLS.Spec.inducedGauss_changeLevel_formula' depends on axioms: [propext, Classical.choice, Quot.sound]
'ZhangLS.Spec.inducedGauss_changeLevel_formula_dvd' depends on axioms: [propext, Classical.choice, Quot.sound]
'ZhangLS.Spec.inducedGauss_conductor_formula' depends on axioms: [propext, Classical.choice, Quot.sound]
'ZhangLS.Spec.inducedGauss_level_one_value' depends on axioms: [propext, Classical.choice, Quot.sound]
'ZhangLS.Spec.inducedGauss_primitive_norm' depends on axioms: [propext, Classical.choice, Quot.sound]
'ZhangLS.Spec.inducedGauss_mobius_norm_le_one' depends on axioms: [propext, Classical.choice, Quot.sound]
'ZhangLS.Spec.inducedGauss_changeLevel_norm_le' depends on axioms: [propext, Classical.choice, Quot.sound]
'ZhangLS.Spec.inducedGauss_norm_le_sqrt_conductor' depends on axioms: [propext, Classical.choice, Quot.sound]
'ZhangLS.Spec.inducedGauss_inverse_norm_le_sqrt_conductor' depends on axioms: [propext, Classical.choice, Quot.sound]
'ZhangLS.Spec.inducedGauss_nonprincipal_conductor_gt_one' depends on axioms: [propext, Classical.choice, Quot.sound]
'ZhangLS.Spec.proposition71_prime_primitive_iff' depends on axioms: [propext, Classical.choice, Quot.sound]
'ZhangLS.Spec.proposition71_full_gauss_average' depends on axioms: [propext, Classical.choice, Quot.sound]
'ZhangLS.Spec.proposition71_principal_gauss' depends on axioms: [propext, Classical.choice, Quot.sound]
'ZhangLS.Spec.proposition71_primitive_gauss_average' depends on axioms: [propext, Classical.choice, Quot.sound]
'ZhangLS.Spec.proposition71_primitive_gauss_error' depends on axioms: [propext, Classical.choice, Quot.sound]
'ZhangLS.Spec.proposition71_gauss_average_nonunit' depends on axioms: [propext, Classical.choice, Quot.sound]
'ZhangLS.Spec.proposition71_primitive_gauss_average_all' depends on axioms: [propext, Classical.choice, Quot.sound]
'ZhangLS.Spec.coprimeGauss_prime_average_summand' depends on axioms: [propext, Classical.choice, Quot.sound]
'ZhangLS.Spec.coprimeGauss_full_prime_average' depends on axioms: [propext, Classical.choice, Quot.sound]
'ZhangLS.Spec.coprimeGauss_primitive_prime_average' depends on axioms: [propext, Classical.choice, Quot.sound]
'ZhangLS.Spec.coprimeGauss_primitive_prime_average_error' depends on axioms: [propext, Classical.choice, Quot.sound]
'ZhangLS.Spec.coprimeGauss_primitive_average_nonunit' depends on axioms: [propext, Classical.choice, Quot.sound]
'ZhangLS.Spec.proposition141_multichoose_five_square_le' depends on axioms: [propext, Classical.choice, Quot.sound]
'ZhangLS.Spec.proposition141_tau_five_square_le' depends on axioms: [propext, Classical.choice, Quot.sound]
'ZhangLS.Spec.proposition141_tau_five_square_harmonic_bound' depends on axioms: [propext, Classical.choice, Quot.sound]
'ZhangLS.Spec.proposition141_bounded_coefficient_harmonic_energy' depends on axioms: [propext, Classical.choice, Quot.sound]
'ZhangLS.Spec.proposition141_bounded_coefficient_interval_energy' depends on axioms: [propext, Classical.choice, Quot.sound]
'ZhangLS.Spec.proposition141_multichoose_six_le_pow' depends on axioms: [propext, Classical.choice, Quot.sound]
'ZhangLS.Spec.proposition141_multichoose_six_prime_bound' depends on axioms: [propext, Classical.choice, Quot.sound]
'ZhangLS.Spec.proposition141_tau_six_linear_bound' depends on axioms: [propext, Classical.choice, Quot.sound]
'ZhangLS.Spec.proposition141_divisor_tau_five_sum' depends on axioms: [propext, Classical.choice, Quot.sound]
'ZhangLS.Spec.proposition141_divisor_tau_five_budget' depends on axioms: [propext, Classical.choice, Quot.sound]
'ZhangLS.Spec.divisorPower_multichoose_le_pow' depends on axioms: [propext, Classical.choice, Quot.sound]
'ZhangLS.Spec.divisorPower_multichoose_prime_bound' depends on axioms: [propext, Classical.choice, Quot.sound]
'ZhangLS.Spec.divisorPower_tau_linear_bound' depends on axioms: [propext, Classical.choice, Quot.sound]
'ZhangLS.Spec.divisorPower_multichoose_six_square' depends on axioms: [propext, Classical.choice, Quot.sound]
'ZhangLS.Spec.divisorPower_tau_six_square' depends on axioms: [propext, Classical.choice, Quot.sound]
'ZhangLS.Spec.divisorPower_tau_six_sqrt' depends on axioms: [propext, Classical.choice, Quot.sound]
'ZhangLS.Spec.divisorPower_divisor_tau_five_sqrt' depends on axioms: [propext, Classical.choice, Quot.sound]
'ZhangLS.Spec.divisorPower_multichoose_square' depends on axioms: [propext, Classical.choice, Quot.sound]
'ZhangLS.Spec.divisorPower_tau_square' depends on axioms: [propext, Classical.choice, Quot.sound]
'ZhangLS.Spec.divisorPower_tau_fourth' depends on axioms: [propext, Classical.choice, Quot.sound]
'ZhangLS.Spec.divisorPowerQuarterConstant' depends on axioms: [propext, Classical.choice, Quot.sound]
'ZhangLS.Spec.divisorPower_quarter_constant_pos' depends on axioms: [propext, Classical.choice, Quot.sound]
'ZhangLS.Spec.divisorPower_tau_quarter' depends on axioms: [propext, Classical.choice, Quot.sound]
'ZhangLS.Spec.divisorPower_divisor_tau_five_quarter' depends on axioms: [propext, Classical.choice, Quot.sound]
'ZhangLS.Spec.inducedGauss_principal_value' depends on axioms: [propext, Classical.choice, Quot.sound]
'ZhangLS.Spec.inducedGauss_changeLevel_neg_nat' depends on axioms: [propext, Classical.choice, Quot.sound]
'ZhangLS.Spec.inducedGauss_phase_product' depends on axioms: [propext, Classical.choice, Quot.sound]
'ZhangLS.Spec.inducedGauss_real_changeLevel_inv' depends on axioms: [propext, Classical.choice, Quot.sound]
'ZhangLS.Spec.inducedGauss_real_phase_product' depends on axioms: [propext, Classical.choice, Quot.sound]
'ZhangLS.Spec.inducedGauss_totient_denominator' depends on axioms: [propext, Classical.choice, Quot.sound]
'ZhangLS.Spec.inducedGauss_coprime_filter' depends on axioms: [propext, Classical.choice, Quot.sound]
'ZhangLS.Spec.inducedGauss_real_square' depends on axioms: [propext, Classical.choice, Quot.sound]
'ZhangLS.Spec.lemma54EighthConstant' depends on axioms: [propext, Classical.choice, Quot.sound]
'ZhangLS.Spec.lemma54EighthMajorant' depends on axioms: [propext, Classical.choice, Quot.sound]
'ZhangLS.Spec.lemma54_eighth_weighted_constant_pos' depends on axioms: [propext, Classical.choice, Quot.sound]
'ZhangLS.Spec.lemma54_eighth_contour_factor_pow_bound' depends on axioms: [propext, Classical.choice, Quot.sound]
'ZhangLS.Spec.lemma54_eighth_weighted_majorant_factorization' depends on axioms: [propext, Classical.choice, Quot.sound]
'ZhangLS.Spec.lemma54_eighth_weighted_majorant_integrable' depends on axioms: [propext, Classical.choice, Quot.sound]
'ZhangLS.Spec.lemma54_eighth_weighted_kernel_norm_real' depends on axioms: [propext, Classical.choice, Quot.sound]
'ZhangLS.Spec.lemma54_eighth_weighted_kernel_integrable' depends on axioms: [propext, Classical.choice, Quot.sound]
'ZhangLS.Spec.lemma54_eighth_weighted_majorant_integral_bound' depends on axioms: [propext, Classical.choice, Quot.sound]
'ZhangLS.Spec.lemma54_eighth_weighted_ray_norm_bound' depends on axioms: [propext, Classical.choice, Quot.sound]
'ZhangLS.Spec.lemma54_eighth_weighted_kernel_norm_left' depends on axioms: [propext, Classical.choice, Quot.sound]
'ZhangLS.Spec.lemma54_eighth_weighted_left_tail_bound' depends on axioms: [propext, Classical.choice, Quot.sound]
'ZhangLS.Spec.lemma54_eighth_weighted_vertical_point_bound' depends on axioms: [propext, Classical.choice, Quot.sound]
'ZhangLS.Spec.lemma54_eighth_weighted_vertical_bound' depends on axioms: [propext, Classical.choice, Quot.sound]
'ZhangLS.Spec.lemma54_eighth_weighted_left_vertical_bound' depends on axioms: [propext, Classical.choice, Quot.sound]
'ZhangLS.Spec.lemma54_eighth_weighted_ray_integrable' depends on axioms: [propext, Classical.choice, Quot.sound]
'ZhangLS.Spec.lemma54_eighth_weighted_right_ray_bound' depends on axioms: [propext, Classical.choice, Quot.sound]
'ZhangLS.Spec.lemma54_eighth_weighted_majorant_tendsto_zero' depends on axioms: [propext, Classical.choice, Quot.sound]
'ZhangLS.Spec.lemma54_eighth_weighted_right_vertical_tendsto_zero' depends on axioms: [propext, Classical.choice, Quot.sound]
'ZhangLS.Spec.lemma54_eighth_weighted_infinite_contour_shift' depends on axioms: [propext, Classical.choice, Quot.sound]
'ZhangLS.Spec.lemma54EighthDerivativeTail' depends on axioms: [propext, Classical.choice, Quot.sound]
'ZhangLS.Spec.lemma54_eighth_weighted_large_range_estimate' depends on axioms: [propext, Classical.choice, Quot.sound]
'ZhangLS.Spec.lemma54EighthIntegral' depends on axioms: [propext, Classical.choice, Quot.sound]
'ZhangLS.Spec.lemma54_eighth_integral_zero' depends on axioms: [propext, Classical.choice, Quot.sound]
'ZhangLS.Spec.lemma54_eighth_integral_zero_actual' depends on axioms: [propext, Classical.choice, Quot.sound]
'ZhangLS.Spec.lemma54_eighth_kernel_hasDerivAt' depends on axioms: [propext, Classical.choice, Quot.sound]
'ZhangLS.Spec.lemma54_eighth_integral_hasDerivAt' depends on axioms: [propext, Classical.choice, Quot.sound]
'ZhangLS.Spec.lemma54_eighth_integral_continuous' depends on axioms: [propext, Classical.choice, Quot.sound]
'ZhangLS.Spec.lemma54_eighth_integral_norm_bound' depends on axioms: [propext, Classical.choice, Quot.sound]
'ZhangLS.Spec.lemma54_eighth_integral_large_range' depends on axioms: [propext, Classical.choice, Quot.sound]
'ZhangLS.Spec.lemma54_eighth_integral_isBigO_atTop' depends on axioms: [propext, Classical.choice, Quot.sound]
'ZhangLS.Spec.lemma54_eighth_integral_isBigO_at_zero' depends on axioms: [propext, Classical.choice, Quot.sound]
'ZhangLS.Spec.lemma54_eighth_integral_mellin_convergent' depends on axioms: [propext, Classical.choice, Quot.sound]
'ZhangLS.Spec.lemma54_eighth_integral_boundary_products' depends on axioms: [propext, Classical.choice, Quot.sound]
'ZhangLS.Spec.lemma54_eighth_mellin_step' depends on axioms: [propext, Classical.choice, Quot.sound]
'ZhangLS.Spec.lemma54_eighth_zero_mellin_actual' depends on axioms: [propext, Classical.choice, Quot.sound]
'ZhangLS.Spec.lemma54EighthMoment' depends on axioms: [propext, Classical.choice, Quot.sound]
'ZhangLS.Spec.lemma54EighthGlobalConstant' depends on axioms: [propext, Classical.choice, Quot.sound]
'ZhangLS.Spec.lemma54EighthLogConstant' depends on axioms: [propext, Classical.choice, Quot.sound]
'ZhangLS.Spec.lemma54EighthExpConstant' depends on axioms: [propext, Classical.choice, Quot.sound]
'ZhangLS.Spec.lemma54EighthMomentConstant' depends on axioms: [propext, Classical.choice, Quot.sound]
'ZhangLS.Spec.lemma54_eighth_constants_pos' depends on axioms: [propext, Classical.choice, Quot.sound]
'ZhangLS.Spec.lemma54_eighth_moment_integrable' depends on axioms: [propext, Classical.choice, Quot.sound]
'ZhangLS.Spec.lemma54_eighth_global_norm_bound' depends on axioms: [propext, Classical.choice, Quot.sound]
'ZhangLS.Spec.lemma54_eighth_small_moment_bound' depends on axioms: [propext, Classical.choice, Quot.sound]
'ZhangLS.Spec.lemma54EighthMomentEnvelope' depends on axioms: [propext, Classical.choice, Quot.sound]
'ZhangLS.Spec.lemma54_eighth_envelope_integrable' depends on axioms: [propext, Classical.choice, Quot.sound]
'ZhangLS.Spec.lemma54_eighth_envelope_nonneg' depends on axioms: [propext, Classical.choice, Quot.sound]
'ZhangLS.Spec.lemma54_eighth_envelope_bound' depends on axioms: [propext, Classical.choice, Quot.sound]
'ZhangLS.Spec.lemma54_eighth_envelope_integral_bound' depends on axioms: [propext, Classical.choice, Quot.sound]
'ZhangLS.Spec.lemma54_eighth_moment_uniform_bound' depends on axioms: [propext, Classical.choice, Quot.sound]
'ZhangLS.Spec.lemma54_eighth_mellin_iteration' depends on axioms: [propext, Classical.choice, Quot.sound]
'ZhangLS.Spec.lemma54_eighth_mellin_integral_identity' depends on axioms: [propext, Classical.choice, Quot.sound]
'ZhangLS.Spec.lemma54_eighth_norm_shift_le' depends on axioms: [propext, Classical.choice, Quot.sound]
'ZhangLS.Spec.lemma54_eighth_mellin_bound_by_moment' depends on axioms: [propext, Classical.choice, Quot.sound]
'ZhangLS.Spec.lemma54_eighth_mellin_line_bound' depends on axioms: [propext, Classical.choice, Quot.sound]
'ZhangLS.Spec.lemma54_eighth_mellin_frequency_bound' depends on axioms: [propext, Classical.choice, Quot.sound]
'ZhangLS.Spec.lemma54_eighth_mellin_explicit_threshold' depends on axioms: [propext, Classical.choice, Quot.sound]
'ZhangLS.Spec.lemma54_eighth_arctan_le_self' depends on axioms: [propext, Classical.choice, Quot.sound]
'ZhangLS.Spec.lemma54_eighth_positive_cauchy_tail' depends on axioms: [propext, Classical.choice, Quot.sound]
'ZhangLS.Spec.lemma54_eighth_negative_cauchy_tail' depends on axioms: [propext, Classical.choice, Quot.sound]
'ZhangLS.Spec.lemma54_eighth_weight_le_cauchy' depends on axioms: [propext, Classical.choice, Quot.sound]
'ZhangLS.Spec.lemma54_eighth_weight_tail_point' depends on axioms: [propext, Classical.choice, Quot.sound]
'ZhangLS.Spec.lemma54_eighth_bounded_weight_integrable' depends on axioms: [propext, Classical.choice, Quot.sound]
'ZhangLS.Spec.lemma54_eighth_window_and_tail' depends on axioms: [propext, Classical.choice, Quot.sound]
'ZhangLS.Spec.lemma54_eighth_actual_line_continuous' depends on axioms: [propext, Classical.choice, Quot.sound]
'ZhangLS.Spec.lemma54_eighth_actual_product_integrable' depends on axioms: [propext, Classical.choice, Quot.sound]
'ZhangLS.Spec.lemma54_eighth_actual_window_and_tail' depends on axioms: [propext, Classical.choice, Quot.sound]
'ZhangLS.Spec.proposition141_general_hermitian_orthogonality' depends on axioms: [propext, Classical.choice, Quot.sound]
'ZhangLS.Spec.proposition141_general_gauss_average' depends on axioms: [propext, Classical.choice, Quot.sound]
'ZhangLS.Spec.proposition141_additive_phase_character_expansion' depends on axioms: [propext, Classical.choice, Quot.sound]
'ZhangLS.Spec.proposition141_nonunit_character_phase_zero' depends on axioms: [propext, Classical.choice, Quot.sound]
'ZhangLS.Spec.proposition141PrimeCharacter' depends on axioms: [propext, Classical.choice, Quot.sound]
'ZhangLS.Spec.proposition141_equal_nat_evaluations_induce' depends on axioms: [propext, Classical.choice, Quot.sound]
'ZhangLS.Spec.proposition141_prime_character_nonprincipal' depends on axioms: [propext, Classical.choice, Quot.sound]
'ZhangLS.Spec.proposition141_prime_character_not_chi_induced' depends on axioms: [propext, Classical.choice, Quot.sound]
'ZhangLS.Spec.proposition141_actual_product_inducer_admissible' depends on axioms: [propext, Classical.choice, Quot.sound]
'ZhangLS.Spec.proposition141_product_conductor_le' depends on axioms: [propext, Classical.choice, Quot.sound]
'ZhangLS.Spec.proposition141_product_inducer_eval' depends on axioms: [propext, Classical.choice, Quot.sound]
'ZhangLS.Spec.proposition141_small_product_conductor_lt_fourth' depends on axioms: [propext, Classical.choice, Quot.sound]
'ZhangLS.Spec.proposition141_uniform_fourth_lt_T' depends on axioms: [propext, Classical.choice, Quot.sound]
'ZhangLS.Spec.proposition141_small_product_inducer_prime_bound' depends on axioms: [propext, Classical.choice, Quot.sound]
'ZhangLS.Spec.proposition141ProductPrimeSum' depends on axioms: [propext, Classical.choice, Quot.sound]
'ZhangLS.Spec.proposition141_actual_prime_sum_eq_inducer' depends on axioms: [propext, Classical.choice, Quot.sound]
'ZhangLS.Spec.proposition141_small_actual_product_prime_bound' depends on axioms: [propext, Classical.choice, Quot.sound]
'ZhangLS.Spec.proposition141ShiftedPrimeSum' depends on axioms: [propext, Classical.choice, Quot.sound]
'ZhangLS.Spec.proposition141_shifted_prime_weight_identity' depends on axioms: [propext, Classical.choice, Quot.sound]
'ZhangLS.Spec.proposition141_real_shift_weight_mono' depends on axioms: [propext, Classical.choice, Quot.sound]
'ZhangLS.Spec.proposition141_shifted_finite_prime_budget' depends on axioms: [propext, Classical.choice, Quot.sound]
'ZhangLS.Spec.proposition141_complex_shift_parameters' depends on axioms: [propext, Classical.choice, Quot.sound]
'ZhangLS.Spec.proposition141_complex_shift_weight_bound' depends on axioms: [propext, Classical.choice, Quot.sound]
'ZhangLS.Spec.proposition141_prime_window_sum_eq' depends on axioms: [propext, Classical.choice, Quot.sound]
'ZhangLS.Spec.proposition141_actual_shifted_prime_weight_budget' depends on axioms: [propext, Classical.choice, Quot.sound]
'ZhangLS.Spec.proposition141_shifted_height_margin' depends on axioms: [propext, Classical.choice, Quot.sound]
'ZhangLS.Spec.proposition71SplitPairs' depends on axioms: [propext, Classical.choice, Quot.sound]
'ZhangLS.Spec.proposition71_split_mem' depends on axioms: [propext, Classical.choice, Quot.sound]
'ZhangLS.Spec.proposition71_split_gcd' depends on axioms: [propext, Classical.choice, Quot.sound]
'ZhangLS.Spec.proposition71_split_injective' depends on axioms: [propext, Classical.choice, Quot.sound]
'ZhangLS.Spec.proposition71_split_surjective' depends on axioms: [propext, Classical.choice, Quot.sound]
'ZhangLS.Spec.proposition71_divisor_pair_split' depends on axioms: [propext, Classical.choice, Quot.sound]
'ZhangLS.Spec.proposition71_kappa_convolution_split' depends on axioms: [propext, Classical.choice, Quot.sound]
'ZhangLS.Spec.proposition71_nat_divisor_pair_split' depends on axioms: [propext, Classical.choice, Quot.sound]
'ZhangLS.Spec.proposition71_convolution_submultiplicative' depends on axioms: [propext, Classical.choice, Quot.sound]
'ZhangLS.Spec.proposition71_tau_submultiplicative' depends on axioms: [propext, Classical.choice, Quot.sound]
'ZhangLS.Spec.proposition71_reciprocal_totient_le_tau' depends on axioms: [propext, Classical.choice, Quot.sound]
'ZhangLS.Spec.proposition71_reciprocal_product_totient' depends on axioms: [propext, Classical.choice, Quot.sound]
'ZhangLS.Spec.proposition71_tau_harmonic_bound' depends on axioms: [propext, Classical.choice, Quot.sound]
'ZhangLS.Spec.proposition71_small_conductor_weight_sum' depends on axioms: [propext, Classical.choice, Quot.sound]
'ZhangLS.Spec.proposition71_quarter_split_small_budget' depends on axioms: [propext, Classical.choice, Quot.sound]
'ZhangLS.Spec.proposition71_quarter_split_large_budget' depends on axioms: [propext, Classical.choice, Quot.sound]
'ZhangLS.Spec.proposition71_primitive_character_count' depends on axioms: [propext, Classical.choice, Quot.sound]
'ZhangLS.Spec.proposition71_three_halves_eq_mul_sqrt' depends on axioms: [propext, Classical.choice, Quot.sound]
'ZhangLS.Spec.proposition71_counted_totient_weight' depends on axioms: [propext, Classical.choice, Quot.sound]
'ZhangLS.Spec.proposition71_sqrt_conductor_sum' depends on axioms: [propext, Classical.choice, Quot.sound]
'ZhangLS.Spec.proposition71_counted_conductor_weight_sum' depends on axioms: [propext, Classical.choice, Quot.sound]
'ZhangLS.Spec.proposition141_conductor_congruence' depends on axioms: [propext, Quot.sound]
'ZhangLS.Spec.proposition141SmallConductorModuli' depends on axioms: [propext, Classical.choice, Quot.sound]
'ZhangLS.Spec.proposition141_small_counted_weight_sum' depends on axioms: [propext, Classical.choice, Quot.sound]
'ZhangLS.Spec.proposition141_eighth_counted_tail_identity' depends on axioms: [propext, Classical.choice, Quot.sound]
'ZhangLS.Spec.proposition141_eighth_gauss_tail_identity' depends on axioms: [propext, Classical.choice, Quot.sound]
'ZhangLS.Spec.proposition141_eighth_divisor_tail_budget' depends on axioms: [propext, Classical.choice, Quot.sound]
'ZhangLS.Spec.proposition141_uniform_shifted_primitive_prime_absolute_bound' depends on axioms: [propext, Classical.choice, Quot.sound]
'ZhangLS.Spec.proposition141_uniform_shifted_primitive_prime_normalized_bound' depends on axioms: [propext, Classical.choice, Quot.sound]
'ZhangLS.Spec.proposition141ShiftedProductPrimeSum' depends on axioms: [propext, Classical.choice, Quot.sound]
'ZhangLS.Spec.proposition141_shifted_product_prime_sum_eq_inducer' depends on axioms: [propext, Classical.choice, Quot.sound]
'ZhangLS.Spec.proposition141_uniform_small_shifted_product_prime_bound' depends on axioms: [propext, Classical.choice, Quot.sound]
'ZhangLS.Spec.proposition141_small_shift_power_norm' depends on axioms: [propext, Classical.choice, Quot.sound]
'ZhangLS.Spec.proposition141_shifted_product_prime_continuous' depends on axioms: [propext, Classical.choice, Quot.sound]
'ZhangLS.Spec.proposition141_shifted_product_prime_global_bound' depends on axioms: [propext, Classical.choice, Quot.sound]
'ZhangLS.Spec.proposition141ActualPrimeMellinIntegral' depends on axioms: [propext, Classical.choice, Quot.sound]
'ZhangLS.Spec.proposition141_uniform_small_product_mellin_integral_bound' depends on axioms: [propext, Classical.choice, Quot.sound]
'ZhangLS.Spec.proposition71_actual_delta_vertical_integrable' depends on axioms: [propext, Classical.choice, Quot.sound]
'ZhangLS.Spec.proposition71_actual_delta_mellin_inversion' depends on axioms: [propext, Classical.choice, Quot.sound]
'ZhangLS.Spec.proposition71_actual_scaled_delta_mellin' depends on axioms: [propext, Classical.choice, Quot.sound]
'ZhangLS.Spec.proposition71_inverse_mellin_integrand_integrable' depends on axioms: [propext, Classical.choice, Quot.sound]
'ZhangLS.Spec.proposition71_scaled_mellin_power' depends on axioms: [propext, Classical.choice, Quot.sound]
'ZhangLS.Spec.proposition71_extracted_scale_norm' depends on axioms: [propext, Classical.choice, Quot.sound]
'ZhangLS.Spec.proposition71_actual_finite_mellin_sum' depends on axioms: [propext, Classical.choice, Quot.sound]
'ZhangLS.Spec.proposition141ActualShiftedPrimeKernel' depends on axioms: [propext, Classical.choice, Quot.sound]
'ZhangLS.Spec.proposition141_actual_shifted_prime_mellin_identity' depends on axioms: [propext, Classical.choice, Quot.sound]
'ZhangLS.Spec.proposition141_actual_shifted_prime_kernel_integral_bound' depends on axioms: [propext, Classical.choice, Quot.sound]
'ZhangLS.Spec.proposition141_uniform_small_shifted_prime_kernel_bound' depends on axioms: [propext, Classical.choice, Quot.sound]
'ZhangLS.Spec.Proposition141KappaBound' depends on axioms: [propext, Classical.choice, Quot.sound]
'ZhangLS.Spec.Proposition141AdmissibleSequence' depends on axioms: [propext, Classical.choice, Quot.sound]
'ZhangLS.Spec.proposition141Indices' depends on axioms: [propext, Classical.choice, Quot.sound]
'ZhangLS.Spec.proposition141KappaSeries' depends on axioms: [propext, Classical.choice, Quot.sound]
'ZhangLS.Spec.proposition141Polynomial' depends on axioms: [propext, Classical.choice, Quot.sound]
'ZhangLS.Spec.proposition141SegmentIntegral' depends on axioms: [propext, Classical.choice, Quot.sound]
'ZhangLS.Spec.proposition141Integral' depends on axioms: [propext, Classical.choice, Quot.sound]
'ZhangLS.Spec.proposition141ShiftWeight' depends on axioms: [propext, Classical.choice, Quot.sound]
'ZhangLS.Spec.proposition141ThetaTwo' depends on axioms: [propext, Classical.choice, Quot.sound]
'ZhangLS.Spec.proposition141AmbientMean' depends on axioms: [propext, Classical.choice, Quot.sound]
'ZhangLS.Spec.proposition141InnerMain' depends on axioms: [propext, Classical.choice, Quot.sound]
'ZhangLS.Spec.proposition141MainTerm' depends on axioms: [propext, Classical.choice, Quot.sound]
'ZhangLS.Spec.Proposition141Target' depends on axioms: [propext, Classical.choice, Quot.sound]
'ZhangLS.Spec.proposition141_mem_indices' depends on axioms: [propext, Classical.choice, Quot.sound]
'ZhangLS.Spec.proposition141_segment_real_part' depends on axioms: [propext, Classical.choice, Quot.sound]
'ZhangLS.Spec.proposition141_zero_shift' depends on axioms: [propext, Classical.choice, Quot.sound]
'ZhangLS.Spec.proposition141_kappa_three_factor_bound' depends on axioms: [propext, Classical.choice, Quot.sound]
'ZhangLS.Spec.proposition141_kappa_finite_harmonic_bound' depends on axioms: [propext, Classical.choice, Quot.sound]
'ZhangLS.Spec.proposition141FiniteSmallCharacterSum' depends on axioms: [propext, Classical.choice, Quot.sound]
'ZhangLS.Spec.proposition141_uniform_finite_small_character_sum_bound' depends on axioms: [propext, Classical.choice, Quot.sound]
'ZhangLS.Spec.proposition71_positive_ratio_cpow' depends on axioms: [propext, Classical.choice, Quot.sound]
'ZhangLS.Spec.proposition71_finite_mellin_integrand_integrable' depends on axioms: [propext, Classical.choice, Quot.sound]
'ZhangLS.Spec.proposition71DoubleMellinIntegrand' depends on axioms: [propext, Classical.choice, Quot.sound]
'ZhangLS.Spec.proposition71_double_mellin_integrand_expansion' depends on axioms: [propext, Classical.choice, Quot.sound]
'ZhangLS.Spec.proposition71_double_mellin_integrand_integrable' depends on axioms: [propext, Classical.choice, Quot.sound]
'ZhangLS.Spec.proposition71_actual_double_mellin_sum' depends on axioms: [propext, Classical.choice, Quot.sound]
'ZhangLS.Spec.proposition141DoubleMellinIntegrand' depends on axioms: [propext, Classical.choice, Quot.sound]
'ZhangLS.Spec.proposition141_double_mellin_integrand_eq' depends on axioms: [propext, Classical.choice, Quot.sound]
'ZhangLS.Spec.proposition141_double_mellin_integrable' depends on axioms: [propext, Classical.choice, Quot.sound]
'ZhangLS.Spec.proposition141_actual_double_mellin_identity' depends on axioms: [propext, Classical.choice, Quot.sound]
'ZhangLS.Spec.proposition141_kappa_series_summable' depends on axioms: [propext, Classical.choice, Quot.sound]
'ZhangLS.Spec.proposition141_nonzero_support' depends on axioms: [propext, Classical.choice, Quot.sound]
'ZhangLS.Spec.proposition141_nonzero_product_indices' depends on axioms: [propext, Classical.choice, Quot.sound]
'ZhangLS.Spec.proposition141_omitted_coefficient_zero' depends on axioms: [propext, Classical.choice, Quot.sound]
'ZhangLS.Spec.proposition141_uniform_t0_le_D' depends on axioms: [propext, Classical.choice, Quot.sound]
'ZhangLS.Spec.proposition141_uniform_support_modulus_bound' depends on axioms: [propext, Classical.choice, Quot.sound]
'ZhangLS.Spec.proposition141_supported_modulus_coprime_prime' depends on axioms: [propext, Classical.choice, Quot.sound]
'ZhangLS.Spec.proposition141_t0_log_bounds' depends on axioms: [propext, Classical.choice, Quot.sound]
'ZhangLS.Spec.proposition141_t0_shift_norm' depends on axioms: [propext, Classical.choice, Quot.sound]
'ZhangLS.Spec.proposition141_prime_t0_shift_factor' depends on axioms: [propext, Classical.choice, Quot.sound]
'ZhangLS.Spec.proposition141_prime_t0_shift_norm' depends on axioms: [propext, Classical.choice, Quot.sound]
'ZhangLS.Spec.proposition141_prime_t0_shift_sum' depends on axioms: [propext, Classical.choice, Quot.sound]
'ZhangLS.Spec.proposition141_prime_windows_equal' depends on axioms: [propext, Classical.choice, Quot.sound]
'ZhangLS.Spec.proposition141_actual_prime_masses_equal' depends on axioms: [propext, Classical.choice, Quot.sound]
'ZhangLS.Spec.proposition71_large_log_exponent' depends on axioms: [propext, Classical.choice, Quot.sound]
'ZhangLS.Spec.proposition71_large_power_exponent' depends on axioms: [propext, Classical.choice, Quot.sound]
'ZhangLS.Spec.proposition71_tail_exp_factor' depends on axioms: [propext, Classical.choice, Quot.sound]
'ZhangLS.Spec.proposition71LargeDeltaTailConstant' depends on axioms: [propext, Classical.choice, Quot.sound]
'ZhangLS.Spec.proposition71_large_delta_tail_constant_pos' depends on axioms: [propext, Classical.choice, Quot.sound]
'ZhangLS.Spec.proposition71_actual_large_delta_tail' depends on axioms: [propext, Classical.choice, Quot.sound]
'ZhangLS.Spec.proposition141_tau_five_square_summable' depends on axioms: [propext, Classical.choice, Quot.sound]
'ZhangLS.Spec.proposition141TauFiveSquareMass' depends on axioms: [propext, Classical.choice, Quot.sound]
'ZhangLS.Spec.proposition141_tau_five_square_mass_nonneg' depends on axioms: [propext, Classical.choice, Quot.sound]
'ZhangLS.Spec.proposition141_dilated_kappa_square_summable' depends on axioms: [propext, Classical.choice, Quot.sound]
'ZhangLS.Spec.proposition141_dilated_kappa_square_sum' depends on axioms: [propext, Classical.choice, Quot.sound]
'ZhangLS.Spec.proposition141_scaled_large_delta_tail' depends on axioms: [propext, Classical.choice, Quot.sound]
'ZhangLS.Spec.proposition141DilatedDeltaTailTerm' depends on axioms: [propext, Classical.choice, Quot.sound]
'ZhangLS.Spec.proposition141_dilated_delta_tail_majorant' depends on axioms: [propext, Classical.choice, Quot.sound]
'ZhangLS.Spec.proposition141_dilated_delta_tail_summable' depends on axioms: [propext, Classical.choice, Quot.sound]
'ZhangLS.Spec.proposition141_dilated_delta_tail_bound' depends on axioms: [propext, Classical.choice, Quot.sound]
'ZhangLS.Spec.proposition141_actual_kappa_interval_energy' depends on axioms: [propext, Classical.choice, Quot.sound]
'ZhangLS.Spec.proposition141_actual_weighted_kappa_mean' depends on axioms: [propext, Classical.choice, Quot.sound]
'ZhangLS.Spec.proposition141_actual_shifted_prime_energy' depends on axioms: [propext, Classical.choice, Quot.sound]
'ZhangLS.Spec.proposition141_actual_weighted_prime_mean' depends on axioms: [propext, Classical.choice, Quot.sound]
'ZhangLS.Spec.tauDirichlet_lseries_value' depends on axioms: [propext, Classical.choice, Quot.sound]
'ZhangLS.Spec.tauDirichlet_square_mass' depends on axioms: [propext, Classical.choice, Quot.sound]
'ZhangLS.Spec.tauDirichlet_five_square_mass_le' depends on axioms: [propext, Classical.choice, Quot.sound]
'ZhangLS.Spec.proposition141_tau_five_square_mass_eq' depends on axioms: [propext, Classical.choice, Quot.sound]
'ZhangLS.Spec.proposition141_tau_five_square_mass_le' depends on axioms: [propext, Classical.choice, Quot.sound]
'ZhangLS.Spec.proposition141_dilated_delta_tail_explicit_bound' depends on axioms: [propext, Classical.choice, Quot.sound]
'ZhangLS.Spec.proposition141_prime_tail_shift_norm' depends on axioms: [propext, Classical.choice, Quot.sound]
'ZhangLS.Spec.proposition141_prime_card_le_mass' depends on axioms: [propext, Classical.choice, Quot.sound]
'ZhangLS.Spec.proposition141_prime_summed_infinite_tail' depends on axioms: [propext, Classical.choice, Quot.sound]
'ZhangLS.Spec.proposition141_prime_tail_interchange' depends on axioms: [propext, Classical.choice, Quot.sound]
'ZhangLS.Spec.proposition141_dilated_delta_series_summable' depends on axioms: [propext, Classical.choice, Quot.sound]
'ZhangLS.Spec.proposition141_coprime_delta_series_summable' depends on axioms: [propext, Classical.choice, Quot.sound]
'ZhangLS.Spec.proposition141_original_main_series_summable' depends on axioms: [propext, Classical.choice, Quot.sound]
'ZhangLS.Spec.proposition141_off_diagonal_not_dvd' depends on axioms: [propext, Quot.sound]
'ZhangLS.Spec.proposition141_lift_ne_chi_of_not_dvd' depends on axioms: [propext, Classical.choice, Quot.sound]
'ZhangLS.Spec.proposition141_off_diagonal_inducer_admissible' depends on axioms: [propext, Classical.choice, Quot.sound]
'ZhangLS.Spec.proposition141_off_diagonal_product_conductor_le' depends on axioms: [propext, Classical.choice, Quot.sound]
'ZhangLS.Spec.proposition141_off_diagonal_inducer_eval' depends on axioms: [propext, Classical.choice, Quot.sound]
'ZhangLS.Spec.proposition141_small_off_diagonal_inducer_prime_bound' depends on axioms: [propext, Classical.choice, Quot.sound]
'ZhangLS.Spec.proposition141_prime_kernel_changeLevel' depends on axioms: [propext, Classical.choice, Quot.sound]
'ZhangLS.Spec.proposition141_uniform_off_diagonal_small_kernel_bound' depends on axioms: [propext, Classical.choice, Quot.sound]
'ZhangLS.Spec.proposition141_supported_off_diagonal_common_modulus' depends on axioms: [propext, Classical.choice, Quot.sound]
'ZhangLS.Spec.proposition141_uniform_supported_off_diagonal_small_kernel_bound' depends on axioms: [propext, Classical.choice, Quot.sound]
'ZhangLS.Spec.proposition141PrimitiveFiniteCharacterSum' depends on axioms: [propext, Classical.choice, Quot.sound]
'ZhangLS.Spec.proposition141_prime_coprime_extra_factor' depends on axioms: [propext, Classical.choice, Quot.sound]
'ZhangLS.Spec.proposition141_primitive_lifted_finite_sum' depends on axioms: [propext, Classical.choice, Quot.sound]
'ZhangLS.Spec.proposition141_primitive_lift_nonprincipal' depends on axioms: [propext, Classical.choice, Quot.sound]
'ZhangLS.Spec.proposition141_uniform_primitive_small_character_sum_bound' depends on axioms: [propext, Classical.choice, Quot.sound]
'ZhangLS.Spec.proposition141_primitive_subfamily_card' depends on axioms: [propext, Classical.choice, Quot.sound]
'ZhangLS.Spec.proposition141_counted_row_scalar' depends on axioms: [propext, Classical.choice, Quot.sound]
'ZhangLS.Spec.proposition141_uniform_small_conductor_row_bound' depends on axioms: [propext, Classical.choice, Quot.sound]
'ZhangLS.Spec.proposition141SmallSupportedModuli' depends on axioms: [propext, Classical.choice, Quot.sound]
'ZhangLS.Spec.proposition141SmallPrimitiveFamily' depends on axioms: [propext, Classical.choice, Quot.sound]
'ZhangLS.Spec.proposition141_small_supported_mem' depends on axioms: [propext, Classical.choice, Quot.sound]
'ZhangLS.Spec.proposition141FiniteSmallConductorAggregate' depends on axioms: [propext, Classical.choice, Quot.sound]
'ZhangLS.Spec.proposition141_small_supported_weight_sum' depends on axioms: [propext, Classical.choice, Quot.sound]
'ZhangLS.Spec.proposition141_uniform_finite_small_conductor_aggregate' depends on axioms: [propext, Classical.choice, Quot.sound]
'ZhangLS.Spec.proposition141_small_supported_product_prime_bound' depends on axioms: [propext, Classical.choice, Quot.sound]
'ZhangLS.Spec.proposition141_off_diagonal_actual_prime_sum_eq_inducer' depends on axioms: [propext, Classical.choice, Quot.sound]
'ZhangLS.Spec.proposition141_small_actual_off_diagonal_prime_bound' depends on axioms: [propext, Classical.choice, Quot.sound]
'ZhangLS.Spec.proposition141_large_tail_prime_power_absorption' depends on axioms: [propext, Classical.choice, Quot.sound]
'ZhangLS.Spec.proposition141_actual_tail_prime_power_absorption' depends on axioms: [propext, Classical.choice, Quot.sound]
'ZhangLS.Spec.proposition141_actual_large_tail_decay' depends on axioms: [propext, Classical.choice, Quot.sound]
'ZhangLS.Spec.proposition141_actual_tail_polynomial_rate' depends on axioms: [propext, Classical.choice, Quot.sound]
'ZhangLS.Spec.proposition71_weighted_cauchy' depends on axioms: [propext, Classical.choice, Quot.sound]
'ZhangLS.Spec.proposition71_weighted_primitive_cauchy' depends on axioms: [propext, Classical.choice, Quot.sound]
'ZhangLS.Spec.proposition71_weighted_primitive_cauchy_bound' depends on axioms: [propext, Classical.choice, Quot.sound]
'ZhangLS.Spec.proposition141_actual_weighted_bilinear_mean' depends on axioms: [propext, Classical.choice, Quot.sound]
'ZhangLS.Spec.proposition71_prime_support_union' depends on axioms: [propext, Classical.choice, Quot.sound]
'ZhangLS.Spec.proposition71_lambda_factorization' depends on axioms: [propext, Classical.choice, Quot.sound]
'ZhangLS.Spec.proposition71_xi_factor_extraction' depends on axioms: [propext, Classical.choice, Quot.sound]
'ZhangLS.Spec.proposition71ArithmeticSum' depends on axioms: [propext, Classical.choice, Quot.sound]
'ZhangLS.Spec.proposition71ErrorScale' depends on axioms: [propext, Classical.choice, Quot.sound]
'ZhangLS.Spec.proposition71MainTerm' depends on axioms: [propext, Classical.choice, Quot.sound]
'ZhangLS.Spec.Proposition71AtConstant' depends on axioms: [propext, Classical.choice, Quot.sound]
'ZhangLS.Spec.Proposition71Target' depends on axioms: [propext, Classical.choice, Quot.sound]
'ZhangLS.Spec.proposition71_mem_indices' depends on axioms: [propext, Classical.choice, Quot.sound]
'ZhangLS.Spec.proposition71_good_family_exact' depends on axioms: [propext, Classical.choice, Quot.sound]
'ZhangLS.Spec.proposition71_convolution_majorant' depends on axioms: [propext, Classical.choice, Quot.sound]
'ZhangLS.Spec.proposition71_power_coefficient_majorant' depends on axioms: [propext, Classical.choice, Quot.sound]
'ZhangLS.Spec.proposition71_moebius_coefficient_majorant' depends on axioms: [propext, Classical.choice, Quot.sound]
'ZhangLS.Spec.proposition71_actual_kappa_le_tau_four' depends on axioms: [propext, Classical.choice, Quot.sound]
'ZhangLS.Spec.proposition71ArithmeticSequence' depends on axioms: [propext, Classical.choice, Quot.sound]
'ZhangLS.Spec.proposition71_arithmetic_sequence_positive' depends on axioms: [propext, Classical.choice, Quot.sound]
'ZhangLS.Spec.proposition71_actual_convolution_le_tau_five' depends on axioms: [propext, Classical.choice, Quot.sound]
'ZhangLS.Spec.proposition71_multichoose_five_square_le_twentyfive' depends on axioms: [propext, Classical.choice, Quot.sound]
'ZhangLS.Spec.proposition71_tau_five_square_le_twentyfive' depends on axioms: [propext, Classical.choice, Quot.sound]
'ZhangLS.Spec.proposition71_tau_five_square_harmonic_sum' depends on axioms: [propext, Classical.choice, Quot.sound]
'ZhangLS.Spec.proposition71_actual_convolution_harmonic_energy' depends on axioms: [propext, Classical.choice, Quot.sound]
'ZhangLS.Spec.proposition71_nonprincipal_conductor_gt_one' depends on axioms: [propext, Classical.choice, Quot.sound]
'ZhangLS.Spec.proposition71_equal_nat_evaluations_changeLevel' depends on axioms: [propext, Classical.choice, Quot.sound]
'ZhangLS.Spec.proposition71_small_primitive_distinct' depends on axioms: [propext, Classical.choice, Quot.sound]
'ZhangLS.Spec.proposition71_actual_inducer_admissible' depends on axioms: [propext, Classical.choice, Quot.sound]
'ZhangLS.Spec.proposition71_small_conductor_lt_T' depends on axioms: [propext, Classical.choice, Quot.sound]
'ZhangLS.Spec.proposition71_small_actual_inducer_prime_bound' depends on axioms: [propext, Classical.choice, Quot.sound]
'ZhangLS.Spec.proposition71ConductorNormAggregate' depends on axioms: [propext, Classical.choice, Quot.sound]
'ZhangLS.Spec.proposition71_conductor_norm_aggregate_nonneg' depends on axioms: [propext, Classical.choice, Quot.sound]
'ZhangLS.Spec.proposition71_conductor_norm_aggregate_bound' depends on axioms: [propext, Classical.choice, Quot.sound]
'ZhangLS.Spec.proposition71_conductor_aggregate_mono' depends on axioms: [propext, Classical.choice, Quot.sound]
'ZhangLS.Spec.proposition71_conductor_aggregate_le_add' depends on axioms: [propext, Classical.choice, Quot.sound]
'ZhangLS.Spec.proposition71_conductor_aggregate_predicate_split' depends on axioms: [propext, Classical.choice, Quot.sound]
'ZhangLS.Spec.proposition71_conductor_aggregate_cover' depends on axioms: [propext, Classical.choice, Quot.sound]
'ZhangLS.Spec.proposition71_conductor_aggregate_upper_restrict' depends on axioms: [propext, Classical.choice, Quot.sound]
'ZhangLS.Spec.proposition71_gaussian_clearance_budget' depends on axioms: [propext, Classical.choice, Quot.sound]
'ZhangLS.Spec.proposition71_actual_gaussian_offcenter' depends on axioms: [propext, Classical.choice, Quot.sound]
'ZhangLS.Spec.proposition71OffCenterDeltaConstant' depends on axioms: [propext, Classical.choice, Quot.sound]
'ZhangLS.Spec.proposition71_offcenter_delta_constant_pos' depends on axioms: [propext, Classical.choice, Quot.sound]
'ZhangLS.Spec.proposition71_actual_delta_offcenter' depends on axioms: [propext, Classical.choice, Quot.sound]
'ZhangLS.Spec.proposition71_cutoff_le_P' depends on axioms: [propext, Classical.choice, Quot.sound]
'ZhangLS.Spec.proposition71_short_index_lt_prime' depends on axioms: [propext, Classical.choice, Quot.sound]
'ZhangLS.Spec.proposition71_short_index_unit' depends on axioms: [propext, Classical.choice, Quot.sound]
'ZhangLS.Spec.proposition71_supported_second_index_unit' depends on axioms: [propext, Classical.choice, Quot.sound]
'ZhangLS.Spec.proposition71_divisible_long_index_zero' depends on axioms: [propext, Classical.choice, Quot.sound]
'ZhangLS.Spec.proposition71_factors_le_product' depends on axioms: [propext, Classical.choice, Quot.sound]
'ZhangLS.Spec.proposition71_omitted_positive_coefficient_zero' depends on axioms: [propext, Classical.choice, Quot.sound]
'ZhangLS.Spec.proposition71LocalScale' depends on axioms: [propext, Classical.choice, Quot.sound]
'ZhangLS.Spec.proposition71LocalizedIndices' depends on axioms: [propext, Classical.choice, Quot.sound]
'ZhangLS.Spec.proposition71_mem_localized_indices' depends on axioms: [propext, Classical.choice, Quot.sound]
'ZhangLS.Spec.proposition71_uniform_localized_geometry' depends on axioms: [propext, Classical.choice, Quot.sound]
'ZhangLS.Spec.proposition71_localized_length_budget' depends on axioms: [propext, Classical.choice, Quot.sound]
'ZhangLS.Spec.proposition71_paper_prime_le_three_halves_P' depends on axioms: [propext, Classical.choice, Quot.sound]
'ZhangLS.Spec.proposition71_offlocalized_clearance' depends on axioms: [propext, Classical.choice, Quot.sound]
'ZhangLS.Spec.proposition71_actual_offlocalized_delta' depends on axioms: [propext, Classical.choice, Quot.sound]
'ZhangLS.Spec.proposition71_actual_dyadic_coefficient_energy' depends on axioms: [propext, Classical.choice, Quot.sound]
'ZhangLS.Spec.proposition71_actual_weighted_dyadic_kappa_mean' depends on axioms: [propext, Classical.choice, Quot.sound]
'ZhangLS.Spec.proposition71_actual_localized_kappa_mean' depends on axioms: [propext, Classical.choice, Quot.sound]
'ZhangLS.Spec.proposition71DyadicScale' depends on axioms: [propext, Classical.choice, Quot.sound]
'ZhangLS.Spec.proposition71DyadicBlockCount' depends on axioms: [propext, Classical.choice, Quot.sound]
'ZhangLS.Spec.proposition71_dyadic_scale_lower' depends on axioms: [propext, Classical.choice, Quot.sound]
'ZhangLS.Spec.proposition71_dyadic_scale_pos' depends on axioms: [propext, Classical.choice, Quot.sound]
'ZhangLS.Spec.proposition71_dyadic_block_count_bound' depends on axioms: [propext, Classical.choice, Quot.sound]
'ZhangLS.Spec.proposition71_dyadic_cover' depends on axioms: [propext, Classical.choice, Quot.sound]
'ZhangLS.Spec.proposition71_dyadic_cover_unique' depends on axioms: [propext, Classical.choice, Quot.sound]
'ZhangLS.Spec.proposition71_primitive_inverse_sum' depends on axioms: [propext, Classical.choice, Quot.sound]
'ZhangLS.Spec.proposition71_paper_prime_le_twice_P' depends on axioms: [propext, Classical.choice, Quot.sound]
'ZhangLS.Spec.proposition71_actual_prime_coefficient_energy' depends on axioms: [propext, Classical.choice, Quot.sound]
'ZhangLS.Spec.proposition71_actual_weighted_dyadic_prime_mean' depends on axioms: [propext, Classical.choice, Quot.sound]
'ZhangLS.Spec.proposition71_actual_weighted_dyadic_inverse_prime_mean' depends on axioms: [propext, Classical.choice, Quot.sound]
'ZhangLS.Spec.proposition71KappaCharacterPolynomial' depends on axioms: [propext, Classical.choice, Quot.sound]
'ZhangLS.Spec.proposition71PrimeCharacterPolynomial' depends on axioms: [propext, Classical.choice, Quot.sound]
'ZhangLS.Spec.proposition71SigmaOnSet' depends on axioms: [propext, Classical.choice, Quot.sound]
'ZhangLS.Spec.proposition71SigmaMellinIntegrand' depends on axioms: [propext, Classical.choice, Quot.sound]
'ZhangLS.Spec.proposition71_kappa_character_polynomial_factor' depends on axioms: [propext, Classical.choice, Quot.sound]
'ZhangLS.Spec.proposition71_prime_character_polynomial_factor' depends on axioms: [propext, Classical.choice, Quot.sound]
'ZhangLS.Spec.proposition71_sigma_integrand_eq_double' depends on axioms: [propext, Classical.choice, Quot.sound]
'ZhangLS.Spec.proposition71_actual_sigma_mellin' depends on axioms: [propext, Classical.choice, Quot.sound]
'ZhangLS.Spec.proposition71_sigma_mellin_integrable' depends on axioms: [propext, Classical.choice, Quot.sound]
'ZhangLS.Spec.proposition71_sigma_mellin_norm' depends on axioms: [propext, Classical.choice, Quot.sound]
'ZhangLS.Spec.proposition71DyadicCharacters' depends on axioms: [propext, Classical.choice, Quot.sound]
'ZhangLS.Spec.proposition71_mem_dyadic_characters' depends on axioms: [propext, Classical.choice, Quot.sound]
'ZhangLS.Spec.proposition71DyadicSigmaNormSum' depends on axioms: [propext, Classical.choice, Quot.sound]
'ZhangLS.Spec.proposition71DyadicPolynomialNormSum' depends on axioms: [propext, Classical.choice, Quot.sound]
'ZhangLS.Spec.proposition71_dyadic_sigma_norm_sum_expanded' depends on axioms: [propext, Classical.choice, Quot.sound]
'ZhangLS.Spec.proposition71_dyadic_mellin_product_integrable' depends on axioms: [propext, Classical.choice, Quot.sound]
'ZhangLS.Spec.proposition71_actual_dyadic_mellin_mean' depends on axioms: [propext, Classical.choice, Quot.sound]
'ZhangLS.Spec.proposition71_actual_delta_norm_integral' depends on axioms: [propext, Classical.choice, Quot.sound]
'ZhangLS.Spec.proposition71_actual_dyadic_product_bound' depends on axioms: [propext, Classical.choice, Quot.sound]
'ZhangLS.Spec.proposition71_actual_weighted_dyadic_sigma_bound' depends on axioms: [propext, Classical.choice, Quot.sound]
'ZhangLS.Spec.proposition71TruncatedKappaCoefficient' depends on axioms: [propext, Classical.choice, Quot.sound]
'ZhangLS.Spec.proposition71TruncatedKappaPolynomial' depends on axioms: [propext, Classical.choice, Quot.sound]
'ZhangLS.Spec.proposition71_strict_polynomial_eq_LSeries' depends on axioms: [propext, Classical.choice, Quot.sound]
'ZhangLS.Spec.proposition71_mem_long_indices' depends on axioms: [propext, Classical.choice, Quot.sound]
'ZhangLS.Spec.proposition71_truncated_coefficient_majorant' depends on axioms: [propext, Classical.choice, Quot.sound]
'ZhangLS.Spec.proposition71_truncated_coefficient_energy' depends on axioms: [propext, Classical.choice, Quot.sound]
'ZhangLS.Spec.proposition71_actual_kappa_second_moment' depends on axioms: [propext, Classical.choice, Quot.sound]
'ZhangLS.Spec.proposition71_exceptional_holder' depends on axioms: [propext, Classical.choice, Quot.sound]
'ZhangLS.Spec.proposition71_imaginary_phase_distance' depends on axioms: [propext, Classical.choice, Quot.sound]
'ZhangLS.Spec.proposition71_prime_window_log_error' depends on axioms: [propext, Classical.choice, Quot.sound]
'ZhangLS.Spec.proposition71_actual_prime_phase_rate' depends on axioms: [propext, Classical.choice, Quot.sound]
'ZhangLS.Spec.proposition71_actual_phase_rate' depends on axioms: [propext, Classical.choice, Quot.sound]
'ZhangLS.Spec.proposition71_uniform_phase_budget' depends on axioms: [propext, Classical.choice, Quot.sound]
'ZhangLS.Spec.proposition71_prime_windows_equal' depends on axioms: [propext, Classical.choice, Quot.sound]
'ZhangLS.Spec.proposition71_actual_prime_masses_equal' depends on axioms: [propext, Classical.choice, Quot.sound]
'ZhangLS.Spec.proposition71_weighted_three_norm' depends on axioms: [propext, Classical.choice, Quot.sound]
'ZhangLS.Spec.proposition71_summed_phase_budget' depends on axioms: [propext, Classical.choice, Quot.sound]
'ZhangLS.Spec.proposition71_actual_arithmetic_phase_budget' depends on axioms: [propext, Classical.choice, Quot.sound]
'ZhangLS.Spec.proposition71ExceptionalPolynomialMean' depends on axioms: [propext, Classical.choice, Quot.sound]
'ZhangLS.Spec.proposition71_exceptional_mean_nonneg' depends on axioms: [propext, Classical.choice, Quot.sound]
'ZhangLS.Spec.proposition71_exceptional_fourth_power_budget' depends on axioms: [propext, Classical.choice, Quot.sound]
'ZhangLS.Spec.proposition71_original_seven_five' depends on axioms: [propext, Classical.choice, Quot.sound]
'ZhangLS.Spec.proposition71_log_power_linear_quarter_threshold' depends on axioms: [propext, Classical.choice, Quot.sound]
'ZhangLS.Spec.proposition71_uniform_large_l_geometry' depends on axioms: [propext, Classical.choice, Quot.sound]
'ZhangLS.Spec.proposition71_uniform_large_l_argument' depends on axioms: [propext, Classical.choice, Quot.sound]
'ZhangLS.Spec.proposition71_prime_second_mass_bound' depends on axioms: [propext, Classical.choice, Quot.sound]
'ZhangLS.Spec.proposition71_positive_imaginary_power_norm' depends on axioms: [propext, Classical.choice, Quot.sound]
'ZhangLS.Spec.proposition71_ratio_inverse_square' depends on axioms: [propext, Classical.choice, Quot.sound]
'ZhangLS.Spec.proposition71_large_l_prime_kernel' depends on axioms: [propext, Classical.choice, Quot.sound]
'ZhangLS.Spec.proposition71_tau_five_quadratic_summable' depends on axioms: [propext, Classical.choice, Quot.sound]
'ZhangLS.Spec.proposition71TauFiveQuadraticMass' depends on axioms: [propext, Classical.choice, Quot.sound]
'ZhangLS.Spec.proposition71_tau_five_quadratic_mass_pos' depends on axioms: [propext, Classical.choice, Quot.sound]
'ZhangLS.Spec.proposition71_actual_dilated_kappa_majorant' depends on axioms: [propext, Classical.choice, Quot.sound]
'ZhangLS.Spec.proposition71_tau_dominated_series_summable' depends on axioms: [propext, Classical.choice, Quot.sound]
'ZhangLS.Spec.proposition71_tau_dominated_tsum_bound' depends on axioms: [propext, Classical.choice, Quot.sound]
'ZhangLS.Spec.proposition71SigmaTerm' depends on axioms: [propext, Classical.choice, Quot.sound]
'ZhangLS.Spec.proposition71SigmaLargeLTerm' depends on axioms: [propext, Classical.choice, Quot.sound]
'ZhangLS.Spec.proposition71SigmaLargeLTail' depends on axioms: [propext, Classical.choice, Quot.sound]
'ZhangLS.Spec.proposition71_large_l_term_majorant' depends on axioms: [propext, Classical.choice, Quot.sound]
'ZhangLS.Spec.proposition71_large_l_tail_bound' depends on axioms: [propext, Classical.choice, Quot.sound]
'ZhangLS.Spec.proposition71SigmaStar' depends on axioms: [propext, Classical.choice, Quot.sound]
'ZhangLS.Spec.proposition71LocalizedDyadicMean' depends on axioms: [propext, Classical.choice, Quot.sound]
'ZhangLS.Spec.proposition71_localized_dyadic_mean_expanded' depends on axioms: [propext, Classical.choice, Quot.sound]
'ZhangLS.Spec.proposition71_localized_dyadic_mean_nonneg' depends on axioms: [propext, Classical.choice, Quot.sound]
'ZhangLS.Spec.proposition71LargeMeanSquareConstant' depends on axioms: [propext, Classical.choice, Quot.sound]
'ZhangLS.Spec.proposition71_large_mean_square_constant_pos' depends on axioms: [propext, Classical.choice, Quot.sound]
'ZhangLS.Spec.proposition71_actual_localized_sigma_square' depends on axioms: [propext, Classical.choice, Quot.sound]
'ZhangLS.Spec.proposition71SigmaSeries' depends on axioms: [propext, Classical.choice, Quot.sound]
'ZhangLS.Spec.proposition71SigmaOffLocalTerm' depends on axioms: [propext, Classical.choice, Quot.sound]
'ZhangLS.Spec.proposition71SigmaOffLocalTail' depends on axioms: [propext, Classical.choice, Quot.sound]
'ZhangLS.Spec.proposition71_tsum_finite_split' depends on axioms: [propext, Classical.choice, Quot.sound]
'ZhangLS.Spec.proposition71_sigma_series_summable' depends on axioms: [propext, Classical.choice, Quot.sound]
'ZhangLS.Spec.proposition71_sigma_local_finite_sum' depends on axioms: [propext, Classical.choice, Quot.sound]
'ZhangLS.Spec.proposition71_sigma_exact_localization' depends on axioms: [propext, Classical.choice, Quot.sound]
'ZhangLS.Spec.proposition71_offlocal_prime_kernel' depends on axioms: [propext, Classical.choice, Quot.sound]
'ZhangLS.Spec.proposition71_offlocal_sigma_term' depends on axioms: [propext, Classical.choice, Quot.sound]
'ZhangLS.Spec.proposition71_offlocal_term_majorant' depends on axioms: [propext, Classical.choice, Quot.sound]
'ZhangLS.Spec.proposition71OffLocalTailConstant' depends on axioms: [propext, Classical.choice, Quot.sound]
'ZhangLS.Spec.proposition71_offlocal_tail_constant_pos' depends on axioms: [propext, Classical.choice, Quot.sound]
'ZhangLS.Spec.proposition71_actual_offlocal_tail_bound' depends on axioms: [propext, Classical.choice, Quot.sound]
'ZhangLS.Spec.proposition71_tail_scalar_budget' depends on axioms: [propext, Classical.choice, Quot.sound]
'ZhangLS.Spec.proposition71OffLocalConductorAggregate' depends on axioms: [propext, Classical.choice, Quot.sound]
'ZhangLS.Spec.proposition71_hr_le_cutoff_of_dhr' depends on axioms: [propext, Classical.choice, Quot.sound]
'ZhangLS.Spec.proposition71_offlocal_conductor_aggregate_bound' depends on axioms: [propext, Classical.choice, Quot.sound]
'ZhangLS.Spec.proposition71OffLocalLargeAggregate' depends on axioms: [propext, Classical.choice, Quot.sound]
'ZhangLS.Spec.proposition71_offlocal_large_aggregate_power_saving' depends on axioms: [propext, Classical.choice, Quot.sound]
'ZhangLS.Spec.proposition71_weighted_prime_polynomial_continuous' depends on axioms: [propext, Classical.choice, Quot.sound]
'ZhangLS.Spec.proposition71_weighted_prime_polynomial_norm' depends on axioms: [propext, Classical.choice, Quot.sound]
'ZhangLS.Spec.proposition71_weighted_prime_kernel_integrable' depends on axioms: [propext, Classical.choice, Quot.sound]
'ZhangLS.Spec.proposition71_actual_mellin_prime_bound' depends on axioms: [propext, Classical.choice, Quot.sound]
'ZhangLS.Spec.proposition71_arctan_le_self' depends on axioms: [propext, Classical.choice, Quot.sound]
'ZhangLS.Spec.proposition71_positive_cauchy_tail' depends on axioms: [propext, Classical.choice, Quot.sound]
'ZhangLS.Spec.proposition71_negative_cauchy_tail' depends on axioms: [propext, Classical.choice, Quot.sound]
'ZhangLS.Spec.proposition71_bounded_cauchy_integrable' depends on axioms: [propext, Classical.choice, Quot.sound]
'ZhangLS.Spec.proposition71_cauchy_window_and_tail' depends on axioms: [propext, Classical.choice, Quot.sound]
'ZhangLS.Spec.proposition71_actual_prime_sum_continuous' depends on axioms: [propext, Classical.choice, Quot.sound]
'ZhangLS.Spec.proposition71_actual_prime_sum_trivial_bound' depends on axioms: [propext, Classical.choice, Quot.sound]
'ZhangLS.Spec.proposition71_actual_inducer_weighted_prime_integral' depends on axioms: [propext, Classical.choice, Quot.sound]
'ZhangLS.Spec.proposition71_decay_le_inverse_modulus' depends on axioms: [propext, Classical.choice, Quot.sound]
'ZhangLS.Spec.proposition71_actual_inducer_weighted_prime_integral_inverse_D' depends on axioms: [propext, Classical.choice, Quot.sound]
'ZhangLS.Spec.proposition71_small_primitive_weighted_integral' depends on axioms: [propext, Classical.choice, Quot.sound]
'ZhangLS.Spec.proposition71_prime_shift_polynomial' depends on axioms: [propext, Classical.choice, Quot.sound]
'ZhangLS.Spec.proposition71_small_primitive_delta_sum' depends on axioms: [propext, Classical.choice, Quot.sound]
'ZhangLS.Spec.proposition71SigmaTruncated' depends on axioms: [propext, Classical.choice, Quot.sound]
'ZhangLS.Spec.proposition71_actual_small_sigma_bound' depends on axioms: [propext, Classical.choice, Quot.sound]
'ZhangLS.Spec.proposition71SmallConductorAggregate' depends on axioms: [propext, Classical.choice, Quot.sound]
'ZhangLS.Spec.proposition71_small_conductor_aggregate_bound' depends on axioms: [propext, Classical.choice, Quot.sound]
'ZhangLS.Spec.proposition71_log_power_eighth_threshold' depends on axioms: [propext, Classical.choice, Quot.sound]
'ZhangLS.Spec.proposition71_quarter_small_conductor_power_saving' depends on axioms: [propext, Classical.choice, Quot.sound]
'ZhangLS.Spec.proposition71_actual_localized_dyadic_power_saving' depends on axioms: [propext, Classical.choice, Quot.sound]
'ZhangLS.Spec.proposition71_large_conductor_weight' depends on axioms: [propext, Classical.choice, Quot.sound]
'ZhangLS.Spec.proposition71LocalizedConductorBlock' depends on axioms: [propext, Classical.choice, Quot.sound]
'ZhangLS.Spec.proposition71_localized_conductor_block_nonneg' depends on axioms: [propext, Classical.choice, Quot.sound]
'ZhangLS.Spec.proposition71_localized_conductor_block_le_mean' depends on axioms: [propext, Classical.choice, Quot.sound]
'ZhangLS.Spec.proposition71_localized_conductor_block_bound' depends on axioms: [propext, Classical.choice, Quot.sound]
'ZhangLS.Spec.proposition71LocalizedDyadicAggregate' depends on axioms: [propext, Classical.choice, Quot.sound]
'ZhangLS.Spec.proposition71_localized_dyadic_aggregate_nonneg' depends on axioms: [propext, Classical.choice, Quot.sound]
'ZhangLS.Spec.proposition71_localized_dyadic_aggregate_bound' depends on axioms: [propext, Classical.choice, Quot.sound]
'ZhangLS.Spec.proposition71FullSigmaConductorBlock' depends on axioms: [propext, Classical.choice, Quot.sound]
'ZhangLS.Spec.proposition71_dhR_le_cutoff' depends on axioms: [propext, Classical.choice, Quot.sound]
'ZhangLS.Spec.proposition71_strict_localized_aggregate_le' depends on axioms: [propext, Classical.choice, Quot.sound]
'ZhangLS.Spec.proposition71_full_sigma_block_le_local_and_tail' depends on axioms: [propext, Classical.choice, Quot.sound]
'ZhangLS.Spec.proposition71_log_power_rpow_threshold' depends on axioms: [propext, Classical.choice, Quot.sound]
'ZhangLS.Spec.proposition71LocalizedLargeAggregate' depends on axioms: [propext, Classical.choice, Quot.sound]
'ZhangLS.Spec.proposition71_localized_large_aggregate_nonneg' depends on axioms: [propext, Classical.choice, Quot.sound]
'ZhangLS.Spec.proposition71_localized_large_aggregate_power_saving' depends on axioms: [propext, Classical.choice, Quot.sound]
'ZhangLS.Spec.proposition71ActualLargeConductorAggregate' depends on axioms: [propext, Classical.choice, Quot.sound]
'ZhangLS.Spec.proposition71_actual_large_conductor_dyadic_cover' depends on axioms: [propext, Classical.choice, Quot.sound]
'ZhangLS.Spec.proposition71_actual_large_conductor_power_saving' depends on axioms: [propext, Classical.choice, Quot.sound]
'ZhangLS.Spec.proposition71_mem_sigma_truncation' depends on axioms: [propext, Classical.choice, Quot.sound]
'ZhangLS.Spec.proposition71_sigma_truncated_finite_sum' depends on axioms: [propext, Classical.choice, Quot.sound]
'ZhangLS.Spec.proposition71_sigma_truncation_complement' depends on axioms: [propext, Classical.choice, Quot.sound]
'ZhangLS.Spec.proposition71_sigma_exact_truncation' depends on axioms: [propext, Classical.choice, Quot.sound]
'ZhangLS.Spec.proposition71_outer_tail_budget' depends on axioms: [propext, Classical.choice, Quot.sound]
'ZhangLS.Spec.proposition71LargeLTailAggregate' depends on axioms: [propext, Classical.choice, Quot.sound]
'ZhangLS.Spec.proposition71_large_l_tail_aggregate_bound' depends on axioms: [propext, Classical.choice, Quot.sound]
'ZhangLS.Spec.proposition71ActualSmallConductorAggregate' depends on axioms: [propext, Classical.choice, Quot.sound]
'ZhangLS.Spec.proposition71_strict_truncated_aggregate_le' depends on axioms: [propext, Classical.choice, Quot.sound]
'ZhangLS.Spec.proposition71_D_le_P' depends on axioms: [propext, Classical.choice, Quot.sound]
'ZhangLS.Spec.proposition71_actual_small_conductor_power_saving' depends on axioms: [propext, Classical.choice, Quot.sound]
'ZhangLS.Spec.proposition71ActualConductorAggregate' depends on axioms: [propext, Classical.choice, Quot.sound]
'ZhangLS.Spec.proposition71_strict_triple_indices' depends on axioms: [propext, Classical.choice, Quot.sound]
'ZhangLS.Spec.proposition71_actual_conductor_split' depends on axioms: [propext, Classical.choice, Quot.sound]
'ZhangLS.Spec.proposition71_actual_conductor_power_saving' depends on axioms: [propext, Classical.choice, Quot.sound]
'ZhangLS.Spec.proposition71ResidueIntegrand' depends on axioms: [propext, Classical.choice, Quot.sound]
'ZhangLS.Spec.proposition71PoleNumerator' depends on axioms: [propext, Classical.choice, Quot.sound]
'ZhangLS.Spec.proposition71ActualR' depends on axioms: [propext, Classical.choice, Quot.sound]
'ZhangLS.Spec.proposition71_cyclic_zeta_product' depends on axioms: [propext, Classical.choice, Quot.sound]
'ZhangLS.Spec.proposition71_zeta_analyticAt' depends on axioms: [propext, Classical.choice, Quot.sound]
'ZhangLS.Spec.proposition71_pole_numerator_analytic' depends on axioms: [propext, Classical.choice, Quot.sound]
'ZhangLS.Spec.proposition71_integrand_regularization' depends on axioms: [propext, Classical.choice, Quot.sound]
'ZhangLS.Spec.proposition71_actual_local_factorization' depends on axioms: [propext, Classical.choice, Quot.sound]
'ZhangLS.Spec.proposition71_residue_limit' depends on axioms: [propext, Classical.choice, Quot.sound]
'ZhangLS.Spec.proposition71_actual_zeta_denominator_nonzero' depends on axioms: [propext, Classical.choice, Quot.sound]
'ZhangLS.Spec.proposition71_actual_residue_formula' depends on axioms: [propext, Classical.choice, Quot.sound]
'ZhangLS.Spec.proposition71_actual_residue_local_data' depends on axioms: [propext, Classical.choice, Quot.sound]
'ZhangLS.Spec.proposition71_mobius_coprime_indicator' depends on axioms: [propext, Classical.choice, Quot.sound]
'ZhangLS.Spec.proposition71_mobius_insert' depends on axioms: [propext, Classical.choice, Quot.sound]
'ZhangLS.Spec.proposition71_mobius_coprime_factor' depends on axioms: [propext, Classical.choice, Quot.sound]
'ZhangLS.Spec.proposition71_mobius_factor_all' depends on axioms: [propext, Classical.choice, Quot.sound]
'ZhangLS.Spec.proposition71OriginalSigmaTruncated' depends on axioms: [propext, Classical.choice, Quot.sound]
'ZhangLS.Spec.proposition71_original_sigma_expanded' depends on axioms: [propext, Classical.choice, Quot.sound]
'ZhangLS.Spec.proposition71OriginalQuarterAggregate' depends on axioms: [propext, Classical.choice, Quot.sound]
'ZhangLS.Spec.proposition71_beta_three_height_margin' depends on axioms: [propext, Classical.choice, Quot.sound]
'ZhangLS.Spec.proposition71_original_quarter_aggregate_power_saving' depends on axioms: [propext, Classical.choice, Quot.sound]
'ZhangLS.Spec.proposition71OriginalSigmaSeries' depends on axioms: [propext, Classical.choice, Quot.sound]
'ZhangLS.Spec.proposition71_original_sigma_series_expanded' depends on axioms: [propext, Classical.choice, Quot.sound]
'ZhangLS.Spec.proposition71OriginalConductorAggregate' depends on axioms: [propext, Classical.choice, Quot.sound]
'ZhangLS.Spec.proposition71_original_seven_thirteen_majorant_little_o' depends on axioms: [propext, Classical.choice, Quot.sound]
'ZhangLS.Spec.proposition71OriginalSigmaStar' depends on axioms: [propext, Classical.choice, Quot.sound]
'ZhangLS.Spec.proposition71_original_sigma_star_expanded' depends on axioms: [propext, Classical.choice, Quot.sound]
'ZhangLS.Spec.proposition71OriginalLocalizedLargeAggregate' depends on axioms: [propext, Classical.choice, Quot.sound]
'ZhangLS.Spec.proposition71_original_localized_large_power_saving' depends on axioms: [propext, Classical.choice, Quot.sound]
'ZhangLS.Spec.proposition71_original_localized_large_little_o' depends on axioms: [propext, Classical.choice, Quot.sound]
'ZhangLS.Spec.proposition71ResidueCorrection' depends on axioms: [propext, Classical.choice, Quot.sound]
'ZhangLS.Spec.proposition71ResidueFactorConstant' depends on axioms: [propext, Classical.choice, Quot.sound]
'ZhangLS.Spec.proposition71_residue_factor_constant_pos' depends on axioms: [propext, Classical.choice, Quot.sound]
'ZhangLS.Spec.proposition71_actual_residue_regular_formula' depends on axioms: [propext, Classical.choice, Quot.sound]
'ZhangLS.Spec.proposition71_actual_poles_in_delta_disk' depends on axioms: [propext, Classical.choice, Quot.sound]
'ZhangLS.Spec.proposition71_actual_delta_log_error_threshold' depends on axioms: [propext, Classical.choice, Quot.sound]
'ZhangLS.Spec.proposition71_actual_delta_error_threshold' depends on axioms: [propext, Classical.choice, Quot.sound]
'ZhangLS.Spec.proposition71_actual_zeta_factor_errors' depends on axioms: [propext, Classical.choice, Quot.sound]
'ZhangLS.Spec.proposition71_actual_correction_error' depends on axioms: [propext, Classical.choice, Quot.sound]
'ZhangLS.Spec.proposition71_residue_parameters_threshold' depends on axioms: [propext, Classical.choice, Quot.sound]
'ZhangLS.Spec.proposition71ResidueGeometric' depends on axioms: [propext, Classical.choice, Quot.sound]
'ZhangLS.Spec.proposition71ResidueCoefficient' depends on axioms: [propext, Classical.choice, Quot.sound]
'ZhangLS.Spec.proposition71ResidueSignedWeight' depends on axioms: [propext, Classical.choice, Quot.sound]
'ZhangLS.Spec.proposition71ResidueWeight' depends on axioms: [propext, Classical.choice, Quot.sound]
'ZhangLS.Spec.proposition71ResiduePhaseSign' depends on axioms: [propext, Classical.choice, Quot.sound]
'ZhangLS.Spec.proposition71_residue_real_bounds' depends on axioms: [propext, Classical.choice, Quot.sound]
'ZhangLS.Spec.proposition71_residue_geometric_formula' depends on axioms: [propext, Classical.choice, Quot.sound]
'ZhangLS.Spec.proposition71_residue_geometric_norm' depends on axioms: [propext, Classical.choice, Quot.sound]
'ZhangLS.Spec.proposition71_residue_geometric_error' depends on axioms: [propext, Classical.choice, Quot.sound]
'ZhangLS.Spec.proposition71ResiduePhaseConstant' depends on axioms: [propext, Classical.choice, Quot.sound]
'ZhangLS.Spec.proposition71_residue_prime_log_error' depends on axioms: [propext, Classical.choice, Quot.sound]
'ZhangLS.Spec.proposition71_residue_prime_offset_errors' depends on axioms: [propext, Classical.choice, Quot.sound]
'ZhangLS.Spec.proposition71_residue_prime_phase_norm' depends on axioms: [propext, Classical.choice, Quot.sound]
'ZhangLS.Spec.proposition71_residue_prime_phase' depends on axioms: [propext, Classical.choice, Quot.sound]
'ZhangLS.Spec.proposition71_residue_phase_sign_norm' depends on axioms: [propext, Classical.choice, Quot.sound]
'ZhangLS.Spec.proposition71_residue_signed_weight_identity' depends on axioms: [propext, Classical.choice, Quot.sound]
'ZhangLS.Spec.proposition71ResidueScalarConstant' depends on axioms: [propext, Classical.choice, Quot.sound]
'ZhangLS.Spec.proposition71_residue_scalar_constant_pos' depends on axioms: [propext, Classical.choice, Quot.sound]
'ZhangLS.Spec.proposition71_residue_scalar_normalization' depends on axioms: [propext, Classical.choice, Quot.sound]
'ZhangLS.Spec.proposition71_eventual_residue_scalar_normalization' depends on axioms: [propext, Classical.choice, Quot.sound]
'ZhangLS.Spec.proposition71ResidueNormalizationConstant' depends on axioms: [propext, Classical.choice, Quot.sound]
'ZhangLS.Spec.proposition71_residue_normalization_constant_pos' depends on axioms: [propext, Classical.choice, Quot.sound]
'ZhangLS.Spec.proposition71_actual_residue_normalization_bound' depends on axioms: [propext, Classical.choice, Quot.sound]
'ZhangLS.Spec.proposition71_actual_residue_normalization' depends on axioms: [propext, Classical.choice, Quot.sound]
'ZhangLS.Spec.proposition71_actual_residue_nonzero' depends on axioms: [propext, Classical.choice, Quot.sound]
'ZhangLS.Spec.Section721PositiveLowerSet' depends on axioms: [propext, Quot.sound]
'ZhangLS.Spec.section721_indices_lower' depends on axioms: [propext, Classical.choice, Quot.sound]
'ZhangLS.Spec.section721_common_divisor_reindex' depends on axioms: [propext, Classical.choice, Quot.sound]
'ZhangLS.Spec.section721_product_reindex' depends on axioms: [propext, Classical.choice, Quot.sound]
'ZhangLS.Spec.section721_weight_rearrangement' depends on axioms: [propext, Classical.choice, Quot.sound]
'ZhangLS.Spec.section721StarArithmeticSum' depends on axioms: [propext, Classical.choice, Quot.sound]
'ZhangLS.Spec.section721StarTerm' depends on axioms: [propext, Classical.choice, Quot.sound]
'ZhangLS.Spec.section721ReindexedTerm' depends on axioms: [propext, Classical.choice, Quot.sound]
'ZhangLS.Spec.section721_supported_le_mem' depends on axioms: [propext, Classical.choice, Quot.sound]
'ZhangLS.Spec.section721_omitted_star_coefficient_zero' depends on axioms: [propext, Classical.choice, Quot.sound]
'ZhangLS.Spec.section721_star_term_cutoff_zero' depends on axioms: [propext, Classical.choice, Quot.sound]
'ZhangLS.Spec.section721_star_term_substitution' depends on axioms: [propext, Classical.choice, Quot.sound]
'ZhangLS.Spec.section721_star_inner_reindex' depends on axioms: [propext, Classical.choice, Quot.sound]
'ZhangLS.Spec.section721_divisor_sum_collapse' depends on axioms: [propext, Classical.choice, Quot.sound]
'ZhangLS.Spec.section721_convolution_collapse' depends on axioms: [propext, Classical.choice, Quot.sound]
'ZhangLS.Spec.section721_star_eq_arithmetic_sum' depends on axioms: [propext, Classical.choice, Quot.sound]
