'ZhangLS.Spec.BStrictSupport' depends on axioms: [propext, Classical.choice, Quot.sound]
'ZhangLS.Spec.b_strict_support_mem' depends on axioms: [propext, Classical.choice, Quot.sound]
'ZhangLS.Spec.b_strict_support_term_zero' depends on axioms: [propext, Classical.choice, Quot.sound]
'ZhangLS.Spec.b_strict_support_summable' depends on axioms: [propext, Classical.choice, Quot.sound]
'ZhangLS.Spec.b_strict_support_LSeries_eq_polynomial' depends on axioms: [propext, Classical.choice, Quot.sound]
'ZhangLS.Spec.b_strict_support_mul_left' depends on axioms: [propext, Classical.choice, Quot.sound]
'ZhangLS.Spec.b_strict_support_add' depends on axioms: [propext, Classical.choice, Quot.sound]
'ZhangLS.Spec.b_strict_support_convolution' depends on axioms: [propext, Classical.choice, Quot.sound]
'ZhangLS.Spec.b_finite_polynomial_product' depends on axioms: [propext, Classical.choice, Quot.sound]
'ZhangLS.Spec.bH14Coefficient' depends on axioms: [propext, Classical.choice, Quot.sound]
'ZhangLS.Spec.b_kernel_strict_support' depends on axioms: [propext, Classical.choice, Quot.sound]
'ZhangLS.Spec.b_h14_strict_support' depends on axioms: [propext, Classical.choice, Quot.sound]
'ZhangLS.Spec.bFirstCutoff' depends on axioms: [propext, Classical.choice, Quot.sound]
'ZhangLS.Spec.bSecondCutoff' depends on axioms: [propext, Classical.choice, Quot.sound]
'ZhangLS.Spec.bProductCutoff' depends on axioms: [propext, Classical.choice, Quot.sound]
'ZhangLS.Spec.b_first_strict_support' depends on axioms: [propext, Classical.choice, Quot.sound]
'ZhangLS.Spec.b_second_strict_support' depends on axioms: [propext, Classical.choice, Quot.sound]
'ZhangLS.Spec.b_canonical_eq_convolution' depends on axioms: [propext, Classical.choice, Quot.sound]
'ZhangLS.Spec.b_canonical_strict_support' depends on axioms: [propext, Classical.choice, Quot.sound]
'ZhangLS.Spec.b_canonical_zero_at_or_above' depends on axioms: [propext, Classical.choice, Quot.sound]
'ZhangLS.Spec.b_psi_strict_support' depends on axioms: [propext, Classical.choice, Quot.sound]
'ZhangLS.Spec.bSourceH' depends on axioms: [propext, Classical.choice, Quot.sound]
'ZhangLS.Spec.bSourceH14' depends on axioms: [propext, Classical.choice, Quot.sound]
'ZhangLS.Spec.bSourceH12' depends on axioms: [propext, Classical.choice, Quot.sound]
'ZhangLS.Spec.bSourceH13' depends on axioms: [propext, Classical.choice, Quot.sound]
'ZhangLS.Spec.bSourceH2' depends on axioms: [propext, Classical.choice, Quot.sound]
'ZhangLS.Spec.bSourceB' depends on axioms: [propext, Classical.choice, Quot.sound]
'ZhangLS.Spec.b_source_H_eq_LSeries' depends on axioms: [propext, Classical.choice, Quot.sound]
'ZhangLS.Spec.b_kernel_cut_self' depends on axioms: [propext, Classical.choice, Quot.sound]
'ZhangLS.Spec.b_source_H14_eq_LSeries' depends on axioms: [propext, Classical.choice, Quot.sound]
'ZhangLS.Spec.b_source_H12_eq_LSeries' depends on axioms: [propext, Classical.choice, Quot.sound]
'ZhangLS.Spec.b_source_H13_eq_LSeries' depends on axioms: [propext, Classical.choice, Quot.sound]
'ZhangLS.Spec.b_LSeries_weighted_linear' depends on axioms: [propext, Classical.choice, Quot.sound]
'ZhangLS.Spec.b_source_first_eq_LSeries' depends on axioms: [propext, Classical.choice, Quot.sound]
'ZhangLS.Spec.b_source_second_eq_LSeries' depends on axioms: [propext, Classical.choice, Quot.sound]
'ZhangLS.Spec.b_twisted_product_coefficient' depends on axioms: [propext, Classical.choice, Quot.sound]
'ZhangLS.Spec.b_source_product_eq_chiPsi_series' depends on axioms: [propext, Classical.choice, Quot.sound]
'ZhangLS.Spec.b_source_product_eq_psi_series' depends on axioms: [propext, Classical.choice, Quot.sound]
'ZhangLS.Spec.b_source_product_eq_chiPsi_polynomial' depends on axioms: [propext, Classical.choice, Quot.sound]
'ZhangLS.Spec.b_source_product_eq_psi_polynomial' depends on axioms: [propext, Classical.choice, Quot.sound]
'ZhangLS.Spec.b_canonical_four_kernel_expansion' depends on axioms: [propext, Classical.choice, Quot.sound]
'ZhangLS.Spec.b_ramified_display_invariance' depends on axioms: [propext, Classical.choice, Quot.sound]
'ZhangLS.Spec.b_psi_ramified_zero' depends on axioms: [propext, Classical.choice, Quot.sound]
'ZhangLS.Spec.b_power_twist_term' depends on axioms: [propext, Classical.choice, Quot.sound]
'ZhangLS.Spec.b_power_twist_summable' depends on axioms: [propext, Classical.choice, Quot.sound]
'ZhangLS.Spec.b_power_twist_LSeries' depends on axioms: [propext, Classical.choice, Quot.sound]
'ZhangLS.Spec.b_twist_arithmetic_product' depends on axioms: [propext, Classical.choice, Quot.sound]
'ZhangLS.Spec.b_moebius_twist_summable' depends on axioms: [propext, Classical.choice, Quot.sound]
'ZhangLS.Spec.b_kappa_twist_summable' depends on axioms: [propext, Classical.choice, Quot.sound]
'ZhangLS.Spec.b_kappa_twist_LSeries_ratio' depends on axioms: [propext, Classical.choice, Quot.sound]
'ZhangLS.Spec.bPsiArithmetic' depends on axioms: [propext, Classical.choice, Quot.sound]
'ZhangLS.Spec.b_source_ratio_convolution' depends on axioms: [propext, Classical.choice, Quot.sound]
'ZhangLS.Spec.b_kernel_norm_le_one' depends on axioms: [propext, Classical.choice, Quot.sound]
'ZhangLS.Spec.b_beta6_re' depends on axioms: [propext, Classical.choice, Quot.sound]
'ZhangLS.Spec.b_beta7_re' depends on axioms: [propext, Classical.choice, Quot.sound]
'ZhangLS.Spec.b_h14_norm_le_one' depends on axioms: [propext, Classical.choice, Quot.sound]
'ZhangLS.Spec.b_first_norm_bound' depends on axioms: [propext, Classical.choice, Quot.sound]
'ZhangLS.Spec.b_second_norm_bound' depends on axioms: [propext, Classical.choice, Quot.sound]
'ZhangLS.Spec.bCoefficientConstant' depends on axioms: [propext, Classical.choice, Quot.sound]
'ZhangLS.Spec.b_coefficient_constant_nonneg' depends on axioms: [propext, Classical.choice, Quot.sound]
'ZhangLS.Spec.b_coefficient_constant_pos' depends on axioms: [propext, Classical.choice, Quot.sound]
'ZhangLS.Spec.b_arithmetic_convolution_majorant' depends on axioms: [propext, Classical.choice, Quot.sound]
'ZhangLS.Spec.bFirstArithmetic' depends on axioms: [propext, Classical.choice, Quot.sound]
'ZhangLS.Spec.bSecondArithmetic' depends on axioms: [propext, Classical.choice, Quot.sound]
'ZhangLS.Spec.bCanonicalArithmetic' depends on axioms: [propext, Classical.choice, Quot.sound]
'ZhangLS.Spec.b_canonical_arithmetic_product' depends on axioms: [propext, Classical.choice, Quot.sound]
'ZhangLS.Spec.b_canonical_norm_le_tau_two' depends on axioms: [propext, Classical.choice, Quot.sound]
'ZhangLS.Spec.b_psi_norm_le_tau_two' depends on axioms: [propext, Classical.choice, Quot.sound]
'ZhangLS.Spec.b_power_coefficient_majorant' depends on axioms: [propext, Classical.choice, Quot.sound]
'ZhangLS.Spec.b_moebius_coefficient_majorant' depends on axioms: [propext, Classical.choice, Quot.sound]
'ZhangLS.Spec.b_kappa_norm_le_tau_three' depends on axioms: [propext, Classical.choice, Quot.sound]
'ZhangLS.Spec.b_actual_ratio_coefficient_tau_five' depends on axioms: [propext, Classical.choice, Quot.sound]
'ZhangLS.Spec.b_paperP_one_le' depends on axioms: [propext, Classical.choice, Quot.sound]
'ZhangLS.Spec.b_h14_cutoff_le_P1' depends on axioms: [propext, Classical.choice, Quot.sound]
'ZhangLS.Spec.b_paperT_one_le' depends on axioms: [propext, Classical.choice, Quot.sound]
'ZhangLS.Spec.b_P2_le_half_power' depends on axioms: [propext, Classical.choice, Quot.sound]
'ZhangLS.Spec.b_product_cutoff_exact' depends on axioms: [propext, Classical.choice, Quot.sound]
'ZhangLS.Spec.b_source_H_literal' depends on axioms: [propext, Classical.choice, Quot.sound]
'ZhangLS.Spec.b_actual_H14_literal' depends on axioms: [propext, Classical.choice, Quot.sound]
'ZhangLS.Spec.b_actual_H12_literal' depends on axioms: [propext, Classical.choice, Quot.sound]
'ZhangLS.Spec.b_actual_H13_literal' depends on axioms: [propext, Classical.choice, Quot.sound]
'ZhangLS.Spec.b_four_source_coefficients_unchanged' depends on axioms: [propext, Classical.choice, Quot.sound]
'ZhangLS.Spec.b_repaired_rough_sum' depends on axioms: [propext, Classical.choice, Quot.sound]
'ZhangLS.Spec.b_actual_H14_endpoint' depends on axioms: [propext, Classical.choice, Quot.sound]
'ZhangLS.Spec.b_actual_P2_exact' depends on axioms: [propext, Classical.choice, Quot.sound]
'ZhangLS.Spec.b_actual_basis_at_one' depends on axioms: [propext, Classical.choice, Quot.sound]
'ZhangLS.Spec.b_actual_ratio_coefficient_at_one' depends on axioms: [propext, Classical.choice, Quot.sound]
