'ZhangLS.Spec.lemma171FirstLogMoment' depends on axioms: [propext, Classical.choice, Quot.sound]
'ZhangLS.Spec.lemma171_first_log_moment_nonneg' depends on axioms: [propext, Classical.choice, Quot.sound]
'ZhangLS.Spec.lemma171_first_log_moment_le' depends on axioms: [propext, Classical.choice, Quot.sound]
'ZhangLS.Spec.lemma171_first_log_moment_endpoint' depends on axioms: [propext, Classical.choice, Quot.sound]
'ZhangLS.Spec.lemma171_log_weighted_short_sum' depends on axioms: [propext, Classical.choice, Quot.sound]
'ZhangLS.Spec.lemma171LogMellinIntegrand' depends on axioms: [propext, Classical.choice, Quot.sound]
'ZhangLS.Spec.lemma171ActualLogResidue' depends on axioms: [propext, Classical.choice, Quot.sound]
'ZhangLS.Spec.lemma171_log_regular_numerator_eq' depends on axioms: [propext, Classical.choice, Quot.sound]
'ZhangLS.Spec.lemma171_actual_log_circle_integral_eq_residue' depends on axioms: [propext, Classical.choice, Quot.sound]
'ZhangLS.Spec.lemma171_third_deriv_mul' depends on axioms: [propext, Classical.choice, Quot.sound]
'ZhangLS.Spec.lemma171_third_deriv_mul_square' depends on axioms: [propext, Classical.choice, Quot.sound]
'ZhangLS.Spec.lemma171_actual_log_residue_decomposition' depends on axioms: [propext, Classical.choice, Quot.sound]
'ZhangLS.Spec.lemma171_prefactor_third_derivative_bound' depends on axioms: [propext, Classical.choice, Quot.sound]
'ZhangLS.Spec.deriv_im_eq_zero_of_real_axis' depends on axioms: [propext, Classical.choice, Quot.sound]
'ZhangLS.Spec.iteratedDeriv_im_eq_zero_of_real_axis' depends on axioms: [propext, Classical.choice, Quot.sound]
'ZhangLS.Spec.dirichletLFunction_iteratedDeriv_im_eq_zero_real' depends on axioms: [propext, Classical.choice, Quot.sound]
'ZhangLS.Spec.dirichletLFunction_iteratedDeriv_eq_ofReal_re' depends on axioms: [propext, Classical.choice, Quot.sound]
'ZhangLS.Spec.dirichletLFunction_second_deriv_at_one_im_eq_zero' depends on axioms: [propext, Classical.choice, Quot.sound]
'ZhangLS.Spec.dirichletLFunction_second_jet_at_one_eq_ofReal' depends on axioms: [propext, Classical.choice, Quot.sound]
'ZhangLS.Spec.lemma171ZetaLogDerivativeAtOne' depends on axioms: [propext, Classical.choice, Quot.sound]
'ZhangLS.Spec.lemma171CorrectionLogDerivative' depends on axioms: [propext, Classical.choice, Quot.sound]
'ZhangLS.Spec.lemma171CorrectionLogDerivativeBound' depends on axioms: [propext, Classical.choice, Quot.sound]
'ZhangLS.Spec.lemma171_correction_log_derivative_bound_pos' depends on axioms: [propext, Classical.choice, Quot.sound]
'ZhangLS.Spec.lemma171_prime_monomial_hasDerivAt' depends on axioms: [propext, Classical.choice, Quot.sound]
'ZhangLS.Spec.lemma171_ramified_log_derivative_at_one' depends on axioms: [propext, Classical.choice, Quot.sound]
'ZhangLS.Spec.lemma171_ramification_log_derivative_at_one' depends on axioms: [propext, Classical.choice, Quot.sound]
'ZhangLS.Spec.lemma171_correction_log_derivative_eq' depends on axioms: [propext, Classical.choice, Quot.sound]
'ZhangLS.Spec.lemma171_ramified_log_derivative_sum_nonneg' depends on axioms: [propext, Classical.choice, Quot.sound]
'ZhangLS.Spec.lemma171_ramified_log_derivative_sum_le' depends on axioms: [propext, Classical.choice, Quot.sound]
'ZhangLS.Spec.lemma171_correction_log_derivative_abs_le' depends on axioms: [propext, Classical.choice, Quot.sound]
'ZhangLS.Spec.lemma171_correction_log_derivative_eventually' depends on axioms: [propext, Classical.choice, Quot.sound]
'ZhangLS.Spec.lemma171_zeta_log_derivative_at_one_eq' depends on axioms: [propext, Classical.choice, Quot.sound]
'ZhangLS.Spec.lemma171_correction_log_derivative_zeta_formula' depends on axioms: [propext, Classical.choice, Quot.sound]
'ZhangLS.Spec.lemma171_zeta_derivative_two_im_zero' depends on axioms: [propext, Classical.choice, Quot.sound]
'ZhangLS.Spec.lemma171_correction_log_derivative_complex_formula' depends on axioms: [propext, Classical.choice, Quot.sound]
'ZhangLS.Spec.lemma171_correction_log_derivative_is_real' depends on axioms: [propext, Classical.choice, Quot.sound]
'ZhangLS.Spec.lemma171_correction_log_derivative_norm_le' depends on axioms: [propext, Classical.choice, Quot.sound]
'ZhangLS.Spec.lemma171LogGaussianWeight' depends on axioms: [propext, Classical.choice, Quot.sound]
'ZhangLS.Spec.lemma171_log_gaussian_weight_exp' depends on axioms: [propext, Classical.choice, Quot.sound]
'ZhangLS.Spec.lemma171_gaussian_first_tail_integral' depends on axioms: [propext, Classical.choice, Quot.sound]
'ZhangLS.Spec.lemma171_gaussian_mills_bound' depends on axioms: [propext, Classical.choice, Quot.sound]
'ZhangLS.Spec.lemma171_log_gaussian_nonneg_of_log_nonpos' depends on axioms: [propext, Classical.choice, Quot.sound]
'ZhangLS.Spec.lemma171_log_gaussian_reflection' depends on axioms: [propext, Classical.choice, Quot.sound]
'ZhangLS.Spec.lemma171_log_gaussian_nonneg' depends on axioms: [propext, Classical.choice, Quot.sound]
'ZhangLS.Spec.lemma171_log_gaussian_error' depends on axioms: [propext, Classical.choice, Quot.sound]
'ZhangLS.Spec.lemma171GaussianNumerator' depends on axioms: [propext, Classical.choice, Quot.sound]
'ZhangLS.Spec.lemma171_gaussian_numerator_split' depends on axioms: [propext, Classical.choice, Quot.sound]
'ZhangLS.Spec.lemma171_gaussian_numerator_integrable' depends on axioms: [propext, Classical.choice, Quot.sound]
'ZhangLS.Spec.lemma171_gaussian_numerator_integral' depends on axioms: [propext, Classical.choice, Quot.sound]
'ZhangLS.Spec.lemma171_vertical_denominator_ne_zero' depends on axioms: [propext, Classical.choice, Quot.sound]
'ZhangLS.Spec.lemma171_integrable_div_vertical' depends on axioms: [propext, Classical.choice, Quot.sound]
'ZhangLS.Spec.lemma171_gaussian_second_kernel_integrable' depends on axioms: [propext, Classical.choice, Quot.sound]
'ZhangLS.Spec.lemma171_gaussian_first_kernel_hasDerivAt' depends on axioms: [propext, Classical.choice, Quot.sound]
'ZhangLS.Spec.lemma171_gaussian_second_kernel_integral' depends on axioms: [propext, Classical.choice, Quot.sound]
'ZhangLS.Spec.lemma171LogGaussianKernelIntegrand' depends on axioms: [propext, Classical.choice, Quot.sound]
'ZhangLS.Spec.lemma171LogGaussianKernelVerticalIntegral' depends on axioms: [propext, Classical.choice, Quot.sound]
'ZhangLS.Spec.lemma171_gaussian_numerator_eq_cpow' depends on axioms: [propext, Classical.choice, Quot.sound]
'ZhangLS.Spec.lemma171_log_gaussian_kernel_eq_numerator' depends on axioms: [propext, Classical.choice, Quot.sound]
'ZhangLS.Spec.lemma171_log_gaussian_kernel_integrable' depends on axioms: [propext, Classical.choice, Quot.sound]
'ZhangLS.Spec.lemma171_vertical_normalization' depends on axioms: [propext, Classical.choice, Quot.sound]
'ZhangLS.Spec.lemma171_gaussian_density_normalization' depends on axioms: [propext, Classical.choice, Quot.sound]
'ZhangLS.Spec.lemma171LogGaussianKernelVerticalIntegral_eq_weight' depends on axioms: [propext, Classical.choice, Quot.sound]
'ZhangLS.Spec.lemma171_actual_log_residue_eq_divided_remainder' depends on axioms: [propext, Classical.choice, Quot.sound]
'ZhangLS.Spec.lemma171LogPrincipalPart' depends on axioms: [propext, Classical.choice, Quot.sound]
'ZhangLS.Spec.lemma171_log_actual_integrand_principal_decomposition' depends on axioms: [propext, Classical.choice, Quot.sound]
'ZhangLS.Spec.lemma171_log_actual_regular_remainder_rectangle_zero' depends on axioms: [propext, Classical.choice, Quot.sound]
'ZhangLS.Spec.lemma171_log_rectangle_laurent_kernel' depends on axioms: [propext, Classical.choice, Quot.sound]
'ZhangLS.Spec.lemma171_log_laurent_kernel_continuousOn' depends on axioms: [propext, Classical.choice, Quot.sound]
'ZhangLS.Spec.lemma171_log_principal_part_boundary_integrable' depends on axioms: [propext, Classical.choice, Quot.sound]
'ZhangLS.Spec.lemma171_log_actual_principal_boundary_residue' depends on axioms: [propext, Classical.choice, Quot.sound]
'ZhangLS.Spec.lemma171_log_actual_finite_rectangle_residue' depends on axioms: [propext, Classical.choice, Quot.sound]
'ZhangLS.Spec.lemma171_log_actual_normalized_finite_shift' depends on axioms: [propext, Classical.choice, Quot.sound]
'ZhangLS.Spec.lemma171_L_third_derivative_bound' depends on axioms: [propext, Classical.choice, Quot.sound]
'ZhangLS.Spec.lemma171LogResidueMain' depends on axioms: [propext, Classical.choice, Quot.sound]
'ZhangLS.Spec.lemma171LogResidueErrorConstant' depends on axioms: [propext, Classical.choice, Quot.sound]
'ZhangLS.Spec.lemma171_log_residue_error_constant_pos' depends on axioms: [propext, Classical.choice, Quot.sound]
'ZhangLS.Spec.lemma171_actual_log_residue_error_bound' depends on axioms: [propext, Classical.choice, Quot.sound]
'ZhangLS.Spec.lemma171RealSecondJet' depends on axioms: [propext, Classical.choice, Quot.sound]
'ZhangLS.Spec.lemma171_second_jet_is_actual' depends on axioms: [propext, Classical.choice, Quot.sound]
'ZhangLS.Spec.lemma171_regular_zeta_hasDerivAt_zero' depends on axioms: [propext, Classical.choice, Quot.sound]
'ZhangLS.Spec.lemma171_gaussian_factor_hasDerivAt_zero' depends on axioms: [propext, Classical.choice, Quot.sound]
'ZhangLS.Spec.lemma171_residue_prefactor_deriv_exact' depends on axioms: [propext, Classical.choice, Quot.sound]
'ZhangLS.Spec.lemma171_correction_one_ne_zero' depends on axioms: [propext, Classical.choice, Quot.sound]
'ZhangLS.Spec.lemma171_log_residue_main_re' depends on axioms: [propext, Classical.choice, Quot.sound]
'ZhangLS.Spec.lemma171LogVerticalIntegral' depends on axioms: [propext, Classical.choice, Quot.sound]
'ZhangLS.Spec.lemma171_log_vertical_integrable' depends on axioms: [propext, Classical.choice, Quot.sound]
'ZhangLS.Spec.lemma171_log_right_vertical_integrable' depends on axioms: [propext, Classical.choice, Quot.sound]
'ZhangLS.Spec.lemma171_log_left_vertical_integrable' depends on axioms: [propext, Classical.choice, Quot.sound]
'ZhangLS.Spec.lemma171_log_mellin_horizontal_bound' depends on axioms: [propext, Classical.choice, Quot.sound]
'ZhangLS.Spec.lemma171_log_left_integrand_bound' depends on axioms: [propext, Classical.choice, Quot.sound]
'ZhangLS.Spec.lemma171_log_left_vertical_norm_le_majorant' depends on axioms: [propext, Classical.choice, Quot.sound]
'ZhangLS.Spec.lemma171_log_horizontal_integral_bound' depends on axioms: [propext, Classical.choice, Quot.sound]
'ZhangLS.Spec.lemma171_log_upper_horizontal_decay' depends on axioms: [propext, Classical.choice, Quot.sound]
'ZhangLS.Spec.lemma171_log_lower_horizontal_decay' depends on axioms: [propext, Classical.choice, Quot.sound]
'ZhangLS.Spec.lemma171_log_vertical_integral_real_normalization' depends on axioms: [propext, Classical.choice, Quot.sound]
'ZhangLS.Spec.lemma171_log_infinite_shift_of_left_integrable' depends on axioms: [propext, Classical.choice, Quot.sound]
'ZhangLS.Spec.lemma171_log_actual_infinite_contour_shift' depends on axioms: [propext, Classical.choice, Quot.sound]
'ZhangLS.Spec.lemma171_log_gaussian_denominator_ge_one' depends on axioms: [propext, Classical.choice, Quot.sound]
'ZhangLS.Spec.lemma171_log_gaussian_error_pos' depends on axioms: [propext, Classical.choice, Quot.sound]
'ZhangLS.Spec.lemma171_log_gaussian_weight_nonneg' depends on axioms: [propext, Classical.choice, Quot.sound]
'ZhangLS.Spec.lemma171_log_gaussian_weight_le' depends on axioms: [propext, Classical.choice, Quot.sound]
'ZhangLS.Spec.lemma171_log_gaussian_weight_le_exp_endpoint' depends on axioms: [propext, Classical.choice, Quot.sound]
'ZhangLS.Spec.lemma171_log_gaussian_short_weight_error' depends on axioms: [propext, Classical.choice, Quot.sound]
'ZhangLS.Spec.lemma171_log_gaussian_tail_weight' depends on axioms: [propext, Classical.choice, Quot.sound]
'ZhangLS.Spec.lemma171_log_mellin_integrand_eq_series' depends on axioms: [propext, Classical.choice, Quot.sound]
'ZhangLS.Spec.lemma171LogSmoothedTerm' depends on axioms: [propext, Classical.choice, Quot.sound]
'ZhangLS.Spec.lemma171LogSmoothedSum' depends on axioms: [propext, Classical.choice, Quot.sound]
'ZhangLS.Spec.lemma171LogMellinSeriesTerm' depends on axioms: [propext, Classical.choice, Quot.sound]
'ZhangLS.Spec.lemma171LogMellinSeriesTerm_tsum' depends on axioms: [propext, Classical.choice, Quot.sound]
'ZhangLS.Spec.lemma171LogMellinSeriesTerm_norm' depends on axioms: [propext, Classical.choice, Quot.sound]
'ZhangLS.Spec.lemma171LogMellinSeriesTerm_integrable' depends on axioms: [propext, Classical.choice, Quot.sound]
'ZhangLS.Spec.lemma171LogMellinSeriesTerm_integral_norm_summable' depends on axioms: [propext, Classical.choice, Quot.sound]
'ZhangLS.Spec.lemma171LogMellinSeriesTerm_tsum_integrable' depends on axioms: [propext, Classical.choice, Quot.sound]
'ZhangLS.Spec.lemma171LogMellinSeriesTerm_eq_kernel' depends on axioms: [propext, Classical.choice, Quot.sound]
'ZhangLS.Spec.lemma171LogMellinSeriesTerm_normalized_integral' depends on axioms: [propext, Classical.choice, Quot.sound]
'ZhangLS.Spec.lemma171_log_smoothed_summable' depends on axioms: [propext, Classical.choice, Quot.sound]
'ZhangLS.Spec.lemma171_log_gaussian_mellin_identity' depends on axioms: [propext, Classical.choice, Quot.sound]
'ZhangLS.Spec.lemma171_log_smoothed_term_nonneg' depends on axioms: [propext, Classical.choice, Quot.sound]
'ZhangLS.Spec.lemma171_log_smoothed_term_le' depends on axioms: [propext, Classical.choice, Quot.sound]
'ZhangLS.Spec.lemma171_log_middle_smoothed_tail_le' depends on axioms: [propext, Classical.choice, Quot.sound]
'ZhangLS.Spec.lemma171_log_strict_cutoff_endpoint' depends on axioms: [propext, Classical.choice, Quot.sound]
'ZhangLS.Spec.lemma171_log_short_smoothed_error' depends on axioms: [propext, Classical.choice, Quot.sound]
'ZhangLS.Spec.lemma171_log_far_tail_term_bound' depends on axioms: [propext, Classical.choice, Quot.sound]
'ZhangLS.Spec.lemma171_log_far_tail_summable_and_bound' depends on axioms: [propext, Classical.choice, Quot.sound]
'ZhangLS.Spec.lemma171_log_smoothed_decomposition' depends on axioms: [propext, Classical.choice, Quot.sound]
'ZhangLS.Spec.lemma171_log_unsmoothing_bound' depends on axioms: [propext, Classical.choice, Quot.sound]
'ZhangLS.Spec.lemma171HarmonicErrorBudget' depends on axioms: [propext, Classical.choice, Quot.sound]
'ZhangLS.Spec.lemma171_actual_harmonic_error_quantitative' depends on axioms: [propext, Classical.choice, Quot.sound]
'ZhangLS.Spec.lemma171_log_smoothed_sum_eq_residue_add_left' depends on axioms: [propext, Classical.choice, Quot.sound]
'ZhangLS.Spec.lemma171FirstLogMomentError' depends on axioms: [propext, Classical.choice, Quot.sound]
'ZhangLS.Spec.lemma171FirstLogMomentBudget' depends on axioms: [propext, Classical.choice, Quot.sound]
'ZhangLS.Spec.lemma171_actual_first_log_moment_error_quantitative' depends on axioms: [propext, Classical.choice, Quot.sound]
'ZhangLS.Spec.lemma171_left_majorant_nonneg' depends on axioms: [propext, Classical.choice, Quot.sound]
'ZhangLS.Spec.lemma171_scaled_left_majorant_tendsto' depends on axioms: [propext, Classical.choice, Quot.sound]
'ZhangLS.Spec.lemma171_log_power_endpoint_tendsto' depends on axioms: [propext, Classical.choice, Quot.sound]
'ZhangLS.Spec.lemma171_first_log_moment_budget_expansion' depends on axioms: [propext, Classical.choice, Quot.sound]
'ZhangLS.Spec.lemma171_first_log_moment_budget_tendsto' depends on axioms: [propext, Classical.choice, Quot.sound]
'ZhangLS.Spec.lemma171_actual_first_log_moment_uniform' depends on axioms: [propext, Classical.choice, Quot.sound]
'ZhangLS.Spec.lemma171_actual_first_log_moment_relative_uniform' depends on axioms: [propext, Classical.choice, Quot.sound]
'ZhangLS.Spec.lemma171_actual_curvature_moment_identity' depends on axioms: [propext, Classical.choice, Quot.sound]
'ZhangLS.Spec.lemma171_actual_curvature_moment_constraint' depends on axioms: [propext, Classical.choice, Quot.sound]
'ZhangLS.Spec.lemma171_loglog_square_le_linear' depends on axioms: [propext, Classical.choice, Quot.sound]
'ZhangLS.Spec.lemma171CurvatureConstant' depends on axioms: [propext, Classical.choice, Quot.sound]
'ZhangLS.Spec.lemma171_curvature_constant_pos' depends on axioms: [propext, Classical.choice, Quot.sound]
'ZhangLS.Spec.lemma171_actual_curvature_uniform' depends on axioms: [propext, Classical.choice, Quot.sound]
'ZhangLS.Spec.lemma171_actual_normalized_curvature_uniform' depends on axioms: [propext, Classical.choice, Quot.sound]
'ZhangLS.Spec.lemma171_coefficient_four_ge_one' depends on axioms: [propext, Classical.choice, Quot.sound]
'ZhangLS.Spec.lemma171_nu_four_real_ge_one' depends on axioms: [propext, Classical.choice, Quot.sound]
'ZhangLS.Spec.lemma171_four_mem_short_range' depends on axioms: [propext, Classical.choice, Quot.sound]
'ZhangLS.Spec.lemma171_first_log_moment_ge_log_four' depends on axioms: [propext, Classical.choice, Quot.sound]
'ZhangLS.Spec.lemma171MainUpperConstant' depends on axioms: [propext, Classical.choice, Quot.sound]
'ZhangLS.Spec.lemma171_main_upper_constant_pos' depends on axioms: [propext, Classical.choice, Quot.sound]
'ZhangLS.Spec.lemma171_actual_main_upper' depends on axioms: [propext, Classical.choice, Quot.sound]
'ZhangLS.Spec.lemma171FirstLogRelativeLowerConstant' depends on axioms: [propext, Classical.choice, Quot.sound]
'ZhangLS.Spec.lemma171_first_log_relative_lower_constant_pos' depends on axioms: [propext, Classical.choice, Quot.sound]
'ZhangLS.Spec.lemma171_actual_first_log_relative_lower' depends on axioms: [propext, Classical.choice, Quot.sound]
'ZhangLS.Spec.lemma171_actual_first_log_relative_lower_uniform' depends on axioms: [propext, Classical.choice, Quot.sound]
'ZhangLS.Spec.lemma171_actual_first_log_normalized_mass_lower_uniform' depends on axioms: [propext, Classical.choice, Quot.sound]
'ZhangLS.Spec.lemma171_actual_first_log_moment_original' depends on axioms: [propext, Classical.choice, Quot.sound]
