CHECK 1 187 HasseWeil.Foundation.Auxiliary.EllipticDivisibilitySequence
CHECK 2 187 HasseWeil.Foundation.Auxiliary.Universal
CHECK 3 187 HasseWeil.Foundation.Auxiliary.DivisionPolynomial
CHECK 4 187 HasseWeil.Foundation.MulByIntPullback
CHECK 5 187 HasseWeil.Foundation.Basic
CHECK 6 187 HasseWeil.Foundation.PowerSeriesHelpers
CHECK 7 187 HasseWeil.FormalGroup.FormalGroup
CHECK 8 187 HasseWeil.FormalGroup.FormalGroupAssoc
CHECK 9 187 HasseWeil.Foundation.InvariantDifferential
CHECK 10 187 HasseWeil.FormalGroup.FormalGroupCorrespondence
CHECK 11 187 HasseWeil.Foundation.Auxiliary.DiffQuotientRule
CHECK 12 187 HasseWeil.Foundation.WronskianAux.CNorm
CHECK 13 187 HasseWeil.Foundation.WronskianAux
CHECK 14 187 HasseWeil.Foundation.OmegaPullbackCoeff
CHECK 15 187 HasseWeil.Foundation.Curves.Basic
CHECK 16 187 HasseWeil.Foundation.Curves.FiniteOverKx
CHECK 17 187 HasseWeil.Foundation.Curves.IntegralClosure
CHECK 18 187 HasseWeil.Foundation.Curves.NormBezout
CHECK 19 187 HasseWeil.Isogeny.FunctionField
CHECK 20 187 HasseWeil.Foundation.Valuation
CHECK 21 187 HasseWeil.Foundation.Curves.Valuation.DVR
CHECK 22 187 HasseWeil.Foundation.Curves.Valuation.Valuation
CHECK 23 187 HasseWeil.Foundation.Curves.Valuation.Infinity
CHECK 24 187 HasseWeil.Foundation.OrdAtInftyBridge
CHECK 25 187 HasseWeil.Foundation.AdditionPullback
CHECK 26 187 HasseWeil.Foundation.Curves.WithTopArith
CHECK 27 187 HasseWeil.Isogeny.Endomorphism
CHECK 28 187 HasseWeil.Isogeny.Frobenius.FunctionField
CHECK 29 187 HasseWeil.Isogeny.Frobenius.PointCount
CHECK 30 187 HasseWeil.Foundation.EC.AffinePointMap
CHECK 31 187 HasseWeil.Foundation.EC.GenericPoint
CHECK 32 187 HasseWeil.Foundation.EC.MulByIntBaseCase
CHECK 33 187 HasseWeil.Foundation.EC.MulByIntComp
CHECK 34 187 HasseWeil.Foundation.EC.GenericPointZsmul
CHECK 35 187 HasseWeil.Isogeny.Frobenius.OrdAtInfty
CHECK 36 187 HasseWeil.Isogeny.Dual.Relation
CHECK 37 187 HasseWeil.Foundation.EC.MulByIntAddRecurrence
CHECK 38 187 HasseWeil.Foundation.DegreeQuadraticForm
CHECK 39 187 HasseWeil.Isogeny.Kernel
CHECK 40 187 HasseWeil.Foundation.EC.Translation
CHECK 41 187 HasseWeil.Foundation.Curves.Divisor.Divisors
CHECK 42 187 HasseWeil.Foundation.Curves.Valuation.AlgebraicNonNegOrd
CHECK 43 187 HasseWeil.Foundation.Curves.Map.CurveMap
CHECK 44 187 HasseWeil.Foundation.Curves.Map.PointFunctor
CHECK 45 187 HasseWeil.Foundation.Curves.Valuation.SmoothPointTranslate
CHECK 46 187 HasseWeil.Foundation.EC.TranslationOrd
CHECK 47 187 HasseWeil.Foundation.Verschiebung.DivPolyExpand
CHECK 48 187 HasseWeil.Foundation.Verschiebung.FieldTower
CHECK 49 187 HasseWeil.Foundation.Verschiebung.PurelyInsep
CHECK 50 187 HasseWeil.Foundation.Verschiebung.QthRoots
CHECK 51 187 HasseWeil.HasseBound.PointCount
CHECK 52 187 HasseWeil.Foundation.DiscriminantBounds
CHECK 53 187 HasseWeil.HasseBound.QuadraticForm
CHECK 54 187 HasseWeil.HasseBound.WeilPairing.IntegerSeparation
CHECK 55 187 HasseWeil.HasseBound.WeilPairing.MatrixDet
CHECK 56 187 HasseWeil.HasseBound.WeilPairing.Reduction
CHECK 57 187 HasseWeil.HasseBound.WeilPairing.Discriminant
CHECK 58 187 HasseWeil.HasseBound.WeilPairing.PairingDet
CHECK 59 187 HasseWeil.HasseBound.WeilPairing.Assembly
CHECK 60 187 HasseWeil.Foundation.Curves.Divisor.ProjectiveDivisor
CHECK 61 187 HasseWeil.Foundation.Curves.Valuation.NormValuation
CHECK 62 187 HasseWeil.Foundation.EC.TranslateLocalRing
CHECK 63 187 HasseWeil.Foundation.Ramification
CHECK 64 187 HasseWeil.Foundation.EC.TranslateValuation
CHECK 65 187 HasseWeil.Foundation.LocalExpansion
CHECK 66 187 HasseWeil.Isogeny.FormalSeries
CHECK 67 187 HasseWeil.Foundation.Curves.Transcendence
CHECK 68 187 HasseWeil.Foundation.Auxiliary.PullbackKaehler
CHECK 69 187 HasseWeil.Foundation.InvariantDifferentialPullback
CHECK 70 187 HasseWeil.Foundation.Curves.Differentials
CHECK 71 187 HasseWeil.Isogeny.Basic
CHECK 72 187 HasseWeil.Foundation.Curves.Ramification.InseparableDegree
CHECK 73 187 HasseWeil.Foundation.OmegaCoeffMulByIntGeneral
CHECK 74 187 HasseWeil.Foundation.PullbackCoeff
CHECK 75 187 HasseWeil.HasseBound.Separability
CHECK 76 187 HasseWeil.Foundation.BridgeFrobenius
CHECK 77 187 HasseWeil.HasseBound.Parametric
CHECK 78 187 HasseWeil.HasseBound.OneSubFrobenius
CHECK 79 187 HasseWeil.HasseBound.QuadraticFormHoleE
CHECK 80 187 HasseWeil.Foundation.AdditionPullback.Differential
CHECK 81 187 HasseWeil.Foundation.HahnSeriesAux
CHECK 82 187 HasseWeil.Foundation.AdditionPullback.SilvermanIV14
CHECK 83 187 HasseWeil.Foundation.Curves.Ramification.RamificationAtInfinity
CHECK 84 187 HasseWeil.Isogeny.OneSubFrobeniusFamily
CHECK 85 187 HasseWeil.HasseBound.Witnesses
CHECK 86 187 HasseWeil.HasseBound.PoleDivisorFallback
CHECK 87 187 HasseWeil.HasseBound.PoleDivisorTwoTorsion
CHECK 88 187 HasseWeil.Foundation.EC.TranslateOrdInfty
CHECK 89 187 HasseWeil.Isogeny.OrdTransport
CHECK 90 187 HasseWeil.Foundation.Curves.Divisor.PicZero
CHECK 91 187 HasseWeil.Foundation.Curves.Divisor.EffectiveSumReduce
CHECK 92 187 HasseWeil.Foundation.Curves.Ramification.PoleOrderParity
CHECK 93 187 HasseWeil.Foundation.Curves.Divisor.PicZeroPushforward
CHECK 94 187 HasseWeil.Isogeny.GroupHom.PicZero
CHECK 95 187 HasseWeil.Foundation.Curves.Fiber.AFConditional
CHECK 96 187 HasseWeil.Foundation.Curves.Valuation.NoFinitePolesBridge
CHECK 97 187 HasseWeil.Foundation.EC.SeparableKernelTorsor
CHECK 98 187 HasseWeil.HasseBound.TorsionCard
CHECK 99 187 HasseWeil.HasseBound.WeilPairing.TorsionGeometric
CHECK 100 187 HasseWeil.Foundation.EC.DifferentialOrd
CHECK 101 187 HasseWeil.Foundation.EC.WronskianGeneral
CHECK 102 187 HasseWeil.Foundation.EC.MulByIntUnramified
CHECK 103 187 HasseWeil.HasseBound.WeilPairing.TorsionKernelRational
CHECK 104 187 HasseWeil.Foundation.EC.MulByIntSamePlace
CHECK 105 187 HasseWeil.HasseBound.WeilPairing.Fiber
CHECK 106 187 HasseWeil.HasseBound.WeilPairing.Pullback
CHECK 107 187 HasseWeil.HasseBound.WeilPairing.SigmaBridge
CHECK 108 187 HasseWeil.HasseBound.WeilPairing.DivisorPullback
CHECK 109 187 HasseWeil.HasseBound.WeilPairing.Constancy
CHECK 110 187 HasseWeil.Foundation.Curves.Map.BaseChange
CHECK 111 187 HasseWeil.Foundation.Curves.Map.Maps
CHECK 112 187 HasseWeil.Isogeny.BaseChange.Basic
CHECK 113 187 HasseWeil.Foundation.Curves.Divisor.Miller
CHECK 114 187 HasseWeil.Foundation.Curves.Divisor.MillerAllChar
CHECK 115 187 HasseWeil.HasseBound.WeilPairing.WeilFunction
CHECK 116 187 HasseWeil.HasseBound.WeilPairing.DivisorTranslate
CHECK 117 187 HasseWeil.HasseBound.WeilPairing.TorsionCardEll
CHECK 118 187 HasseWeil.HasseBound.WeilPairing.TorsionModule
CHECK 119 187 HasseWeil.HasseBound.WeilPairing.Pairing
CHECK 120 187 HasseWeil.HasseBound.WeilPairing.PairingProps
CHECK 121 187 HasseWeil.Pic0.ClassGroupNorm
CHECK 122 187 HasseWeil.Isogeny.ClassGroup
CHECK 123 187 HasseWeil.Pic0.ToClassSurjective
CHECK 124 187 HasseWeil.Pic0.PicDual
CHECK 125 187 HasseWeil.HasseBound.WeilPairing.PairingAdjoint
CHECK 126 187 HasseWeil.HasseBound.WeilPairing.PairingNondeg
CHECK 127 187 HasseWeil.HasseBound.WeilPairing.Representation
CHECK 128 187 HasseWeil.HasseBound.WeilPairing.RootsOfUnity
CHECK 129 187 HasseWeil.HasseBound.WeilPairing.DetDeg
CHECK 130 187 HasseWeil.Foundation.Curves.FintypeProjectiveSmoothPoint
CHECK 131 187 HasseWeil.FormalGroup.FormalGroupLawSpec
CHECK 132 187 HasseWeil.Foundation.ChordExpansion
CHECK 133 187 HasseWeil.Foundation.Curves.Valuation.OrdAtPoint
CHECK 134 187 HasseWeil.Foundation.Curves.Map.CurveMapBaseChange
CHECK 135 187 HasseWeil.Foundation.Verschiebung.Construction
CHECK 136 187 HasseWeil.Foundation.Verschiebung.IsDual
CHECK 137 187 HasseWeil.Foundation.Verschiebung.VerschiebungIsDualOfFrobenius
CHECK 138 187 HasseWeil.HasseBound.Infrastructure
CHECK 139 187 HasseWeil.HasseBound.Primitives
CHECK 140 187 HasseWeil.Foundation.OmegaCoeffMulByIntFiniteField
CHECK 141 187 HasseWeil.Isogeny.OmegaCoeffViaFormalGroup
CHECK 142 187 HasseWeil.HasseBound.SepDegreeEqPointCount
CHECK 143 187 HasseWeil.Foundation.Curves.Valuation.RankOneDomination
CHECK 144 187 HasseWeil.Foundation.Curves.Frobenius.FrobeniusFixedLocus
CHECK 145 187 HasseWeil.Foundation.Curves.Frobenius.FrobeniusFixedPoint
CHECK 146 187 HasseWeil.HasseBound.SepDegreeWitnesses
CHECK 147 187 HasseWeil.Foundation.Verschiebung.Route2Universal
CHECK 148 187 HasseWeil.Foundation.Verschiebung.UniversalQthRootWitness
CHECK 149 187 HasseWeil.Isogeny.VerschiebungFactorization
CHECK 150 187 HasseWeil.HasseBound.WeilPairing.HasseAssembly
CHECK 151 187 HasseWeil.HasseBound.WeilPairing.FrobMatrixData
CHECK 152 187 HasseWeil.HasseBound.SumTrace
CHECK 153 187 HasseWeil.Foundation.Verschiebung.Genuine
CHECK 154 187 HasseWeil.Foundation.WallA.VSideDual
CHECK 155 187 HasseWeil.HasseBound.WeilPairing.HcommLemma
CHECK 156 187 HasseWeil.HasseBound.WeilPairing.HfactLemma
CHECK 157 187 HasseWeil.HasseBound.WeilPairing.PicDualDivisorClassLemma
CHECK 158 187 HasseWeil.HasseBound.WeilPairing.Scaling.Separable
CHECK 159 187 HasseWeil.HasseBound.WeilPairing.Scaling.OneSub
CHECK 160 187 HasseWeil.Isogeny.BaseChange.Concrete
CHECK 161 187 HasseWeil.HasseBound.WeilPairing.OneSubFrobeniusBaseChangeWitnesses
CHECK 162 187 HasseWeil.HasseBound.WeilPairing.OneSubDualDivisor
CHECK 163 187 HasseWeil.HasseBound.WeilPairing.PencilDualDivisor
CHECK 164 187 HasseWeil.Isogeny.SeparableWitnessReductions
CHECK 165 187 HasseWeil.HasseBound.WeilPairing.MapTranslateGenericAdditive
CHECK 166 187 HasseWeil.HasseBound.WeilPairing.FrobeniusGenericCovariance
CHECK 167 187 HasseWeil.HasseBound.WeilPairing.WallAGenericRealization
CHECK 168 187 HasseWeil.HasseBound.WeilPairing.OmegaBaseChange
CHECK 169 187 HasseWeil.HasseBound.WeilPairing.PencilSeparable
CHECK 170 187 HasseWeil.HasseBound.WeilPairing.WallAGeometricRealization
CHECK 171 187 HasseWeil.HasseBound.WeilPairing.PencilCovariance
CHECK 172 187 HasseWeil.HasseBound.WeilPairing.ProjOrdTransportLocal
CHECK 173 187 HasseWeil.HasseBound.WeilPairing.Scaling.Pencil
CHECK 174 187 HasseWeil.Foundation.AdditionPullback.SamePlace
CHECK 175 187 HasseWeil.HasseBound.WeilPairing.OneSubComapConcrete
CHECK 176 187 HasseWeil.HasseBound.WeilPairing.AffineResidueCalculus
CHECK 177 187 HasseWeil.Foundation.Curves.Valuation.OrdAtInftyBaseChange
CHECK 178 187 HasseWeil.HasseBound.WeilPairing.OneSubAffineResidues
CHECK 179 187 HasseWeil.HasseBound.WeilPairing.OneSubInftyResidues
CHECK 180 187 HasseWeil.HasseBound.WeilPairing.PencilComapPointValuation
CHECK 181 187 HasseWeil.HasseBound.WeilPairing.FrobeniusFunctionFieldEquiv
CHECK 182 187 HasseWeil.HasseBound.WeilPairing.DivisorGalois
CHECK 183 187 HasseWeil.HasseBound.WeilPairing.FrobeniusDivisorGalois
CHECK 184 187 HasseWeil.HasseBound.WeilPairing.FrobeniusConjugation
CHECK 185 187 HasseWeil.HasseBound.WeilPairing.Scaling.FrobeniusGalois
CHECK 186 187 HasseWeil.HasseBound.WeilPairing.Scaling.OneSubTransport
CHECK 187 187 HasseWeil.HasseBound
EXTERNAL_HASSE_MODULES_COMPILED=PASS
