'ZhangLS.Spec.lemma34_multichoose_recurrence' depends on axioms: [propext, Quot.sound]
'ZhangLS.Spec.lemma34_multichoose_40_square_le_1600' depends on axioms: [propext, Classical.choice, Quot.sound]
'ZhangLS.Spec.lemma34_tau_multiplicative' depends on axioms: [propext, Classical.choice, Quot.sound]
'ZhangLS.Spec.lemma34_tau_prime_power' depends on axioms: [propext, Classical.choice, Quot.sound]
'ZhangLS.Spec.lemma34_tau40_square_le_tau1600' depends on axioms: [propext, Classical.choice, Quot.sound]
'ZhangLS.Spec.lemma34_weighted_convolution_le' depends on axioms: [propext, Classical.choice, Quot.sound]
'ZhangLS.Spec.lemma34_tau_weighted_sum_le_harmonic_pow' depends on axioms: [propext, Classical.choice, Quot.sound]
'ZhangLS.Spec.lemma34_tuple_sum_succ' depends on axioms: [propext, Classical.choice, Quot.sound]
'ZhangLS.Spec.lemma34_tuple_sum_recurrence' depends on axioms: [propext, Classical.choice, Quot.sound]
'ZhangLS.Spec.lemma34_tuple_sum_zero' depends on axioms: [propext, Classical.choice, Quot.sound]
'ZhangLS.Spec.lemma34_tuple_sum_le_arithmetic_pow' depends on axioms: [propext, Classical.choice, Quot.sound]
'ZhangLS.Spec.lemma34_tau2_eq_divisor_card' depends on axioms: [propext, Classical.choice, Quot.sound]
'ZhangLS.Spec.lemma34_actual_tau40_le_standard' depends on axioms: [propext, Classical.choice, Quot.sound]
'ZhangLS.Spec.lemma34_actual_tau40_square_le_tau1600' depends on axioms: [propext, Classical.choice, Quot.sound]
'ZhangLS.Spec.lemma34_actual_tau40_weighted_sum_le' depends on axioms: [propext, Classical.choice, Quot.sound]
'ZhangLS.Spec.lemma34_majorized_coefficient_weighted_sum' depends on axioms: [propext, Classical.choice, Quot.sound]
'ZhangLS.Spec.lemma34_centered_weight_square' depends on axioms: [propext, Classical.choice, Quot.sound]
'ZhangLS.Spec.lemma34_centered_coefficient_energy' depends on axioms: [propext, Classical.choice, Quot.sound]
'ZhangLS.Spec.lemma34_actual_short_mean_bound' depends on axioms: [propext, Classical.choice, Quot.sound]
'ZhangLS.Spec.lemma34_centered_partial_sum_mean_square' depends on axioms: [propext, Classical.choice, Quot.sound]
'ZhangLS.Spec.lemma34_cutoff_le_P' depends on axioms: [propext, Classical.choice, Quot.sound]
'ZhangLS.Spec.lemma34_cutoff_nat_le_floor_P' depends on axioms: [propext, Classical.choice, Quot.sound]
'ZhangLS.Spec.lemma34_coefficient_log_bound' depends on axioms: [propext, Classical.choice, Quot.sound]
'ZhangLS.Spec.lemma34_uniform_centered_mean_square' depends on axioms: [propext, Classical.choice, Quot.sound]
'ZhangLS.Spec.lemma34_actual_x1_mean_square' depends on axioms: [propext, Classical.choice, Quot.sound]
'ZhangLS.Spec.lemma34_actual_x2_mean_square' depends on axioms: [propext, Classical.choice, Quot.sound]
'ZhangLS.Spec.lemma34_weighted_integral_cauchy' depends on axioms: [propext, Classical.choice, Quot.sound]
'ZhangLS.Spec.lemma34_partial_sum_measurable' depends on axioms: [propext, Classical.choice, Quot.sound]
'ZhangLS.Spec.lemma34_partial_sum_norm_bound' depends on axioms: [propext, Classical.choice, Quot.sound]
'ZhangLS.Spec.lemma34_two_partial_sums_weighted_integrable' depends on axioms: [propext, Classical.choice, Quot.sound]
'ZhangLS.Spec.lemma34_actual_partial_sums_weighted_integrable' depends on axioms: [propext,
 Classical.choice,
 Quot.sound]
