/private/tmp/ZhangMathStep120Lemma61LeftTailChecked.lean:56:26: warning: This simp argument is unused:
  zpow_natCast

Hint: Omit it from the simp argument list.
  simp only [zpow_neg,̵z̵p̵o̵w̵_̵n̵a̵t̵C̵a̵s̵t̵]

Note: This linter can be disabled with `set_option linter.unusedSimpArgs false`
/private/tmp/ZhangMathStep120Lemma61LeftTailChecked.lean:57:17: warning: Used `tac1 <;> tac2` where `(tac1; tac2)` would suffice

Note: This linter can be disabled with `set_option linter.unnecessarySeqFocus false`
/private/tmp/ZhangMathStep120Lemma61LeftTailChecked.lean:519:34: warning: unused variable `hL`

Note: This linter can be disabled with `set_option linter.unusedVariables false`
/private/tmp/ZhangMathStep120Lemma61LeftTailChecked.lean:722:34: warning: This simp argument is unused:
  Complex.ofReal_one

Hint: Omit it from the simp argument list.
  simp only [Complex.ofReal_neg,̵C̵o̵m̵p̵l̵e̵x̵.̵o̵f̵R̵e̵a̵l̵_̵o̵n̵e̵]

Note: This linter can be disabled with `set_option linter.unusedSimpArgs false`
'ZhangLS.Spec.lemma61_region_quarter_bounds' depends on axioms: [propext, Classical.choice, Quot.sound]
'ZhangLS.Spec.lemma61_large_shift_rectangle_bounds' depends on axioms: [propext, Classical.choice, Quot.sound]
'ZhangLS.Spec.lemma61_wide_log_modulus_error_le_one' depends on axioms: [propext, Classical.choice, Quot.sound]
'ZhangLS.Spec.lemma61_P4_PT0_log_identity' depends on axioms: [propext, Classical.choice, Quot.sound]
'ZhangLS.Spec.lemma61_actual_Z_P4_cancellation' depends on axioms: [propext, Classical.choice, Quot.sound]
'ZhangLS.Spec.lemma61_large_shift_gaussian_bound' depends on axioms: [propext, Classical.choice, Quot.sound]
'ZhangLS.Spec.lemma61_large_shift_denominator_bound' depends on axioms: [propext, Classical.choice, Quot.sound]
'ZhangLS.Spec.lemma61_T_log_bounds' depends on axioms: [propext, Classical.choice, Quot.sound]
'ZhangLS.Spec.lemma61_reciprocal_tail_summable' depends on axioms: [propext, Classical.choice, Quot.sound]
'ZhangLS.Spec.lemma61_actual_reciprocal_series_split' depends on axioms: [propext, Classical.choice, Quot.sound]
'ZhangLS.Spec.lemma61_reciprocal_far_left_term_bound' depends on axioms: [propext, Classical.choice, Quot.sound]
'ZhangLS.Spec.lemma61_reciprocal_far_left_sum_bound' depends on axioms: [propext, Classical.choice, Quot.sound]
'ZhangLS.Spec.lemma61_far_left_exponent_bound' depends on axioms: [propext, Classical.choice, Quot.sound]
'ZhangLS.Spec.lemma61_actual_far_left_tail_point_bound' depends on axioms: [propext, Classical.choice, Quot.sound]
'ZhangLS.Spec.lemma61_far_left_integral_exponent_absorption' depends on axioms: [propext, Classical.choice, Quot.sound]
'ZhangLS.Spec.lemma61_actual_far_left_tail_integral_bound' depends on axioms: [propext, Classical.choice, Quot.sound]
'ZhangLS.Spec.lemma61_actual_reciprocal_tail_rectangle_differentiable' depends on axioms: [propext,
 Classical.choice,
 Quot.sound]
'ZhangLS.Spec.lemma61_actual_reciprocal_tail_rectangle_cauchy' depends on axioms: [propext,
 Classical.choice,
 Quot.sound]
'ZhangLS.Spec.lemma61_quarter_series_summable' depends on axioms: [propext, Classical.choice, Quot.sound]
'ZhangLS.Spec.lemma61_reciprocal_horizontal_term_bound' depends on axioms: [propext, Classical.choice, Quot.sound]
'ZhangLS.Spec.lemma61_reciprocal_horizontal_sum_bound' depends on axioms: [propext, Classical.choice, Quot.sound]
'ZhangLS.Spec.lemma61_actual_horizontal_tail_point_bound' depends on axioms: [propext, Classical.choice, Quot.sound]
'ZhangLS.Spec.lemma61_actual_horizontal_tail_integral_bound' depends on axioms: [propext, Classical.choice, Quot.sound]
'ZhangLS.Spec.lemma61_actual_reciprocal_tail_truncation_bound' depends on axioms: [propext,
 Classical.choice,
 Quot.sound]
