Try this:
  [apply] ring_nf
  
  The `ring` tactic failed to close the goal. Use `ring_nf` to obtain a normal form.
    
  Note that `ring` works primarily in *commutative* rings. If you have a noncommutative ring, abelian group or module, consider using `noncomm_ring`, `abel` or `module` instead.
/private/tmp/ZhangMathStep121Lemma59FullQuotientChecked.lean:698:64: warning: Used `tac1 <;> tac2` where `(tac1; tac2)` would suffice

Note: This linter can be disabled with `set_option linter.unnecessarySeqFocus false`
/private/tmp/ZhangMathStep121Lemma59FullQuotientChecked.lean:1089:64: warning: This simp argument is unused:
  mul_left_comm

Hint: Omit it from the simp argument list.
  simp only [sub_eq_add_neg, add_comm, add_left_comm, mul_comm, mul_l̵e̵f̵t̵_̵c̵o̵m̵m̵,̵ ̵m̵u̵l̵_̵assoc] at hc ⊢

Note: This linter can be disabled with `set_option linter.unusedSimpArgs false`
/private/tmp/ZhangMathStep121Lemma59FullQuotientChecked.lean:1089:79: warning: This simp argument is unused:
  mul_assoc

Hint: Omit it from the simp argument list.
  simp only [sub_eq_add_neg, add_comm, add_left_comm, mul_comm, mul_left_comm,̵ ̵m̵u̵l̵_̵a̵s̵s̵o̵c̵] at hc ⊢

Note: This linter can be disabled with `set_option linter.unusedSimpArgs false`
/private/tmp/ZhangMathStep121Lemma59FullQuotientChecked.lean:1232:23: warning: Used `tac1 <;> tac2` where `(tac1; tac2)` would suffice

Note: This linter can be disabled with `set_option linter.unnecessarySeqFocus false`
/private/tmp/ZhangMathStep121Lemma59FullQuotientChecked.lean:1999:8: warning: 'ring' tactic does nothing

Note: This linter can be disabled with `set_option linter.unusedTactic false`
/private/tmp/ZhangMathStep121Lemma59FullQuotientChecked.lean:1999:8: warning: this tactic is never executed

Note: This linter can be disabled with `set_option linter.unreachableTactic false`
/private/tmp/ZhangMathStep121Lemma59FullQuotientChecked.lean:2652:5: warning: unused variable `hm`

Note: This linter can be disabled with `set_option linter.unusedVariables false`
/private/tmp/ZhangMathStep121Lemma59FullQuotientChecked.lean:2870:39: warning: Used `tac1 <;> tac2` where `(tac1; tac2)` would suffice

Note: This linter can be disabled with `set_option linter.unnecessarySeqFocus false`
/private/tmp/ZhangMathStep121Lemma59FullQuotientChecked.lean:3460:5: warning: unused variable `θ`

Note: This linter can be disabled with `set_option linter.unusedVariables false`
/private/tmp/ZhangMathStep121Lemma59FullQuotientChecked.lean:3740:23: warning: This simp argument is unused:
  zero_sub

Hint: Omit it from the simp argument list.
  simp only [lemma55JensenCenter, Complex.sub_re, Complex.sub_im, Complex.add_re, Complex.add_im,
  ̲  ̲ ̲ ̲Complex.mul_re, Complex.mul_im, Complex.I_re, Complex.I_im, Complex.ofReal_re,
  ̲  ̲ ̲ ̲Complex.ofReal_im, zero_mul, mul_zero, one_mul, mul_one, sub_zero, z̵e̵r̵o̵_̵s̵u̵b̵,̵ ̵add_zero, zero_add] at hn

Note: This linter can be disabled with `set_option linter.unusedSimpArgs false`
/private/tmp/ZhangMathStep121Lemma59FullQuotientChecked.lean:3949:52: warning: This simp argument is unused:
  Rat.cast_natCast

Hint: Omit it from the simp argument list.
  simp only [̵h̵a̵r̵m̵o̵n̵i̵c̵,̵R̵a̵t̵.̵c̵a̵s̵t̵_̵s̵u̵m̵,̵R̵a̵t̵.̵c̵a̵s̵t̵_̵i̵n̵v̵,̵R̵a̵t̵.̵c̵a̵s̵t̵_̵n̵a̵t̵C̵a̵s̵t̵,̵N̵a̵t̵.̵c̵a̵s̵t̵_̵a̵d̵d̵,̵N̵a̵t̵.̵c̵a̵s̵t̵_̵o̵n̵e̵]̵[̲h̲a̲r̲m̲o̲n̲i̲c̲,̲ ̲R̲a̲t̲.̲c̲a̲s̲t̲_̲s̲u̲m̲,̲ ̲R̲a̲t̲.̲c̲a̲s̲t̲_̲i̲n̲v̲,̲ ̲N̲a̲t̲.̲c̲a̲s̲t̲_̲a̲d̲d̲,̲ ̲N̲a̲t̲.̲c̲a̲s̲t̲_̲o̲n̲e̲]̲

Note: This linter can be disabled with `set_option linter.unusedSimpArgs false`
'ZhangLS.Spec.lemma59_extended_height_margin' depends on axioms: [propext, Classical.choice, Quot.sound]
'ZhangLS.Spec.lemma59_ext44_gamma_region_height' depends on axioms: [propext, Classical.choice, Quot.sound]
'ZhangLS.Spec.lemma59_ext44_middle_reflected_displacement' depends on axioms: [propext, Classical.choice, Quot.sound]
'ZhangLS.Spec.lemma59_ext44_omega3_displacement' depends on axioms: [propext, Classical.choice, Quot.sound]
'ZhangLS.Spec.lemma59_ext44_omega3_re_pos' depends on axioms: [propext, Classical.choice, Quot.sound]
'ZhangLS.Spec.lemma59_ext44_omega3_subset_extended_gamma_region' depends on axioms: [propext,
 Classical.choice,
 Quot.sound]
'ZhangLS.Spec.lemma59_ext44_right_mellin_gaussian_bound' depends on axioms: [propext, Classical.choice, Quot.sound]
'ZhangLS.Spec.lemma59_ext44_truncated_shift_in_extended_gamma_region' depends on axioms: [propext,
 Classical.choice,
 Quot.sound]
'ZhangLS.Spec.lemma59_ext44ActualZtilde_norm_on_omega3' depends on axioms: [propext, Classical.choice, Quot.sound]
'ZhangLS.Spec.lemma59_ext44_equation46' depends on axioms: [propext, Classical.choice, Quot.sound]
'ZhangLS.Spec.lemma59_ext44_gaussian_long_sum_on_omega3' depends on axioms: [propext, Classical.choice, Quot.sound]
'ZhangLS.Spec.lemma59_ext44_initial_left_denominator_bound' depends on axioms: [propext, Classical.choice, Quot.sound]
'ZhangLS.Spec.lemma59_ext44_initial_left_shift_abs_re' depends on axioms: [propext, Classical.choice, Quot.sound]
'ZhangLS.Spec.lemma59_ext44_left_product_mellin_eq_reflected_series' depends on axioms: [propext,
 Classical.choice,
 Quot.sound]
'ZhangLS.Spec.lemma59_ext44_long_sum_on_omega3' depends on axioms: [propext, Classical.choice, Quot.sound]
'ZhangLS.Spec.lemma59_ext44_middle_Z_norm_bound' depends on axioms: [propext, Classical.choice, Quot.sound]
'ZhangLS.Spec.lemma59_ext44_middle_integrable' depends on axioms: [propext, Classical.choice, Quot.sound]
'ZhangLS.Spec.lemma59_ext44_product_finite_shift' depends on axioms: [propext, Classical.choice, Quot.sound]
'ZhangLS.Spec.lemma59_ext44_product_horizontal_point_bound' depends on axioms: [propext, Classical.choice, Quot.sound]
'ZhangLS.Spec.lemma59_ext44_reflected_horizontal_point_bound' depends on axioms: [propext, Classical.choice, Quot.sound]
'ZhangLS.Spec.lemma59_ext44_reflected_long_sum_bound' depends on axioms: [propext, Classical.choice, Quot.sound]
'ZhangLS.Spec.lemma59_ext44_reflected_numerator_rectangle_differentiable' depends on axioms: [propext,
 Classical.choice,
 Quot.sound]
'ZhangLS.Spec.lemma59_ext44_reflected_polynomial_intervalIntegrable' depends on axioms: [propext,
 Classical.choice,
 Quot.sound]
'ZhangLS.Spec.lemma59_ext44_right_vertical_truncation_bound' depends on axioms: [propext, Classical.choice, Quot.sound]
'ZhangLS.Spec.lemma59_ext44_short_right_point_bound' depends on axioms: [propext, Classical.choice, Quot.sound]
'ZhangLS.Spec.lemma59_ext44_initial_left_gamma_region' depends on axioms: [propext, Classical.choice, Quot.sound]
'ZhangLS.Spec.lemma59_ext44_initial_left_omega_bound' depends on axioms: [propext, Classical.choice, Quot.sound]
'ZhangLS.Spec.lemma59_ext44_long_horizontal_point_bound' depends on axioms: [propext, Classical.choice, Quot.sound]
'ZhangLS.Spec.lemma59_ext44_middle_product_bound' depends on axioms: [propext, Classical.choice, Quot.sound]
'ZhangLS.Spec.lemma59_ext44_paper_gaussian_long_sum_on_omega3' depends on axioms: [propext,
 Classical.choice,
 Quot.sound]
'ZhangLS.Spec.lemma59_ext44_product_horizontal_error_bound' depends on axioms: [propext, Classical.choice, Quot.sound]
'ZhangLS.Spec.lemma59_ext44_reflected_polynomial_middle_shift' depends on axioms: [propext,
 Classical.choice,
 Quot.sound]
'ZhangLS.Spec.lemma59_ext44_reflected_polynomial_residue_shift' depends on axioms: [propext,
 Classical.choice,
 Quot.sound]
'ZhangLS.Spec.lemma59_ext44_short_horizontal_point_bound' depends on axioms: [propext, Classical.choice, Quot.sound]
'ZhangLS.Spec.lemma59_ext44_short_right_contour_bound' depends on axioms: [propext, Classical.choice, Quot.sound]
'ZhangLS.Spec.lemma59_ext44_full_gaussian_series_approximation' depends on axioms: [propext,
 Classical.choice,
 Quot.sound]
'ZhangLS.Spec.lemma59_ext44_initial_left_Z_scale_bound' depends on axioms: [propext, Classical.choice, Quot.sound]
'ZhangLS.Spec.lemma59_ext44_long_horizontal_error_bound' depends on axioms: [propext, Classical.choice, Quot.sound]
'ZhangLS.Spec.lemma59_ext44_middle_integrand_norm_bound' depends on axioms: [propext, Classical.choice, Quot.sound]
'ZhangLS.Spec.lemma59_ext44_reflected_tail_contour_continuousOn' depends on axioms: [propext,
 Classical.choice,
 Quot.sound]
'ZhangLS.Spec.lemma59_ext44_short_horizontal_error_bound' depends on axioms: [propext, Classical.choice, Quot.sound]
'ZhangLS.Spec.lemma59_ext44_reflected_tail_contour_intervalIntegrable' depends on axioms: [propext,
 Classical.choice,
 Quot.sound]
'ZhangLS.Spec.lemma59_ext44_reflected_tail_contour_pointwise_bound' depends on axioms: [propext,
 Classical.choice,
 Quot.sound]
'ZhangLS.Spec.lemma59_ext44_right_mellin_approximation' depends on axioms: [propext, Classical.choice, Quot.sound]
'ZhangLS.Spec.lemma59_ext44_truncated_middle_contour_bound' depends on axioms: [propext, Classical.choice, Quot.sound]
'ZhangLS.Spec.lemma59_ext44_left_product_contour_decomposition' depends on axioms: [propext,
 Classical.choice,
 Quot.sound]
'ZhangLS.Spec.lemma59_ext44_middle_reflected_polynomial_bound' depends on axioms: [propext,
 Classical.choice,
 Quot.sound]
'ZhangLS.Spec.lemma59_ext44_reflected_tail_contour_bound' depends on axioms: [propext, Classical.choice, Quot.sound]
'ZhangLS.Spec.lemma59_ext44_actual_approximate_functional_equation' depends on axioms: [propext,
 Classical.choice,
 Quot.sound]
'ZhangLS.Spec.lemma59_ext44_uniform_error_constant' depends on axioms: [propext, Classical.choice, Quot.sound]
'ZhangLS.Spec.lemma59_ext_good_FG_bound' depends on axioms: [propext, Classical.choice, Quot.sound]
'ZhangLS.Spec.lemma59_ext_good_product_bound' depends on axioms: [propext, Classical.choice, Quot.sound]
'ZhangLS.Spec.lemma59_ext_F_logDeriv_at_threshold' depends on axioms: [propext, Classical.choice, Quot.sound]
'ZhangLS.Spec.lemma59_ext45_horizontal_F_quotient_bound' depends on axioms: [propext, Classical.choice, Quot.sound]
'ZhangLS.Spec.lemma59_ext45_omega1_F_inv_bound' depends on axioms: [propext, Classical.choice, Quot.sound]
'ZhangLS.Spec.lemma59_ext45_equation410' depends on axioms: [propext, Classical.choice, Quot.sound]
'ZhangLS.Spec.lemma59_ext45_region_subsets' depends on axioms: [propext, Classical.choice, Quot.sound]
'ZhangLS.Spec.lemma59_ext46_disk_subset_local_strip' depends on axioms: [propext, Classical.choice, Quot.sound]
'ZhangLS.Spec.lemma59_ext46_local_strip_regions' depends on axioms: [propext, Classical.choice, Quot.sound]
'ZhangLS.Spec.lemma59_ext48_omega_height_pos' depends on axioms: [propext, Classical.choice, Quot.sound]
'ZhangLS.Spec.lemma59_ext48_omega_reflection' depends on axioms: [propext, Classical.choice, Quot.sound]
'ZhangLS.Spec.lemma59_ext48_thin_slab_regions' depends on axioms: [propext, Classical.choice, Quot.sound]
'ZhangLS.Spec.lemma59_ext45_B_bound_far' depends on axioms: [propext, Classical.choice, Quot.sound]
'ZhangLS.Spec.lemma59_ext45_B_bound_near' depends on axioms: [propext, Classical.choice, Quot.sound]
'ZhangLS.Spec.lemma59_ext46_actual_A_reflected_zero' depends on axioms: [propext, Classical.choice, Quot.sound]
'ZhangLS.Spec.lemma59_ext46_actual_B_differentiable_ne_zero' depends on axioms: [propext, Classical.choice, Quot.sound]
'ZhangLS.Spec.lemma59_ext46_equation411' depends on axioms: [propext, Classical.choice, Quot.sound]
'ZhangLS.Spec.lemma59_ext46_inner_disk_regions' depends on axioms: [propext, Classical.choice, Quot.sound]
'ZhangLS.Spec.lemma59_ext45_B_uniform_gap' depends on axioms: [propext, Classical.choice, Quot.sound]
'ZhangLS.Spec.lemma59_ext46_actual_A_analyticOn_inner_disk' depends on axioms: [propext, Classical.choice, Quot.sound]
'ZhangLS.Spec.lemma59_ext46_actual_model_approximation_closed' depends on axioms: [propext,
 Classical.choice,
 Quot.sound]
'ZhangLS.Spec.lemma59_ext45_actual_A_lower_bound' depends on axioms: [propext, Classical.choice, Quot.sound]
'ZhangLS.Spec.lemma59_ext46_actual_model_approximation' depends on axioms: [propext, Classical.choice, Quot.sound]
'ZhangLS.Spec.lemma59_ext46_actual_rouche_count_one_closed' depends on axioms: [propext, Classical.choice, Quot.sound]
'ZhangLS.Spec.lemma59_ext45_actual_A_ne_zero' depends on axioms: [propext, Classical.choice, Quot.sound]
'ZhangLS.Spec.lemma59_ext46_actual_rouche_count_one' depends on axioms: [propext, Classical.choice, Quot.sound]
'ZhangLS.Spec.lemma59_ext46_zero_analysis_at_contraction_closed' depends on axioms: [propext,
 Classical.choice,
 Quot.sound]
'ZhangLS.Spec.lemma59_ext45_actual_product_ne_zero' depends on axioms: [propext, Classical.choice, Quot.sound]
'ZhangLS.Spec.lemma59_ext46_zero_analysis_at_contraction' depends on axioms: [propext, Classical.choice, Quot.sound]
'ZhangLS.Spec.lemma59_ext46_proved' depends on axioms: [propext, Classical.choice, Quot.sound]
'ZhangLS.Spec.lemma59_ext48_actual_zero_in_thin_slab' depends on axioms: [propext, Classical.choice, Quot.sound]
'ZhangLS.Spec.lemma59_ext48_actual_Z_inv_bound' depends on axioms: [propext, Classical.choice, Quot.sound]
'ZhangLS.Spec.lemma59_ext_prop22_actual_zero_analysis' depends on axioms: [propext, Classical.choice, Quot.sound]
'ZhangLS.Spec.lemma59_ext48_actual_inverse_factor_approximation' depends on axioms: [propext,
 Classical.choice,
 Quot.sound]
'ZhangLS.Spec.lemma59_ext48_at_explicit_constant' depends on axioms: [propext, Classical.choice, Quot.sound]
'ZhangLS.Spec.lemma59_ext48_proved' depends on axioms: [propext, Classical.choice, Quot.sound]
'ZhangLS.Spec.lemma59_uniform_extended_actual_product_zeros' depends on axioms: [propext, Classical.choice, Quot.sound]
'ZhangLS.Spec.lemma59_actual_meromorphic_order_eq_nat' depends on axioms: [propext, Classical.choice, Quot.sound]
'ZhangLS.Spec.lemma59_actual_zero_factor_analytic' depends on axioms: [propext, Classical.choice, Quot.sound]
'ZhangLS.Spec.lemma59_actual_zero_factor_order' depends on axioms: [propext, Classical.choice, Quot.sound]
'ZhangLS.Spec.lemma59_actual_zero_removed_order' depends on axioms: [propext, Classical.choice, Quot.sound]
'ZhangLS.Spec.lemma59_actual_zero_removed_analytic' depends on axioms: [propext, Classical.choice, Quot.sound]
'ZhangLS.Spec.lemma59_actual_zero_removed_ne_zero' depends on axioms: [propext, Classical.choice, Quot.sound]
'ZhangLS.Spec.lemma59_actual_zero_removed_eq_quotient' depends on axioms: [propext, Classical.choice, Quot.sound]
'ZhangLS.Spec.lemma59_actual_zero_factorization' depends on axioms: [propext, Classical.choice, Quot.sound]
'ZhangLS.Spec.lemma59_actual_zero_factor_eq_product' depends on axioms: [propext, Classical.choice, Quot.sound]
'ZhangLS.Spec.lemma59_actual_local_multiplicity_eq_count' depends on axioms: [propext, Classical.choice, Quot.sound]
'ZhangLS.Spec.lemma59_actual_zero_factor_center_bound' depends on axioms: [propext, Classical.choice, Quot.sound]
'ZhangLS.Spec.lemma59_actual_zero_factor_outer_lower_bound' depends on axioms: [propext, Classical.choice, Quot.sound]
'ZhangLS.Spec.lemma59_actual_zero_factor_outer_ne_zero' depends on axioms: [propext, Classical.choice, Quot.sound]
'ZhangLS.Spec.lemma59_actual_local_multiplicity_bound' depends on axioms: [propext, Classical.choice, Quot.sound]
'ZhangLS.Spec.lemma59_actual_zero_removed_outer_bound' depends on axioms: [propext, Classical.choice, Quot.sound]
'ZhangLS.Spec.lemma59_actual_zero_removed_closed_disk_bound' depends on axioms: [propext, Classical.choice, Quot.sound]
'ZhangLS.Spec.lemma59_actual_zero_removed_center_lower_bound' depends on axioms: [propext, Classical.choice, Quot.sound]
'ZhangLS.Spec.lemma59_jensen_log_size_pos' depends on axioms: [propext, Classical.choice, Quot.sound]
'ZhangLS.Spec.lemma59_zero_removed_ratio_bound_gt_one' depends on axioms: [propext, Classical.choice, Quot.sound]
'ZhangLS.Spec.lemma59_actual_zero_removed_ratio_bound' depends on axioms: [propext, Classical.choice, Quot.sound]
'ZhangLS.Spec.lemma59_actual_zero_removed_log_ratio_bound' depends on axioms: [propext, Classical.choice, Quot.sound]
'ZhangLS.Spec.lemma59_actual_zero_removed_log_exists' depends on axioms: [propext, Classical.choice, Quot.sound]
'ZhangLS.Spec.lemma59_actual_zero_removed_log_hasDerivAt' depends on axioms: [propext, Classical.choice, Quot.sound]
'ZhangLS.Spec.lemma59_actual_zero_removed_log_closed_bound' depends on axioms: [propext, Classical.choice, Quot.sound]
'ZhangLS.Spec.lemma59_actual_zero_removed_log_cauchy_bound' depends on axioms: [propext, Classical.choice, Quot.sound]
'ZhangLS.Spec.lemma59_actual_zero_removed_logDeriv_near_center_bound' depends on axioms: [propext,
 Classical.choice,
 Quot.sound]
'ZhangLS.Spec.lemma59_actual_zero_removed_shift_norm_bound' depends on axioms: [propext, Classical.choice, Quot.sound]
'ZhangLS.Spec.lemma59_original_shift_path_near_center' depends on axioms: [propext, Classical.choice, Quot.sound]
'ZhangLS.Spec.lemma59_uniform_actual_zero_removed_first_shift' depends on axioms: [propext,
 Classical.choice,
 Quot.sound]
'ZhangLS.Spec.lemma59_actual_L_quotient_factorization' depends on axioms: [propext, Classical.choice, Quot.sound]
'ZhangLS.Spec.lemma59_actual_zero_factor_ratio_eq_product' depends on axioms: [propext, Classical.choice, Quot.sound]
'ZhangLS.Spec.lemma59_actual_local_zero_re_bounds' depends on axioms: [propext, Classical.choice, Quot.sound]
'ZhangLS.Spec.lemma59_actual_local_zeros_in_extended_region' depends on axioms: [propext, Classical.choice, Quot.sound]
'ZhangLS.Spec.lemma59_actual_L_simple_of_product_simple' depends on axioms: [propext, Classical.choice, Quot.sound]
'ZhangLS.Spec.lemma59_uniform_actual_local_zero_structure' depends on axioms: [propext, Classical.choice, Quot.sound]
'ZhangLS.Spec.lemma59_critical_line_norm_eq_im_distance' depends on axioms: [propext, Classical.choice, Quot.sound]
'ZhangLS.Spec.lemma59_relaxed_rank_scalar' depends on axioms: [propext, Classical.choice, Quot.sound]
'ZhangLS.Spec.lemma59_relaxed_ranked_zero_product_bound' depends on axioms: [propext, Classical.choice, Quot.sound]
'ZhangLS.Spec.lemma59_exceptional_zero_product_bound_three' depends on axioms: [propext, Classical.choice, Quot.sound]
'ZhangLS.Spec.lemma59_ordered_separated_rank' depends on axioms: [propext, Classical.choice, Quot.sound]
'ZhangLS.Spec.lemma59_near_real_zero_card_le_three' depends on axioms: [propext, Classical.choice, Quot.sound]
'ZhangLS.Spec.lemma59_sorted_real_zero_product_bound' depends on axioms: [propext, Classical.choice, Quot.sound]
'ZhangLS.Spec.lemma59_zero_line_distance' depends on axioms: [propext, Classical.choice, Quot.sound]
'ZhangLS.Spec.lemma59_zero_ordinate_injective' depends on axioms: [propext, Classical.choice, Quot.sound]
'ZhangLS.Spec.lemma59_neg_zero_ordinate_injective' depends on axioms: [propext, Classical.choice, Quot.sound]
'ZhangLS.Spec.lemma59_harmonic_le_log_succ' depends on axioms: [propext, Classical.choice, Quot.sound]
'ZhangLS.Spec.lemma59_far_complex_zero_product_bound' depends on axioms: [propext, Classical.choice, Quot.sound]
'ZhangLS.Spec.lemma59_near_complex_zero_card_le_three' depends on axioms: [propext, Classical.choice, Quot.sound]
'ZhangLS.Spec.lemma59_log_succ_product_budget_mono' depends on axioms: [propext, Classical.choice, Quot.sound]
'ZhangLS.Spec.lemma59_separated_complex_zero_product_bound' depends on axioms: [propext, Classical.choice, Quot.sound]
'ZhangLS.Spec.lemma59_log_zero_count_budget' depends on axioms: [propext, Classical.choice, Quot.sound]
'ZhangLS.Spec.lemma59_relaxed_scale_shift_budget' depends on axioms: [propext, Classical.choice, Quot.sound]
'ZhangLS.Spec.lemma59_uniform_relaxed_product_budget' depends on axioms: [propext, Classical.choice, Quot.sound]
'ZhangLS.Spec.lemma59_proved' depends on axioms: [propext, Classical.choice, Quot.sound]
