/private/tmp/ZhangMathStep111PrincipalMassBudgetDraft.lean:37:26: warning: 'ring' tactic does nothing

Note: This linter can be disabled with `set_option linter.unusedTactic false`
/private/tmp/ZhangMathStep111PrincipalMassBudgetDraft.lean:37:26: warning: this tactic is never executed

Note: This linter can be disabled with `set_option linter.unreachableTactic false`
/private/tmp/ZhangMathStep111PrincipalMassBudgetDraft.lean:124:29: warning: 'norm_num' tactic does nothing

Note: This linter can be disabled with `set_option linter.unusedTactic false`
/private/tmp/ZhangMathStep111PrincipalMassBudgetDraft.lean:204:40: warning: Used `tac1 <;> tac2` where `(tac1; tac2)` would suffice

Note: This linter can be disabled with `set_option linter.unnecessarySeqFocus false`
/private/tmp/ZhangMathStep111PrincipalMassBudgetDraft.lean:239:29: warning: 'norm_num' tactic does nothing

Note: This linter can be disabled with `set_option linter.unusedTactic false`
/private/tmp/ZhangMathStep111PrincipalMassBudgetDraft.lean:246:21: warning: Used `tac1 <;> tac2` where `(tac1; tac2)` would suffice

Note: This linter can be disabled with `set_option linter.unnecessarySeqFocus false`
/private/tmp/ZhangMathStep111PrincipalMassBudgetDraft.lean:281:70: warning: Used `tac1 <;> tac2` where `(tac1; tac2)` would suffice

Note: This linter can be disabled with `set_option linter.unnecessarySeqFocus false`
/private/tmp/ZhangMathStep111PrincipalMassBudgetDraft.lean:282:26: warning: Used `tac1 <;> tac2` where `(tac1; tac2)` would suffice

Note: This linter can be disabled with `set_option linter.unnecessarySeqFocus false`
/private/tmp/ZhangMathStep111PrincipalMassBudgetDraft.lean:310:60: warning: Used `tac1 <;> tac2` where `(tac1; tac2)` would suffice

Note: This linter can be disabled with `set_option linter.unnecessarySeqFocus false`
/private/tmp/ZhangMathStep111PrincipalMassBudgetDraft.lean:310:72: warning: Used `tac1 <;> tac2` where `(tac1; tac2)` would suffice

Note: This linter can be disabled with `set_option linter.unnecessarySeqFocus false`
/private/tmp/ZhangMathStep111PrincipalMassBudgetDraft.lean:314:34: warning: Used `tac1 <;> tac2` where `(tac1; tac2)` would suffice

Note: This linter can be disabled with `set_option linter.unnecessarySeqFocus false`
/private/tmp/ZhangMathStep111PrincipalMassBudgetDraft.lean:314:46: warning: Used `tac1 <;> tac2` where `(tac1; tac2)` would suffice

Note: This linter can be disabled with `set_option linter.unnecessarySeqFocus false`
/private/tmp/ZhangMathStep111PrincipalMassBudgetDraft.lean:361:17: warning: 'assumption' tactic does nothing

Note: This linter can be disabled with `set_option linter.unusedTactic false`
/private/tmp/ZhangMathStep111PrincipalMassBudgetDraft.lean:361:17: warning: this tactic is never executed

Note: This linter can be disabled with `set_option linter.unreachableTactic false`
/private/tmp/ZhangMathStep111PrincipalMassBudgetDraft.lean:373:29: warning: 'norm_num' tactic does nothing

Note: This linter can be disabled with `set_option linter.unusedTactic false`
/private/tmp/ZhangMathStep111PrincipalMassBudgetDraft.lean:407:34: warning: Used `tac1 <;> tac2` where `(tac1; tac2)` would suffice

Note: This linter can be disabled with `set_option linter.unnecessarySeqFocus false`
/private/tmp/ZhangMathStep111PrincipalMassBudgetDraft.lean:407:46: warning: Used `tac1 <;> tac2` where `(tac1; tac2)` would suffice

Note: This linter can be disabled with `set_option linter.unnecessarySeqFocus false`
'ZhangLS.Spec.lemma56_principal_mass_exp_base' depends on axioms: [propext, Classical.choice, Quot.sound]
'ZhangLS.Spec.lemma56_principal_mass_exp_power' depends on axioms: [propext, Classical.choice, Quot.sound]
'ZhangLS.Spec.lemma56_principal_mass_left_power' depends on axioms: [propext, Classical.choice, Quot.sound]
'ZhangLS.Spec.lemma56_principal_mass_moment_budget' depends on axioms: [propext, Classical.choice, Quot.sound]
'ZhangLS.Spec.lemma56_principal_mass_scale_parameters' depends on axioms: [propext, Classical.choice, Quot.sound]
'ZhangLS.Spec.lemma56_principal_mass_left_budget' depends on axioms: [propext, Classical.choice, Quot.sound]
'ZhangLS.Spec.lemma56_principal_mass_height_exponent' depends on axioms: [propext, Classical.choice, Quot.sound]
'ZhangLS.Spec.lemma56_principal_mass_horizontal_exponent_identity' depends on axioms: [propext,
 Classical.choice,
 Quot.sound]
'ZhangLS.Spec.lemma56_principal_mass_horizontal_gaussian_budget' depends on axioms: [propext,
 Classical.choice,
 Quot.sound]
'ZhangLS.Spec.lemma56_principal_mass_horizontal_budget' depends on axioms: [propext, Classical.choice, Quot.sound]
'ZhangLS.Spec.lemma56_principal_mass_error_constant_pos' depends on axioms: [propext, Classical.choice, Quot.sound]
'ZhangLS.Spec.lemma56_principal_mass_main_error_budget' depends on axioms: [propext, Classical.choice, Quot.sound]
'ZhangLS.Spec.lemma56_principal_mass_polynomial_absorption' depends on axioms: [propext, Classical.choice, Quot.sound]
'ZhangLS.Spec.lemma56_uniform_principal_mass_scale_threshold' depends on axioms: [propext, Classical.choice, Quot.sound]
'ZhangLS.Spec.lemma56_uniform_principal_smoothed_mass_main_error' depends on axioms: [propext,
 Classical.choice,
 Quot.sound]
'ZhangLS.Spec.lemma56_principal_mass_smoothing_parameters' depends on axioms: [propext, Classical.choice, Quot.sound]
'ZhangLS.Spec.lemma56_principal_mass_smoothing_polynomial' depends on axioms: [propext, Classical.choice, Quot.sound]
'ZhangLS.Spec.lemma56_principal_mass_near_smoothing_budget' depends on axioms: [propext, Classical.choice, Quot.sound]
'ZhangLS.Spec.lemma56_principal_mass_far_smoothing_margin' depends on axioms: [propext, Classical.choice, Quot.sound]
'ZhangLS.Spec.lemma56_principal_mass_far_smoothing_gaussian' depends on axioms: [propext, Classical.choice, Quot.sound]
'ZhangLS.Spec.lemma56_principal_mass_far_smoothing_budget' depends on axioms: [propext, Classical.choice, Quot.sound]
'ZhangLS.Spec.lemma56_principal_unsmoothing_constant_pos' depends on axioms: [propext, Classical.choice, Quot.sound]
'ZhangLS.Spec.lemma56_actual_principal_mass_smoothing_removal' depends on axioms: [propext,
 Classical.choice,
 Quot.sound]
'ZhangLS.Spec.lemma56_principal_sharp_mangoldt_error_constant_pos' depends on axioms: [propext,
 Classical.choice,
 Quot.sound]
'ZhangLS.Spec.lemma56_uniform_principal_sharp_mangoldt_mass_main_error' depends on axioms: [propext,
 Classical.choice,
 Quot.sound]
'ZhangLS.Spec.lemma56_principal_mass_prime_power_decay' depends on axioms: [propext, Classical.choice, Quot.sound]
'ZhangLS.Spec.lemma56_actual_principal_mass_prime_power_error' depends on axioms: [propext,
 Classical.choice,
 Quot.sound]
'ZhangLS.Spec.lemma56_principal_sharp_prime_error_constant_pos' depends on axioms: [propext,
 Classical.choice,
 Quot.sound]
'ZhangLS.Spec.lemma56_uniform_principal_sharp_prime_mass_main_error' depends on axioms: [propext,
 Classical.choice,
 Quot.sound]
