'ZhangLS.Spec.lemma55_actual_mangoldt_twist_summable' depends on axioms: [propext, Classical.choice, Quot.sound]
'ZhangLS.Spec.lemma55_actual_mangoldt_abscissa' depends on axioms: [propext, Classical.choice, Quot.sound]
'ZhangLS.Spec.lemma55_actual_logDeriv_mangoldt' depends on axioms: [propext, Classical.choice, Quot.sound]
'ZhangLS.Spec.lemma55_actual_higher_logDeriv_mangoldt' depends on axioms: [propext, Classical.choice, Quot.sound]
'ZhangLS.Spec.lemma55_actual_normalized_logDeriv_mangoldt' depends on axioms: [propext, Classical.choice, Quot.sound]
'ZhangLS.Spec.lemma55_actual_zeta_normalized_mangoldt' depends on axioms: [propext, Classical.choice, Quot.sound]
'ZhangLS.Spec.lemma55_nonnegative_series_height_bound' depends on axioms: [propext, Classical.choice, Quot.sound]
'ZhangLS.Spec.lemma55_nonnegative_series_two_heights' depends on axioms: [propext, Classical.choice, Quot.sound]
'ZhangLS.Spec.lemma55_mangoldt_trivial' depends on axioms: [propext, Classical.choice, Quot.sound]
'ZhangLS.Spec.lemma55_actual_mangoldt_positive' depends on axioms: [propext, Classical.choice, Quot.sound]
'ZhangLS.Spec.lemma55_log_power_nonnegative' depends on axioms: [propext, Classical.choice, Quot.sound]
'ZhangLS.Spec.lemma55_log_power_add' depends on axioms: [propext, Classical.choice, Quot.sound]
'ZhangLS.Spec.lemma55_actual_log_power_summable' depends on axioms: [propext, Classical.choice, Quot.sound]
'ZhangLS.Spec.lemma55_actual_combined_mangoldt_summable' depends on axioms: [propext, Classical.choice, Quot.sound]
'ZhangLS.Spec.lemma55_actual_two_function_mangoldt' depends on axioms: [propext, Classical.choice, Quot.sound]
'ZhangLS.Spec.lemma55_actual_four_logDeriv_nonpos' depends on axioms: [propext, Classical.choice, Quot.sound]
'ZhangLS.Spec.lemma55_actual_weighted_four_logDeriv_nonpos' depends on axioms: [propext, Classical.choice, Quot.sound]
'ZhangLS.Spec.lemma55_distant_inverse_square_ratio' depends on axioms: [propext, Classical.choice, Quot.sound]
'ZhangLS.Spec.lemma55_distant_geometric_sum_bound' depends on axioms: [propext, Classical.choice, Quot.sound]
'ZhangLS.Spec.lemma55_distant_weighted_kernel_bound' depends on axioms: [propext, Classical.choice, Quot.sound]
'ZhangLS.Spec.lemma55_actual_exceptional_outside_local_disk_distance' depends on axioms: [propext,
 Classical.choice,
 Quot.sound]
'ZhangLS.Spec.lemma55_actual_exceptional_outside_local_disk_tail_bound' depends on axioms: [propext,
 Classical.choice,
 Quot.sound]
'ZhangLS.Spec.lemma55_actual_combined_remaining_error_bound' depends on axioms: [propext, Classical.choice, Quot.sound]
'ZhangLS.Spec.lemma55_actual_removed_pair_pole_identity' depends on axioms: [propext, Classical.choice, Quot.sound]
'ZhangLS.Spec.lemma55_actual_combined_removed_derivative_nonpos' depends on axioms: [propext,
 Classical.choice,
 Quot.sound]
'ZhangLS.Spec.lemma55_actual_local_pole_difference_eq' depends on axioms: [propext, Classical.choice, Quot.sound]
'ZhangLS.Spec.lemma55_actual_local_pole_difference_bound' depends on axioms: [propext, Classical.choice, Quot.sound]
'ZhangLS.Spec.lemma55_actual_combined_remaining_real_upper_bound' depends on axioms: [propext,
 Classical.choice,
 Quot.sound]
