'ZhangLS.Spec.lemma33_mem_prime_window' depends on axioms: [propext, Classical.choice, Quot.sound]
'ZhangLS.Spec.lemma33_prime_index_short_bound' depends on axioms: [propext, Classical.choice, Quot.sound]
'ZhangLS.Spec.lemma33_actual_first_mean_bound' depends on axioms: [propext, Classical.choice, Quot.sound]
'ZhangLS.Spec.lemma33_original_family_prime_mem' depends on axioms: [propext, Classical.choice, Quot.sound]
'ZhangLS.Spec.lemma33_actual_family_mem' depends on axioms: [propext, Classical.choice, Quot.sound]
'ZhangLS.Spec.lemma33_LSeries_term_norm_square' depends on axioms: [propext, Classical.choice, Quot.sound]
'ZhangLS.Spec.lemma33_actual_first_Dirichlet_mean_bound' depends on axioms: [propext, Classical.choice, Quot.sound]
'ZhangLS.Spec.lemma33_local_scalar_sampling' depends on axioms: [propext, Classical.choice, Quot.sound]
'ZhangLS.Spec.lemma33_norm_square_derivative' depends on axioms: [propext, Classical.choice, Quot.sound]
'ZhangLS.Spec.lemma33_norm_square_derivative_bound' depends on axioms: [propext, Classical.choice, Quot.sound]
'ZhangLS.Spec.lemma33_local_norm_square_sampling' depends on axioms: [propext, Classical.choice, Quot.sound]
'ZhangLS.Spec.lemma33_sampling_interval_sum_le' depends on axioms: [propext, Classical.choice, Quot.sound]
'ZhangLS.Spec.lemma33_separated_norm_square_sampling' depends on axioms: [propext, Classical.choice, Quot.sound]
'ZhangLS.Spec.lemma33_prime_fraction_cross_ne' depends on axioms: [propext, Classical.choice, Quot.sound]
'ZhangLS.Spec.lemma33_prime_fraction_separation' depends on axioms: [propext, Classical.choice, Quot.sound]
'ZhangLS.Spec.lemma33_fourier_interval_orthogonality' depends on axioms: [propext, Classical.choice, Quot.sound]
'ZhangLS.Spec.lemma33_trig_sum_continuous' depends on axioms: [propext, Classical.choice, Quot.sound]
'ZhangLS.Spec.lemma33_trig_sum_parseval' depends on axioms: [propext, Classical.choice, Quot.sound]
'ZhangLS.Spec.lemma33_trig_sum_hasDerivAt' depends on axioms: [propext, Classical.choice, Quot.sound]
'ZhangLS.Spec.lemma33_trig_sum_periodic' depends on axioms: [propext, Classical.choice, Quot.sound]
'ZhangLS.Spec.lemma33_trig_derivative_energy' depends on axioms: [propext, Classical.choice, Quot.sound]
'ZhangLS.Spec.lemma33_trig_derivative_energy_bound' depends on axioms: [propext, Classical.choice, Quot.sound]
'ZhangLS.Spec.lemma33_trig_square_integral_two_periods' depends on axioms: [propext, Classical.choice, Quot.sound]
'ZhangLS.Spec.lemma33_trig_square_energy_two_periods' depends on axioms: [propext, Classical.choice, Quot.sound]
'ZhangLS.Spec.lemma33_trig_derivative_two_period_bound' depends on axioms: [propext, Classical.choice, Quot.sound]
'ZhangLS.Spec.lemma33_primitive_nonprincipal' depends on axioms: [propext, Classical.choice, Quot.sound]
'ZhangLS.Spec.lemma33_prime_gauss_norm_square' depends on axioms: [propext, Classical.choice, Quot.sound]
'ZhangLS.Spec.lemma33_unit_character_mean_square_exact' depends on axioms: [propext, Classical.choice, Quot.sound]
'ZhangLS.Spec.lemma33_gauss_finite_transform' depends on axioms: [propext, Classical.choice, Quot.sound]
'ZhangLS.Spec.lemma33_gauss_finite_transform_norm_square' depends on axioms: [propext, Classical.choice, Quot.sound]
'ZhangLS.Spec.lemma33_unit_character_transform_parseval' depends on axioms: [propext, Classical.choice, Quot.sound]
'ZhangLS.Spec.lemma33_prime_primitive_mean_le_additive' depends on axioms: [propext, Classical.choice, Quot.sound]
'ZhangLS.Spec.lemma33_additive_large_sieve' depends on axioms: [propext, Classical.choice, Quot.sound]
'ZhangLS.Spec.lemma33_prime_window_modulus_bound' depends on axioms: [propext, Classical.choice, Quot.sound]
'ZhangLS.Spec.lemma33_sample_point_bounds' depends on axioms: [propext, Classical.choice, Quot.sound]
'ZhangLS.Spec.lemma33_actual_samples_separated' depends on axioms: [propext, Classical.choice, Quot.sound]
'ZhangLS.Spec.lemma33_additive_polynomial_eq_trig' depends on axioms: [propext, Classical.choice, Quot.sound]
'ZhangLS.Spec.lemma33_actual_mean_eq_prime_sum' depends on axioms: [propext, Classical.choice, Quot.sound]
'ZhangLS.Spec.lemma33_actual_mean_le_samples' depends on axioms: [propext, Classical.choice, Quot.sound]
'ZhangLS.Spec.lemma33_actual_second_mean_bound' depends on axioms: [propext, Classical.choice, Quot.sound]
'ZhangLS.Spec.lemma33_actual_second_Dirichlet_mean_bound' depends on axioms: [propext, Classical.choice, Quot.sound]
'ZhangLS.Spec.lemma33_parameters_at_threshold' depends on axioms: [propext, Classical.choice, Quot.sound]
'ZhangLS.Spec.lemma33_proved' depends on axioms: [propext, Classical.choice, Quot.sound]
'ZhangLS.Spec.lemma33_original_Dirichlet_sum_eq_actual' depends on axioms: [propext, Classical.choice, Quot.sound]
