⚠ [1859/2043] Replayed ZhangLS.Spec.RealDirichletCharacter
warning: ZhangLS/Spec/RealDirichletCharacter.lean:48:4: try 'simp' instead of 'simpa'

Note: This linter can be disabled with `set_option linter.unnecessarySimpa false`
⚠ [3502/3580] Replayed ZhangLS.Spec.Lemma23AnalyticLogBranch
warning: ZhangLS/Spec/Lemma23AnalyticLogBranch.lean:42:53: try 'simp' instead of 'simpa'

Note: This linter can be disabled with `set_option linter.unnecessarySimpa false`
warning: ZhangLS/Spec/Lemma23AnalyticLogBranch.lean:67:44: try 'simp' instead of 'simpa'

Note: This linter can be disabled with `set_option linter.unnecessarySimpa false`
⚠ [3509/3580] Replayed ZhangLS.Spec.Lemma55LocalLogDerivative
warning: ZhangLS/Spec/Lemma55LocalLogDerivative.lean:36:4: try 'simp' instead of 'simpa'

Note: This linter can be disabled with `set_option linter.unnecessarySimpa false`
⚠ [3518/3580] Replayed ZhangLS.Spec.Lemma23DirichletConjugation
warning: ZhangLS/Spec/Lemma23DirichletConjugation.lean:23:0: automatically included section variable(s) unused in theorem `ZhangLS.Spec.dirichletLSeries_inv_eq_conj_at_conj`:
  [NeZero N]
consider restructuring your `variable` declarations so that the variables are not in scope or explicitly omit them:
  omit [NeZero N] in theorem ...

Note: This linter can be disabled with `set_option linter.unusedSectionVars false`
⚠ [3521/3580] Replayed ZhangLS.Spec.RealAxisAtOne
warning: ZhangLS/Spec/RealAxisAtOne.lean:56:4: try 'simp' instead of 'simpa'

Note: This linter can be disabled with `set_option linter.unnecessarySimpa false`
⚠ [3525/3580] Replayed ZhangLS.Spec.Lemma57
warning: ZhangLS/Spec/Lemma57.lean:101:58: unused variable `hD`

Note: This linter can be disabled with `set_option linter.unusedVariables false`
warning: ZhangLS/Spec/Lemma57.lean:102:7: unused variable `hA`

Note: This linter can be disabled with `set_option linter.unusedVariables false`
⚠ [3526/3580] Replayed ZhangLS.Spec.Lemma57Arithmetic
warning: ZhangLS/Spec/Lemma57Arithmetic.lean:55:15: unused variable `hc_g`

Note: This linter can be disabled with `set_option linter.unusedVariables false`
⚠ [3531/3580] Replayed ZhangLS.Spec.Lemma57SmoothedSum
warning: ZhangLS/Spec/Lemma57SmoothedSum.lean:42:46: unused variable `hD`

Note: This linter can be disabled with `set_option linter.unusedVariables false`
⚠ [3540/3580] Replayed ZhangLS.Spec.Lemma57GaussianGlobal
warning: ZhangLS/Spec/Lemma57GaussianGlobal.lean:55:58: unused variable `ha`

Note: This linter can be disabled with `set_option linter.unusedVariables false`
warning: ZhangLS/Spec/Lemma57GaussianGlobal.lean:241:13: unused variable `hD`

Note: This linter can be disabled with `set_option linter.unusedVariables false`
warning: ZhangLS/Spec/Lemma57GaussianGlobal.lean:241:34: unused variable `hx`

Note: This linter can be disabled with `set_option linter.unusedVariables false`
⚠ [3541/3580] Replayed ZhangLS.Spec.Lemma57SmoothedSummability
warning: ZhangLS/Spec/Lemma57SmoothedSummability.lean:20:52: unused variable `hn`

Note: This linter can be disabled with `set_option linter.unusedVariables false`
⚠ [3546/3580] Replayed ZhangLS.Spec.Lemma57GaussianMellinTransform
warning: ZhangLS/Spec/Lemma57GaussianMellinTransform.lean:67:63: Used `tac1 <;> tac2` where `(tac1; tac2)` would suffice

Note: This linter can be disabled with `set_option linter.unnecessarySeqFocus false`
warning: ZhangLS/Spec/Lemma57GaussianMellinTransform.lean:145:54: Used `tac1 <;> tac2` where `(tac1; tac2)` would suffice

Note: This linter can be disabled with `set_option linter.unnecessarySeqFocus false`
warning: ZhangLS/Spec/Lemma57GaussianMellinTransform.lean:326:4: Try `simp at hs` instead of `simpa using hs`

Note: This linter can be disabled with `set_option linter.unnecessarySimpa false`
⚠ [3552/3580] Replayed ZhangLS.Spec.RiemannZetaCriticalLineBound
warning: ZhangLS/Spec/RiemannZetaCriticalLineBound.lean:99:2: Used `tac1 <;> tac2` where `(tac1; tac2)` would suffice

Note: This linter can be disabled with `set_option linter.unnecessarySeqFocus false`
warning: ZhangLS/Spec/RiemannZetaCriticalLineBound.lean:124:13: unused variable `hs`

Note: This linter can be disabled with `set_option linter.unusedVariables false`
warning: ZhangLS/Spec/RiemannZetaCriticalLineBound.lean:152:6: unused variable `n`

Note: This linter can be disabled with `set_option linter.unusedVariables false`
warning: ZhangLS/Spec/RiemannZetaCriticalLineBound.lean:156:20: unused variable `k`

Note: This linter can be disabled with `set_option linter.unusedVariables false`
warning: ZhangLS/Spec/RiemannZetaCriticalLineBound.lean:161:8: This simp argument is unused:
  sum_one_Icc

Hint: Omit it from the simp argument list.
  simp ̵[̵s̵u̵m̵_̵o̵n̵e̵_̵I̵c̵c̵]̵

Note: This linter can be disabled with `set_option linter.unusedSimpArgs false`
warning: ZhangLS/Spec/RiemannZetaCriticalLineBound.lean:242:12: 'ring' tactic does nothing

Note: This linter can be disabled with `set_option linter.unusedTactic false`
warning: ZhangLS/Spec/RiemannZetaCriticalLineBound.lean:242:12: this tactic is never executed

Note: This linter can be disabled with `set_option linter.unreachableTactic false`
warning: ZhangLS/Spec/RiemannZetaCriticalLineBound.lean:219:41: Used `tac1 <;> tac2` where `(tac1; tac2)` would suffice

Note: This linter can be disabled with `set_option linter.unnecessarySeqFocus false`
warning: ZhangLS/Spec/RiemannZetaCriticalLineBound.lean:303:8: 'ring' tactic does nothing

Note: This linter can be disabled with `set_option linter.unusedTactic false`
warning: ZhangLS/Spec/RiemannZetaCriticalLineBound.lean:303:8: this tactic is never executed

Note: This linter can be disabled with `set_option linter.unreachableTactic false`
warning: ZhangLS/Spec/RiemannZetaCriticalLineBound.lean:394:12: This simp argument is unused:
  norm_div

Hint: Omit it from the simp argument list.
  simp ̵[̵n̵o̵r̵m̵_̵d̵i̵v̵]̵

Note: This linter can be disabled with `set_option linter.unusedSimpArgs false`
warning: ZhangLS/Spec/RiemannZetaCriticalLineBound.lean:475:75: This simp argument is unused:
  norm_div

Hint: Omit it from the simp argument list.
  simp ̵[̵n̵o̵r̵m̵_̵d̵i̵v̵]̵

Note: This linter can be disabled with `set_option linter.unusedSimpArgs false`
⚠ [3553/3580] Replayed ZhangLS.Spec.Lemma57CriticalStripGrowth
warning: ZhangLS/Spec/Lemma57CriticalStripGrowth.lean:270:14: This simp argument is unused:
  norm_div

Hint: Omit it from the simp argument list.
  simp ̵[̵n̵o̵r̵m̵_̵d̵i̵v̵]̵

Note: This linter can be disabled with `set_option linter.unusedSimpArgs false`
⚠ [3566/3580] Replayed ZhangLS.Spec.Lemma57QuadraticConductorThreshold
warning: ZhangLS/Spec/Lemma57QuadraticConductorThreshold.lean:63:4: exponent 10000000 exceeds the threshold 256, exponentiation operation was not evaluated, use `set_option exponentiation.threshold <num>` to set a new threshold
warning: ZhangLS/Spec/Lemma57QuadraticConductorThreshold.lean:136:18: Used `tac1 <;> tac2` where `(tac1; tac2)` would suffice

Note: This linter can be disabled with `set_option linter.unnecessarySeqFocus false`
✔ [3578/3580] Built ZhangLS.Spec.Lemma55ZetaLocalData (16s)
✔ [3579/3580] Built ZhangLS.Spec.Lemma55ZetaLocalZeros (2.3s)
✔ [3580/3580] Built ZhangLS.Spec.Lemma55ZetaZeroFactorization (2.5s)
Build completed successfully (3580 jobs).
