'ZhangLS.Spec.lemma56_actual_four_zero_order_log_bound' depends on axioms: [propext, Classical.choice, Quot.sound]
'ZhangLS.Spec.lemma56_actual_common_maximum_log_detection' depends on axioms: [propext, Classical.choice, Quot.sound]
'ZhangLS.Spec.lemma56_general_repulsion_degree_bounds' depends on axioms: [propext, Classical.choice, Quot.sound]
'ZhangLS.Spec.lemma56_general_repulsion_exponential_cost' depends on axioms: [propext, Classical.choice, Quot.sound]
'ZhangLS.Spec.lemma56_general_repulsion_exceptional_cost_bound' depends on axioms: [propext,
 Classical.choice,
 Quot.sound]
'ZhangLS.Spec.lemma56_general_repulsion_strict_budget' depends on axioms: [propext, Classical.choice, Quot.sound]
'ZhangLS.Spec.lemma56_actual_log_budget_zero_exclusion' depends on axioms: [propext, Classical.choice, Quot.sound]
'ZhangLS.Spec.lemma56_actual_jensen_log_high_budget' depends on axioms: [propext, Classical.choice, Quot.sound]
'ZhangLS.Spec.lemma56_high_repulsion_scale_bounds' depends on axioms: [propext, Classical.choice, Quot.sound]
'ZhangLS.Spec.lemma56_uniform_primitive_high_zero_exclusion' depends on axioms: [propext, Classical.choice, Quot.sound]
'ZhangLS.Spec.lemma56_actual_zero_removed_logDeriv_near_center_bound' depends on axioms: [propext,
 Classical.choice,
 Quot.sound]
'ZhangLS.Spec.lemma56_actual_logDeriv_bound_of_local_zero_gap' depends on axioms: [propext,
 Classical.choice,
 Quot.sound]
'ZhangLS.Spec.lemma56_actual_logDeriv_bound_from_high_zero_exclusion' depends on axioms: [propext,
 Classical.choice,
 Quot.sound]
'ZhangLS.Spec.lemma56_uniform_primitive_high_logDeriv_bound' depends on axioms: [propext, Classical.choice, Quot.sound]
'ZhangLS.Spec.lemma56_high_scale_strict_margin' depends on axioms: [propext, Classical.choice, Quot.sound]
'ZhangLS.Spec.lemma56_actual_jensen_log_margin_budget' depends on axioms: [propext, Classical.choice, Quot.sound]
'ZhangLS.Spec.lemma56_uniform_primitive_margin_zero_exclusion' depends on axioms: [propext,
 Classical.choice,
 Quot.sound]
'ZhangLS.Spec.lemma56_actual_logDeriv_bound_from_rectangular_zero_exclusion' depends on axioms: [propext,
 Classical.choice,
 Quot.sound]
'ZhangLS.Spec.lemma56_uniform_primitive_margin_logDeriv_bound' depends on axioms: [propext,
 Classical.choice,
 Quot.sound]
