'ZhangLS.Spec.lemma55_actual_meromorphic_order_eq_nat' depends on axioms: [propext, Classical.choice, Quot.sound]
'ZhangLS.Spec.lemma55_actual_zero_factor_analytic' depends on axioms: [propext, Classical.choice, Quot.sound]
'ZhangLS.Spec.lemma55_actual_zero_factor_order' depends on axioms: [propext, Classical.choice, Quot.sound]
'ZhangLS.Spec.lemma55_actual_zero_removed_order' depends on axioms: [propext, Classical.choice, Quot.sound]
'ZhangLS.Spec.lemma55_actual_zero_removed_analytic' depends on axioms: [propext, Classical.choice, Quot.sound]
'ZhangLS.Spec.lemma55_actual_zero_removed_ne_zero' depends on axioms: [propext, Classical.choice, Quot.sound]
'ZhangLS.Spec.lemma55_actual_zero_removed_eq_quotient' depends on axioms: [propext, Classical.choice, Quot.sound]
'ZhangLS.Spec.lemma55_actual_zero_factorization' depends on axioms: [propext, Classical.choice, Quot.sound]
'ZhangLS.Spec.lemma55_actual_zero_factor_eq_product' depends on axioms: [propext, Classical.choice, Quot.sound]
'ZhangLS.Spec.lemma55_actual_local_multiplicity_eq_count' depends on axioms: [propext, Classical.choice, Quot.sound]
'ZhangLS.Spec.lemma55_actual_local_multiplicity_bound' depends on axioms: [propext, Classical.choice, Quot.sound]
'ZhangLS.Spec.lemma55_actual_zero_factor_center_bound' depends on axioms: [propext, Classical.choice, Quot.sound]
'ZhangLS.Spec.lemma55_actual_zero_factor_outer_lower_bound' depends on axioms: [propext, Classical.choice, Quot.sound]
'ZhangLS.Spec.lemma55_actual_zero_factor_outer_ne_zero' depends on axioms: [propext, Classical.choice, Quot.sound]
'ZhangLS.Spec.lemma55_actual_zero_removed_outer_bound' depends on axioms: [propext, Classical.choice, Quot.sound]
'ZhangLS.Spec.lemma55_actual_zero_removed_closed_disk_bound' depends on axioms: [propext, Classical.choice, Quot.sound]
'ZhangLS.Spec.lemma55_actual_zero_removed_center_lower_bound' depends on axioms: [propext, Classical.choice, Quot.sound]
'ZhangLS.Spec.lemma55_zero_removed_ratio_bound_gt_one' depends on axioms: [propext, Classical.choice, Quot.sound]
'ZhangLS.Spec.lemma55_actual_zero_removed_ratio_bound' depends on axioms: [propext, Classical.choice, Quot.sound]
'ZhangLS.Spec.lemma55_actual_zero_removed_log_ratio_bound' depends on axioms: [propext, Classical.choice, Quot.sound]
'ZhangLS.Spec.lemma55_actual_zero_removed_log_exists' depends on axioms: [propext, Classical.choice, Quot.sound]
'ZhangLS.Spec.lemma55_actual_zero_removed_log_hasDerivAt' depends on axioms: [propext, Classical.choice, Quot.sound]
'ZhangLS.Spec.lemma55_actual_zero_removed_log_closed_bound' depends on axioms: [propext, Classical.choice, Quot.sound]
'ZhangLS.Spec.lemma55_actual_zero_removed_log_cauchy_bound' depends on axioms: [propext, Classical.choice, Quot.sound]
'ZhangLS.Spec.lemma55_actual_zero_factor_logDeriv' depends on axioms: [propext, Classical.choice, Quot.sound]
'ZhangLS.Spec.lemma55_actual_local_logDeriv_formula' depends on axioms: [propext, Classical.choice, Quot.sound]
'ZhangLS.Spec.lemma55_actual_zero_removed_center_logDeriv_bound' depends on axioms: [propext,
 Classical.choice,
 Quot.sound]
'ZhangLS.Spec.lemma55_actual_center_local_logDeriv_error' depends on axioms: [propext, Classical.choice, Quot.sound]
'ZhangLS.Spec.lemma55_actual_zero_removed_higher_logDeriv_bound' depends on axioms: [propext,
 Classical.choice,
 Quot.sound]
'ZhangLS.Spec.lemma55_actual_higher_logDeriv_remainder_eq' depends on axioms: [propext, Classical.choice, Quot.sound]
'ZhangLS.Spec.lemma55_actual_higher_logDeriv_remainder_bound' depends on axioms: [propext, Classical.choice, Quot.sound]
'ZhangLS.Spec.lemma55_actual_normalized_logDeriv_remainder_bound' depends on axioms: [propext,
 Classical.choice,
 Quot.sound]
'ZhangLS.Spec.lemma55_actual_logDeriv_remainder_sum_bound' depends on axioms: [propext, Classical.choice, Quot.sound]
