⚠ [2469/2767] Replayed ZhangLS.Spec.Lemma23AnalyticLogBranch
warning: ZhangLS/Spec/Lemma23AnalyticLogBranch.lean:42:53: try 'simp' instead of 'simpa'

Note: This linter can be disabled with `set_option linter.unnecessarySimpa false`
warning: ZhangLS/Spec/Lemma23AnalyticLogBranch.lean:67:44: try 'simp' instead of 'simpa'

Note: This linter can be disabled with `set_option linter.unnecessarySimpa false`
⚠ [2473/2767] Replayed ZhangLS.Spec.RealDirichletCharacter
warning: ZhangLS/Spec/RealDirichletCharacter.lean:48:4: try 'simp' instead of 'simpa'

Note: This linter can be disabled with `set_option linter.unnecessarySimpa false`
⚠ [3461/3792] Replayed ZhangLS.Spec.RealAxisAtOne
warning: ZhangLS/Spec/RealAxisAtOne.lean:56:4: try 'simp' instead of 'simpa'

Note: This linter can be disabled with `set_option linter.unnecessarySimpa false`
⚠ [3463/3792] Replayed ZhangLS.Spec.Lemma57
warning: ZhangLS/Spec/Lemma57.lean:101:58: unused variable `hD`

Note: This linter can be disabled with `set_option linter.unusedVariables false`
warning: ZhangLS/Spec/Lemma57.lean:102:7: unused variable `hA`

Note: This linter can be disabled with `set_option linter.unusedVariables false`
⚠ [3464/3792] Replayed ZhangLS.Spec.Lemma57Arithmetic
warning: ZhangLS/Spec/Lemma57Arithmetic.lean:55:15: unused variable `hc_g`

Note: This linter can be disabled with `set_option linter.unusedVariables false`
⚠ [3469/3792] Replayed ZhangLS.Spec.Lemma57SmoothedSum
warning: ZhangLS/Spec/Lemma57SmoothedSum.lean:42:46: unused variable `hD`

Note: This linter can be disabled with `set_option linter.unusedVariables false`
⚠ [3478/3792] Replayed ZhangLS.Spec.Lemma57GaussianGlobal
warning: ZhangLS/Spec/Lemma57GaussianGlobal.lean:55:58: unused variable `ha`

Note: This linter can be disabled with `set_option linter.unusedVariables false`
warning: ZhangLS/Spec/Lemma57GaussianGlobal.lean:241:13: unused variable `hD`

Note: This linter can be disabled with `set_option linter.unusedVariables false`
warning: ZhangLS/Spec/Lemma57GaussianGlobal.lean:241:34: unused variable `hx`

Note: This linter can be disabled with `set_option linter.unusedVariables false`
⚠ [3479/3792] Replayed ZhangLS.Spec.Lemma57SmoothedSummability
warning: ZhangLS/Spec/Lemma57SmoothedSummability.lean:20:52: unused variable `hn`

Note: This linter can be disabled with `set_option linter.unusedVariables false`
⚠ [3484/3792] Replayed ZhangLS.Spec.Lemma57GaussianMellinTransform
warning: ZhangLS/Spec/Lemma57GaussianMellinTransform.lean:67:63: Used `tac1 <;> tac2` where `(tac1; tac2)` would suffice

Note: This linter can be disabled with `set_option linter.unnecessarySeqFocus false`
warning: ZhangLS/Spec/Lemma57GaussianMellinTransform.lean:145:54: Used `tac1 <;> tac2` where `(tac1; tac2)` would suffice

Note: This linter can be disabled with `set_option linter.unnecessarySeqFocus false`
warning: ZhangLS/Spec/Lemma57GaussianMellinTransform.lean:326:4: Try `simp at hs` instead of `simpa using hs`

Note: This linter can be disabled with `set_option linter.unnecessarySimpa false`
⚠ [3498/3792] Replayed ZhangLS.Spec.RiemannZetaCriticalLineBound
warning: ZhangLS/Spec/RiemannZetaCriticalLineBound.lean:99:2: Used `tac1 <;> tac2` where `(tac1; tac2)` would suffice

Note: This linter can be disabled with `set_option linter.unnecessarySeqFocus false`
warning: ZhangLS/Spec/RiemannZetaCriticalLineBound.lean:124:13: unused variable `hs`

Note: This linter can be disabled with `set_option linter.unusedVariables false`
warning: ZhangLS/Spec/RiemannZetaCriticalLineBound.lean:152:6: unused variable `n`

Note: This linter can be disabled with `set_option linter.unusedVariables false`
warning: ZhangLS/Spec/RiemannZetaCriticalLineBound.lean:156:20: unused variable `k`

Note: This linter can be disabled with `set_option linter.unusedVariables false`
warning: ZhangLS/Spec/RiemannZetaCriticalLineBound.lean:161:8: This simp argument is unused:
  sum_one_Icc

Hint: Omit it from the simp argument list.
  simp ̵[̵s̵u̵m̵_̵o̵n̵e̵_̵I̵c̵c̵]̵

Note: This linter can be disabled with `set_option linter.unusedSimpArgs false`
warning: ZhangLS/Spec/RiemannZetaCriticalLineBound.lean:242:12: 'ring' tactic does nothing

Note: This linter can be disabled with `set_option linter.unusedTactic false`
warning: ZhangLS/Spec/RiemannZetaCriticalLineBound.lean:242:12: this tactic is never executed

Note: This linter can be disabled with `set_option linter.unreachableTactic false`
warning: ZhangLS/Spec/RiemannZetaCriticalLineBound.lean:219:41: Used `tac1 <;> tac2` where `(tac1; tac2)` would suffice

Note: This linter can be disabled with `set_option linter.unnecessarySeqFocus false`
warning: ZhangLS/Spec/RiemannZetaCriticalLineBound.lean:303:8: 'ring' tactic does nothing

Note: This linter can be disabled with `set_option linter.unusedTactic false`
warning: ZhangLS/Spec/RiemannZetaCriticalLineBound.lean:303:8: this tactic is never executed

Note: This linter can be disabled with `set_option linter.unreachableTactic false`
warning: ZhangLS/Spec/RiemannZetaCriticalLineBound.lean:394:12: This simp argument is unused:
  norm_div

Hint: Omit it from the simp argument list.
  simp ̵[̵n̵o̵r̵m̵_̵d̵i̵v̵]̵

Note: This linter can be disabled with `set_option linter.unusedSimpArgs false`
warning: ZhangLS/Spec/RiemannZetaCriticalLineBound.lean:475:75: This simp argument is unused:
  norm_div

Hint: Omit it from the simp argument list.
  simp ̵[̵n̵o̵r̵m̵_̵d̵i̵v̵]̵

Note: This linter can be disabled with `set_option linter.unusedSimpArgs false`
⚠ [3499/3792] Replayed ZhangLS.Spec.Lemma57CriticalStripGrowth
warning: ZhangLS/Spec/Lemma57CriticalStripGrowth.lean:270:14: This simp argument is unused:
  norm_div

Hint: Omit it from the simp argument list.
  simp ̵[̵n̵o̵r̵m̵_̵d̵i̵v̵]̵

Note: This linter can be disabled with `set_option linter.unusedSimpArgs false`
⚠ [3506/3792] Replayed ZhangLS.Spec.Lemma23DirichletConjugation
warning: ZhangLS/Spec/Lemma23DirichletConjugation.lean:23:0: automatically included section variable(s) unused in theorem `ZhangLS.Spec.dirichletLSeries_inv_eq_conj_at_conj`:
  [NeZero N]
consider restructuring your `variable` declarations so that the variables are not in scope or explicitly omit them:
  omit [NeZero N] in theorem ...

Note: This linter can be disabled with `set_option linter.unusedSectionVars false`
⚠ [3508/3792] Replayed ZhangLS.Spec.Lemma23PrimitiveGaussSum
warning: ZhangLS/Spec/Lemma23PrimitiveGaussSum.lean:42:19: Used `tac1 <;> tac2` where `(tac1; tac2)` would suffice

Note: This linter can be disabled with `set_option linter.unnecessarySeqFocus false`
⚠ [3509/3792] Replayed ZhangLS.Spec.Lemma23DirichletUnitModulus
warning: ZhangLS/Spec/Lemma23DirichletUnitModulus.lean:112:48: Used `tac1 <;> tac2` where `(tac1; tac2)` would suffice

Note: This linter can be disabled with `set_option linter.unnecessarySeqFocus false`
⚠ [3527/3792] Replayed ZhangLS.Spec.Lemma44CharacterProduct
warning: ZhangLS/Spec/Lemma44CharacterProduct.lean:55:38: This simp argument is unused:
  mul_comm

Hint: Omit it from the simp argument list.
  simp [̵m̵u̵l̵_̵c̵o̵m̵m̵,̵ ̵m̵u̵l̵_̵l̵e̵f̵t̵_̵c̵o̵m̵m̵,̵[̲m̲u̲l̲_̲l̲e̲f̲t̲_̲c̲o̲m̲m̲,̲ mul_assoc]

Note: This linter can be disabled with `set_option linter.unusedSimpArgs false`
warning: ZhangLS/Spec/Lemma44CharacterProduct.lean:55:48: This simp argument is unused:
  mul_left_comm

Hint: Omit it from the simp argument list.
  simp [mul_comm, mul_l̵e̵f̵t̵_̵c̵o̵m̵m̵,̵ ̵m̵u̵l̵_̵assoc]

Note: This linter can be disabled with `set_option linter.unusedSimpArgs false`
⚠ [3698/3792] Replayed ZhangLS.Spec.Lemma55LocalLogDerivative
warning: ZhangLS/Spec/Lemma55LocalLogDerivative.lean:36:4: try 'simp' instead of 'simpa'

Note: This linter can be disabled with `set_option linter.unnecessarySimpa false`
⚠ [3715/3792] Replayed ZhangLS.Spec.Lemma57QuadraticConductorThreshold
warning: ZhangLS/Spec/Lemma57QuadraticConductorThreshold.lean:63:4: exponent 10000000 exceeds the threshold 256, exponentiation operation was not evaluated, use `set_option exponentiation.threshold <num>` to set a new threshold
warning: ZhangLS/Spec/Lemma57QuadraticConductorThreshold.lean:136:18: Used `tac1 <;> tac2` where `(tac1; tac2)` would suffice

Note: This linter can be disabled with `set_option linter.unnecessarySeqFocus false`
⚠ [3733/3792] Replayed ZhangLS.Spec.Lemma55ZetaLocalLogDerivative
warning: ZhangLS/Spec/Lemma55ZetaLocalLogDerivative.lean:33:4: try 'simp' instead of 'simpa'

Note: This linter can be disabled with `set_option linter.unnecessarySimpa false`
⚠ [3744/3792] Replayed ZhangLS.Spec.Lemma44ProductMellin
warning: ZhangLS/Spec/Lemma44ProductMellin.lean:144:4: try 'simp' instead of 'simpa'

Note: This linter can be disabled with `set_option linter.unnecessarySimpa false`
⚠ [3747/3792] Replayed ZhangLS.Spec.Lemma44RightMellinApproximation
warning: ZhangLS/Spec/Lemma44RightMellinApproximation.lean:37:4: try 'simp' instead of 'simpa'

Note: This linter can be disabled with `set_option linter.unnecessarySimpa false`
⚠ [3753/3792] Replayed ZhangLS.Spec.Lemma61WideZBounds
warning: ZhangLS/Spec/Lemma61WideZBounds.lean:26:15: This simp argument is unused:
  add_re

Hint: Omit it from the simp argument list.
  simp only [̵a̵d̵d̵_̵r̵e̵,̵o̵f̵R̵e̵a̵l̵_̵r̵e̵,̵m̵u̵l̵_̵r̵e̵,̵I̵_̵r̵e̵,̵o̵f̵R̵e̵a̵l̵_̵i̵m̵,̵m̵u̵l̵_̵z̵e̵r̵o̵,̵I̵_̵i̵m̵,̵z̵e̵r̵o̵_̵m̵u̵l̵,̵
  ̵ ̵ ̵ ̵ ̵ ̵ ̵s̵u̵b̵_̵z̵e̵r̵o̵,̵a̵d̵d̵_̵z̵e̵r̵o̵,̵s̵u̵b̵_̵s̵e̵l̵f̵,̵a̵b̵s̵_̵z̵e̵r̵o̵,̵a̵d̵d̵_̵i̵m̵,̵m̵u̵l̵_̵i̵m̵,̵o̵n̵e̵_̵m̵u̵l̵,̵z̵e̵r̵o̵_̵a̵d̵d̵]̵[̲o̲f̲R̲e̲a̲l̲_̲r̲e̲,̲ ̲m̲u̲l̲_̲r̲e̲,̲ ̲I̲_̲r̲e̲,̲ ̲o̲f̲R̲e̲a̲l̲_̲i̲m̲,̲ ̲m̲u̲l̲_̲z̲e̲r̲o̲,̲ ̲I̲_̲i̲m̲,̲ ̲z̲e̲r̲o̲_̲m̲u̲l̲,̲ ̲s̲u̲b̲_̲z̲e̲r̲o̲,̲ ̲a̲d̲d̲_̲z̲e̲r̲o̲,̲
  ̲ ̲ ̲ ̲ ̲ ̲ ̲s̲u̲b̲_̲s̲e̲l̲f̲,̲ ̲a̲b̲s̲_̲z̲e̲r̲o̲,̲ ̲a̲d̲d̲_̲i̲m̲,̲ ̲m̲u̲l̲_̲i̲m̲,̲ ̲o̲n̲e̲_̲m̲u̲l̲,̲ ̲z̲e̲r̲o̲_̲a̲d̲d̲]̲

Note: This linter can be disabled with `set_option linter.unusedSimpArgs false`
warning: ZhangLS/Spec/Lemma61WideZBounds.lean:27:6: This simp argument is unused:
  sub_zero

Hint: Omit it from the simp argument list.
  simp only [̵a̵d̵d̵_̵r̵e̵,̵o̵f̵R̵e̵a̵l̵_̵r̵e̵,̵m̵u̵l̵_̵r̵e̵,̵I̵_̵r̵e̵,̵o̵f̵R̵e̵a̵l̵_̵i̵m̵,̵m̵u̵l̵_̵z̵e̵r̵o̵,̵I̵_̵i̵m̵,̵z̵e̵r̵o̵_̵m̵u̵l̵,̵
  ̵ ̵ ̵ ̵ ̵ ̵ ̵s̵u̵b̵_̵z̵e̵r̵o̵,̵a̵d̵d̵_̵z̵e̵r̵o̵,̵s̵u̵b̵_̵s̵e̵l̵f̵,̵a̵b̵s̵_̵z̵e̵r̵o̵,̵a̵d̵d̵_̵i̵m̵,̵m̵u̵l̵_̵i̵m̵,̵o̵n̵e̵_̵m̵u̵l̵,̵z̵e̵r̵o̵_̵a̵d̵d̵]̵[̲a̲d̲d̲_̲r̲e̲,̲ ̲o̲f̲R̲e̲a̲l̲_̲r̲e̲,̲ ̲m̲u̲l̲_̲r̲e̲,̲ ̲I̲_̲r̲e̲,̲ ̲o̲f̲R̲e̲a̲l̲_̲i̲m̲,̲ ̲m̲u̲l̲_̲z̲e̲r̲o̲,̲ ̲I̲_̲i̲m̲,̲ ̲z̲e̲r̲o̲_̲m̲u̲l̲,̲ ̲a̲d̲d̲_̲z̲e̲r̲o̲,̲
  ̲ ̲ ̲ ̲ ̲ ̲ ̲s̲u̲b̲_̲s̲e̲l̲f̲,̲ ̲a̲b̲s̲_̲z̲e̲r̲o̲,̲ ̲a̲d̲d̲_̲i̲m̲,̲ ̲m̲u̲l̲_̲i̲m̲,̲ ̲o̲n̲e̲_̲m̲u̲l̲,̲ ̲z̲e̲r̲o̲_̲a̲d̲d̲]̲

Note: This linter can be disabled with `set_option linter.unusedSimpArgs false`
warning: ZhangLS/Spec/Lemma61WideZBounds.lean:27:42: This simp argument is unused:
  add_im

Hint: Omit it from the simp argument list.
  simp only [̵a̵d̵d̵_̵r̵e̵,̵o̵f̵R̵e̵a̵l̵_̵r̵e̵,̵m̵u̵l̵_̵r̵e̵,̵I̵_̵r̵e̵,̵o̵f̵R̵e̵a̵l̵_̵i̵m̵,̵m̵u̵l̵_̵z̵e̵r̵o̵,̵I̵_̵i̵m̵,̵z̵e̵r̵o̵_̵m̵u̵l̵,̵
  ̵ ̵ ̵ ̵ ̵ ̵ ̵s̵u̵b̵_̵z̵e̵r̵o̵,̵a̵d̵d̵_̵z̵e̵r̵o̵,̵s̵u̵b̵_̵s̵e̵l̵f̵,̵a̵b̵s̵_̵z̵e̵r̵o̵,̵a̵d̵d̵_̵i̵m̵,̵m̵u̵l̵_̵i̵m̵,̵o̵n̵e̵_̵m̵u̵l̵,̵z̵e̵r̵o̵_̵a̵d̵d̵]̵[̲a̲d̲d̲_̲r̲e̲,̲ ̲o̲f̲R̲e̲a̲l̲_̲r̲e̲,̲ ̲m̲u̲l̲_̲r̲e̲,̲ ̲I̲_̲r̲e̲,̲ ̲o̲f̲R̲e̲a̲l̲_̲i̲m̲,̲ ̲m̲u̲l̲_̲z̲e̲r̲o̲,̲ ̲I̲_̲i̲m̲,̲ ̲z̲e̲r̲o̲_̲m̲u̲l̲,̲ ̲s̲u̲b̲_̲z̲e̲r̲o̲,̲
  ̲ ̲ ̲ ̲ ̲ ̲ ̲a̲d̲d̲_̲z̲e̲r̲o̲,̲ ̲s̲u̲b̲_̲s̲e̲l̲f̲,̲ ̲a̲b̲s̲_̲z̲e̲r̲o̲,̲ ̲m̲u̲l̲_̲i̲m̲,̲ ̲o̲n̲e̲_̲m̲u̲l̲,̲ ̲z̲e̲r̲o̲_̲a̲d̲d̲]̲

Note: This linter can be disabled with `set_option linter.unusedSimpArgs false`
warning: ZhangLS/Spec/Lemma61WideZBounds.lean:231:89: Used `tac1 <;> tac2` where `(tac1; tac2)` would suffice

Note: This linter can be disabled with `set_option linter.unnecessarySeqFocus false`
⚠ [3754/3792] Replayed ZhangLS.Spec.Lemma61ComplexZShift
warning: ZhangLS/Spec/Lemma61ComplexZShift.lean:19:31: unused variable `hA`

Note: This linter can be disabled with `set_option linter.unusedVariables false`
⚠ [3759/3792] Replayed ZhangLS.Spec.Lemma44LocalRectangle
warning: ZhangLS/Spec/Lemma44LocalRectangle.lean:115:46: This simp argument is unused:
  zero_mul

Hint: Omit it from the simp argument list.
  simp only [mem_reProdIm, mem_Icc, sub_re, sub_im, ofReal_re, ofReal_im, mul_re, mul_im, I_re,
  ̲  ̲ ̲ ̲ ̲ ̲ ̲ ̲I_im, mul_zero, z̵e̵r̵o̵_̵m̵u̵l̵,̵ ̵mul_one, zero_add, sub_zero]

Note: This linter can be disabled with `set_option linter.unusedSimpArgs false`
warning: ZhangLS/Spec/Lemma44LocalRectangle.lean:115:65: This simp argument is unused:
  zero_add

Hint: Omit it from the simp argument list.
  simp only [mem_reProdIm, mem_Icc, sub_re, sub_im, ofReal_re, ofReal_im, mul_re, mul_im, I_re,
  ̲  ̲ ̲ ̲ ̲ ̲ ̲ ̲I_im, mul_zero, zero_mul, mul_one, z̵e̵r̵o̵_̵a̵d̵d̵,̵ ̵sub_zero]

Note: This linter can be disabled with `set_option linter.unusedSimpArgs false`
⚠ [3760/3792] Replayed ZhangLS.Spec.Lemma44ComplexCharacterAbel
warning: ZhangLS/Spec/Lemma44ComplexCharacterAbel.lean:73:56: unused variable `hD`

Note: This linter can be disabled with `set_option linter.unusedVariables false`
⚠ [3761/3792] Replayed ZhangLS.Spec.Lemma44ReflectedLongSum
warning: ZhangLS/Spec/Lemma44ReflectedLongSum.lean:81:64: Used `tac1 <;> tac2` where `(tac1; tac2)` would suffice

Note: This linter can be disabled with `set_option linter.unnecessarySeqFocus false`
⚠ [3763/3792] Replayed ZhangLS.Spec.Lemma44InitialLeftEstimates
warning: ZhangLS/Spec/Lemma44InitialLeftEstimates.lean:68:23: Used `tac1 <;> tac2` where `(tac1; tac2)` would suffice

Note: This linter can be disabled with `set_option linter.unnecessarySeqFocus false`
⚠ [3764/3792] Replayed ZhangLS.Spec.Lemma44HorizontalGrowth
warning: ZhangLS/Spec/Lemma44HorizontalGrowth.lean:147:6: 'push_cast' tactic does nothing

Note: This linter can be disabled with `set_option linter.unusedTactic false`
⚠ [3766/3792] Replayed ZhangLS.Spec.Lemma44GaussianVerticalTail
info: ZhangLS/Spec/Lemma44GaussianVerticalTail.lean:41:4: Try this:
  [apply] ring_nf
  
  The `ring` tactic failed to close the goal. Use `ring_nf` to obtain a normal form.
    
  Note that `ring` works primarily in *commutative* rings. If you have a noncommutative ring, abelian group or module, consider using `noncomm_ring`, `abel` or `module` instead.
info: ZhangLS/Spec/Lemma44GaussianVerticalTail.lean:57:16: Try this:
  [apply] ring_nf
  
  The `ring` tactic failed to close the goal. Use `ring_nf` to obtain a normal form.
    
  Note that `ring` works primarily in *commutative* rings. If you have a noncommutative ring, abelian group or module, consider using `noncomm_ring`, `abel` or `module` instead.
warning: ZhangLS/Spec/Lemma44GaussianVerticalTail.lean:57:12: Used `tac1 <;> tac2` where `(tac1; tac2)` would suffice

Note: This linter can be disabled with `set_option linter.unnecessarySeqFocus false`
warning: ZhangLS/Spec/Lemma44GaussianVerticalTail.lean:68:22: Used `tac1 <;> tac2` where `(tac1; tac2)` would suffice

Note: This linter can be disabled with `set_option linter.unnecessarySeqFocus false`
info: ZhangLS/Spec/Lemma44GaussianVerticalTail.lean:153:35: Try this:
  [apply] ring_nf
  
  The `ring` tactic failed to close the goal. Use `ring_nf` to obtain a normal form.
    
  Note that `ring` works primarily in *commutative* rings. If you have a noncommutative ring, abelian group or module, consider using `noncomm_ring`, `abel` or `module` instead.
⚠ [3767/3792] Replayed ZhangLS.Spec.Lemma61RightTruncation
info: ZhangLS/Spec/Lemma61RightTruncation.lean:81:35: Try this:
  [apply] ring_nf
  
  The `ring` tactic failed to close the goal. Use `ring_nf` to obtain a normal form.
    
  Note that `ring` works primarily in *commutative* rings. If you have a noncommutative ring, abelian group or module, consider using `noncomm_ring`, `abel` or `module` instead.
warning: ZhangLS/Spec/Lemma61RightTruncation.lean:100:22: Used `tac1 <;> tac2` where `(tac1; tac2)` would suffice

Note: This linter can be disabled with `set_option linter.unnecessarySeqFocus false`
warning: ZhangLS/Spec/Lemma61RightTruncation.lean:143:17: Used `tac1 <;> tac2` where `(tac1; tac2)` would suffice

Note: This linter can be disabled with `set_option linter.unnecessarySeqFocus false`
⚠ [3768/3792] Replayed ZhangLS.Spec.Lemma61SingleResidue
info: ZhangLS/Spec/Lemma61SingleResidue.lean:83:8: Try this:
  [apply] ring_nf
  
  The `ring` tactic failed to close the goal. Use `ring_nf` to obtain a normal form.
    
  Note that `ring` works primarily in *commutative* rings. If you have a noncommutative ring, abelian group or module, consider using `noncomm_ring`, `abel` or `module` instead.
info: ZhangLS/Spec/Lemma61SingleResidue.lean:98:8: Try this:
  [apply] ring_nf
  
  The `ring` tactic failed to close the goal. Use `ring_nf` to obtain a normal form.
    
  Note that `ring` works primarily in *commutative* rings. If you have a noncommutative ring, abelian group or module, consider using `noncomm_ring`, `abel` or `module` instead.
info: ZhangLS/Spec/Lemma61SingleResidue.lean:113:8: Try this:
  [apply] ring_nf
  
  The `ring` tactic failed to close the goal. Use `ring_nf` to obtain a normal form.
    
  Note that `ring` works primarily in *commutative* rings. If you have a noncommutative ring, abelian group or module, consider using `noncomm_ring`, `abel` or `module` instead.
info: ZhangLS/Spec/Lemma61SingleResidue.lean:128:8: Try this:
  [apply] ring_nf
  
  The `ring` tactic failed to close the goal. Use `ring_nf` to obtain a normal form.
    
  Note that `ring` works primarily in *commutative* rings. If you have a noncommutative ring, abelian group or module, consider using `noncomm_ring`, `abel` or `module` instead.
warning: ZhangLS/Spec/Lemma61SingleResidue.lean:80:8: 'congr 1' tactic does nothing

Note: This linter can be disabled with `set_option linter.unusedTactic false`
warning: ZhangLS/Spec/Lemma61SingleResidue.lean:81:8: 'congr 1' tactic does nothing

Note: This linter can be disabled with `set_option linter.unusedTactic false`
warning: ZhangLS/Spec/Lemma61SingleResidue.lean:95:8: 'congr 1' tactic does nothing

Note: This linter can be disabled with `set_option linter.unusedTactic false`
warning: ZhangLS/Spec/Lemma61SingleResidue.lean:96:8: 'congr 1' tactic does nothing

Note: This linter can be disabled with `set_option linter.unusedTactic false`
warning: ZhangLS/Spec/Lemma61SingleResidue.lean:110:8: 'congr 1' tactic does nothing

Note: This linter can be disabled with `set_option linter.unusedTactic false`
warning: ZhangLS/Spec/Lemma61SingleResidue.lean:111:8: 'congr 1' tactic does nothing

Note: This linter can be disabled with `set_option linter.unusedTactic false`
warning: ZhangLS/Spec/Lemma61SingleResidue.lean:125:8: 'congr 1' tactic does nothing

Note: This linter can be disabled with `set_option linter.unusedTactic false`
warning: ZhangLS/Spec/Lemma61SingleResidue.lean:126:8: 'congr 1' tactic does nothing

Note: This linter can be disabled with `set_option linter.unusedTactic false`
⚠ [3769/3792] Replayed ZhangLS.Spec.Lemma61ReciprocalTailKernel
warning: ZhangLS/Spec/Lemma61ReciprocalTailKernel.lean:65:26: This simp argument is unused:
  zpow_natCast

Hint: Omit it from the simp argument list.
  simp only [zpow_neg,̵z̵p̵o̵w̵_̵n̵a̵t̵C̵a̵s̵t̵]

Note: This linter can be disabled with `set_option linter.unusedSimpArgs false`
warning: ZhangLS/Spec/Lemma61ReciprocalTailKernel.lean:66:17: Used `tac1 <;> tac2` where `(tac1; tac2)` would suffice

Note: This linter can be disabled with `set_option linter.unnecessarySeqFocus false`
⚠ [3772/3792] Replayed ZhangLS.Spec.Lemma61ErrorHorizontalBounds
warning: ZhangLS/Spec/Lemma61ErrorHorizontalBounds.lean:147:13: Used `tac1 <;> tac2` where `(tac1; tac2)` would suffice

Note: This linter can be disabled with `set_option linter.unnecessarySeqFocus false`
⚠ [3777/3792] Replayed ZhangLS.Spec.Lemma61ReciprocalTailTruncation
warning: ZhangLS/Spec/Lemma61ReciprocalTailTruncation.lean:26:34: unused variable `hL`

Note: This linter can be disabled with `set_option linter.unusedVariables false`
warning: ZhangLS/Spec/Lemma61ReciprocalTailTruncation.lean:202:34: This simp argument is unused:
  Complex.ofReal_one

Hint: Omit it from the simp argument list.
  simp only [Complex.ofReal_neg,̵C̵o̵m̵p̵l̵e̵x̵.̵o̵f̵R̵e̵a̵l̵_̵o̵n̵e̵]

Note: This linter can be disabled with `set_option linter.unusedSimpArgs false`
✔ [3782/3792] Built ZhangLS.Spec.Lemma61ShortMellin (6.9s)
⚠ [3783/3792] Built ZhangLS.Spec.Lemma61ShortCutoff (2.1s)
warning: ZhangLS/Spec/Lemma61ShortCutoff.lean:79:62: Used `tac1 <;> tac2` where `(tac1; tac2)` would suffice

Note: This linter can be disabled with `set_option linter.unnecessarySeqFocus false`
⚠ [3784/3792] Built ZhangLS.Spec.Lemma61ShortTruncation (2.4s)
warning: ZhangLS/Spec/Lemma61ShortTruncation.lean:82:22: Used `tac1 <;> tac2` where `(tac1; tac2)` would suffice

Note: This linter can be disabled with `set_option linter.unnecessarySeqFocus false`
warning: ZhangLS/Spec/Lemma61ShortTruncation.lean:120:17: Used `tac1 <;> tac2` where `(tac1; tac2)` would suffice

Note: This linter can be disabled with `set_option linter.unnecessarySeqFocus false`
ℹ [3785/3792] Built ZhangLS.Spec.Lemma61ReciprocalModel (2.1s)
info: ZhangLS/Spec/Lemma61ReciprocalModel.lean:47:2: Try this:
  [apply] ring_nf
  
  The `ring` tactic failed to close the goal. Use `ring_nf` to obtain a normal form.
    
  Note that `ring` works primarily in *commutative* rings. If you have a noncommutative ring, abelian group or module, consider using `noncomm_ring`, `abel` or `module` instead.
✔ [3786/3792] Built ZhangLS.Spec.Lemma61LeftIntegralSplit (2.3s)
⚠ [3787/3792] Built ZhangLS.Spec.Lemma61LeftApproximation (2.3s)
info: ZhangLS/Spec/Lemma61LeftApproximation.lean:56:27: Try this:
  [apply] ring_nf
  
  The `ring` tactic failed to close the goal. Use `ring_nf` to obtain a normal form.
    
  Note that `ring` works primarily in *commutative* rings. If you have a noncommutative ring, abelian group or module, consider using `noncomm_ring`, `abel` or `module` instead.
warning: ZhangLS/Spec/Lemma61LeftApproximation.lean:56:23: Used `tac1 <;> tac2` where `(tac1; tac2)` would suffice

Note: This linter can be disabled with `set_option linter.unnecessarySeqFocus false`
⚠ [3788/3792] Built ZhangLS.Spec.Lemma61HorizontalKernel (2.2s)
warning: ZhangLS/Spec/Lemma61HorizontalKernel.lean:24:24: This simp argument is unused:
  zpow_natCast

Hint: Omit it from the simp argument list.
  simp only [zpow_neg,̵z̵p̵o̵w̵_̵n̵a̵t̵C̵a̵s̵t̵]

Note: This linter can be disabled with `set_option linter.unusedSimpArgs false`
warning: ZhangLS/Spec/Lemma61HorizontalKernel.lean:46:34: This simp argument is unused:
  add_im

Hint: Omit it from the simp argument list.
  simp only [̵l̵e̵m̵m̵a̵2̵3̵P̵a̵p̵e̵r̵C̵e̵n̵t̵e̵r̵,̵a̵d̵d̵_̵i̵m̵,̵o̵f̵R̵e̵a̵l̵_̵i̵m̵,̵z̵e̵r̵o̵_̵a̵d̵d̵,̵m̵u̵l̵_̵i̵m̵,̵I̵_̵r̵e̵,̵I̵_̵i̵m̵,̵
  ̵ ̵ ̵ ̵ ̵ ̵ ̵o̵f̵R̵e̵a̵l̵_̵r̵e̵,̵m̵u̵l̵_̵z̵e̵r̵o̵,̵m̵u̵l̵_̵o̵n̵e̵,̵z̵e̵r̵o̵_̵m̵u̵l̵,̵a̵d̵d̵_̵z̵e̵r̵o̵]̵[̲l̲e̲m̲m̲a̲2̲3̲P̲a̲p̲e̲r̲C̲e̲n̲t̲e̲r̲,̲ ̲o̲f̲R̲e̲a̲l̲_̲i̲m̲,̲ ̲z̲e̲r̲o̲_̲a̲d̲d̲,̲ ̲m̲u̲l̲_̲i̲m̲,̲ ̲I̲_̲r̲e̲,̲ ̲I̲_̲i̲m̲,̲ ̲o̲f̲R̲e̲a̲l̲_̲r̲e̲,̲ ̲m̲u̲l̲_̲z̲e̲r̲o̲,̲
  ̲ ̲ ̲ ̲ ̲ ̲ ̲m̲u̲l̲_̲o̲n̲e̲,̲ ̲z̲e̲r̲o̲_̲m̲u̲l̲,̲ ̲a̲d̲d̲_̲z̲e̲r̲o̲]̲

Note: This linter can be disabled with `set_option linter.unusedSimpArgs false`
warning: ZhangLS/Spec/Lemma61HorizontalKernel.lean:46:41: This simp argument is unused:
  ofReal_im

Hint: Omit it from the simp argument list.
  simp only [̵l̵e̵m̵m̵a̵2̵3̵P̵a̵p̵e̵r̵C̵e̵n̵t̵e̵r̵,̵a̵d̵d̵_̵i̵m̵,̵o̵f̵R̵e̵a̵l̵_̵i̵m̵,̵z̵e̵r̵o̵_̵a̵d̵d̵,̵m̵u̵l̵_̵i̵m̵,̵I̵_̵r̵e̵,̵I̵_̵i̵m̵,̵
  ̵ ̵ ̵ ̵ ̵ ̵ ̵o̵f̵R̵e̵a̵l̵_̵r̵e̵,̵m̵u̵l̵_̵z̵e̵r̵o̵,̵m̵u̵l̵_̵o̵n̵e̵,̵z̵e̵r̵o̵_̵m̵u̵l̵,̵a̵d̵d̵_̵z̵e̵r̵o̵]̵[̲l̲e̲m̲m̲a̲2̲3̲P̲a̲p̲e̲r̲C̲e̲n̲t̲e̲r̲,̲ ̲a̲d̲d̲_̲i̲m̲,̲ ̲z̲e̲r̲o̲_̲a̲d̲d̲,̲ ̲m̲u̲l̲_̲i̲m̲,̲ ̲I̲_̲r̲e̲,̲ ̲I̲_̲i̲m̲,̲ ̲o̲f̲R̲e̲a̲l̲_̲r̲e̲,̲ ̲m̲u̲l̲_̲z̲e̲r̲o̲,̲
  ̲ ̲ ̲ ̲ ̲ ̲ ̲m̲u̲l̲_̲o̲n̲e̲,̲ ̲z̲e̲r̲o̲_̲m̲u̲l̲,̲ ̲a̲d̲d̲_̲z̲e̲r̲o̲]̲

Note: This linter can be disabled with `set_option linter.unusedSimpArgs false`
warning: ZhangLS/Spec/Lemma61HorizontalKernel.lean:46:51: This simp argument is unused:
  zero_add

Hint: Omit it from the simp argument list.
  simp only [̵l̵e̵m̵m̵a̵2̵3̵P̵a̵p̵e̵r̵C̵e̵n̵t̵e̵r̵,̵a̵d̵d̵_̵i̵m̵,̵o̵f̵R̵e̵a̵l̵_̵i̵m̵,̵z̵e̵r̵o̵_̵a̵d̵d̵,̵m̵u̵l̵_̵i̵m̵,̵I̵_̵r̵e̵,̵I̵_̵i̵m̵,̵
  ̵ ̵ ̵ ̵ ̵ ̵ ̵o̵f̵R̵e̵a̵l̵_̵r̵e̵,̵m̵u̵l̵_̵z̵e̵r̵o̵,̵m̵u̵l̵_̵o̵n̵e̵,̵z̵e̵r̵o̵_̵m̵u̵l̵,̵a̵d̵d̵_̵z̵e̵r̵o̵]̵[̲l̲e̲m̲m̲a̲2̲3̲P̲a̲p̲e̲r̲C̲e̲n̲t̲e̲r̲,̲ ̲a̲d̲d̲_̲i̲m̲,̲ ̲o̲f̲R̲e̲a̲l̲_̲i̲m̲,̲ ̲m̲u̲l̲_̲i̲m̲,̲ ̲I̲_̲r̲e̲,̲ ̲I̲_̲i̲m̲,̲ ̲o̲f̲R̲e̲a̲l̲_̲r̲e̲,̲ ̲m̲u̲l̲_̲z̲e̲r̲o̲,̲
  ̲ ̲ ̲ ̲ ̲ ̲ ̲m̲u̲l̲_̲o̲n̲e̲,̲ ̲z̲e̲r̲o̲_̲m̲u̲l̲,̲ ̲a̲d̲d̲_̲z̲e̲r̲o̲]̲

Note: This linter can be disabled with `set_option linter.unusedSimpArgs false`
warning: ZhangLS/Spec/Lemma61HorizontalKernel.lean:46:60: This simp argument is unused:
  mul_im

Hint: Omit it from the simp argument list.
  simp only [̵l̵e̵m̵m̵a̵2̵3̵P̵a̵p̵e̵r̵C̵e̵n̵t̵e̵r̵,̵a̵d̵d̵_̵i̵m̵,̵o̵f̵R̵e̵a̵l̵_̵i̵m̵,̵z̵e̵r̵o̵_̵a̵d̵d̵,̵m̵u̵l̵_̵i̵m̵,̵I̵_̵r̵e̵,̵I̵_̵i̵m̵,̵
  ̵ ̵ ̵ ̵ ̵ ̵ ̵o̵f̵R̵e̵a̵l̵_̵r̵e̵,̵m̵u̵l̵_̵z̵e̵r̵o̵,̵m̵u̵l̵_̵o̵n̵e̵,̵z̵e̵r̵o̵_̵m̵u̵l̵,̵a̵d̵d̵_̵z̵e̵r̵o̵]̵[̲l̲e̲m̲m̲a̲2̲3̲P̲a̲p̲e̲r̲C̲e̲n̲t̲e̲r̲,̲ ̲a̲d̲d̲_̲i̲m̲,̲ ̲o̲f̲R̲e̲a̲l̲_̲i̲m̲,̲ ̲z̲e̲r̲o̲_̲a̲d̲d̲,̲ ̲I̲_̲r̲e̲,̲ ̲I̲_̲i̲m̲,̲ ̲o̲f̲R̲e̲a̲l̲_̲r̲e̲,̲ ̲m̲u̲l̲_̲z̲e̲r̲o̲,̲
  ̲ ̲ ̲ ̲ ̲ ̲ ̲m̲u̲l̲_̲o̲n̲e̲,̲ ̲z̲e̲r̲o̲_̲m̲u̲l̲,̲ ̲a̲d̲d̲_̲z̲e̲r̲o̲]̲

Note: This linter can be disabled with `set_option linter.unusedSimpArgs false`
warning: ZhangLS/Spec/Lemma61HorizontalKernel.lean:46:67: This simp argument is unused:
  I_re

Hint: Omit it from the simp argument list.
  simp only [̵l̵e̵m̵m̵a̵2̵3̵P̵a̵p̵e̵r̵C̵e̵n̵t̵e̵r̵,̵a̵d̵d̵_̵i̵m̵,̵o̵f̵R̵e̵a̵l̵_̵i̵m̵,̵z̵e̵r̵o̵_̵a̵d̵d̵,̵m̵u̵l̵_̵i̵m̵,̵I̵_̵r̵e̵,̵I̵_̵i̵m̵,̵
  ̵ ̵ ̵ ̵ ̵ ̵ ̵o̵f̵R̵e̵a̵l̵_̵r̵e̵,̵m̵u̵l̵_̵z̵e̵r̵o̵,̵m̵u̵l̵_̵o̵n̵e̵,̵z̵e̵r̵o̵_̵m̵u̵l̵,̵a̵d̵d̵_̵z̵e̵r̵o̵]̵[̲l̲e̲m̲m̲a̲2̲3̲P̲a̲p̲e̲r̲C̲e̲n̲t̲e̲r̲,̲ ̲a̲d̲d̲_̲i̲m̲,̲ ̲o̲f̲R̲e̲a̲l̲_̲i̲m̲,̲ ̲z̲e̲r̲o̲_̲a̲d̲d̲,̲ ̲m̲u̲l̲_̲i̲m̲,̲ ̲I̲_̲i̲m̲,̲ ̲o̲f̲R̲e̲a̲l̲_̲r̲e̲,̲ ̲m̲u̲l̲_̲z̲e̲r̲o̲,̲
  ̲ ̲ ̲ ̲ ̲ ̲ ̲m̲u̲l̲_̲o̲n̲e̲,̲ ̲z̲e̲r̲o̲_̲m̲u̲l̲,̲ ̲a̲d̲d̲_̲z̲e̲r̲o̲]̲

Note: This linter can be disabled with `set_option linter.unusedSimpArgs false`
warning: ZhangLS/Spec/Lemma61HorizontalKernel.lean:46:72: This simp argument is unused:
  I_im

Hint: Omit it from the simp argument list.
  simp only [̵l̵e̵m̵m̵a̵2̵3̵P̵a̵p̵e̵r̵C̵e̵n̵t̵e̵r̵,̵a̵d̵d̵_̵i̵m̵,̵o̵f̵R̵e̵a̵l̵_̵i̵m̵,̵z̵e̵r̵o̵_̵a̵d̵d̵,̵m̵u̵l̵_̵i̵m̵,̵I̵_̵r̵e̵,̵I̵_̵i̵m̵,̵
  ̵ ̵ ̵ ̵ ̵ ̵ ̵o̵f̵R̵e̵a̵l̵_̵r̵e̵,̵m̵u̵l̵_̵z̵e̵r̵o̵,̵m̵u̵l̵_̵o̵n̵e̵,̵z̵e̵r̵o̵_̵m̵u̵l̵,̵a̵d̵d̵_̵z̵e̵r̵o̵]̵[̲l̲e̲m̲m̲a̲2̲3̲P̲a̲p̲e̲r̲C̲e̲n̲t̲e̲r̲,̲ ̲a̲d̲d̲_̲i̲m̲,̲ ̲o̲f̲R̲e̲a̲l̲_̲i̲m̲,̲ ̲z̲e̲r̲o̲_̲a̲d̲d̲,̲ ̲m̲u̲l̲_̲i̲m̲,̲ ̲I̲_̲r̲e̲,̲ ̲o̲f̲R̲e̲a̲l̲_̲r̲e̲,̲ ̲m̲u̲l̲_̲z̲e̲r̲o̲,̲
  ̲ ̲ ̲ ̲ ̲ ̲ ̲m̲u̲l̲_̲o̲n̲e̲,̲ ̲z̲e̲r̲o̲_̲m̲u̲l̲,̲ ̲a̲d̲d̲_̲z̲e̲r̲o̲]̲

Note: This linter can be disabled with `set_option linter.unusedSimpArgs false`
warning: ZhangLS/Spec/Lemma61HorizontalKernel.lean:47:6: This simp argument is unused:
  ofReal_re

Hint: Omit it from the simp argument list.
  simp only [̵l̵e̵m̵m̵a̵2̵3̵P̵a̵p̵e̵r̵C̵e̵n̵t̵e̵r̵,̵a̵d̵d̵_̵i̵m̵,̵o̵f̵R̵e̵a̵l̵_̵i̵m̵,̵z̵e̵r̵o̵_̵a̵d̵d̵,̵m̵u̵l̵_̵i̵m̵,̵I̵_̵r̵e̵,̵I̵_̵i̵m̵,̵
  ̵ ̵ ̵ ̵ ̵ ̵ ̵o̵f̵R̵e̵a̵l̵_̵r̵e̵,̵m̵u̵l̵_̵z̵e̵r̵o̵,̵m̵u̵l̵_̵o̵n̵e̵,̵z̵e̵r̵o̵_̵m̵u̵l̵,̵a̵d̵d̵_̵z̵e̵r̵o̵]̵[̲l̲e̲m̲m̲a̲2̲3̲P̲a̲p̲e̲r̲C̲e̲n̲t̲e̲r̲,̲ ̲a̲d̲d̲_̲i̲m̲,̲ ̲o̲f̲R̲e̲a̲l̲_̲i̲m̲,̲ ̲z̲e̲r̲o̲_̲a̲d̲d̲,̲ ̲m̲u̲l̲_̲i̲m̲,̲ ̲I̲_̲r̲e̲,̲ ̲I̲_̲i̲m̲,̲ ̲m̲u̲l̲_̲z̲e̲r̲o̲,̲
  ̲ ̲ ̲ ̲ ̲ ̲ ̲m̲u̲l̲_̲o̲n̲e̲,̲ ̲z̲e̲r̲o̲_̲m̲u̲l̲,̲ ̲a̲d̲d̲_̲z̲e̲r̲o̲]̲

Note: This linter can be disabled with `set_option linter.unusedSimpArgs false`
warning: ZhangLS/Spec/Lemma61HorizontalKernel.lean:47:16: This simp argument is unused:
  mul_zero

Hint: Omit it from the simp argument list.
  simp only [̵l̵e̵m̵m̵a̵2̵3̵P̵a̵p̵e̵r̵C̵e̵n̵t̵e̵r̵,̵a̵d̵d̵_̵i̵m̵,̵o̵f̵R̵e̵a̵l̵_̵i̵m̵,̵z̵e̵r̵o̵_̵a̵d̵d̵,̵m̵u̵l̵_̵i̵m̵,̵I̵_̵r̵e̵,̵I̵_̵i̵m̵,̵
  ̵ ̵ ̵ ̵ ̵ ̵ ̵o̵f̵R̵e̵a̵l̵_̵r̵e̵,̵m̵u̵l̵_̵z̵e̵r̵o̵,̵m̵u̵l̵_̵o̵n̵e̵,̵z̵e̵r̵o̵_̵m̵u̵l̵,̵a̵d̵d̵_̵z̵e̵r̵o̵]̵[̲l̲e̲m̲m̲a̲2̲3̲P̲a̲p̲e̲r̲C̲e̲n̲t̲e̲r̲,̲ ̲a̲d̲d̲_̲i̲m̲,̲ ̲o̲f̲R̲e̲a̲l̲_̲i̲m̲,̲ ̲z̲e̲r̲o̲_̲a̲d̲d̲,̲ ̲m̲u̲l̲_̲i̲m̲,̲ ̲I̲_̲r̲e̲,̲ ̲I̲_̲i̲m̲,̲ ̲o̲f̲R̲e̲a̲l̲_̲r̲e̲,̲
  ̲ ̲ ̲ ̲ ̲ ̲ ̲m̲u̲l̲_̲o̲n̲e̲,̲ ̲z̲e̲r̲o̲_̲m̲u̲l̲,̲ ̲a̲d̲d̲_̲z̲e̲r̲o̲]̲

Note: This linter can be disabled with `set_option linter.unusedSimpArgs false`
warning: ZhangLS/Spec/Lemma61HorizontalKernel.lean:47:25: This simp argument is unused:
  mul_one

Hint: Omit it from the simp argument list.
  simp only [̵l̵e̵m̵m̵a̵2̵3̵P̵a̵p̵e̵r̵C̵e̵n̵t̵e̵r̵,̵a̵d̵d̵_̵i̵m̵,̵o̵f̵R̵e̵a̵l̵_̵i̵m̵,̵z̵e̵r̵o̵_̵a̵d̵d̵,̵m̵u̵l̵_̵i̵m̵,̵I̵_̵r̵e̵,̵I̵_̵i̵m̵,̵
  ̵ ̵ ̵ ̵ ̵ ̵ ̵o̵f̵R̵e̵a̵l̵_̵r̵e̵,̵m̵u̵l̵_̵z̵e̵r̵o̵,̵m̵u̵l̵_̵o̵n̵e̵,̵z̵e̵r̵o̵_̵m̵u̵l̵,̵a̵d̵d̵_̵z̵e̵r̵o̵]̵[̲l̲e̲m̲m̲a̲2̲3̲P̲a̲p̲e̲r̲C̲e̲n̲t̲e̲r̲,̲ ̲a̲d̲d̲_̲i̲m̲,̲ ̲o̲f̲R̲e̲a̲l̲_̲i̲m̲,̲ ̲z̲e̲r̲o̲_̲a̲d̲d̲,̲ ̲m̲u̲l̲_̲i̲m̲,̲ ̲I̲_̲r̲e̲,̲ ̲I̲_̲i̲m̲,̲ ̲o̲f̲R̲e̲a̲l̲_̲r̲e̲,̲
  ̲ ̲ ̲ ̲ ̲ ̲ ̲m̲u̲l̲_̲z̲e̲r̲o̲,̲ ̲z̲e̲r̲o̲_̲m̲u̲l̲,̲ ̲a̲d̲d̲_̲z̲e̲r̲o̲]̲

Note: This linter can be disabled with `set_option linter.unusedSimpArgs false`
warning: ZhangLS/Spec/Lemma61HorizontalKernel.lean:47:33: This simp argument is unused:
  zero_mul

Hint: Omit it from the simp argument list.
  simp only [̵l̵e̵m̵m̵a̵2̵3̵P̵a̵p̵e̵r̵C̵e̵n̵t̵e̵r̵,̵a̵d̵d̵_̵i̵m̵,̵o̵f̵R̵e̵a̵l̵_̵i̵m̵,̵z̵e̵r̵o̵_̵a̵d̵d̵,̵m̵u̵l̵_̵i̵m̵,̵I̵_̵r̵e̵,̵I̵_̵i̵m̵,̵
  ̵ ̵ ̵ ̵ ̵ ̵ ̵o̵f̵R̵e̵a̵l̵_̵r̵e̵,̵m̵u̵l̵_̵z̵e̵r̵o̵,̵m̵u̵l̵_̵o̵n̵e̵,̵z̵e̵r̵o̵_̵m̵u̵l̵,̵a̵d̵d̵_̵z̵e̵r̵o̵]̵[̲l̲e̲m̲m̲a̲2̲3̲P̲a̲p̲e̲r̲C̲e̲n̲t̲e̲r̲,̲ ̲a̲d̲d̲_̲i̲m̲,̲ ̲o̲f̲R̲e̲a̲l̲_̲i̲m̲,̲ ̲z̲e̲r̲o̲_̲a̲d̲d̲,̲ ̲m̲u̲l̲_̲i̲m̲,̲ ̲I̲_̲r̲e̲,̲ ̲I̲_̲i̲m̲,̲ ̲o̲f̲R̲e̲a̲l̲_̲r̲e̲,̲
  ̲ ̲ ̲ ̲ ̲ ̲ ̲m̲u̲l̲_̲z̲e̲r̲o̲,̲ ̲m̲u̲l̲_̲o̲n̲e̲,̲ ̲a̲d̲d̲_̲z̲e̲r̲o̲]̲

Note: This linter can be disabled with `set_option linter.unusedSimpArgs false`
warning: ZhangLS/Spec/Lemma61HorizontalKernel.lean:47:42: This simp argument is unused:
  add_zero

Hint: Omit it from the simp argument list.
  simp only [̵l̵e̵m̵m̵a̵2̵3̵P̵a̵p̵e̵r̵C̵e̵n̵t̵e̵r̵,̵a̵d̵d̵_̵i̵m̵,̵o̵f̵R̵e̵a̵l̵_̵i̵m̵,̵z̵e̵r̵o̵_̵a̵d̵d̵,̵m̵u̵l̵_̵i̵m̵,̵I̵_̵r̵e̵,̵I̵_̵i̵m̵,̵
  ̵ ̵ ̵ ̵ ̵ ̵ ̵o̵f̵R̵e̵a̵l̵_̵r̵e̵,̵m̵u̵l̵_̵z̵e̵r̵o̵,̵m̵u̵l̵_̵o̵n̵e̵,̵z̵e̵r̵o̵_̵m̵u̵l̵,̵a̵d̵d̵_̵z̵e̵r̵o̵]̵[̲l̲e̲m̲m̲a̲2̲3̲P̲a̲p̲e̲r̲C̲e̲n̲t̲e̲r̲,̲ ̲a̲d̲d̲_̲i̲m̲,̲ ̲o̲f̲R̲e̲a̲l̲_̲i̲m̲,̲ ̲z̲e̲r̲o̲_̲a̲d̲d̲,̲ ̲m̲u̲l̲_̲i̲m̲,̲ ̲I̲_̲r̲e̲,̲ ̲I̲_̲i̲m̲,̲ ̲o̲f̲R̲e̲a̲l̲_̲r̲e̲,̲
  ̲ ̲ ̲ ̲ ̲ ̲ ̲m̲u̲l̲_̲z̲e̲r̲o̲,̲ ̲m̲u̲l̲_̲o̲n̲e̲,̲ ̲z̲e̲r̲o̲_̲m̲u̲l̲]̲

Note: This linter can be disabled with `set_option linter.unusedSimpArgs false`
⚠ [3789/3792] Built ZhangLS.Spec.Lemma61HorizontalLBounds (2.2s)
warning: ZhangLS/Spec/Lemma61HorizontalLBounds.lean:32:17: 'positivity' tactic does nothing

Note: This linter can be disabled with `set_option linter.unusedTactic false`
warning: ZhangLS/Spec/Lemma61HorizontalLBounds.lean:32:17: this tactic is never executed

Note: This linter can be disabled with `set_option linter.unreachableTactic false`
warning: ZhangLS/Spec/Lemma61HorizontalLBounds.lean:51:17: 'positivity' tactic does nothing

Note: This linter can be disabled with `set_option linter.unusedTactic false`
warning: ZhangLS/Spec/Lemma61HorizontalLBounds.lean:51:17: this tactic is never executed

Note: This linter can be disabled with `set_option linter.unreachableTactic false`
⚠ [3790/3792] Built ZhangLS.Spec.Lemma61HorizontalTruncation (2.2s)
warning: ZhangLS/Spec/Lemma61HorizontalTruncation.lean:67:60: 'ring' tactic does nothing

Note: This linter can be disabled with `set_option linter.unusedTactic false`
warning: ZhangLS/Spec/Lemma61HorizontalTruncation.lean:67:60: this tactic is never executed

Note: This linter can be disabled with `set_option linter.unreachableTactic false`
warning: ZhangLS/Spec/Lemma61HorizontalTruncation.lean:74:71: Used `tac1 <;> tac2` where `(tac1; tac2)` would suffice

Note: This linter can be disabled with `set_option linter.unnecessarySeqFocus false`
⚠ [3791/3792] Built ZhangLS.Spec.Lemma61Approximation (2.3s)
info: ZhangLS/Spec/Lemma61Approximation.lean:61:74: Try this:
  [apply] ring_nf
  
  The `ring` tactic failed to close the goal. Use `ring_nf` to obtain a normal form.
    
  Note that `ring` works primarily in *commutative* rings. If you have a noncommutative ring, abelian group or module, consider using `noncomm_ring`, `abel` or `module` instead.
warning: ZhangLS/Spec/Lemma61Approximation.lean:61:70: Used `tac1 <;> tac2` where `(tac1; tac2)` would suffice

Note: This linter can be disabled with `set_option linter.unnecessarySeqFocus false`
✔ [3792/3792] Built ZhangLS.Spec.Lemma61 (1.0s)
Build completed successfully (3792 jobs).
