⚠ [1979/2258] Replayed ZhangLS.RealDirichletSeries
warning: ZhangLS/RealDirichletSeries.lean:34:25: unused variable `hr`

Note: This linter can be disabled with `set_option linter.unusedVariables false`
⚠ [1980/2258] Replayed ZhangLS.AssumptionA
warning: ZhangLS/AssumptionA.lean:30:21: unused variable `s`

Note: This linter can be disabled with `set_option linter.unusedVariables false`
warning: ZhangLS/AssumptionA.lean:30:37: unused variable `χ`

Note: This linter can be disabled with `set_option linter.unusedVariables false`
warning: ZhangLS/AssumptionA.lean:35:22: unused variable `s`

Note: This linter can be disabled with `set_option linter.unusedVariables false`
warning: ZhangLS/AssumptionA.lean:35:38: unused variable `χ`

Note: This linter can be disabled with `set_option linter.unusedVariables false`
warning: ZhangLS/AssumptionA.lean:91:23: unused variable `h_pos`

Note: This linter can be disabled with `set_option linter.unusedVariables false`
warning: ZhangLS/AssumptionA.lean:112:5: unused variable `h_c_pos`

Note: This linter can be disabled with `set_option linter.unusedVariables false`
warning: ZhangLS/AssumptionA.lean:113:5: unused variable `h_u_pos`

Note: This linter can be disabled with `set_option linter.unusedVariables false`
⚠ [1981/2258] Replayed ZhangLS.MainIdentity
warning: ZhangLS/MainIdentity.lean:19:32: unused variable `H₂`

Note: This linter can be disabled with `set_option linter.unusedVariables false`
⚠ [1986/2258] Replayed ZhangLS.MainTerms
warning: ZhangLS/MainTerms.lean:64:5: unused variable `h_ap`

Note: This linter can be disabled with `set_option linter.unusedVariables false`
⚠ [1988/2258] Replayed ZhangLS.AnalyticHypotheses
warning: ZhangLS/AnalyticHypotheses.lean:36:21: unused variable `gamma`

Note: This linter can be disabled with `set_option linter.unusedVariables false`
⚠ [1989/2258] Replayed ZhangLS.Theorem1
warning: ZhangLS/Theorem1.lean:23:5: unused variable `env`

Note: This linter can be disabled with `set_option linter.unusedVariables false`
warning: ZhangLS/Theorem1.lean:26:5: unused variable `h_logD_pos`

Note: This linter can be disabled with `set_option linter.unusedVariables false`
warning: ZhangLS/Theorem1.lean:36:5: unused variable `env`

Note: This linter can be disabled with `set_option linter.unusedVariables false`
⚠ [1995/2258] Replayed ZhangLS.Estimates
warning: ZhangLS/Estimates.lean:27:11: unused variable `D`

Note: This linter can be disabled with `set_option linter.unusedVariables false`
⚠ [2001/2258] Replayed ZhangLS.LargeSieveFoundation
warning: ZhangLS/LargeSieveFoundation.lean:27:30: unused variable `hP`

Note: This linter can be disabled with `set_option linter.unusedVariables false`
⚠ [2012/2258] Replayed ZhangLS.FareySequence
warning: ZhangLS/FareySequence.lean:32:5: unused variable `hq`

Note: This linter can be disabled with `set_option linter.unusedVariables false`
warning: ZhangLS/FareySequence.lean:32:18: unused variable `hq'`

Note: This linter can be disabled with `set_option linter.unusedVariables false`
warning: ZhangLS/FareySequence.lean:46:18: unused variable `hq'`

Note: This linter can be disabled with `set_option linter.unusedVariables false`
⚠ [2013/2258] Replayed ZhangLS.ExponentialSumOrthogonality
warning: ZhangLS/ExponentialSumOrthogonality.lean:35:5: unused variable `kernel_norm`

Note: This linter can be disabled with `set_option linter.unusedVariables false`
warning: ZhangLS/ExponentialSumOrthogonality.lean:36:5: unused variable `h_dist_pos`

Note: This linter can be disabled with `set_option linter.unusedVariables false`
⚠ [2023/2258] Replayed ZhangLS.TaoAnalysisBridge
warning: ZhangLS/TaoAnalysisBridge.lean:16:24: unused variable `f`

Note: This linter can be disabled with `set_option linter.unusedVariables false`
warning: ZhangLS/TaoAnalysisBridge.lean:16:60: unused variable `x1`

Note: This linter can be disabled with `set_option linter.unusedVariables false`
warning: ZhangLS/TaoAnalysisBridge.lean:16:63: unused variable `x2`

Note: This linter can be disabled with `set_option linter.unusedVariables false`
warning: ZhangLS/TaoAnalysisBridge.lean:16:66: unused variable `y`

Note: This linter can be disabled with `set_option linter.unusedVariables false`
warning: ZhangLS/TaoAnalysisBridge.lean:20:24: unused variable `f`

Note: This linter can be disabled with `set_option linter.unusedVariables false`
warning: ZhangLS/TaoAnalysisBridge.lean:20:60: unused variable `x`

Note: This linter can be disabled with `set_option linter.unusedVariables false`
warning: ZhangLS/TaoAnalysisBridge.lean:20:62: unused variable `y1`

Note: This linter can be disabled with `set_option linter.unusedVariables false`
warning: ZhangLS/TaoAnalysisBridge.lean:20:65: unused variable `y2`

Note: This linter can be disabled with `set_option linter.unusedVariables false`
warning: ZhangLS/TaoAnalysisBridge.lean:25:5: unused variable `f`

Note: This linter can be disabled with `set_option linter.unusedVariables false`
warning: ZhangLS/TaoAnalysisBridge.lean:25:41: unused variable `x1`

Note: This linter can be disabled with `set_option linter.unusedVariables false`
warning: ZhangLS/TaoAnalysisBridge.lean:25:44: unused variable `x2`

Note: This linter can be disabled with `set_option linter.unusedVariables false`
warning: ZhangLS/TaoAnalysisBridge.lean:25:47: unused variable `y1`

Note: This linter can be disabled with `set_option linter.unusedVariables false`
warning: ZhangLS/TaoAnalysisBridge.lean:25:50: unused variable `y2`

Note: This linter can be disabled with `set_option linter.unusedVariables false`
⚠ [2024/2258] Replayed ZhangLS.TaoMellinIntegration
warning: ZhangLS/TaoMellinIntegration.lean:19:5: unused variable `f`

Note: This linter can be disabled with `set_option linter.unusedVariables false`
warning: ZhangLS/TaoMellinIntegration.lean:19:7: unused variable `g`

Note: This linter can be disabled with `set_option linter.unusedVariables false`
warning: ZhangLS/TaoMellinIntegration.lean:19:27: unused variable `x`

Note: This linter can be disabled with `set_option linter.unusedVariables false`
⚠ [2030/2258] Replayed ZhangLS.RealFPolynomialLowerBound
warning: ZhangLS/RealFPolynomialLowerBound.lean:36:5: unused variable `h_L_pos`

Note: This linter can be disabled with `set_option linter.unusedVariables false`
⚠ [2032/2258] Replayed ZhangLS.RealSobolevEnergy
warning: ZhangLS/RealSobolevEnergy.lean:42:5: unused variable `h_N_pos`

Note: This linter can be disabled with `set_option linter.unusedVariables false`
warning: ZhangLS/RealSobolevEnergy.lean:54:5: unused variable `h_energy_nonneg`

Note: This linter can be disabled with `set_option linter.unusedVariables false`
⚠ [2033/2258] Replayed ZhangLS.RealGaussSumLargeSieve
warning: ZhangLS/RealGaussSumLargeSieve.lean:39:5: unused variable `h_mult_nonneg`

Note: This linter can be disabled with `set_option linter.unusedVariables false`
warning: ZhangLS/RealGaussSumLargeSieve.lean:48:5: unused variable `h_energy`

Note: This linter can be disabled with `set_option linter.unusedVariables false`
⚠ [2037/2258] Replayed ZhangLS.RealStieltjesKernelIntegral
warning: ZhangLS/RealStieltjesKernelIntegral.lean:29:5: unused variable `h_x_pos`

Note: This linter can be disabled with `set_option linter.unusedVariables false`
warning: ZhangLS/RealStieltjesKernelIntegral.lean:38:5: unused variable `h_L_pos`

Note: This linter can be disabled with `set_option linter.unusedVariables false`
warning: ZhangLS/RealStieltjesKernelIntegral.lean:39:5: unused variable `h_haar_nonneg`

Note: This linter can be disabled with `set_option linter.unusedVariables false`
⚠ [2039/2258] Replayed ZhangLS.RealLogMomentCalculus
warning: ZhangLS/RealLogMomentCalculus.lean:21:5: unused variable `h_denom_pos`

Note: This linter can be disabled with `set_option linter.unusedVariables false`
⚠ [2040/2258] Replayed ZhangLS.RealStirlingContourDecay
warning: ZhangLS/RealStirlingContourDecay.lean:47:5: unused variable `h_M_pos`

Note: This linter can be disabled with `set_option linter.unusedVariables false`
⚠ [2044/2258] Replayed ZhangLS.RealHilbertMeasureEmbedding
warning: ZhangLS/RealHilbertMeasureEmbedding.lean:29:5: unused variable `h_pi`

Note: This linter can be disabled with `set_option linter.unusedVariables false`
warning: ZhangLS/RealHilbertMeasureEmbedding.lean:30:5: unused variable `h_pos`

Note: This linter can be disabled with `set_option linter.unusedVariables false`
warning: ZhangLS/RealHilbertMeasureEmbedding.lean:31:5: unused variable `h_energy_nonneg`

Note: This linter can be disabled with `set_option linter.unusedVariables false`
warning: ZhangLS/RealHilbertMeasureEmbedding.lean:49:5: unused variable `h_energy`

Note: This linter can be disabled with `set_option linter.unusedVariables false`
⚠ [2047/2258] Replayed ZhangLS.UnconditionalTheorem1
warning: ZhangLS/UnconditionalTheorem1.lean:47:2: `push_neg` has been deprecated. Prefer using `push Not` instead.
If you'd rather continue using `push_neg` in your project, you can implement it as follows:
```
open Lean.Parser.Tactic in
macro "push_neg" cfg:optConfig loc:(location)? : tactic =>
  `(tactic| push $cfg:optConfig Not $[$loc]?)
```
⚠ [2256/2602] Replayed ZhangLS.Fix1_FPolynomialZeroExclusion
warning: ZhangLS/Fix1_FPolynomialZeroExclusion.lean:41:5: unused variable `h_L_pos`

Note: This linter can be disabled with `set_option linter.unusedVariables false`
⚠ [2270/2602] Replayed ZhangLS.Spec.RealDirichletCharacter
warning: ZhangLS/Spec/RealDirichletCharacter.lean:48:4: try 'simp' instead of 'simpa'

Note: This linter can be disabled with `set_option linter.unnecessarySimpa false`
⚠ [3504/3615] Replayed ZhangLS.Spec.RealAxisAtOne
warning: ZhangLS/Spec/RealAxisAtOne.lean:56:4: try 'simp' instead of 'simpa'

Note: This linter can be disabled with `set_option linter.unnecessarySimpa false`
⚠ [3506/3615] Replayed ZhangLS.Spec.Lemma57
warning: ZhangLS/Spec/Lemma57.lean:101:58: unused variable `hD`

Note: This linter can be disabled with `set_option linter.unusedVariables false`
warning: ZhangLS/Spec/Lemma57.lean:102:7: unused variable `hA`

Note: This linter can be disabled with `set_option linter.unusedVariables false`
⚠ [3508/3615] Replayed ZhangLS.Spec.Lemma57Arithmetic
warning: ZhangLS/Spec/Lemma57Arithmetic.lean:55:15: unused variable `hc_g`

Note: This linter can be disabled with `set_option linter.unusedVariables false`
⚠ [3525/3615] Replayed ZhangLS.Spec.RiemannZetaCriticalLineBound
warning: ZhangLS/Spec/RiemannZetaCriticalLineBound.lean:99:2: Used `tac1 <;> tac2` where `(tac1; tac2)` would suffice

Note: This linter can be disabled with `set_option linter.unnecessarySeqFocus false`
warning: ZhangLS/Spec/RiemannZetaCriticalLineBound.lean:124:13: unused variable `hs`

Note: This linter can be disabled with `set_option linter.unusedVariables false`
warning: ZhangLS/Spec/RiemannZetaCriticalLineBound.lean:152:6: unused variable `n`

Note: This linter can be disabled with `set_option linter.unusedVariables false`
warning: ZhangLS/Spec/RiemannZetaCriticalLineBound.lean:156:20: unused variable `k`

Note: This linter can be disabled with `set_option linter.unusedVariables false`
warning: ZhangLS/Spec/RiemannZetaCriticalLineBound.lean:161:8: This simp argument is unused:
  sum_one_Icc

Hint: Omit it from the simp argument list.
  simp ̵[̵s̵u̵m̵_̵o̵n̵e̵_̵I̵c̵c̵]̵

Note: This linter can be disabled with `set_option linter.unusedSimpArgs false`
warning: ZhangLS/Spec/RiemannZetaCriticalLineBound.lean:242:12: 'ring' tactic does nothing

Note: This linter can be disabled with `set_option linter.unusedTactic false`
warning: ZhangLS/Spec/RiemannZetaCriticalLineBound.lean:242:12: this tactic is never executed

Note: This linter can be disabled with `set_option linter.unreachableTactic false`
warning: ZhangLS/Spec/RiemannZetaCriticalLineBound.lean:219:41: Used `tac1 <;> tac2` where `(tac1; tac2)` would suffice

Note: This linter can be disabled with `set_option linter.unnecessarySeqFocus false`
warning: ZhangLS/Spec/RiemannZetaCriticalLineBound.lean:303:8: 'ring' tactic does nothing

Note: This linter can be disabled with `set_option linter.unusedTactic false`
warning: ZhangLS/Spec/RiemannZetaCriticalLineBound.lean:303:8: this tactic is never executed

Note: This linter can be disabled with `set_option linter.unreachableTactic false`
warning: ZhangLS/Spec/RiemannZetaCriticalLineBound.lean:394:12: This simp argument is unused:
  norm_div

Hint: Omit it from the simp argument list.
  simp ̵[̵n̵o̵r̵m̵_̵d̵i̵v̵]̵

Note: This linter can be disabled with `set_option linter.unusedSimpArgs false`
warning: ZhangLS/Spec/RiemannZetaCriticalLineBound.lean:475:75: This simp argument is unused:
  norm_div

Hint: Omit it from the simp argument list.
  simp ̵[̵n̵o̵r̵m̵_̵d̵i̵v̵]̵

Note: This linter can be disabled with `set_option linter.unusedSimpArgs false`
⚠ [3530/3615] Replayed ZhangLS.Spec.Lemma44CharacterProduct
warning: ZhangLS/Spec/Lemma44CharacterProduct.lean:55:38: This simp argument is unused:
  mul_comm

Hint: Omit it from the simp argument list.
  simp [̵m̵u̵l̵_̵c̵o̵m̵m̵,̵ ̵m̵u̵l̵_̵l̵e̵f̵t̵_̵c̵o̵m̵m̵,̵[̲m̲u̲l̲_̲l̲e̲f̲t̲_̲c̲o̲m̲m̲,̲ mul_assoc]

Note: This linter can be disabled with `set_option linter.unusedSimpArgs false`
warning: ZhangLS/Spec/Lemma44CharacterProduct.lean:55:48: This simp argument is unused:
  mul_left_comm

Hint: Omit it from the simp argument list.
  simp [mul_comm, mul_l̵e̵f̵t̵_̵c̵o̵m̵m̵,̵ ̵m̵u̵l̵_̵assoc]

Note: This linter can be disabled with `set_option linter.unusedSimpArgs false`
⚠ [3555/3615] Replayed ZhangLS.Spec.Lemma23AnalyticLogBranch
warning: ZhangLS/Spec/Lemma23AnalyticLogBranch.lean:42:53: try 'simp' instead of 'simpa'

Note: This linter can be disabled with `set_option linter.unnecessarySimpa false`
warning: ZhangLS/Spec/Lemma23AnalyticLogBranch.lean:67:44: try 'simp' instead of 'simpa'

Note: This linter can be disabled with `set_option linter.unnecessarySimpa false`
⚠ [3581/4304] Replayed ZhangLS.Spec.Lemma57SmoothedSum
warning: ZhangLS/Spec/Lemma57SmoothedSum.lean:42:46: unused variable `hD`

Note: This linter can be disabled with `set_option linter.unusedVariables false`
⚠ [3584/4304] Replayed ZhangLS.Spec.Lemma57GaussianGlobal
warning: ZhangLS/Spec/Lemma57GaussianGlobal.lean:55:58: unused variable `ha`

Note: This linter can be disabled with `set_option linter.unusedVariables false`
warning: ZhangLS/Spec/Lemma57GaussianGlobal.lean:241:13: unused variable `hD`

Note: This linter can be disabled with `set_option linter.unusedVariables false`
warning: ZhangLS/Spec/Lemma57GaussianGlobal.lean:241:34: unused variable `hx`

Note: This linter can be disabled with `set_option linter.unusedVariables false`
⚠ [3585/4304] Replayed ZhangLS.Spec.Lemma57SmoothedSummability
warning: ZhangLS/Spec/Lemma57SmoothedSummability.lean:20:52: unused variable `hn`

Note: This linter can be disabled with `set_option linter.unusedVariables false`
⚠ [3588/4304] Replayed ZhangLS.Spec.Lemma57GaussianMellinTransform
warning: ZhangLS/Spec/Lemma57GaussianMellinTransform.lean:67:63: Used `tac1 <;> tac2` where `(tac1; tac2)` would suffice

Note: This linter can be disabled with `set_option linter.unnecessarySeqFocus false`
warning: ZhangLS/Spec/Lemma57GaussianMellinTransform.lean:145:54: Used `tac1 <;> tac2` where `(tac1; tac2)` would suffice

Note: This linter can be disabled with `set_option linter.unnecessarySeqFocus false`
warning: ZhangLS/Spec/Lemma57GaussianMellinTransform.lean:326:4: Try `simp at hs` instead of `simpa using hs`

Note: This linter can be disabled with `set_option linter.unnecessarySimpa false`
⚠ [3595/4304] Replayed ZhangLS.Spec.Lemma57CriticalStripGrowth
warning: ZhangLS/Spec/Lemma57CriticalStripGrowth.lean:270:14: This simp argument is unused:
  norm_div

Hint: Omit it from the simp argument list.
  simp ̵[̵n̵o̵r̵m̵_̵d̵i̵v̵]̵

Note: This linter can be disabled with `set_option linter.unusedSimpArgs false`
⚠ [3604/4304] Replayed ZhangLS.Spec.Lemma57QuadraticConductorThreshold
warning: ZhangLS/Spec/Lemma57QuadraticConductorThreshold.lean:63:4: exponent 10000000 exceeds the threshold 256, exponentiation operation was not evaluated, use `set_option exponentiation.threshold <num>` to set a new threshold
warning: ZhangLS/Spec/Lemma57QuadraticConductorThreshold.lean:136:18: Used `tac1 <;> tac2` where `(tac1; tac2)` would suffice

Note: This linter can be disabled with `set_option linter.unnecessarySeqFocus false`
⚠ [3608/4304] Replayed ZhangLS.Spec.Lemma23DirichletConjugation
warning: ZhangLS/Spec/Lemma23DirichletConjugation.lean:23:0: automatically included section variable(s) unused in theorem `ZhangLS.Spec.dirichletLSeries_inv_eq_conj_at_conj`:
  [NeZero N]
consider restructuring your `variable` declarations so that the variables are not in scope or explicitly omit them:
  omit [NeZero N] in theorem ...

Note: This linter can be disabled with `set_option linter.unusedSectionVars false`
⚠ [3610/4304] Replayed ZhangLS.Spec.Lemma23PrimitiveGaussSum
warning: ZhangLS/Spec/Lemma23PrimitiveGaussSum.lean:42:19: Used `tac1 <;> tac2` where `(tac1; tac2)` would suffice

Note: This linter can be disabled with `set_option linter.unnecessarySeqFocus false`
⚠ [3611/4304] Replayed ZhangLS.Spec.Lemma23DirichletUnitModulus
warning: ZhangLS/Spec/Lemma23DirichletUnitModulus.lean:112:48: Used `tac1 <;> tac2` where `(tac1; tac2)` would suffice

Note: This linter can be disabled with `set_option linter.unnecessarySeqFocus false`
⚠ [3737/4304] Replayed ZhangLS.Spec.Lemma44ProductMellin
warning: ZhangLS/Spec/Lemma44ProductMellin.lean:144:4: try 'simp' instead of 'simpa'

Note: This linter can be disabled with `set_option linter.unnecessarySimpa false`
⚠ [3741/4304] Replayed ZhangLS.Spec.Lemma44RightMellinApproximation
warning: ZhangLS/Spec/Lemma44RightMellinApproximation.lean:37:4: try 'simp' instead of 'simpa'

Note: This linter can be disabled with `set_option linter.unnecessarySimpa false`
⚠ [3745/4304] Replayed ZhangLS.Spec.Lemma44ReflectedLongSum
warning: ZhangLS/Spec/Lemma44ReflectedLongSum.lean:81:64: Used `tac1 <;> tac2` where `(tac1; tac2)` would suffice

Note: This linter can be disabled with `set_option linter.unnecessarySeqFocus false`
⚠ [3748/4304] Replayed ZhangLS.Spec.Lemma44InitialLeftEstimates
warning: ZhangLS/Spec/Lemma44InitialLeftEstimates.lean:68:23: Used `tac1 <;> tac2` where `(tac1; tac2)` would suffice

Note: This linter can be disabled with `set_option linter.unnecessarySeqFocus false`
⚠ [3751/4304] Replayed ZhangLS.Spec.Lemma44ComplexCharacterAbel
warning: ZhangLS/Spec/Lemma44ComplexCharacterAbel.lean:73:56: unused variable `hD`

Note: This linter can be disabled with `set_option linter.unusedVariables false`
⚠ [3752/4304] Replayed ZhangLS.Spec.Lemma44HorizontalGrowth
warning: ZhangLS/Spec/Lemma44HorizontalGrowth.lean:147:6: 'push_cast' tactic does nothing

Note: This linter can be disabled with `set_option linter.unusedTactic false`
⚠ [3754/4304] Replayed ZhangLS.Spec.Lemma44GaussianVerticalTail
info: ZhangLS/Spec/Lemma44GaussianVerticalTail.lean:41:4: Try this:
  [apply] ring_nf
  
  The `ring` tactic failed to close the goal. Use `ring_nf` to obtain a normal form.
    
  Note that `ring` works primarily in *commutative* rings. If you have a noncommutative ring, abelian group or module, consider using `noncomm_ring`, `abel` or `module` instead.
info: ZhangLS/Spec/Lemma44GaussianVerticalTail.lean:57:16: Try this:
  [apply] ring_nf
  
  The `ring` tactic failed to close the goal. Use `ring_nf` to obtain a normal form.
    
  Note that `ring` works primarily in *commutative* rings. If you have a noncommutative ring, abelian group or module, consider using `noncomm_ring`, `abel` or `module` instead.
warning: ZhangLS/Spec/Lemma44GaussianVerticalTail.lean:57:12: Used `tac1 <;> tac2` where `(tac1; tac2)` would suffice

Note: This linter can be disabled with `set_option linter.unnecessarySeqFocus false`
warning: ZhangLS/Spec/Lemma44GaussianVerticalTail.lean:68:22: Used `tac1 <;> tac2` where `(tac1; tac2)` would suffice

Note: This linter can be disabled with `set_option linter.unnecessarySeqFocus false`
info: ZhangLS/Spec/Lemma44GaussianVerticalTail.lean:153:35: Try this:
  [apply] ring_nf
  
  The `ring` tactic failed to close the goal. Use `ring_nf` to obtain a normal form.
    
  Note that `ring` works primarily in *commutative* rings. If you have a noncommutative ring, abelian group or module, consider using `noncomm_ring`, `abel` or `module` instead.
⚠ [3755/4304] Replayed ZhangLS.Spec.Lemma44LocalRectangle
warning: ZhangLS/Spec/Lemma44LocalRectangle.lean:115:46: This simp argument is unused:
  zero_mul

Hint: Omit it from the simp argument list.
  simp only [mem_reProdIm, mem_Icc, sub_re, sub_im, ofReal_re, ofReal_im, mul_re, mul_im, I_re,
  ̲  ̲ ̲ ̲ ̲ ̲ ̲ ̲I_im, mul_zero, z̵e̵r̵o̵_̵m̵u̵l̵,̵ ̵mul_one, zero_add, sub_zero]

Note: This linter can be disabled with `set_option linter.unusedSimpArgs false`
warning: ZhangLS/Spec/Lemma44LocalRectangle.lean:115:65: This simp argument is unused:
  zero_add

Hint: Omit it from the simp argument list.
  simp only [mem_reProdIm, mem_Icc, sub_re, sub_im, ofReal_re, ofReal_im, mul_re, mul_im, I_re,
  ̲  ̲ ̲ ̲ ̲ ̲ ̲ ̲I_im, mul_zero, zero_mul, mul_one, z̵e̵r̵o̵_̵a̵d̵d̵,̵ ̵sub_zero]

Note: This linter can be disabled with `set_option linter.unusedSimpArgs false`
⚠ [3758/4304] Replayed ZhangLS.Spec.Lemma44HorizontalIntegrals
warning: ZhangLS/Spec/Lemma44HorizontalIntegrals.lean:18:5: unused variable `hK`

Note: This linter can be disabled with `set_option linter.unusedVariables false`
⚠ [3759/4304] Replayed ZhangLS.Spec.Lemma44ReflectedPolynomialContours
warning: ZhangLS/Spec/Lemma44ReflectedPolynomialContours.lean:152:64: This simp argument is unused:
  mul_left_comm

Hint: Omit it from the simp argument list.
  simp only [sub_eq_add_neg, add_comm, add_left_comm, mul_comm, mul_l̵e̵f̵t̵_̵c̵o̵m̵m̵,̵ ̵m̵u̵l̵_̵assoc] at hc ⊢

Note: This linter can be disabled with `set_option linter.unusedSimpArgs false`
warning: ZhangLS/Spec/Lemma44ReflectedPolynomialContours.lean:152:79: This simp argument is unused:
  mul_assoc

Hint: Omit it from the simp argument list.
  simp only [sub_eq_add_neg, add_comm, add_left_comm, mul_comm, mul_left_comm,̵ ̵m̵u̵l̵_̵a̵s̵s̵o̵c̵] at hc ⊢

Note: This linter can be disabled with `set_option linter.unusedSimpArgs false`
⚠ [3763/4304] Replayed ZhangLS.Spec.Lemma45Normalization
warning: ZhangLS/Spec/Lemma45Normalization.lean:90:8: 'ring' tactic does nothing

Note: This linter can be disabled with `set_option linter.unusedTactic false`
warning: ZhangLS/Spec/Lemma45Normalization.lean:90:8: this tactic is never executed

Note: This linter can be disabled with `set_option linter.unreachableTactic false`
⚠ [3786/4304] Replayed ZhangLS.Spec.Lemma46SingleZero
warning: ZhangLS/Spec/Lemma46SingleZero.lean:33:10: This simp argument is unused:
  mem_sphere

Hint: Omit it from the simp argument list.
  simp [m̵e̵m̵_̵s̵p̵h̵e̵r̵e̵,̵ ̵dist_zero_right, abs_of_pos hR]

Note: This linter can be disabled with `set_option linter.unusedSimpArgs false`
warning: ZhangLS/Spec/Lemma46SingleZero.lean:33:22: This simp argument is unused:
  dist_zero_right

Hint: Omit it from the simp argument list.
  simp [mem_sphere, d̵i̵s̵t̵_̵z̵e̵r̵o̵_̵r̵i̵g̵h̵t̵,̵ ̵abs_of_pos hR]

Note: This linter can be disabled with `set_option linter.unusedSimpArgs false`
⚠ [3787/4304] Replayed ZhangLS.Spec.Lemma46RoucheLocal
warning: ZhangLS/Spec/Lemma46RoucheLocal.lean:30:5: unused variable `hm`

Note: This linter can be disabled with `set_option linter.unusedVariables false`
⚠ [3788/4304] Replayed ZhangLS.Spec.Lemma46ZeroAnalysis
warning: ZhangLS/Spec/Lemma46ZeroAnalysis.lean:108:39: Used `tac1 <;> tac2` where `(tac1; tac2)` would suffice

Note: This linter can be disabled with `set_option linter.unnecessarySeqFocus false`
warning: ZhangLS/Spec/Lemma46ZeroAnalysis.lean:151:54: unused variable `hc`

Note: This linter can be disabled with `set_option linter.unusedVariables false`
⚠ [3805/4304] Replayed ZhangLS.Spec.Lemma31CharacterAbel
warning: ZhangLS/Spec/Lemma31CharacterAbel.lean:23:26: unused variable `hN`

Note: This linter can be disabled with `set_option linter.unusedVariables false`
⚠ [3825/4304] Replayed ZhangLS.Spec.Lemma32Geometric
warning: ZhangLS/Spec/Lemma32Geometric.lean:13:2: 'norm_num [Nat.factorial] at h' tactic does nothing

Note: This linter can be disabled with `set_option linter.unusedTactic false`
⚠ [3827/4304] Replayed ZhangLS.Spec.Lemma32EulerFactors
warning: ZhangLS/Spec/Lemma32EulerFactors.lean:34:2: 'all_goals ring' tactic does nothing

Note: This linter can be disabled with `set_option linter.unusedTactic false`
warning: ZhangLS/Spec/Lemma32EulerFactors.lean:34:12: this tactic is never executed

Note: This linter can be disabled with `set_option linter.unreachableTactic false`
warning: ZhangLS/Spec/Lemma32EulerFactors.lean:44:2: 'all_goals ring' tactic does nothing

Note: This linter can be disabled with `set_option linter.unusedTactic false`
warning: ZhangLS/Spec/Lemma32EulerFactors.lean:44:12: this tactic is never executed

Note: This linter can be disabled with `set_option linter.unreachableTactic false`
⚠ [3839/4304] Replayed ZhangLS.Spec.Lemma32AnalyticCorrection
warning: ZhangLS/Spec/Lemma32AnalyticCorrection.lean:26:48: unused variable `hD`

Note: This linter can be disabled with `set_option linter.unusedVariables false`
⚠ [3847/4304] Replayed ZhangLS.Spec.Lemma32SmoothingCircle
warning: ZhangLS/Spec/Lemma32SmoothingCircle.lean:22:10: This simp argument is unused:
  norm_mul

Hint: Omit it from the simp argument list.
  simp [̵n̵o̵r̵m̵_̵m̵u̵l̵,̵C̵o̵m̵p̵l̵e̵x̵.̵n̵o̵r̵m̵_̵r̵e̵a̵l̵,̵a̵b̵s̵_̵o̵f̵_̵p̵o̵s̵[̲C̲o̲m̲p̲l̲e̲x̲.̲n̲o̲r̲m̲_̲r̲e̲a̲l̲,̲ ̲a̲b̲s̲_̲o̲f̲_̲p̲o̲s̲ hl0]

Note: This linter can be disabled with `set_option linter.unusedSimpArgs false`
⚠ [3848/4304] Replayed ZhangLS.Spec.Lemma32CircleIntegrand
warning: ZhangLS/Spec/Lemma32CircleIntegrand.lean:40:65: 'positivity' tactic does nothing

Note: This linter can be disabled with `set_option linter.unusedTactic false`
warning: ZhangLS/Spec/Lemma32CircleIntegrand.lean:40:65: this tactic is never executed

Note: This linter can be disabled with `set_option linter.unreachableTactic false`
⚠ [3857/4304] Replayed ZhangLS.Spec.Lemma32CorrectionProduct
warning: ZhangLS/Spec/Lemma32CorrectionProduct.lean:8:57: unused variable `χ`

Note: This linter can be disabled with `set_option linter.unusedVariables false`
⚠ [3860/4304] Replayed ZhangLS.Spec.Lemma32RegularNumerator
warning: ZhangLS/Spec/Lemma32RegularNumerator.lean:84:6: 'ring' tactic does nothing

Note: This linter can be disabled with `set_option linter.unusedTactic false`
warning: ZhangLS/Spec/Lemma32RegularNumerator.lean:84:6: this tactic is never executed

Note: This linter can be disabled with `set_option linter.unreachableTactic false`
⚠ [3867/4304] Replayed ZhangLS.Spec.Lemma32PrincipalBoundary
warning: ZhangLS/Spec/Lemma32PrincipalBoundary.lean:51:12: This simp argument is unused:
  mul_ite

Hint: Omit it from the simp argument list.
  simp [mul_i̵t̵e̵,̵m̵u̵l̵_̵comm]

Note: This linter can be disabled with `set_option linter.unusedSimpArgs false`
⚠ [3870/4304] Replayed ZhangLS.Spec.Lemma32GammaMellin
warning: ZhangLS/Spec/Lemma32GammaMellin.lean:33:4: 'norm_num only [Nat.cast_one]' tactic does nothing

Note: This linter can be disabled with `set_option linter.unusedTactic false`
⚠ [3871/4304] Replayed ZhangLS.Spec.Lemma32MellinTerms
warning: ZhangLS/Spec/Lemma32MellinTerms.lean:21:39: This simp argument is unused:
  zero_mul

Hint: Omit it from the simp argument list.
  simp only [̵C̵o̵m̵p̵l̵e̵x̵.̵m̵u̵l̵_̵r̵e̵,̵C̵o̵m̵p̵l̵e̵x̵.̵a̵d̵d̵_̵r̵e̵,̵C̵o̵m̵p̵l̵e̵x̵.̵o̵f̵R̵e̵a̵l̵_̵r̵e̵,̵C̵o̵m̵p̵l̵e̵x̵.̵o̵f̵R̵e̵a̵l̵_̵i̵m̵,̵
  ̵ ̵ ̵ ̵ ̵C̵o̵m̵p̵l̵e̵x̵.̵I̵_̵r̵e̵,̵C̵o̵m̵p̵l̵e̵x̵.̵I̵_̵i̵m̵,̵m̵u̵l̵_̵z̵e̵r̵o̵,̵z̵e̵r̵o̵_̵m̵u̵l̵,̵s̵u̵b̵_̵z̵e̵r̵o̵,̵a̵d̵d̵_̵z̵e̵r̵o̵,̵C̵o̵m̵p̵l̵e̵x̵.̵o̵n̵e̵_̵r̵e̵,̵m̵u̵l̵_̵o̵n̵e̵,̵o̵n̵e̵_̵m̵u̵l̵]̵[̲C̲o̲m̲p̲l̲e̲x̲.̲m̲u̲l̲_̲r̲e̲,̲ ̲C̲o̲m̲p̲l̲e̲x̲.̲a̲d̲d̲_̲r̲e̲,̲ ̲C̲o̲m̲p̲l̲e̲x̲.̲o̲f̲R̲e̲a̲l̲_̲r̲e̲,̲ ̲C̲o̲m̲p̲l̲e̲x̲.̲o̲f̲R̲e̲a̲l̲_̲i̲m̲,̲ ̲C̲o̲m̲p̲l̲e̲x̲.̲I̲_̲r̲e̲,̲
  ̲ ̲ ̲ ̲ ̲C̲o̲m̲p̲l̲e̲x̲.̲I̲_̲i̲m̲,̲ ̲m̲u̲l̲_̲z̲e̲r̲o̲,̲ ̲s̲u̲b̲_̲z̲e̲r̲o̲,̲ ̲a̲d̲d̲_̲z̲e̲r̲o̲,̲ ̲C̲o̲m̲p̲l̲e̲x̲.̲o̲n̲e̲_̲r̲e̲,̲ ̲m̲u̲l̲_̲o̲n̲e̲,̲ ̲o̲n̲e̲_̲m̲u̲l̲]̲

Note: This linter can be disabled with `set_option linter.unusedSimpArgs false`
⚠ [3872/4304] Replayed ZhangLS.Spec.Lemma32TermMellinIdentity
warning: ZhangLS/Spec/Lemma32TermMellinIdentity.lean:20:4: try 'simp' instead of 'simpa'

Note: This linter can be disabled with `set_option linter.unnecessarySimpa false`
info: ZhangLS/Spec/Lemma32TermMellinIdentity.lean:48:74: Try this:
  [apply] ring_nf
  
  The `ring` tactic failed to close the goal. Use `ring_nf` to obtain a normal form.
    
  Note that `ring` works primarily in *commutative* rings. If you have a noncommutative ring, abelian group or module, consider using `noncomm_ring`, `abel` or `module` instead.
⚠ [3905/4304] Replayed ZhangLS.Spec.Lemma33Fourier
warning: ZhangLS/Spec/Lemma33Fourier.lean:79:12: This simp argument is unused:
  Complex.star_def

Hint: Omit it from the simp argument list.
  simp [̵C̵o̵m̵p̵l̵e̵x̵.̵s̵t̵a̵r̵_̵d̵e̵f̵,̵←̵ ̵C̵o̵m̵p̵l̵e̵x̵.̵n̵o̵r̵m̵S̵q̵_̵e̵q̵_̵c̵o̵n̵j̵_̵m̵u̵l̵_̵s̵e̵l̵f̵,̵C̵o̵m̵p̵l̵e̵x̵.̵n̵o̵r̵m̵S̵q̵_̵e̵q̵_̵n̵o̵r̵m̵_̵s̵q̵]̵[̲←̲ ̲C̲o̲m̲p̲l̲e̲x̲.̲n̲o̲r̲m̲S̲q̲_̲e̲q̲_̲c̲o̲n̲j̲_̲m̲u̲l̲_̲s̲e̲l̲f̲,̲ ̲C̲o̲m̲p̲l̲e̲x̲.̲n̲o̲r̲m̲S̲q̲_̲e̲q̲_̲n̲o̲r̲m̲_̲s̲q̲]̲

Note: This linter can be disabled with `set_option linter.unusedSimpArgs false`
warning: ZhangLS/Spec/Lemma33Fourier.lean:109:8: This simp argument is unused:
  norm_mul

Hint: Omit it from the simp argument list.
  simp [n̵o̵r̵m̵_̵m̵u̵l̵,̵abs_of_pos Real.pi_pos]

Note: This linter can be disabled with `set_option linter.unusedSimpArgs false`
⚠ [3907/4304] Replayed ZhangLS.Spec.Lemma33Fractions
warning: ZhangLS/Spec/Lemma33Fractions.lean:9:32: unused variable `hb`

Note: This linter can be disabled with `set_option linter.unusedVariables false`
⚠ [3908/4304] Replayed ZhangLS.Spec.Lemma33ActualSamples
warning: ZhangLS/Spec/Lemma33ActualSamples.lean:24:24: This simp argument is unused:
  zpow_natCast

Hint: Omit it from the simp argument list.
  simp only [zpow_neg,̵z̵p̵o̵w̵_̵n̵a̵t̵C̵a̵s̵t̵]

Note: This linter can be disabled with `set_option linter.unusedSimpArgs false`
warning: ZhangLS/Spec/Lemma33ActualSamples.lean:48:4: `push_neg` has been deprecated. Prefer using `push Not` instead.
If you'd rather continue using `push_neg` in your project, you can implement it as follows:
```
open Lean.Parser.Tactic in
macro "push_neg" cfg:optConfig loc:(location)? : tactic =>
  `(tactic| push $cfg:optConfig Not $[$loc]?)
```
⚠ [3911/4304] Replayed ZhangLS.Spec.Lemma34TupleConvolution
warning: ZhangLS/Spec/Lemma34TupleConvolution.lean:88:57: This simp argument is unused:
  ArithmeticFunction.one_apply

Hint: Omit it from the simp argument list.
  simp [̵l̵e̵m̵m̵a̵3̵4̵T̵u̵p̵l̵e̵S̵u̵m̵,̵A̵r̵i̵t̵h̵m̵e̵t̵i̵c̵F̵u̵n̵c̵t̵i̵o̵n̵.̵o̵n̵e̵_̵a̵p̵p̵l̵y̵,̵h̵,̵e̵q̵_̵c̵o̵m̵m̵]̵[̲l̲e̲m̲m̲a̲3̲4̲T̲u̲p̲l̲e̲S̲u̲m̲,̲ ̲h̲,̲ ̲e̲q̲_̲c̲o̲m̲m̲]̲

Note: This linter can be disabled with `set_option linter.unusedSimpArgs false`
⚠ [3917/4304] Replayed ZhangLS.Spec.Lemma34IntegralMean
warning: ZhangLS/Spec/Lemma34IntegralMean.lean:41:2: exponent 1600 exceeds the threshold 256, exponentiation operation was not evaluated, use `set_option exponentiation.threshold <num>` to set a new threshold
warning: ZhangLS/Spec/Lemma34IntegralMean.lean:132:16: exponent 1600 exceeds the threshold 256, exponentiation operation was not evaluated, use `set_option exponentiation.threshold <num>` to set a new threshold
⚠ [3918/4304] Replayed ZhangLS.Spec.Lemma34BSecondMoment
warning: ZhangLS/Spec/Lemma34BSecondMoment.lean:47:6: 'change _ = (51208 * C) * M * L ^ 1602' tactic does nothing

Note: This linter can be disabled with `set_option linter.unusedTactic false`
⚠ [3920/4304] Replayed ZhangLS.Spec.Lemma56PrincipalPerronResidue
warning: ZhangLS/Spec/Lemma56PrincipalPerronResidue.lean:88:46: This simp argument is unused:
  zero_mul

Hint: Omit it from the simp argument list.
  simp only [mem_reProdIm, mem_Icc, sub_re, sub_im, ofReal_re, ofReal_im, mul_re, mul_im, I_re,
  ̲  ̲ ̲ ̲ ̲ ̲ ̲ ̲I_im, mul_zero, z̵e̵r̵o̵_̵m̵u̵l̵,̵ ̵mul_one, zero_add, sub_zero]

Note: This linter can be disabled with `set_option linter.unusedSimpArgs false`
warning: ZhangLS/Spec/Lemma56PrincipalPerronResidue.lean:88:65: This simp argument is unused:
  zero_add

Hint: Omit it from the simp argument list.
  simp only [mem_reProdIm, mem_Icc, sub_re, sub_im, ofReal_re, ofReal_im, mul_re, mul_im, I_re,
  ̲  ̲ ̲ ̲ ̲ ̲ ̲ ̲I_im, mul_zero, zero_mul, mul_one, z̵e̵r̵o̵_̵a̵d̵d̵,̵ ̵sub_zero]

Note: This linter can be disabled with `set_option linter.unusedSimpArgs false`
⚠ [3960/4304] Replayed ZhangLS.Spec.Lemma55LocalLogDerivative
warning: ZhangLS/Spec/Lemma55LocalLogDerivative.lean:36:4: try 'simp' instead of 'simpa'

Note: This linter can be disabled with `set_option linter.unnecessarySimpa false`
⚠ [3987/4304] Replayed ZhangLS.Spec.Lemma53Kernels
warning: ZhangLS/Spec/Lemma53Kernels.lean:87:18: Used `tac1 <;> tac2` where `(tac1; tac2)` would suffice

Note: This linter can be disabled with `set_option linter.unnecessarySeqFocus false`
warning: ZhangLS/Spec/Lemma53Kernels.lean:108:68: This simp argument is unused:
  ← Complex.ofReal_pow

Hint: Omit it from the simp argument list.
  simp [lemma23PaperCenter, lemma51PaperT0,̵ ̵←̵ ̵C̵o̵m̵p̵l̵e̵x̵.̵o̵f̵R̵e̵a̵l̵_̵p̵o̵w̵]

Note: Simp arguments with `←` have the additional effect of removing the other direction from the simp set, even if the simp argument itself is unused. If the hint above does not work, try replacing `←` with `-` to only get that effect and silence this warning.

Note: This linter can be disabled with `set_option linter.unusedSimpArgs false`
warning: ZhangLS/Spec/Lemma53Kernels.lean:120:68: This simp argument is unused:
  ← Complex.ofReal_pow

Hint: Omit it from the simp argument list.
  simp [lemma23PaperCenter, lemma51PaperT0,̵ ̵←̵ ̵C̵o̵m̵p̵l̵e̵x̵.̵o̵f̵R̵e̵a̵l̵_̵p̵o̵w̵]

Note: Simp arguments with `←` have the additional effect of removing the other direction from the simp set, even if the simp argument itself is unused. If the hint above does not work, try replacing `←` with `-` to only get that effect and silence this warning.

Note: This linter can be disabled with `set_option linter.unusedSimpArgs false`
⚠ [4003/4304] Replayed ZhangLS.Spec.Lemma53GammaLaplace
warning: ZhangLS/Spec/Lemma53GammaLaplace.lean:91:22: Used `tac1 <;> tac2` where `(tac1; tac2)` would suffice

Note: This linter can be disabled with `set_option linter.unnecessarySeqFocus false`
warning: ZhangLS/Spec/Lemma53GammaLaplace.lean:91:64: Used `tac1 <;> tac2` where `(tac1; tac2)` would suffice

Note: This linter can be disabled with `set_option linter.unnecessarySeqFocus false`
⚠ [4004/4304] Replayed ZhangLS.Spec.Lemma53MellinConvergence
warning: ZhangLS/Spec/Lemma53MellinConvergence.lean:25:48: This simp argument is unused:
  zero_mul

Hint: Omit it from the simp argument list.
  simp only [sub_re, sub_im, add_re, add_im, mul_re, mul_im, ofReal_re, ofReal_im, I_re, I_im,
  ̲  ̲ ̲ ̲mul_zero, z̵e̵r̵o̵_̵m̵u̵l̵,̵ ̵sub_zero, zero_add, add_zero, mul_one, one_mul]

Note: This linter can be disabled with `set_option linter.unusedSimpArgs false`
warning: ZhangLS/Spec/Lemma53MellinConvergence.lean:26:33: This simp argument is unused:
  one_mul

Hint: Omit it from the simp argument list.
  simp only [sub_re, sub_im, add_re, add_im, mul_re, mul_im, ofReal_re, ofReal_im, I_re, I_im,
  ̲  ̲ ̲ ̲mul_zero, zero_mul, sub_zero, zero_add, add_zero, m̵u̵l̵_̵o̵n̵e̵,̵ ̵o̵n̵e̵_̵m̵u̵l̵]̵m̲u̲l̲_̲o̲n̲e̲]̲

Note: This linter can be disabled with `set_option linter.unusedSimpArgs false`
⚠ [4007/4304] Replayed ZhangLS.Spec.Lemma53MellinBoundary
warning: ZhangLS/Spec/Lemma53MellinBoundary.lean:94:85: Used `tac1 <;> tac2` where `(tac1; tac2)` would suffice

Note: This linter can be disabled with `set_option linter.unnecessarySeqFocus false`
warning: ZhangLS/Spec/Lemma53MellinBoundary.lean:169:29: This simp argument is unused:
  sub_re

Hint: Omit it from the simp argument list.
  simp only [← ofReal_pow, s̵u̵b̵_̵r̵e̵,̵ ̵mul_re, ofReal_re, ofReal_im, mul_zero, sub_zero]

Note: This linter can be disabled with `set_option linter.unusedSimpArgs false`
⚠ [4008/4304] Replayed ZhangLS.Spec.Lemma53OscillatoryEstimates
warning: ZhangLS/Spec/Lemma53OscillatoryEstimates.lean:67:10: This simp argument is unused:
  norm_mul

Hint: Omit it from the simp argument list.
  simp [̵n̵o̵r̵m̵_̵m̵u̵l̵,̵ ̵n̵o̵r̵m̵_̵r̵e̵a̵l̵,̵[̲n̲o̲r̲m̲_̲r̲e̲a̲l̲,̲ Real.norm_eq_abs, abs_of_nonneg hx, abs_of_pos Real.pi_pos]

Note: This linter can be disabled with `set_option linter.unusedSimpArgs false`
warning: ZhangLS/Spec/Lemma53OscillatoryEstimates.lean:102:4: This simp argument is unused:
  ← ofReal_pow

Hint: Omit it from the simp argument list.
  simp [lemma23PaperCenter, lemma51PaperT0, mul_re, mul_im, pow_two, exp_im,̵
  ̵ ̵ ̵ ̵ ̵←̵ ̵o̵f̵R̵e̵a̵l̵_̵p̵o̵w̵]

Note: Simp arguments with `←` have the additional effect of removing the other direction from the simp set, even if the simp argument itself is unused. If the hint above does not work, try replacing `←` with `-` to only get that effect and silence this warning.

Note: This linter can be disabled with `set_option linter.unusedSimpArgs false`
warning: ZhangLS/Spec/Lemma53OscillatoryEstimates.lean:112:33: This simp argument is unused:
  ← ofReal_pow

Hint: Omit it from the simp argument list.
  simp [mul_re, mul_im, pow_two,̵ ̵←̵ ̵o̵f̵R̵e̵a̵l̵_̵p̵o̵w̵]

Note: Simp arguments with `←` have the additional effect of removing the other direction from the simp set, even if the simp argument itself is unused. If the hint above does not work, try replacing `←` with `-` to only get that effect and silence this warning.

Note: This linter can be disabled with `set_option linter.unusedSimpArgs false`
⚠ [4010/4304] Replayed ZhangLS.Spec.Lemma53FiniteContours
warning: ZhangLS/Spec/Lemma53FiniteContours.lean:64:66: This simp argument is unused:
  zero_pow

Hint: Omit it from the simp argument list.
  simp only [ofReal_zero, zero_mul, add_zero, mul_zero, zero_sub, z̵e̵r̵o̵_̵p̵o̵w̵,̵
  ̵ ̵ ̵ ̵ ̵sub_zero, neg_zero,
  ̲  ̲ ̲ ̲zero_add] at hg

Note: This linter can be disabled with `set_option linter.unusedSimpArgs false`
warning: ZhangLS/Spec/Lemma53FiniteContours.lean:65:4: This simp argument is unused:
  sub_zero

Hint: Omit it from the simp argument list.
  simp only [ofReal_zero, zero_mul, add_zero, mul_zero, zero_sub, zero_pow,
  ̵  ̵ ̵ ̵s̵u̵b̵_̵z̵e̵r̵o̵,̵ ̵neg_zero,
  ̲  ̲ ̲ ̲zero_add] at hg

Note: This linter can be disabled with `set_option linter.unusedSimpArgs false`
warning: ZhangLS/Spec/Lemma53FiniteContours.lean:65:14: This simp argument is unused:
  neg_zero

Hint: Omit it from the simp argument list.
  simp only [ofReal_zero, zero_mul, add_zero, mul_zero, zero_sub, zero_pow,
  ̵  ̵ ̵ ̵sub_zero,
  ̲ n̵e̵g̵_̵z̵e̵r̵o̵,̵  ̲ ̲zero_add] at hg

Note: This linter can be disabled with `set_option linter.unusedSimpArgs false`
warning: ZhangLS/Spec/Lemma53FiniteContours.lean:65:24: This simp argument is unused:
  zero_add

Hint: Omit it from the simp argument list.
  simp only [ofReal_zero, zero_mul, add_zero, mul_zero, zero_sub, zero_pow,
  ̵  ̵ ̵ ̵sub_zero,
  ̲  ̲ ̲ ̲neg_zero,̵ ̵z̵e̵r̵o̵_̵a̵d̵d̵] at hg

Note: This linter can be disabled with `set_option linter.unusedSimpArgs false`
info: ZhangLS/Spec/Lemma53FiniteContours.lean:103:25: Try this:
  [apply] ring_nf
  
  The `ring` tactic failed to close the goal. Use `ring_nf` to obtain a normal form.
    
  Note that `ring` works primarily in *commutative* rings. If you have a noncommutative ring, abelian group or module, consider using `noncomm_ring`, `abel` or `module` instead.
⚠ [4013/4304] Replayed ZhangLS.Spec.Lemma53SmallRange
warning: ZhangLS/Spec/Lemma53SmallRange.lean:29:18: try 'simp' instead of 'simpa'

Note: This linter can be disabled with `set_option linter.unnecessarySimpa false`
⚠ [4014/4304] Replayed ZhangLS.Spec.Lemma53LargeRangeParameters
warning: ZhangLS/Spec/Lemma53LargeRangeParameters.lean:105:22: Used `tac1 <;> tac2` where `(tac1; tac2)` would suffice

Note: This linter can be disabled with `set_option linter.unnecessarySeqFocus false`
warning: ZhangLS/Spec/Lemma53LargeRangeParameters.lean:105:37: Used `tac1 <;> tac2` where `(tac1; tac2)` would suffice

Note: This linter can be disabled with `set_option linter.unnecessarySeqFocus false`
⚠ [4015/4304] Replayed ZhangLS.Spec.Lemma53LargeContourEstimates
warning: ZhangLS/Spec/Lemma53LargeContourEstimates.lean:32:47: unused variable `hD`

Note: This linter can be disabled with `set_option linter.unusedVariables false`
ℹ [4026/4304] Replayed ZhangLS.Spec.Lemma32QuarterPowerIntegrals
info: ZhangLS/Spec/Lemma32QuarterPowerIntegrals.lean:39:37: Try this:
  [apply] ring_nf
  
  The `ring` tactic failed to close the goal. Use `ring_nf` to obtain a normal form.
    
  Note that `ring` works primarily in *commutative* rings. If you have a noncommutative ring, abelian group or module, consider using `noncomm_ring`, `abel` or `module` instead.
⚠ [4030/4304] Replayed ZhangLS.Spec.Lemma32GlobalHeightGrowth
warning: ZhangLS/Spec/Lemma32GlobalHeightGrowth.lean:72:10: 'ring' tactic does nothing

Note: This linter can be disabled with `set_option linter.unusedTactic false`
warning: ZhangLS/Spec/Lemma32GlobalHeightGrowth.lean:72:10: this tactic is never executed

Note: This linter can be disabled with `set_option linter.unreachableTactic false`
⚠ [4038/4304] Replayed ZhangLS.Spec.Lemma32BurgessAbelScale
warning: ZhangLS/Spec/Lemma32BurgessAbelScale.lean:32:20: Used `tac1 <;> tac2` where `(tac1; tac2)` would suffice

Note: This linter can be disabled with `set_option linter.unnecessarySeqFocus false`
⚠ [4042/4304] Replayed ZhangLS.Spec.Lemma32BurgessLeftError
warning: ZhangLS/Spec/Lemma32BurgessLeftError.lean:35:20: Used `tac1 <;> tac2` where `(tac1; tac2)` would suffice

Note: This linter can be disabled with `set_option linter.unnecessarySeqFocus false`
⚠ [4048/4304] Replayed ZhangLS.Spec.Lemma32QuadraticCorrelation
warning: ZhangLS/Spec/Lemma32QuadraticCorrelation.lean:36:17: Used `tac1 <;> tac2` where `(tac1; tac2)` would suffice

Note: This linter can be disabled with `set_option linter.unnecessarySeqFocus false`
⚠ [4074/4304] Replayed ZhangLS.Spec.Lemma55ZetaLocalLogDerivative
warning: ZhangLS/Spec/Lemma55ZetaLocalLogDerivative.lean:33:4: try 'simp' instead of 'simpa'

Note: This linter can be disabled with `set_option linter.unnecessarySimpa false`
⚠ [4086/4304] Replayed ZhangLS.Spec.Lemma56ZeroRemovedBounds
warning: ZhangLS/Spec/Lemma56ZeroRemovedBounds.lean:62:5: unused variable `θ`

Note: This linter can be disabled with `set_option linter.unusedVariables false`
⚠ [4088/4304] Replayed ZhangLS.Spec.Lemma56LocalLogDerivative
warning: ZhangLS/Spec/Lemma56LocalLogDerivative.lean:33:4: try 'simp' instead of 'simpa'

Note: This linter can be disabled with `set_option linter.unnecessarySimpa false`
⚠ [4110/4304] Replayed ZhangLS.Spec.Lemma56GaussianMellinTerms
warning: ZhangLS/Spec/Lemma56GaussianMellinTerms.lean:72:44: unused variable `hB`

Note: This linter can be disabled with `set_option linter.unusedVariables false`
⚠ [4112/4304] Replayed ZhangLS.Spec.Lemma56GaussianContour
warning: ZhangLS/Spec/Lemma56GaussianContour.lean:56:26: This simp argument is unused:
  zero_mul

Hint: Omit it from the simp argument list.
  simp only [add_re, sub_re, add_im, sub_im, mul_re, mul_im, ofReal_re, ofReal_im,
  ̵  ̵ ̵ ̵I_re, I_im,
  ̲ m̵u̵l̵_̵z̵e̵r̵o̵,̵  ̲ ̲m̲u̲l̲_̲zero_̵m̵u̵l̵, sub_zero, mul_one, add_zero, zero_add,
  ̵  ̵ ̵ ̵zero_sub, smul_eq_mul] at hc

Note: This linter can be disabled with `set_option linter.unusedSimpArgs false`
⚠ [4115/4304] Replayed ZhangLS.Spec.Lemma56TwistedGaussianContour
warning: ZhangLS/Spec/Lemma56TwistedGaussianContour.lean:123:75: This simp argument is unused:
  sub_zero

Hint: Omit it from the simp argument list.
  simp only [sub_re, mul_re, ofReal_re, I_re, ofReal_im, I_im, mul_zero,̵ ̵s̵u̵b̵_̵z̵e̵r̵o̵]

Note: This linter can be disabled with `set_option linter.unusedSimpArgs false`
⚠ [4118/4304] Replayed ZhangLS.Spec.Lemma56GaussianMarginBudget
warning: ZhangLS/Spec/Lemma56GaussianMarginBudget.lean:94:70: Used `tac1 <;> tac2` where `(tac1; tac2)` would suffice

Note: This linter can be disabled with `set_option linter.unnecessarySeqFocus false`
⚠ [4120/4304] Replayed ZhangLS.Spec.Lemma56TwistedGaussianLeftBound
warning: ZhangLS/Spec/Lemma56TwistedGaussianLeftBound.lean:53:64: Used `tac1 <;> tac2` where `(tac1; tac2)` would suffice

Note: This linter can be disabled with `set_option linter.unnecessarySeqFocus false`
⚠ [4121/4304] Replayed ZhangLS.Spec.Lemma56GaussianRightEnvelope
warning: ZhangLS/Spec/Lemma56GaussianRightEnvelope.lean:71:52: Used `tac1 <;> tac2` where `(tac1; tac2)` would suffice

Note: This linter can be disabled with `set_option linter.unnecessarySeqFocus false`
warning: ZhangLS/Spec/Lemma56GaussianRightEnvelope.lean:71:66: Used `tac1 <;> tac2` where `(tac1; tac2)` would suffice

Note: This linter can be disabled with `set_option linter.unnecessarySeqFocus false`
⚠ [4136/4304] Replayed ZhangLS.Spec.Lemma56PerronContour
warning: ZhangLS/Spec/Lemma56PerronContour.lean:111:75: This simp argument is unused:
  sub_zero

Hint: Omit it from the simp argument list.
  simp only [sub_re, mul_re, ofReal_re, I_re, ofReal_im, I_im, mul_zero,̵ ̵s̵u̵b̵_̵z̵e̵r̵o̵]

Note: This linter can be disabled with `set_option linter.unusedSimpArgs false`
ℹ [4137/4304] Replayed ZhangLS.Spec.Lemma56PerronVertical
info: ZhangLS/Spec/Lemma56PerronVertical.lean:29:2: Try this:
  [apply] ring_nf
  
  The `ring` tactic failed to close the goal. Use `ring_nf` to obtain a normal form.
    
  Note that `ring` works primarily in *commutative* rings. If you have a noncommutative ring, abelian group or module, consider using `noncomm_ring`, `abel` or `module` instead.
⚠ [4140/4304] Replayed ZhangLS.Spec.Lemma56PerronRightTruncation
warning: ZhangLS/Spec/Lemma56PerronRightTruncation.lean:30:44: unused variable `hB`

Note: This linter can be disabled with `set_option linter.unusedVariables false`
⚠ [4141/4304] Replayed ZhangLS.Spec.Lemma56PerronHorizontal
warning: ZhangLS/Spec/Lemma56PerronHorizontal.lean:66:93: Used `tac1 <;> tac2` where `(tac1; tac2)` would suffice

Note: This linter can be disabled with `set_option linter.unnecessarySeqFocus false`
⚠ [4142/4304] Replayed ZhangLS.Spec.Lemma56PrincipalPerronEdges
warning: ZhangLS/Spec/Lemma56PrincipalPerronEdges.lean:33:46: This simp argument is unused:
  zero_mul

Hint: Omit it from the simp argument list.
  simp only [mem_reProdIm, mem_Icc, sub_re, sub_im, ofReal_re, ofReal_im, mul_re, mul_im, I_re,
  ̲  ̲ ̲ ̲ ̲ ̲ ̲ ̲I_im, mul_zero, z̵e̵r̵o̵_̵m̵u̵l̵,̵ ̵mul_one, zero_add, sub_zero]

Note: This linter can be disabled with `set_option linter.unusedSimpArgs false`
warning: ZhangLS/Spec/Lemma56PrincipalPerronEdges.lean:33:65: This simp argument is unused:
  zero_add

Hint: Omit it from the simp argument list.
  simp only [mem_reProdIm, mem_Icc, sub_re, sub_im, ofReal_re, ofReal_im, mul_re, mul_im, I_re,
  ̲  ̲ ̲ ̲ ̲ ̲ ̲ ̲I_im, mul_zero, zero_mul, mul_one, z̵e̵r̵o̵_̵a̵d̵d̵,̵ ̵sub_zero]

Note: This linter can be disabled with `set_option linter.unusedSimpArgs false`
⚠ [4147/4304] Replayed ZhangLS.Spec.Lemma56PrincipalPerronMainError
warning: ZhangLS/Spec/Lemma56PrincipalPerronMainError.lean:46:26: Used `tac1 <;> tac2` where `(tac1; tac2)` would suffice

Note: This linter can be disabled with `set_option linter.unnecessarySeqFocus false`
warning: ZhangLS/Spec/Lemma56PrincipalPerronMainError.lean:68:56: Used `tac1 <;> tac2` where `(tac1; tac2)` would suffice

Note: This linter can be disabled with `set_option linter.unnecessarySeqFocus false`
warning: ZhangLS/Spec/Lemma56PrincipalPerronMainError.lean:100:21: Used `tac1 <;> tac2` where `(tac1; tac2)` would suffice

Note: This linter can be disabled with `set_option linter.unnecessarySeqFocus false`
warning: ZhangLS/Spec/Lemma56PrincipalPerronMainError.lean:100:36: Used `tac1 <;> tac2` where `(tac1; tac2)` would suffice

Note: This linter can be disabled with `set_option linter.unnecessarySeqFocus false`
⚠ [4148/4304] Replayed ZhangLS.Spec.Lemma56PrincipalMassScales
warning: ZhangLS/Spec/Lemma56PrincipalMassScales.lean:36:26: 'ring' tactic does nothing

Note: This linter can be disabled with `set_option linter.unusedTactic false`
warning: ZhangLS/Spec/Lemma56PrincipalMassScales.lean:36:26: this tactic is never executed

Note: This linter can be disabled with `set_option linter.unreachableTactic false`
⚠ [4149/4304] Replayed ZhangLS.Spec.Lemma56PrincipalMassContourBudget
warning: ZhangLS/Spec/Lemma56PrincipalMassContourBudget.lean:66:29: 'norm_num' tactic does nothing

Note: This linter can be disabled with `set_option linter.unusedTactic false`
warning: ZhangLS/Spec/Lemma56PrincipalMassContourBudget.lean:146:40: Used `tac1 <;> tac2` where `(tac1; tac2)` would suffice

Note: This linter can be disabled with `set_option linter.unnecessarySeqFocus false`
⚠ [4150/4304] Replayed ZhangLS.Spec.Lemma56PrincipalMassMainError
warning: ZhangLS/Spec/Lemma56PrincipalMassMainError.lean:37:29: 'norm_num' tactic does nothing

Note: This linter can be disabled with `set_option linter.unusedTactic false`
warning: ZhangLS/Spec/Lemma56PrincipalMassMainError.lean:44:21: Used `tac1 <;> tac2` where `(tac1; tac2)` would suffice

Note: This linter can be disabled with `set_option linter.unnecessarySeqFocus false`
warning: ZhangLS/Spec/Lemma56PrincipalMassMainError.lean:79:70: Used `tac1 <;> tac2` where `(tac1; tac2)` would suffice

Note: This linter can be disabled with `set_option linter.unnecessarySeqFocus false`
warning: ZhangLS/Spec/Lemma56PrincipalMassMainError.lean:80:26: Used `tac1 <;> tac2` where `(tac1; tac2)` would suffice

Note: This linter can be disabled with `set_option linter.unnecessarySeqFocus false`
ℹ [4151/4304] Replayed ZhangLS.Spec.Lemma56PerronPaperScales
info: ZhangLS/Spec/Lemma56PerronPaperScales.lean:112:51: Try this:
  [apply] ring_nf
  
  The `ring` tactic failed to close the goal. Use `ring_nf` to obtain a normal form.
    
  Note that `ring` works primarily in *commutative* rings. If you have a noncommutative ring, abelian group or module, consider using `noncomm_ring`, `abel` or `module` instead.
⚠ [4154/4304] Replayed ZhangLS.Spec.Lemma56PerronWindowBudget
warning: ZhangLS/Spec/Lemma56PerronWindowBudget.lean:54:79: Used `tac1 <;> tac2` where `(tac1; tac2)` would suffice

Note: This linter can be disabled with `set_option linter.unnecessarySeqFocus false`
⚠ [4157/4304] Replayed ZhangLS.Spec.Lemma56PerronMangoldtWindow
warning: ZhangLS/Spec/Lemma56PerronMangoldtWindow.lean:104:2: 'change N * ‖R‖ ≤ _' tactic does nothing

Note: This linter can be disabled with `set_option linter.unusedTactic false`
warning: ZhangLS/Spec/Lemma56PerronMangoldtWindow.lean:72:23: Used `tac1 <;> tac2` where `(tac1; tac2)` would suffice

Note: This linter can be disabled with `set_option linter.unnecessarySeqFocus false`
warning: ZhangLS/Spec/Lemma56PerronMangoldtWindow.lean:76:67: Used `tac1 <;> tac2` where `(tac1; tac2)` would suffice

Note: This linter can be disabled with `set_option linter.unnecessarySeqFocus false`
warning: ZhangLS/Spec/Lemma56PerronMangoldtWindow.lean:79:69: Used `tac1 <;> tac2` where `(tac1; tac2)` would suffice

Note: This linter can be disabled with `set_option linter.unnecessarySeqFocus false`
warning: ZhangLS/Spec/Lemma56PerronMangoldtWindow.lean:83:36: Used `tac1 <;> tac2` where `(tac1; tac2)` would suffice

Note: This linter can be disabled with `set_option linter.unnecessarySeqFocus false`
⚠ [4158/4304] Replayed ZhangLS.Spec.Lemma56PerronWeightBounds
warning: ZhangLS/Spec/Lemma56PerronWeightBounds.lean:16:56: unused variable `hx`

Note: This linter can be disabled with `set_option linter.unusedVariables false`
info: ZhangLS/Spec/Lemma56PerronWeightBounds.lean:57:2: Try this:
  [apply] ring_nf
  
  The `ring` tactic failed to close the goal. Use `ring_nf` to obtain a normal form.
    
  Note that `ring` works primarily in *commutative* rings. If you have a noncommutative ring, abelian group or module, consider using `noncomm_ring`, `abel` or `module` instead.
info: ZhangLS/Spec/Lemma56PerronWeightBounds.lean:83:59: Try this:
  [apply] ring_nf
  
  The `ring` tactic failed to close the goal. Use `ring_nf` to obtain a normal form.
    
  Note that `ring` works primarily in *commutative* rings. If you have a noncommutative ring, abelian group or module, consider using `noncomm_ring`, `abel` or `module` instead.
info: ZhangLS/Spec/Lemma56PerronWeightBounds.lean:91:59: Try this:
  [apply] ring_nf
  
  The `ring` tactic failed to close the goal. Use `ring_nf` to obtain a normal form.
    
  Note that `ring` works primarily in *commutative* rings. If you have a noncommutative ring, abelian group or module, consider using `noncomm_ring`, `abel` or `module` instead.
warning: ZhangLS/Spec/Lemma56PerronWeightBounds.lean:83:55: Used `tac1 <;> tac2` where `(tac1; tac2)` would suffice

Note: This linter can be disabled with `set_option linter.unnecessarySeqFocus false`
warning: ZhangLS/Spec/Lemma56PerronWeightBounds.lean:91:55: Used `tac1 <;> tac2` where `(tac1; tac2)` would suffice

Note: This linter can be disabled with `set_option linter.unnecessarySeqFocus false`
⚠ [4159/4304] Replayed ZhangLS.Spec.Lemma56PerronWeightDecay
warning: ZhangLS/Spec/Lemma56PerronWeightDecay.lean:58:40: Used `tac1 <;> tac2` where `(tac1; tac2)` would suffice

Note: This linter can be disabled with `set_option linter.unnecessarySeqFocus false`
⚠ [4161/4304] Replayed ZhangLS.Spec.Lemma56PerronArithmeticError
warning: ZhangLS/Spec/Lemma56PerronArithmeticError.lean:35:9: unused variable `n`

Note: This linter can be disabled with `set_option linter.unusedVariables false`
⚠ [4164/4304] Replayed ZhangLS.Spec.Lemma56PerronUnsmoothingScales
warning: ZhangLS/Spec/Lemma56PerronUnsmoothingScales.lean:25:21: Used `tac1 <;> tac2` where `(tac1; tac2)` would suffice

Note: This linter can be disabled with `set_option linter.unnecessarySeqFocus false`
⚠ [4165/4304] Replayed ZhangLS.Spec.Lemma56PrincipalMassUnsmoothing
warning: ZhangLS/Spec/Lemma56PrincipalMassUnsmoothing.lean:36:60: Used `tac1 <;> tac2` where `(tac1; tac2)` would suffice

Note: This linter can be disabled with `set_option linter.unnecessarySeqFocus false`
warning: ZhangLS/Spec/Lemma56PrincipalMassUnsmoothing.lean:36:72: Used `tac1 <;> tac2` where `(tac1; tac2)` would suffice

Note: This linter can be disabled with `set_option linter.unnecessarySeqFocus false`
warning: ZhangLS/Spec/Lemma56PrincipalMassUnsmoothing.lean:40:34: Used `tac1 <;> tac2` where `(tac1; tac2)` would suffice

Note: This linter can be disabled with `set_option linter.unnecessarySeqFocus false`
warning: ZhangLS/Spec/Lemma56PrincipalMassUnsmoothing.lean:40:46: Used `tac1 <;> tac2` where `(tac1; tac2)` would suffice

Note: This linter can be disabled with `set_option linter.unnecessarySeqFocus false`
warning: ZhangLS/Spec/Lemma56PrincipalMassUnsmoothing.lean:87:17: 'assumption' tactic does nothing

Note: This linter can be disabled with `set_option linter.unusedTactic false`
warning: ZhangLS/Spec/Lemma56PrincipalMassUnsmoothing.lean:87:17: this tactic is never executed

Note: This linter can be disabled with `set_option linter.unreachableTactic false`
warning: ZhangLS/Spec/Lemma56PrincipalMassUnsmoothing.lean:99:29: 'norm_num' tactic does nothing

Note: This linter can be disabled with `set_option linter.unusedTactic false`
warning: ZhangLS/Spec/Lemma56PrincipalMassUnsmoothing.lean:133:34: Used `tac1 <;> tac2` where `(tac1; tac2)` would suffice

Note: This linter can be disabled with `set_option linter.unnecessarySeqFocus false`
warning: ZhangLS/Spec/Lemma56PrincipalMassUnsmoothing.lean:133:46: Used `tac1 <;> tac2` where `(tac1; tac2)` would suffice

Note: This linter can be disabled with `set_option linter.unnecessarySeqFocus false`
⚠ [4171/4304] Replayed ZhangLS.Spec.Lemma56PrimePowerBudget
warning: ZhangLS/Spec/Lemma56PrimePowerBudget.lean:43:98: Used `tac1 <;> tac2` where `(tac1; tac2)` would suffice

Note: This linter can be disabled with `set_option linter.unnecessarySeqFocus false`
⚠ [4178/4304] Replayed ZhangLS.Spec.Lemma56PrimeWindowAbsolute
warning: ZhangLS/Spec/Lemma56PrimeWindowAbsolute.lean:38:21: Used `tac1 <;> tac2` where `(tac1; tac2)` would suffice

Note: This linter can be disabled with `set_option linter.unnecessarySeqFocus false`
⚠ [4181/4304] Replayed ZhangLS.Spec.Lemma56PrimeMassNormalization
warning: ZhangLS/Spec/Lemma56PrimeMassNormalization.lean:51:23: Used `tac1 <;> tac2` where `(tac1; tac2)` would suffice

Note: This linter can be disabled with `set_option linter.unnecessarySeqFocus false`
⚠ [4182/4304] Replayed ZhangLS.Spec.Lemma56ActualPrimeMassScales
warning: ZhangLS/Spec/Lemma56ActualPrimeMassScales.lean:26:5: unused variable `hC`

Note: This linter can be disabled with `set_option linter.unusedVariables false`
⚠ [4184/4304] Replayed ZhangLS.Spec.Lemma56ActualPrimeMassLower
warning: ZhangLS/Spec/Lemma56ActualPrimeMassLower.lean:95:86: Used `tac1 <;> tac2` where `(tac1; tac2)` would suffice

Note: This linter can be disabled with `set_option linter.unnecessarySeqFocus false`
⚠ [4200/4304] Replayed ZhangLS.Spec.Lemma54KernelDerivatives
warning: ZhangLS/Spec/Lemma54KernelDerivatives.lean:42:10: This simp argument is unused:
  norm_mul

Hint: Omit it from the simp argument list.
  simp [norm_m̵u̵l̵,̵ ̵n̵o̵rm̵_̵r̵eal, Real.norm_eq_abs, abs_of_pos Real.pi_pos]

Note: This linter can be disabled with `set_option linter.unusedSimpArgs false`
warning: ZhangLS/Spec/Lemma54KernelDerivatives.lean:45:42: This simp argument is unused:
  norm_real

Hint: Omit it from the simp argument list.
  simp [n̵o̵r̵m̵_̵r̵e̵a̵l̵,̵ ̵Real.norm_eq_abs, abs_of_pos (Real.exp_pos u)]

Note: This linter can be disabled with `set_option linter.unusedSimpArgs false`
warning: ZhangLS/Spec/Lemma54KernelDerivatives.lean:45:53: This simp argument is unused:
  Real.norm_eq_abs

Hint: Omit it from the simp argument list.
  simp [norm_real, R̵e̵a̵l̵.̵n̵o̵r̵m̵_̵e̵q̵_̵a̵b̵s̵,̵ ̵abs_of_pos (Real.exp_pos u)]

Note: This linter can be disabled with `set_option linter.unusedSimpArgs false`
warning: ZhangLS/Spec/Lemma54KernelDerivatives.lean:45:71: This simp argument is unused:
  abs_of_pos (Real.exp_pos u)

Hint: Omit it from the simp argument list.
  simp [norm_real, Real.norm_eq_abs,̵ ̵a̵b̵s̵_̵o̵f̵_̵p̵o̵s̵ ̵(̵R̵e̵a̵l̵.̵e̵x̵p̵_̵p̵o̵s̵ ̵u̵)̵]

Note: This linter can be disabled with `set_option linter.unusedSimpArgs false`
⚠ [4201/4304] Replayed ZhangLS.Spec.Lemma54MellinDecay
warning: ZhangLS/Spec/Lemma54MellinDecay.lean:13:72: unused variable `ha`

Note: This linter can be disabled with `set_option linter.unusedVariables false`
⚠ [4205/4304] Replayed ZhangLS.Spec.Lemma54WeightedKernels
warning: ZhangLS/Spec/Lemma54WeightedKernels.lean:53:10: This simp argument is unused:
  norm_mul

Hint: Omit it from the simp argument list.
  simp [norm_m̵u̵l̵,̵ ̵n̵o̵rm̵_̵r̵eal, Real.norm_eq_abs, abs_of_pos Real.pi_pos]

Note: This linter can be disabled with `set_option linter.unusedSimpArgs false`
⚠ [4206/4304] Replayed ZhangLS.Spec.Lemma54WeightedContourEstimates
warning: ZhangLS/Spec/Lemma54WeightedContourEstimates.lean:46:23: Used `tac1 <;> tac2` where `(tac1; tac2)` would suffice

Note: This linter can be disabled with `set_option linter.unnecessarySeqFocus false`
warning: ZhangLS/Spec/Lemma54WeightedContourEstimates.lean:141:21: Used `tac1 <;> tac2` where `(tac1; tac2)` would suffice

Note: This linter can be disabled with `set_option linter.unnecessarySeqFocus false`
ℹ [4208/4304] Replayed ZhangLS.Spec.Lemma54DerivativeDecay
info: ZhangLS/Spec/Lemma54DerivativeDecay.lean:142:4: Try this:
  [apply] ring_nf
  
  The `ring` tactic failed to close the goal. Use `ring_nf` to obtain a normal form.
    
  Note that `ring` works primarily in *commutative* rings. If you have a noncommutative ring, abelian group or module, consider using `noncomm_ring`, `abel` or `module` instead.
⚠ [4209/4304] Replayed ZhangLS.Spec.Lemma54IntegrationByParts
warning: ZhangLS/Spec/Lemma54IntegrationByParts.lean:69:20: Used `tac1 <;> tac2` where `(tac1; tac2)` would suffice

Note: This linter can be disabled with `set_option linter.unnecessarySeqFocus false`
warning: ZhangLS/Spec/Lemma54IntegrationByParts.lean:69:32: Used `tac1 <;> tac2` where `(tac1; tac2)` would suffice

Note: This linter can be disabled with `set_option linter.unnecessarySeqFocus false`
⚠ [4214/4304] Replayed ZhangLS.Spec.Lemma54LargeSecondMoment
warning: ZhangLS/Spec/Lemma54LargeSecondMoment.lean:76:21: Used `tac1 <;> tac2` where `(tac1; tac2)` would suffice

Note: This linter can be disabled with `set_option linter.unnecessarySeqFocus false`
ℹ [4218/4304] Replayed ZhangLS.Spec.Lemma54GaussianConcentration
info: ZhangLS/Spec/Lemma54GaussianConcentration.lean:38:6: Try this:
  [apply] ring_nf
  
  The `ring` tactic failed to close the goal. Use `ring_nf` to obtain a normal form.
    
  Note that `ring` works primarily in *commutative* rings. If you have a noncommutative ring, abelian group or module, consider using `noncomm_ring`, `abel` or `module` instead.
⚠ [4233/4304] Replayed ZhangLS.Spec.Lemma59LocalZeroBudgets
warning: ZhangLS/Spec/Lemma59LocalZeroBudgets.lean:65:19: 'positivity' tactic does nothing

Note: This linter can be disabled with `set_option linter.unusedTactic false`
warning: ZhangLS/Spec/Lemma59LocalZeroBudgets.lean:65:19: this tactic is never executed

Note: This linter can be disabled with `set_option linter.unreachableTactic false`
⚠ [4236/4304] Replayed ZhangLS.Spec.Lemma59ZeroRemovedBounds
warning: ZhangLS/Spec/Lemma59ZeroRemovedBounds.lean:64:5: unused variable `θ`

Note: This linter can be disabled with `set_option linter.unusedVariables false`
⚠ [4238/4304] Replayed ZhangLS.Spec.Lemma59ZeroRemovedShift
warning: ZhangLS/Spec/Lemma59ZeroRemovedShift.lean:126:23: This simp argument is unused:
  zero_sub

Hint: Omit it from the simp argument list.
  simp only [lemma55JensenCenter, Complex.sub_re, Complex.sub_im, Complex.add_re, Complex.add_im,
  ̲  ̲ ̲ ̲Complex.mul_re, Complex.mul_im, Complex.I_re, Complex.I_im, Complex.ofReal_re,
  ̲  ̲ ̲ ̲Complex.ofReal_im, zero_mul, mul_zero, one_mul, mul_one, sub_zero, z̵e̵r̵o̵_̵s̵u̵b̵,̵ ̵add_zero, zero_add] at hn

Note: This linter can be disabled with `set_option linter.unusedSimpArgs false`
ℹ [4243/4304] Replayed ZhangLS.Spec.Lemma59ExtendedGammaAndSums
info: ZhangLS/Spec/Lemma59ExtendedGammaAndSums.lean:228:35: Try this:
  [apply] ring_nf
  
  The `ring` tactic failed to close the goal. Use `ring_nf` to obtain a normal form.
    
  Note that `ring` works primarily in *commutative* rings. If you have a noncommutative ring, abelian group or module, consider using `noncomm_ring`, `abel` or `module` instead.
⚠ [4244/4304] Replayed ZhangLS.Spec.Lemma59ExtendedFiniteContours
warning: ZhangLS/Spec/Lemma59ExtendedFiniteContours.lean:341:64: Used `tac1 <;> tac2` where `(tac1; tac2)` would suffice

Note: This linter can be disabled with `set_option linter.unnecessarySeqFocus false`
⚠ [4245/4304] Replayed ZhangLS.Spec.Lemma59ExtendedContourBudgets
warning: ZhangLS/Spec/Lemma59ExtendedContourBudgets.lean:267:64: This simp argument is unused:
  mul_left_comm

Hint: Omit it from the simp argument list.
  simp only [sub_eq_add_neg, add_comm, add_left_comm, mul_comm, mul_l̵e̵f̵t̵_̵c̵o̵m̵m̵,̵ ̵m̵u̵l̵_̵assoc] at hc ⊢

Note: This linter can be disabled with `set_option linter.unusedSimpArgs false`
warning: ZhangLS/Spec/Lemma59ExtendedContourBudgets.lean:267:79: This simp argument is unused:
  mul_assoc

Hint: Omit it from the simp argument list.
  simp only [sub_eq_add_neg, add_comm, add_left_comm, mul_comm, mul_left_comm,̵ ̵m̵u̵l̵_̵a̵s̵s̵o̵c̵] at hc ⊢

Note: This linter can be disabled with `set_option linter.unusedSimpArgs false`
warning: ZhangLS/Spec/Lemma59ExtendedContourBudgets.lean:410:23: Used `tac1 <;> tac2` where `(tac1; tac2)` would suffice

Note: This linter can be disabled with `set_option linter.unnecessarySeqFocus false`
⚠ [4247/4304] Replayed ZhangLS.Spec.Lemma59ExtendedNormalizedProduct
warning: ZhangLS/Spec/Lemma59ExtendedNormalizedProduct.lean:224:8: 'ring' tactic does nothing

Note: This linter can be disabled with `set_option linter.unusedTactic false`
warning: ZhangLS/Spec/Lemma59ExtendedNormalizedProduct.lean:224:8: this tactic is never executed

Note: This linter can be disabled with `set_option linter.unreachableTactic false`
⚠ [4249/4304] Replayed ZhangLS.Spec.Lemma59ExtendedActualZeros
warning: ZhangLS/Spec/Lemma59ExtendedActualZeros.lean:17:5: unused variable `hm`

Note: This linter can be disabled with `set_option linter.unusedVariables false`
warning: ZhangLS/Spec/Lemma59ExtendedActualZeros.lean:235:39: Used `tac1 <;> tac2` where `(tac1; tac2)` would suffice

Note: This linter can be disabled with `set_option linter.unnecessarySeqFocus false`
⚠ [4251/4304] Replayed ZhangLS.Spec.Lemma59RelaxedProducts
warning: ZhangLS/Spec/Lemma59RelaxedProducts.lean:60:52: This simp argument is unused:
  Rat.cast_natCast

Hint: Omit it from the simp argument list.
  simp only [̵h̵a̵r̵m̵o̵n̵i̵c̵,̵R̵a̵t̵.̵c̵a̵s̵t̵_̵s̵u̵m̵,̵R̵a̵t̵.̵c̵a̵s̵t̵_̵i̵n̵v̵,̵R̵a̵t̵.̵c̵a̵s̵t̵_̵n̵a̵t̵C̵a̵s̵t̵,̵N̵a̵t̵.̵c̵a̵s̵t̵_̵a̵d̵d̵,̵N̵a̵t̵.̵c̵a̵s̵t̵_̵o̵n̵e̵]̵[̲h̲a̲r̲m̲o̲n̲i̲c̲,̲ ̲R̲a̲t̲.̲c̲a̲s̲t̲_̲s̲u̲m̲,̲ ̲R̲a̲t̲.̲c̲a̲s̲t̲_̲i̲n̲v̲,̲ ̲N̲a̲t̲.̲c̲a̲s̲t̲_̲a̲d̲d̲,̲ ̲N̲a̲t̲.̲c̲a̲s̲t̲_̲o̲n̲e̲]̲

Note: This linter can be disabled with `set_option linter.unusedSimpArgs false`
⚠ [4259/4304] Replayed ZhangLS.Spec.Lemma61WideZBounds
warning: ZhangLS/Spec/Lemma61WideZBounds.lean:26:15: This simp argument is unused:
  add_re

Hint: Omit it from the simp argument list.
  simp only [̵a̵d̵d̵_̵r̵e̵,̵o̵f̵R̵e̵a̵l̵_̵r̵e̵,̵m̵u̵l̵_̵r̵e̵,̵I̵_̵r̵e̵,̵o̵f̵R̵e̵a̵l̵_̵i̵m̵,̵m̵u̵l̵_̵z̵e̵r̵o̵,̵I̵_̵i̵m̵,̵z̵e̵r̵o̵_̵m̵u̵l̵,̵
  ̵ ̵ ̵ ̵ ̵ ̵ ̵s̵u̵b̵_̵z̵e̵r̵o̵,̵a̵d̵d̵_̵z̵e̵r̵o̵,̵s̵u̵b̵_̵s̵e̵l̵f̵,̵a̵b̵s̵_̵z̵e̵r̵o̵,̵a̵d̵d̵_̵i̵m̵,̵m̵u̵l̵_̵i̵m̵,̵o̵n̵e̵_̵m̵u̵l̵,̵z̵e̵r̵o̵_̵a̵d̵d̵]̵[̲o̲f̲R̲e̲a̲l̲_̲r̲e̲,̲ ̲m̲u̲l̲_̲r̲e̲,̲ ̲I̲_̲r̲e̲,̲ ̲o̲f̲R̲e̲a̲l̲_̲i̲m̲,̲ ̲m̲u̲l̲_̲z̲e̲r̲o̲,̲ ̲I̲_̲i̲m̲,̲ ̲z̲e̲r̲o̲_̲m̲u̲l̲,̲ ̲s̲u̲b̲_̲z̲e̲r̲o̲,̲ ̲a̲d̲d̲_̲z̲e̲r̲o̲,̲
  ̲ ̲ ̲ ̲ ̲ ̲ ̲s̲u̲b̲_̲s̲e̲l̲f̲,̲ ̲a̲b̲s̲_̲z̲e̲r̲o̲,̲ ̲a̲d̲d̲_̲i̲m̲,̲ ̲m̲u̲l̲_̲i̲m̲,̲ ̲o̲n̲e̲_̲m̲u̲l̲,̲ ̲z̲e̲r̲o̲_̲a̲d̲d̲]̲

Note: This linter can be disabled with `set_option linter.unusedSimpArgs false`
warning: ZhangLS/Spec/Lemma61WideZBounds.lean:27:6: This simp argument is unused:
  sub_zero

Hint: Omit it from the simp argument list.
  simp only [̵a̵d̵d̵_̵r̵e̵,̵o̵f̵R̵e̵a̵l̵_̵r̵e̵,̵m̵u̵l̵_̵r̵e̵,̵I̵_̵r̵e̵,̵o̵f̵R̵e̵a̵l̵_̵i̵m̵,̵m̵u̵l̵_̵z̵e̵r̵o̵,̵I̵_̵i̵m̵,̵z̵e̵r̵o̵_̵m̵u̵l̵,̵
  ̵ ̵ ̵ ̵ ̵ ̵ ̵s̵u̵b̵_̵z̵e̵r̵o̵,̵a̵d̵d̵_̵z̵e̵r̵o̵,̵s̵u̵b̵_̵s̵e̵l̵f̵,̵a̵b̵s̵_̵z̵e̵r̵o̵,̵a̵d̵d̵_̵i̵m̵,̵m̵u̵l̵_̵i̵m̵,̵o̵n̵e̵_̵m̵u̵l̵,̵z̵e̵r̵o̵_̵a̵d̵d̵]̵[̲a̲d̲d̲_̲r̲e̲,̲ ̲o̲f̲R̲e̲a̲l̲_̲r̲e̲,̲ ̲m̲u̲l̲_̲r̲e̲,̲ ̲I̲_̲r̲e̲,̲ ̲o̲f̲R̲e̲a̲l̲_̲i̲m̲,̲ ̲m̲u̲l̲_̲z̲e̲r̲o̲,̲ ̲I̲_̲i̲m̲,̲ ̲z̲e̲r̲o̲_̲m̲u̲l̲,̲ ̲a̲d̲d̲_̲z̲e̲r̲o̲,̲
  ̲ ̲ ̲ ̲ ̲ ̲ ̲s̲u̲b̲_̲s̲e̲l̲f̲,̲ ̲a̲b̲s̲_̲z̲e̲r̲o̲,̲ ̲a̲d̲d̲_̲i̲m̲,̲ ̲m̲u̲l̲_̲i̲m̲,̲ ̲o̲n̲e̲_̲m̲u̲l̲,̲ ̲z̲e̲r̲o̲_̲a̲d̲d̲]̲

Note: This linter can be disabled with `set_option linter.unusedSimpArgs false`
warning: ZhangLS/Spec/Lemma61WideZBounds.lean:27:42: This simp argument is unused:
  add_im

Hint: Omit it from the simp argument list.
  simp only [̵a̵d̵d̵_̵r̵e̵,̵o̵f̵R̵e̵a̵l̵_̵r̵e̵,̵m̵u̵l̵_̵r̵e̵,̵I̵_̵r̵e̵,̵o̵f̵R̵e̵a̵l̵_̵i̵m̵,̵m̵u̵l̵_̵z̵e̵r̵o̵,̵I̵_̵i̵m̵,̵z̵e̵r̵o̵_̵m̵u̵l̵,̵
  ̵ ̵ ̵ ̵ ̵ ̵ ̵s̵u̵b̵_̵z̵e̵r̵o̵,̵a̵d̵d̵_̵z̵e̵r̵o̵,̵s̵u̵b̵_̵s̵e̵l̵f̵,̵a̵b̵s̵_̵z̵e̵r̵o̵,̵a̵d̵d̵_̵i̵m̵,̵m̵u̵l̵_̵i̵m̵,̵o̵n̵e̵_̵m̵u̵l̵,̵z̵e̵r̵o̵_̵a̵d̵d̵]̵[̲a̲d̲d̲_̲r̲e̲,̲ ̲o̲f̲R̲e̲a̲l̲_̲r̲e̲,̲ ̲m̲u̲l̲_̲r̲e̲,̲ ̲I̲_̲r̲e̲,̲ ̲o̲f̲R̲e̲a̲l̲_̲i̲m̲,̲ ̲m̲u̲l̲_̲z̲e̲r̲o̲,̲ ̲I̲_̲i̲m̲,̲ ̲z̲e̲r̲o̲_̲m̲u̲l̲,̲ ̲s̲u̲b̲_̲z̲e̲r̲o̲,̲
  ̲ ̲ ̲ ̲ ̲ ̲ ̲a̲d̲d̲_̲z̲e̲r̲o̲,̲ ̲s̲u̲b̲_̲s̲e̲l̲f̲,̲ ̲a̲b̲s̲_̲z̲e̲r̲o̲,̲ ̲m̲u̲l̲_̲i̲m̲,̲ ̲o̲n̲e̲_̲m̲u̲l̲,̲ ̲z̲e̲r̲o̲_̲a̲d̲d̲]̲

Note: This linter can be disabled with `set_option linter.unusedSimpArgs false`
warning: ZhangLS/Spec/Lemma61WideZBounds.lean:231:89: Used `tac1 <;> tac2` where `(tac1; tac2)` would suffice

Note: This linter can be disabled with `set_option linter.unnecessarySeqFocus false`
⚠ [4260/4304] Replayed ZhangLS.Spec.Lemma61ComplexZShift
warning: ZhangLS/Spec/Lemma61ComplexZShift.lean:19:31: unused variable `hA`

Note: This linter can be disabled with `set_option linter.unusedVariables false`
⚠ [4263/4304] Replayed ZhangLS.Spec.Lemma61RightTruncation
info: ZhangLS/Spec/Lemma61RightTruncation.lean:81:35: Try this:
  [apply] ring_nf
  
  The `ring` tactic failed to close the goal. Use `ring_nf` to obtain a normal form.
    
  Note that `ring` works primarily in *commutative* rings. If you have a noncommutative ring, abelian group or module, consider using `noncomm_ring`, `abel` or `module` instead.
warning: ZhangLS/Spec/Lemma61RightTruncation.lean:100:22: Used `tac1 <;> tac2` where `(tac1; tac2)` would suffice

Note: This linter can be disabled with `set_option linter.unnecessarySeqFocus false`
warning: ZhangLS/Spec/Lemma61RightTruncation.lean:143:17: Used `tac1 <;> tac2` where `(tac1; tac2)` would suffice

Note: This linter can be disabled with `set_option linter.unnecessarySeqFocus false`
⚠ [4264/4304] Replayed ZhangLS.Spec.Lemma61SingleResidue
info: ZhangLS/Spec/Lemma61SingleResidue.lean:83:8: Try this:
  [apply] ring_nf
  
  The `ring` tactic failed to close the goal. Use `ring_nf` to obtain a normal form.
    
  Note that `ring` works primarily in *commutative* rings. If you have a noncommutative ring, abelian group or module, consider using `noncomm_ring`, `abel` or `module` instead.
info: ZhangLS/Spec/Lemma61SingleResidue.lean:98:8: Try this:
  [apply] ring_nf
  
  The `ring` tactic failed to close the goal. Use `ring_nf` to obtain a normal form.
    
  Note that `ring` works primarily in *commutative* rings. If you have a noncommutative ring, abelian group or module, consider using `noncomm_ring`, `abel` or `module` instead.
info: ZhangLS/Spec/Lemma61SingleResidue.lean:113:8: Try this:
  [apply] ring_nf
  
  The `ring` tactic failed to close the goal. Use `ring_nf` to obtain a normal form.
    
  Note that `ring` works primarily in *commutative* rings. If you have a noncommutative ring, abelian group or module, consider using `noncomm_ring`, `abel` or `module` instead.
info: ZhangLS/Spec/Lemma61SingleResidue.lean:128:8: Try this:
  [apply] ring_nf
  
  The `ring` tactic failed to close the goal. Use `ring_nf` to obtain a normal form.
    
  Note that `ring` works primarily in *commutative* rings. If you have a noncommutative ring, abelian group or module, consider using `noncomm_ring`, `abel` or `module` instead.
warning: ZhangLS/Spec/Lemma61SingleResidue.lean:80:8: 'congr 1' tactic does nothing

Note: This linter can be disabled with `set_option linter.unusedTactic false`
warning: ZhangLS/Spec/Lemma61SingleResidue.lean:81:8: 'congr 1' tactic does nothing

Note: This linter can be disabled with `set_option linter.unusedTactic false`
warning: ZhangLS/Spec/Lemma61SingleResidue.lean:95:8: 'congr 1' tactic does nothing

Note: This linter can be disabled with `set_option linter.unusedTactic false`
warning: ZhangLS/Spec/Lemma61SingleResidue.lean:96:8: 'congr 1' tactic does nothing

Note: This linter can be disabled with `set_option linter.unusedTactic false`
warning: ZhangLS/Spec/Lemma61SingleResidue.lean:110:8: 'congr 1' tactic does nothing

Note: This linter can be disabled with `set_option linter.unusedTactic false`
warning: ZhangLS/Spec/Lemma61SingleResidue.lean:111:8: 'congr 1' tactic does nothing

Note: This linter can be disabled with `set_option linter.unusedTactic false`
warning: ZhangLS/Spec/Lemma61SingleResidue.lean:125:8: 'congr 1' tactic does nothing

Note: This linter can be disabled with `set_option linter.unusedTactic false`
warning: ZhangLS/Spec/Lemma61SingleResidue.lean:126:8: 'congr 1' tactic does nothing

Note: This linter can be disabled with `set_option linter.unusedTactic false`
⚠ [4265/4304] Replayed ZhangLS.Spec.Lemma61ReciprocalTailKernel
warning: ZhangLS/Spec/Lemma61ReciprocalTailKernel.lean:65:26: This simp argument is unused:
  zpow_natCast

Hint: Omit it from the simp argument list.
  simp only [zpow_neg,̵z̵p̵o̵w̵_̵n̵a̵t̵C̵a̵s̵t̵]

Note: This linter can be disabled with `set_option linter.unusedSimpArgs false`
warning: ZhangLS/Spec/Lemma61ReciprocalTailKernel.lean:66:17: Used `tac1 <;> tac2` where `(tac1; tac2)` would suffice

Note: This linter can be disabled with `set_option linter.unnecessarySeqFocus false`
⚠ [4268/4304] Replayed ZhangLS.Spec.Lemma61ErrorHorizontalBounds
warning: ZhangLS/Spec/Lemma61ErrorHorizontalBounds.lean:147:13: Used `tac1 <;> tac2` where `(tac1; tac2)` would suffice

Note: This linter can be disabled with `set_option linter.unnecessarySeqFocus false`
⚠ [4273/4304] Replayed ZhangLS.Spec.Lemma61ReciprocalTailTruncation
warning: ZhangLS/Spec/Lemma61ReciprocalTailTruncation.lean:26:34: unused variable `hL`

Note: This linter can be disabled with `set_option linter.unusedVariables false`
warning: ZhangLS/Spec/Lemma61ReciprocalTailTruncation.lean:202:34: This simp argument is unused:
  Complex.ofReal_one

Hint: Omit it from the simp argument list.
  simp only [Complex.ofReal_neg,̵C̵o̵m̵p̵l̵e̵x̵.̵o̵f̵R̵e̵a̵l̵_̵o̵n̵e̵]

Note: This linter can be disabled with `set_option linter.unusedSimpArgs false`
⚠ [4275/4304] Replayed ZhangLS.Spec.Lemma61ShortCutoff
warning: ZhangLS/Spec/Lemma61ShortCutoff.lean:79:62: Used `tac1 <;> tac2` where `(tac1; tac2)` would suffice

Note: This linter can be disabled with `set_option linter.unnecessarySeqFocus false`
⚠ [4276/4304] Replayed ZhangLS.Spec.Lemma61ShortTruncation
warning: ZhangLS/Spec/Lemma61ShortTruncation.lean:82:22: Used `tac1 <;> tac2` where `(tac1; tac2)` would suffice

Note: This linter can be disabled with `set_option linter.unnecessarySeqFocus false`
warning: ZhangLS/Spec/Lemma61ShortTruncation.lean:120:17: Used `tac1 <;> tac2` where `(tac1; tac2)` would suffice

Note: This linter can be disabled with `set_option linter.unnecessarySeqFocus false`
ℹ [4277/4304] Replayed ZhangLS.Spec.Lemma61ReciprocalModel
info: ZhangLS/Spec/Lemma61ReciprocalModel.lean:47:2: Try this:
  [apply] ring_nf
  
  The `ring` tactic failed to close the goal. Use `ring_nf` to obtain a normal form.
    
  Note that `ring` works primarily in *commutative* rings. If you have a noncommutative ring, abelian group or module, consider using `noncomm_ring`, `abel` or `module` instead.
⚠ [4279/4304] Replayed ZhangLS.Spec.Lemma61LeftApproximation
info: ZhangLS/Spec/Lemma61LeftApproximation.lean:56:27: Try this:
  [apply] ring_nf
  
  The `ring` tactic failed to close the goal. Use `ring_nf` to obtain a normal form.
    
  Note that `ring` works primarily in *commutative* rings. If you have a noncommutative ring, abelian group or module, consider using `noncomm_ring`, `abel` or `module` instead.
warning: ZhangLS/Spec/Lemma61LeftApproximation.lean:56:23: Used `tac1 <;> tac2` where `(tac1; tac2)` would suffice

Note: This linter can be disabled with `set_option linter.unnecessarySeqFocus false`
⚠ [4280/4304] Replayed ZhangLS.Spec.Lemma61HorizontalKernel
warning: ZhangLS/Spec/Lemma61HorizontalKernel.lean:24:24: This simp argument is unused:
  zpow_natCast

Hint: Omit it from the simp argument list.
  simp only [zpow_neg,̵z̵p̵o̵w̵_̵n̵a̵t̵C̵a̵s̵t̵]

Note: This linter can be disabled with `set_option linter.unusedSimpArgs false`
warning: ZhangLS/Spec/Lemma61HorizontalKernel.lean:46:34: This simp argument is unused:
  add_im

Hint: Omit it from the simp argument list.
  simp only [̵l̵e̵m̵m̵a̵2̵3̵P̵a̵p̵e̵r̵C̵e̵n̵t̵e̵r̵,̵a̵d̵d̵_̵i̵m̵,̵o̵f̵R̵e̵a̵l̵_̵i̵m̵,̵z̵e̵r̵o̵_̵a̵d̵d̵,̵m̵u̵l̵_̵i̵m̵,̵I̵_̵r̵e̵,̵I̵_̵i̵m̵,̵
  ̵ ̵ ̵ ̵ ̵ ̵ ̵o̵f̵R̵e̵a̵l̵_̵r̵e̵,̵m̵u̵l̵_̵z̵e̵r̵o̵,̵m̵u̵l̵_̵o̵n̵e̵,̵z̵e̵r̵o̵_̵m̵u̵l̵,̵a̵d̵d̵_̵z̵e̵r̵o̵]̵[̲l̲e̲m̲m̲a̲2̲3̲P̲a̲p̲e̲r̲C̲e̲n̲t̲e̲r̲,̲ ̲o̲f̲R̲e̲a̲l̲_̲i̲m̲,̲ ̲z̲e̲r̲o̲_̲a̲d̲d̲,̲ ̲m̲u̲l̲_̲i̲m̲,̲ ̲I̲_̲r̲e̲,̲ ̲I̲_̲i̲m̲,̲ ̲o̲f̲R̲e̲a̲l̲_̲r̲e̲,̲ ̲m̲u̲l̲_̲z̲e̲r̲o̲,̲
  ̲ ̲ ̲ ̲ ̲ ̲ ̲m̲u̲l̲_̲o̲n̲e̲,̲ ̲z̲e̲r̲o̲_̲m̲u̲l̲,̲ ̲a̲d̲d̲_̲z̲e̲r̲o̲]̲

Note: This linter can be disabled with `set_option linter.unusedSimpArgs false`
warning: ZhangLS/Spec/Lemma61HorizontalKernel.lean:46:41: This simp argument is unused:
  ofReal_im

Hint: Omit it from the simp argument list.
  simp only [̵l̵e̵m̵m̵a̵2̵3̵P̵a̵p̵e̵r̵C̵e̵n̵t̵e̵r̵,̵a̵d̵d̵_̵i̵m̵,̵o̵f̵R̵e̵a̵l̵_̵i̵m̵,̵z̵e̵r̵o̵_̵a̵d̵d̵,̵m̵u̵l̵_̵i̵m̵,̵I̵_̵r̵e̵,̵I̵_̵i̵m̵,̵
  ̵ ̵ ̵ ̵ ̵ ̵ ̵o̵f̵R̵e̵a̵l̵_̵r̵e̵,̵m̵u̵l̵_̵z̵e̵r̵o̵,̵m̵u̵l̵_̵o̵n̵e̵,̵z̵e̵r̵o̵_̵m̵u̵l̵,̵a̵d̵d̵_̵z̵e̵r̵o̵]̵[̲l̲e̲m̲m̲a̲2̲3̲P̲a̲p̲e̲r̲C̲e̲n̲t̲e̲r̲,̲ ̲a̲d̲d̲_̲i̲m̲,̲ ̲z̲e̲r̲o̲_̲a̲d̲d̲,̲ ̲m̲u̲l̲_̲i̲m̲,̲ ̲I̲_̲r̲e̲,̲ ̲I̲_̲i̲m̲,̲ ̲o̲f̲R̲e̲a̲l̲_̲r̲e̲,̲ ̲m̲u̲l̲_̲z̲e̲r̲o̲,̲
  ̲ ̲ ̲ ̲ ̲ ̲ ̲m̲u̲l̲_̲o̲n̲e̲,̲ ̲z̲e̲r̲o̲_̲m̲u̲l̲,̲ ̲a̲d̲d̲_̲z̲e̲r̲o̲]̲

Note: This linter can be disabled with `set_option linter.unusedSimpArgs false`
warning: ZhangLS/Spec/Lemma61HorizontalKernel.lean:46:51: This simp argument is unused:
  zero_add

Hint: Omit it from the simp argument list.
  simp only [̵l̵e̵m̵m̵a̵2̵3̵P̵a̵p̵e̵r̵C̵e̵n̵t̵e̵r̵,̵a̵d̵d̵_̵i̵m̵,̵o̵f̵R̵e̵a̵l̵_̵i̵m̵,̵z̵e̵r̵o̵_̵a̵d̵d̵,̵m̵u̵l̵_̵i̵m̵,̵I̵_̵r̵e̵,̵I̵_̵i̵m̵,̵
  ̵ ̵ ̵ ̵ ̵ ̵ ̵o̵f̵R̵e̵a̵l̵_̵r̵e̵,̵m̵u̵l̵_̵z̵e̵r̵o̵,̵m̵u̵l̵_̵o̵n̵e̵,̵z̵e̵r̵o̵_̵m̵u̵l̵,̵a̵d̵d̵_̵z̵e̵r̵o̵]̵[̲l̲e̲m̲m̲a̲2̲3̲P̲a̲p̲e̲r̲C̲e̲n̲t̲e̲r̲,̲ ̲a̲d̲d̲_̲i̲m̲,̲ ̲o̲f̲R̲e̲a̲l̲_̲i̲m̲,̲ ̲m̲u̲l̲_̲i̲m̲,̲ ̲I̲_̲r̲e̲,̲ ̲I̲_̲i̲m̲,̲ ̲o̲f̲R̲e̲a̲l̲_̲r̲e̲,̲ ̲m̲u̲l̲_̲z̲e̲r̲o̲,̲
  ̲ ̲ ̲ ̲ ̲ ̲ ̲m̲u̲l̲_̲o̲n̲e̲,̲ ̲z̲e̲r̲o̲_̲m̲u̲l̲,̲ ̲a̲d̲d̲_̲z̲e̲r̲o̲]̲

Note: This linter can be disabled with `set_option linter.unusedSimpArgs false`
warning: ZhangLS/Spec/Lemma61HorizontalKernel.lean:46:60: This simp argument is unused:
  mul_im

Hint: Omit it from the simp argument list.
  simp only [̵l̵e̵m̵m̵a̵2̵3̵P̵a̵p̵e̵r̵C̵e̵n̵t̵e̵r̵,̵a̵d̵d̵_̵i̵m̵,̵o̵f̵R̵e̵a̵l̵_̵i̵m̵,̵z̵e̵r̵o̵_̵a̵d̵d̵,̵m̵u̵l̵_̵i̵m̵,̵I̵_̵r̵e̵,̵I̵_̵i̵m̵,̵
  ̵ ̵ ̵ ̵ ̵ ̵ ̵o̵f̵R̵e̵a̵l̵_̵r̵e̵,̵m̵u̵l̵_̵z̵e̵r̵o̵,̵m̵u̵l̵_̵o̵n̵e̵,̵z̵e̵r̵o̵_̵m̵u̵l̵,̵a̵d̵d̵_̵z̵e̵r̵o̵]̵[̲l̲e̲m̲m̲a̲2̲3̲P̲a̲p̲e̲r̲C̲e̲n̲t̲e̲r̲,̲ ̲a̲d̲d̲_̲i̲m̲,̲ ̲o̲f̲R̲e̲a̲l̲_̲i̲m̲,̲ ̲z̲e̲r̲o̲_̲a̲d̲d̲,̲ ̲I̲_̲r̲e̲,̲ ̲I̲_̲i̲m̲,̲ ̲o̲f̲R̲e̲a̲l̲_̲r̲e̲,̲ ̲m̲u̲l̲_̲z̲e̲r̲o̲,̲
  ̲ ̲ ̲ ̲ ̲ ̲ ̲m̲u̲l̲_̲o̲n̲e̲,̲ ̲z̲e̲r̲o̲_̲m̲u̲l̲,̲ ̲a̲d̲d̲_̲z̲e̲r̲o̲]̲

Note: This linter can be disabled with `set_option linter.unusedSimpArgs false`
warning: ZhangLS/Spec/Lemma61HorizontalKernel.lean:46:67: This simp argument is unused:
  I_re

Hint: Omit it from the simp argument list.
  simp only [̵l̵e̵m̵m̵a̵2̵3̵P̵a̵p̵e̵r̵C̵e̵n̵t̵e̵r̵,̵a̵d̵d̵_̵i̵m̵,̵o̵f̵R̵e̵a̵l̵_̵i̵m̵,̵z̵e̵r̵o̵_̵a̵d̵d̵,̵m̵u̵l̵_̵i̵m̵,̵I̵_̵r̵e̵,̵I̵_̵i̵m̵,̵
  ̵ ̵ ̵ ̵ ̵ ̵ ̵o̵f̵R̵e̵a̵l̵_̵r̵e̵,̵m̵u̵l̵_̵z̵e̵r̵o̵,̵m̵u̵l̵_̵o̵n̵e̵,̵z̵e̵r̵o̵_̵m̵u̵l̵,̵a̵d̵d̵_̵z̵e̵r̵o̵]̵[̲l̲e̲m̲m̲a̲2̲3̲P̲a̲p̲e̲r̲C̲e̲n̲t̲e̲r̲,̲ ̲a̲d̲d̲_̲i̲m̲,̲ ̲o̲f̲R̲e̲a̲l̲_̲i̲m̲,̲ ̲z̲e̲r̲o̲_̲a̲d̲d̲,̲ ̲m̲u̲l̲_̲i̲m̲,̲ ̲I̲_̲i̲m̲,̲ ̲o̲f̲R̲e̲a̲l̲_̲r̲e̲,̲ ̲m̲u̲l̲_̲z̲e̲r̲o̲,̲
  ̲ ̲ ̲ ̲ ̲ ̲ ̲m̲u̲l̲_̲o̲n̲e̲,̲ ̲z̲e̲r̲o̲_̲m̲u̲l̲,̲ ̲a̲d̲d̲_̲z̲e̲r̲o̲]̲

Note: This linter can be disabled with `set_option linter.unusedSimpArgs false`
warning: ZhangLS/Spec/Lemma61HorizontalKernel.lean:46:72: This simp argument is unused:
  I_im

Hint: Omit it from the simp argument list.
  simp only [̵l̵e̵m̵m̵a̵2̵3̵P̵a̵p̵e̵r̵C̵e̵n̵t̵e̵r̵,̵a̵d̵d̵_̵i̵m̵,̵o̵f̵R̵e̵a̵l̵_̵i̵m̵,̵z̵e̵r̵o̵_̵a̵d̵d̵,̵m̵u̵l̵_̵i̵m̵,̵I̵_̵r̵e̵,̵I̵_̵i̵m̵,̵
  ̵ ̵ ̵ ̵ ̵ ̵ ̵o̵f̵R̵e̵a̵l̵_̵r̵e̵,̵m̵u̵l̵_̵z̵e̵r̵o̵,̵m̵u̵l̵_̵o̵n̵e̵,̵z̵e̵r̵o̵_̵m̵u̵l̵,̵a̵d̵d̵_̵z̵e̵r̵o̵]̵[̲l̲e̲m̲m̲a̲2̲3̲P̲a̲p̲e̲r̲C̲e̲n̲t̲e̲r̲,̲ ̲a̲d̲d̲_̲i̲m̲,̲ ̲o̲f̲R̲e̲a̲l̲_̲i̲m̲,̲ ̲z̲e̲r̲o̲_̲a̲d̲d̲,̲ ̲m̲u̲l̲_̲i̲m̲,̲ ̲I̲_̲r̲e̲,̲ ̲o̲f̲R̲e̲a̲l̲_̲r̲e̲,̲ ̲m̲u̲l̲_̲z̲e̲r̲o̲,̲
  ̲ ̲ ̲ ̲ ̲ ̲ ̲m̲u̲l̲_̲o̲n̲e̲,̲ ̲z̲e̲r̲o̲_̲m̲u̲l̲,̲ ̲a̲d̲d̲_̲z̲e̲r̲o̲]̲

Note: This linter can be disabled with `set_option linter.unusedSimpArgs false`
warning: ZhangLS/Spec/Lemma61HorizontalKernel.lean:47:6: This simp argument is unused:
  ofReal_re

Hint: Omit it from the simp argument list.
  simp only [̵l̵e̵m̵m̵a̵2̵3̵P̵a̵p̵e̵r̵C̵e̵n̵t̵e̵r̵,̵a̵d̵d̵_̵i̵m̵,̵o̵f̵R̵e̵a̵l̵_̵i̵m̵,̵z̵e̵r̵o̵_̵a̵d̵d̵,̵m̵u̵l̵_̵i̵m̵,̵I̵_̵r̵e̵,̵I̵_̵i̵m̵,̵
  ̵ ̵ ̵ ̵ ̵ ̵ ̵o̵f̵R̵e̵a̵l̵_̵r̵e̵,̵m̵u̵l̵_̵z̵e̵r̵o̵,̵m̵u̵l̵_̵o̵n̵e̵,̵z̵e̵r̵o̵_̵m̵u̵l̵,̵a̵d̵d̵_̵z̵e̵r̵o̵]̵[̲l̲e̲m̲m̲a̲2̲3̲P̲a̲p̲e̲r̲C̲e̲n̲t̲e̲r̲,̲ ̲a̲d̲d̲_̲i̲m̲,̲ ̲o̲f̲R̲e̲a̲l̲_̲i̲m̲,̲ ̲z̲e̲r̲o̲_̲a̲d̲d̲,̲ ̲m̲u̲l̲_̲i̲m̲,̲ ̲I̲_̲r̲e̲,̲ ̲I̲_̲i̲m̲,̲ ̲m̲u̲l̲_̲z̲e̲r̲o̲,̲
  ̲ ̲ ̲ ̲ ̲ ̲ ̲m̲u̲l̲_̲o̲n̲e̲,̲ ̲z̲e̲r̲o̲_̲m̲u̲l̲,̲ ̲a̲d̲d̲_̲z̲e̲r̲o̲]̲

Note: This linter can be disabled with `set_option linter.unusedSimpArgs false`
warning: ZhangLS/Spec/Lemma61HorizontalKernel.lean:47:16: This simp argument is unused:
  mul_zero

Hint: Omit it from the simp argument list.
  simp only [̵l̵e̵m̵m̵a̵2̵3̵P̵a̵p̵e̵r̵C̵e̵n̵t̵e̵r̵,̵a̵d̵d̵_̵i̵m̵,̵o̵f̵R̵e̵a̵l̵_̵i̵m̵,̵z̵e̵r̵o̵_̵a̵d̵d̵,̵m̵u̵l̵_̵i̵m̵,̵I̵_̵r̵e̵,̵I̵_̵i̵m̵,̵
  ̵ ̵ ̵ ̵ ̵ ̵ ̵o̵f̵R̵e̵a̵l̵_̵r̵e̵,̵m̵u̵l̵_̵z̵e̵r̵o̵,̵m̵u̵l̵_̵o̵n̵e̵,̵z̵e̵r̵o̵_̵m̵u̵l̵,̵a̵d̵d̵_̵z̵e̵r̵o̵]̵[̲l̲e̲m̲m̲a̲2̲3̲P̲a̲p̲e̲r̲C̲e̲n̲t̲e̲r̲,̲ ̲a̲d̲d̲_̲i̲m̲,̲ ̲o̲f̲R̲e̲a̲l̲_̲i̲m̲,̲ ̲z̲e̲r̲o̲_̲a̲d̲d̲,̲ ̲m̲u̲l̲_̲i̲m̲,̲ ̲I̲_̲r̲e̲,̲ ̲I̲_̲i̲m̲,̲ ̲o̲f̲R̲e̲a̲l̲_̲r̲e̲,̲
  ̲ ̲ ̲ ̲ ̲ ̲ ̲m̲u̲l̲_̲o̲n̲e̲,̲ ̲z̲e̲r̲o̲_̲m̲u̲l̲,̲ ̲a̲d̲d̲_̲z̲e̲r̲o̲]̲

Note: This linter can be disabled with `set_option linter.unusedSimpArgs false`
warning: ZhangLS/Spec/Lemma61HorizontalKernel.lean:47:25: This simp argument is unused:
  mul_one

Hint: Omit it from the simp argument list.
  simp only [̵l̵e̵m̵m̵a̵2̵3̵P̵a̵p̵e̵r̵C̵e̵n̵t̵e̵r̵,̵a̵d̵d̵_̵i̵m̵,̵o̵f̵R̵e̵a̵l̵_̵i̵m̵,̵z̵e̵r̵o̵_̵a̵d̵d̵,̵m̵u̵l̵_̵i̵m̵,̵I̵_̵r̵e̵,̵I̵_̵i̵m̵,̵
  ̵ ̵ ̵ ̵ ̵ ̵ ̵o̵f̵R̵e̵a̵l̵_̵r̵e̵,̵m̵u̵l̵_̵z̵e̵r̵o̵,̵m̵u̵l̵_̵o̵n̵e̵,̵z̵e̵r̵o̵_̵m̵u̵l̵,̵a̵d̵d̵_̵z̵e̵r̵o̵]̵[̲l̲e̲m̲m̲a̲2̲3̲P̲a̲p̲e̲r̲C̲e̲n̲t̲e̲r̲,̲ ̲a̲d̲d̲_̲i̲m̲,̲ ̲o̲f̲R̲e̲a̲l̲_̲i̲m̲,̲ ̲z̲e̲r̲o̲_̲a̲d̲d̲,̲ ̲m̲u̲l̲_̲i̲m̲,̲ ̲I̲_̲r̲e̲,̲ ̲I̲_̲i̲m̲,̲ ̲o̲f̲R̲e̲a̲l̲_̲r̲e̲,̲
  ̲ ̲ ̲ ̲ ̲ ̲ ̲m̲u̲l̲_̲z̲e̲r̲o̲,̲ ̲z̲e̲r̲o̲_̲m̲u̲l̲,̲ ̲a̲d̲d̲_̲z̲e̲r̲o̲]̲

Note: This linter can be disabled with `set_option linter.unusedSimpArgs false`
warning: ZhangLS/Spec/Lemma61HorizontalKernel.lean:47:33: This simp argument is unused:
  zero_mul

Hint: Omit it from the simp argument list.
  simp only [̵l̵e̵m̵m̵a̵2̵3̵P̵a̵p̵e̵r̵C̵e̵n̵t̵e̵r̵,̵a̵d̵d̵_̵i̵m̵,̵o̵f̵R̵e̵a̵l̵_̵i̵m̵,̵z̵e̵r̵o̵_̵a̵d̵d̵,̵m̵u̵l̵_̵i̵m̵,̵I̵_̵r̵e̵,̵I̵_̵i̵m̵,̵
  ̵ ̵ ̵ ̵ ̵ ̵ ̵o̵f̵R̵e̵a̵l̵_̵r̵e̵,̵m̵u̵l̵_̵z̵e̵r̵o̵,̵m̵u̵l̵_̵o̵n̵e̵,̵z̵e̵r̵o̵_̵m̵u̵l̵,̵a̵d̵d̵_̵z̵e̵r̵o̵]̵[̲l̲e̲m̲m̲a̲2̲3̲P̲a̲p̲e̲r̲C̲e̲n̲t̲e̲r̲,̲ ̲a̲d̲d̲_̲i̲m̲,̲ ̲o̲f̲R̲e̲a̲l̲_̲i̲m̲,̲ ̲z̲e̲r̲o̲_̲a̲d̲d̲,̲ ̲m̲u̲l̲_̲i̲m̲,̲ ̲I̲_̲r̲e̲,̲ ̲I̲_̲i̲m̲,̲ ̲o̲f̲R̲e̲a̲l̲_̲r̲e̲,̲
  ̲ ̲ ̲ ̲ ̲ ̲ ̲m̲u̲l̲_̲z̲e̲r̲o̲,̲ ̲m̲u̲l̲_̲o̲n̲e̲,̲ ̲a̲d̲d̲_̲z̲e̲r̲o̲]̲

Note: This linter can be disabled with `set_option linter.unusedSimpArgs false`
warning: ZhangLS/Spec/Lemma61HorizontalKernel.lean:47:42: This simp argument is unused:
  add_zero

Hint: Omit it from the simp argument list.
  simp only [̵l̵e̵m̵m̵a̵2̵3̵P̵a̵p̵e̵r̵C̵e̵n̵t̵e̵r̵,̵a̵d̵d̵_̵i̵m̵,̵o̵f̵R̵e̵a̵l̵_̵i̵m̵,̵z̵e̵r̵o̵_̵a̵d̵d̵,̵m̵u̵l̵_̵i̵m̵,̵I̵_̵r̵e̵,̵I̵_̵i̵m̵,̵
  ̵ ̵ ̵ ̵ ̵ ̵ ̵o̵f̵R̵e̵a̵l̵_̵r̵e̵,̵m̵u̵l̵_̵z̵e̵r̵o̵,̵m̵u̵l̵_̵o̵n̵e̵,̵z̵e̵r̵o̵_̵m̵u̵l̵,̵a̵d̵d̵_̵z̵e̵r̵o̵]̵[̲l̲e̲m̲m̲a̲2̲3̲P̲a̲p̲e̲r̲C̲e̲n̲t̲e̲r̲,̲ ̲a̲d̲d̲_̲i̲m̲,̲ ̲o̲f̲R̲e̲a̲l̲_̲i̲m̲,̲ ̲z̲e̲r̲o̲_̲a̲d̲d̲,̲ ̲m̲u̲l̲_̲i̲m̲,̲ ̲I̲_̲r̲e̲,̲ ̲I̲_̲i̲m̲,̲ ̲o̲f̲R̲e̲a̲l̲_̲r̲e̲,̲
  ̲ ̲ ̲ ̲ ̲ ̲ ̲m̲u̲l̲_̲z̲e̲r̲o̲,̲ ̲m̲u̲l̲_̲o̲n̲e̲,̲ ̲z̲e̲r̲o̲_̲m̲u̲l̲]̲

Note: This linter can be disabled with `set_option linter.unusedSimpArgs false`
⚠ [4281/4304] Replayed ZhangLS.Spec.Lemma61HorizontalLBounds
warning: ZhangLS/Spec/Lemma61HorizontalLBounds.lean:32:17: 'positivity' tactic does nothing

Note: This linter can be disabled with `set_option linter.unusedTactic false`
warning: ZhangLS/Spec/Lemma61HorizontalLBounds.lean:32:17: this tactic is never executed

Note: This linter can be disabled with `set_option linter.unreachableTactic false`
warning: ZhangLS/Spec/Lemma61HorizontalLBounds.lean:51:17: 'positivity' tactic does nothing

Note: This linter can be disabled with `set_option linter.unusedTactic false`
warning: ZhangLS/Spec/Lemma61HorizontalLBounds.lean:51:17: this tactic is never executed

Note: This linter can be disabled with `set_option linter.unreachableTactic false`
⚠ [4282/4304] Replayed ZhangLS.Spec.Lemma61HorizontalTruncation
warning: ZhangLS/Spec/Lemma61HorizontalTruncation.lean:67:60: 'ring' tactic does nothing

Note: This linter can be disabled with `set_option linter.unusedTactic false`
warning: ZhangLS/Spec/Lemma61HorizontalTruncation.lean:67:60: this tactic is never executed

Note: This linter can be disabled with `set_option linter.unreachableTactic false`
warning: ZhangLS/Spec/Lemma61HorizontalTruncation.lean:74:71: Used `tac1 <;> tac2` where `(tac1; tac2)` would suffice

Note: This linter can be disabled with `set_option linter.unnecessarySeqFocus false`
⚠ [4283/4304] Replayed ZhangLS.Spec.Lemma61Approximation
info: ZhangLS/Spec/Lemma61Approximation.lean:61:74: Try this:
  [apply] ring_nf
  
  The `ring` tactic failed to close the goal. Use `ring_nf` to obtain a normal form.
    
  Note that `ring` works primarily in *commutative* rings. If you have a noncommutative ring, abelian group or module, consider using `noncomm_ring`, `abel` or `module` instead.
warning: ZhangLS/Spec/Lemma61Approximation.lean:61:70: Used `tac1 <;> tac2` where `(tac1; tac2)` would suffice

Note: This linter can be disabled with `set_option linter.unnecessarySeqFocus false`
✔ [4285/4304] Built ZhangLS.Spec.Lemma32ProductCharacter (8.3s)
✔ [4286/4304] Built ZhangLS.Spec.Lemma32ProductQuadraticCharacter (2.3s)
✔ [4287/4304] Built ZhangLS.Spec.Lemma32CharacterEquivPullback (2.4s)
✔ [4288/4304] Built ZhangLS.Spec.Lemma32ActualCRTCharacter (2.2s)
✔ [4289/4304] Built ZhangLS.Spec.Lemma32CRTConductorDescent (2.2s)
✔ [4290/4304] Built ZhangLS.Spec.Lemma32PrimitiveCRTNontrivial (2.4s)
✔ [4291/4304] Built ZhangLS.Spec.Lemma32ChangeLevelConductor (2.2s)
✔ [4292/4304] Built ZhangLS.Spec.Lemma32PrimitiveCRTCharacters (2.2s)
✔ [4293/4304] Built ZhangLS.Spec.Lemma32RealPrimitiveCRTCharacter (2.3s)
✔ [4294/4304] Built ZhangLS.Spec.Lemma32OddKernelDescent (2.6s)
✔ [4295/4304] Built ZhangLS.Spec.Lemma32PrimePowerReductionKernel (2.6s)
✔ [4296/4304] Built ZhangLS.Spec.Lemma32OddPrimePowerConductor (2.1s)
✔ [4297/4304] Built ZhangLS.Spec.Lemma32TwoPowerKernel (2.4s)
✔ [4298/4304] Built ZhangLS.Spec.Lemma32TwoPowerConductor (2.5s)
✔ [4299/4304] Built ZhangLS.Spec.Lemma32PrimitiveModulusExponents (2.2s)
✔ [4300/4304] Built ZhangLS.Spec.Lemma32PrimitiveModulusShape (2.2s)
✔ [4301/4304] Built ZhangLS.Spec.All (2.5s)
✔ [4302/4304] Built ZhangLS.All (2.3s)
✔ [4303/4304] Built ZhangLS (2.1s)
Build completed successfully (4304 jobs).
