✔ [2744/2767] Built Mathlib.Analysis.Normed.Operator.Conformal (4.5s)
✔ [2745/2767] Built Mathlib.Analysis.SpecialFunctions.Log.PosLog (4.3s)
✔ [2746/2767] Built Mathlib.Analysis.SpecialFunctions.Complex.Analytic (4.5s)
✔ [2747/2767] Built Mathlib.Analysis.Complex.Isometry (4.8s)
✔ [2748/2767] Built Mathlib.Analysis.InnerProductSpace.Harmonic.Basic (4.7s)
✔ [2749/2767] Built Mathlib.MeasureTheory.Integral.IntervalAverage (4.7s)
✔ [2750/2767] Built Mathlib.Analysis.Calculus.ContDiff.RestrictScalars (4.9s)
✔ [2751/2767] Built Mathlib.Analysis.Complex.HasPrimitives (5.3s)
✔ [2752/2767] Built Mathlib.Analysis.Analytic.IteratedFDeriv (6.2s)
✔ [2753/2767] Built Mathlib.Analysis.Calculus.Conformal.NormedSpace (1.8s)
✔ [2754/2767] Built Mathlib.Analysis.InnerProductSpace.Harmonic.HarmonicContOnCl (2.0s)
✔ [2755/2767] Built Mathlib.Analysis.SpecialFunctions.Integrability.LogMeromorphic (2.4s)
✔ [2756/2767] Built Mathlib.Analysis.InnerProductSpace.Harmonic.Constructions (2.0s)
✔ [2757/2767] Built Mathlib.MeasureTheory.Integral.CircleAverage (3.2s)
✔ [2758/2767] Built Mathlib.Analysis.Complex.Conformal (2.4s)
✔ [2759/2767] Built Mathlib.Analysis.SpecialFunctions.Integrals.LogTrigonometric (1.9s)
✔ [2760/2767] Built Mathlib.Analysis.Complex.MeanValue (1.8s)
✔ [2761/2767] Built Mathlib.Analysis.Calculus.FDeriv.Symmetric (4.4s)
✔ [2762/2767] Built Mathlib.Analysis.Complex.Poisson (2.9s)
✔ [2763/2767] Built Mathlib.Analysis.Complex.Harmonic.Analytic (2.5s)
✔ [2764/2767] Built Mathlib.Analysis.Complex.Harmonic.MeanValue (1.4s)
✔ [2765/2767] Built Mathlib.Analysis.SpecialFunctions.Integrals.PosLogEqCircleAverage (1.9s)
✔ [2766/2767] Built Mathlib.Analysis.Complex.Harmonic.Poisson (2.5s)
✔ [2767/2767] Built Mathlib.Analysis.Complex.JensenFormula (2.7s)
Build completed successfully (2767 jobs).
