'ZhangLS.Spec.lemma55_hasSum_inverse_telescope' depends on axioms: [propext, Classical.choice, Quot.sound]
'ZhangLS.Spec.lemma55_lseries_term_square_bound' depends on axioms: [propext, Classical.choice, Quot.sound]
'ZhangLS.Spec.lemma55_actual_L_distance_to_one_bound' depends on axioms: [propext, Classical.choice, Quot.sound]
'ZhangLS.Spec.lemma55_actual_L_norm_lower_bound' depends on axioms: [propext, Classical.choice, Quot.sound]
'ZhangLS.Spec.lemma55_jensen_disk_re_lower_bound' depends on axioms: [propext, Classical.choice, Quot.sound]
'ZhangLS.Spec.lemma55_actual_high_height_disk_bound' depends on axioms: [propext, Classical.choice, Quot.sound]
'ZhangLS.Spec.lemma55_actual_L_analyticOnNhd' depends on axioms: [propext, Classical.choice, Quot.sound]
'ZhangLS.Spec.lemma55_actual_jensen_center_lower_bound' depends on axioms: [propext, Classical.choice, Quot.sound]
'ZhangLS.Spec.lemma55_actual_jensen_center_ne_zero' depends on axioms: [propext, Classical.choice, Quot.sound]
'ZhangLS.Spec.lemma55_actual_jensen_multiplicity_bound' depends on axioms: [propext, Classical.choice, Quot.sound]
'ZhangLS.Spec.lemma55_actual_analytic_order_finite' depends on axioms: [propext, Classical.choice, Quot.sound]
'ZhangLS.Spec.lemma55_actual_local_divisor_eq_order' depends on axioms: [propext, Classical.choice, Quot.sound]
'ZhangLS.Spec.lemma55_mem_actual_local_zero_finset' depends on axioms: [propext, Classical.choice, Quot.sound]
'ZhangLS.Spec.lemma55_actual_local_zero_order_pos' depends on axioms: [propext, Classical.choice, Quot.sound]
'ZhangLS.Spec.lemma55_actual_multiplicity_count_eq_sum_orders' depends on axioms: [propext,
 Classical.choice,
 Quot.sound]
'ZhangLS.Spec.lemma55_actual_local_zero_card_bound' depends on axioms: [propext, Classical.choice, Quot.sound]
'ZhangLS.Spec.lemma55_zero_grid_height_bound' depends on axioms: [propext, Classical.choice, Quot.sound]
'ZhangLS.Spec.lemma55_zero_grid_index_bound' depends on axioms: [propext, Classical.choice, Quot.sound]
'ZhangLS.Spec.lemma55_zero_grid_height_approximation' depends on axioms: [propext, Classical.choice, Quot.sound]
'ZhangLS.Spec.lemma55_original_region_disk_cover' depends on axioms: [propext, Classical.choice, Quot.sound]
'ZhangLS.Spec.lemma55_actual_zero_re_lt_one' depends on axioms: [propext, Classical.choice, Quot.sound]
'ZhangLS.Spec.lemma55_mem_original_region_zero_finset' depends on axioms: [propext, Classical.choice, Quot.sound]
'ZhangLS.Spec.lemma55_original_region_actual_zeros_finite' depends on axioms: [propext, Classical.choice, Quot.sound]
'ZhangLS.Spec.lemma55_original_region_zero_card_bound' depends on axioms: [propext, Classical.choice, Quot.sound]
'ZhangLS.Spec.lemma55_original_region_maximal_zero' depends on axioms: [propext, Classical.choice, Quot.sound]
'ZhangLS.Spec.lemma55_original_region_contains_exceptional_zero' depends on axioms: [propext,
 Classical.choice,
 Quot.sound]
'ZhangLS.Spec.lemma55_original_region_rightmost_zero_under_A' depends on axioms: [propext, Classical.choice, Quot.sound]
