/private/tmp/ZhangMathStep107PerronExteriorDraft.lean:25:44: warning: unused variable `hB`

Note: This linter can be disabled with `set_option linter.unusedVariables false`
/private/tmp/ZhangMathStep107PerronExteriorDraft.lean:140:93: warning: Used `tac1 <;> tac2` where `(tac1; tac2)` would suffice

Note: This linter can be disabled with `set_option linter.unnecessarySeqFocus false`
Try this:
  [apply] ring_nf
  
  The `ring` tactic failed to close the goal. Use `ring_nf` to obtain a normal form.
    
  Note that `ring` works primarily in *commutative* rings. If you have a noncommutative ring, abelian group or module, consider using `noncomm_ring`, `abel` or `module` instead.
/private/tmp/ZhangMathStep107PerronExteriorDraft.lean:410:79: warning: Used `tac1 <;> tac2` where `(tac1; tac2)` would suffice

Note: This linter can be disabled with `set_option linter.unnecessarySeqFocus false`
/private/tmp/ZhangMathStep107PerronExteriorDraft.lean:551:2: warning: 'change N * ‖R‖ ≤ _' tactic does nothing

Note: This linter can be disabled with `set_option linter.unusedTactic false`
/private/tmp/ZhangMathStep107PerronExteriorDraft.lean:519:23: warning: Used `tac1 <;> tac2` where `(tac1; tac2)` would suffice

Note: This linter can be disabled with `set_option linter.unnecessarySeqFocus false`
/private/tmp/ZhangMathStep107PerronExteriorDraft.lean:523:67: warning: Used `tac1 <;> tac2` where `(tac1; tac2)` would suffice

Note: This linter can be disabled with `set_option linter.unnecessarySeqFocus false`
/private/tmp/ZhangMathStep107PerronExteriorDraft.lean:526:69: warning: Used `tac1 <;> tac2` where `(tac1; tac2)` would suffice

Note: This linter can be disabled with `set_option linter.unnecessarySeqFocus false`
/private/tmp/ZhangMathStep107PerronExteriorDraft.lean:530:36: warning: Used `tac1 <;> tac2` where `(tac1; tac2)` would suffice

Note: This linter can be disabled with `set_option linter.unnecessarySeqFocus false`
'ZhangLS.Spec.lemma56_actual_perron_right_eq' depends on axioms: [propext, Classical.choice, Quot.sound]
'ZhangLS.Spec.lemma56_actual_perron_right_integrable' depends on axioms: [propext, Classical.choice, Quot.sound]
'ZhangLS.Spec.lemma56_actual_perron_right_envelope' depends on axioms: [propext, Classical.choice, Quot.sound]
'ZhangLS.Spec.lemma56_actual_perron_right_truncation' depends on axioms: [propext, Classical.choice, Quot.sound]
'ZhangLS.Spec.lemma56_actual_perron_mangoldt_truncation' depends on axioms: [propext, Classical.choice, Quot.sound]
'ZhangLS.Spec.lemma56_perron_horizontal_point_bound' depends on axioms: [propext, Classical.choice, Quot.sound]
'ZhangLS.Spec.lemma56_perron_horizontal_integral_bound' depends on axioms: [propext, Classical.choice, Quot.sound]
'ZhangLS.Spec.lemma56_perron_supergaussian_budget' depends on axioms: [propext, Classical.choice, Quot.sound]
'ZhangLS.Spec.lemma56_perron_paper_scales' depends on axioms: [propext, Classical.choice, Quot.sound]
'ZhangLS.Spec.lemma56_perron_paper_right_budget' depends on axioms: [propext, Classical.choice, Quot.sound]
'ZhangLS.Spec.lemma56_perron_paper_logDeriv_width_budget' depends on axioms: [propext, Classical.choice, Quot.sound]
'ZhangLS.Spec.lemma56_perron_paper_horizontal_budget' depends on axioms: [propext, Classical.choice, Quot.sound]
'ZhangLS.Spec.lemma56_uniform_primitive_perron_paper_exterior_bounds' depends on axioms: [propext,
 Classical.choice,
 Quot.sound]
'ZhangLS.Spec.lemma56_perron_paper_window_left_budget' depends on axioms: [propext, Classical.choice, Quot.sound]
'ZhangLS.Spec.lemma56_uniform_primitive_perron_window_left_bound' depends on axioms: [propext,
 Classical.choice,
 Quot.sound]
'ZhangLS.Spec.lemma56_perron_rectangle_norm_budget' depends on axioms: [propext, Classical.choice, Quot.sound]
'ZhangLS.Spec.lemma56_uniform_primitive_perron_mangoldt_window_bound' depends on axioms: [propext,
 Classical.choice,
 Quot.sound]
