/private/tmp/ZhangMathStep109PrimePowerDraft.lean:21:21: warning: Used `tac1 <;> tac2` where `(tac1; tac2)` would suffice

Note: This linter can be disabled with `set_option linter.unnecessarySeqFocus false`
/private/tmp/ZhangMathStep109PrimePowerDraft.lean:359:98: warning: Used `tac1 <;> tac2` where `(tac1; tac2)` would suffice

Note: This linter can be disabled with `set_option linter.unnecessarySeqFocus false`
'ZhangLS.Spec.lemma56_perron_exp_window_bound' depends on axioms: [propext, Classical.choice, Quot.sound]
'ZhangLS.Spec.lemma56_perron_unsmoothing_scales' depends on axioms: [propext, Classical.choice, Quot.sound]
'ZhangLS.Spec.lemma56_perron_unsmoothing_far_margin' depends on axioms: [propext, Classical.choice, Quot.sound]
'ZhangLS.Spec.lemma56_perron_unsmoothing_polynomial' depends on axioms: [propext, Classical.choice, Quot.sound]
'ZhangLS.Spec.lemma56_perron_unsmoothing_polynomial_decay' depends on axioms: [propext, Classical.choice, Quot.sound]
'ZhangLS.Spec.lemma56_perron_unsmoothing_endpoint_budget' depends on axioms: [propext, Classical.choice, Quot.sound]
'ZhangLS.Spec.lemma56_perron_unsmoothing_near_budget' depends on axioms: [propext, Classical.choice, Quot.sound]
'ZhangLS.Spec.lemma56_perron_unsmoothing_far_budget' depends on axioms: [propext, Classical.choice, Quot.sound]
'ZhangLS.Spec.lemma56_perron_unsmoothing_constant_pos' depends on axioms: [propext, Classical.choice, Quot.sound]
'ZhangLS.Spec.lemma56_actual_perron_paper_smoothing_error' depends on axioms: [propext, Classical.choice, Quot.sound]
'ZhangLS.Spec.lemma56_uniform_primitive_sharp_mangoldt_window_bound' depends on axioms: [propext,
 Classical.choice,
 Quot.sound]
'ZhangLS.Spec.lemma56_actual_sharp_prime_power_difference' depends on axioms: [propext, Classical.choice, Quot.sound]
'ZhangLS.Spec.lemma56_actual_sharp_prime_power_norm' depends on axioms: [propext, Classical.choice, Quot.sound]
'ZhangLS.Spec.lemma56_actual_sharp_prime_power_bound' depends on axioms: [propext, Classical.choice, Quot.sound]
'ZhangLS.Spec.lemma56_actual_prime_power_paper_budget' depends on axioms: [propext, Classical.choice, Quot.sound]
'ZhangLS.Spec.lemma56_actual_paper_prime_power_error' depends on axioms: [propext, Classical.choice, Quot.sound]
'ZhangLS.Spec.lemma56_uniform_primitive_sharp_prime_log_window_bound' depends on axioms: [propext,
 Classical.choice,
 Quot.sound]
