Try this:
  [apply] ring_nf
  
  The `ring` tactic failed to close the goal. Use `ring_nf` to obtain a normal form.
    
  Note that `ring` works primarily in *commutative* rings. If you have a noncommutative ring, abelian group or module, consider using `noncomm_ring`, `abel` or `module` instead.
Try this:
  [apply] ring_nf
  
  The `ring` tactic failed to close the goal. Use `ring_nf` to obtain a normal form.
    
  Note that `ring` works primarily in *commutative* rings. If you have a noncommutative ring, abelian group or module, consider using `noncomm_ring`, `abel` or `module` instead.
Try this:
  [apply] ring_nf
  
  The `ring` tactic failed to close the goal. Use `ring_nf` to obtain a normal form.
    
  Note that `ring` works primarily in *commutative* rings. If you have a noncommutative ring, abelian group or module, consider using `noncomm_ring`, `abel` or `module` instead.
Try this:
  [apply] ring_nf
  
  The `ring` tactic failed to close the goal. Use `ring_nf` to obtain a normal form.
    
  Note that `ring` works primarily in *commutative* rings. If you have a noncommutative ring, abelian group or module, consider using `noncomm_ring`, `abel` or `module` instead.
ZhangLS/Spec/Lemma61SingleResidue.lean:80:8: warning: 'congr 1' tactic does nothing

Note: This linter can be disabled with `set_option linter.unusedTactic false`
ZhangLS/Spec/Lemma61SingleResidue.lean:81:8: warning: 'congr 1' tactic does nothing

Note: This linter can be disabled with `set_option linter.unusedTactic false`
ZhangLS/Spec/Lemma61SingleResidue.lean:95:8: warning: 'congr 1' tactic does nothing

Note: This linter can be disabled with `set_option linter.unusedTactic false`
ZhangLS/Spec/Lemma61SingleResidue.lean:96:8: warning: 'congr 1' tactic does nothing

Note: This linter can be disabled with `set_option linter.unusedTactic false`
ZhangLS/Spec/Lemma61SingleResidue.lean:110:8: warning: 'congr 1' tactic does nothing

Note: This linter can be disabled with `set_option linter.unusedTactic false`
ZhangLS/Spec/Lemma61SingleResidue.lean:111:8: warning: 'congr 1' tactic does nothing

Note: This linter can be disabled with `set_option linter.unusedTactic false`
ZhangLS/Spec/Lemma61SingleResidue.lean:125:8: warning: 'congr 1' tactic does nothing

Note: This linter can be disabled with `set_option linter.unusedTactic false`
ZhangLS/Spec/Lemma61SingleResidue.lean:126:8: warning: 'congr 1' tactic does nothing

Note: This linter can be disabled with `set_option linter.unusedTactic false`
