FixedQuadratic.FinitenessRegression.sqrt_two_field_pi_finite : ∀ (nu : ℝ),
  LT.lt.{0} 2 nu → Set.Finite.{0} (FixedQuadratic.ParameterPort.exceptionalSet ℚ⟮√2⟯ nu)
'FixedQuadratic.FinitenessRegression.sqrt_two_field_pi_finite' depends on axioms: [propext,
 Classical.choice.{u},
 Quot.sound.{u}]
FixedQuadratic.ParameterPort.exceptionalSet : (F : IntermediateField.{0, 0} ℚ ℝ) → ℝ → Set.{0} ↥F
'FixedQuadratic.ParameterPort.exceptionalSet' depends on axioms: [propext, Classical.choice.{u}, Quot.sound.{u}]
FixedQuadratic.ParameterPort.exists_normalized_centers : ∀ (S : Set.{0} ℝ),
  Set.Infinite.{0} S →
    (∀ (x : ℝ), Membership.mem.{0, 0} S x → Eq.{1} (Polynomial.natDegree.{0} (minpoly.{0, 0} ℚ x)) 2) →
      ∀ (X D : ℝ),
        ∃ β x,
          (∀ (n : ℕ),
              Membership.mem.{0, 0} S (β n) ∧
                Ne.{1} (β n) 0 ∧ LE.le.{0} 2 (FixedQuadratic.primitiveMinpolyHeight (β n))) ∧
            Eq.{1} (x 0) 1 ∧
              (∀ (n : ℕ),
                  Eq.{1} (x (HAdd.hAdd.{0, 0, 0} n 1))
                    ↑(Nat.ceil.{0} (Real.log ↑(FixedQuadratic.primitiveMinpolyHeight (β n))))) ∧
                (∀ (n : ℕ), LE.le.{0} 1 (x n)) ∧
                  (∀ (n : ℕ), LT.lt.{0} X (x (HAdd.hAdd.{0, 0, 0} n 1))) ∧
                    ∀ (i : ℕ), LT.lt.{0} 0 i → LT.lt.{0} (HMul.hMul.{0, 0, 0} D (∏ j ∈ Finset.range i, x j)) (x i)
'FixedQuadratic.ParameterPort.exists_normalized_centers' depends on axioms: [propext,
 Classical.choice.{u},
 Quot.sound.{u}]
FixedQuadratic.ParameterPort.fixed_real_quadratic_pi_finite : ∀ (F : IntermediateField.{0, 0} ℚ ℝ)
  [FiniteDimensional.{0, 0} ℚ ↥F],
  Eq.{1} (Module.finrank.{0, 0} ℚ ↥F) 2 →
    ∀ (nu : ℝ), LT.lt.{0} 2 nu → Set.Finite.{0} (FixedQuadratic.ParameterPort.exceptionalSet F nu)
'FixedQuadratic.ParameterPort.fixed_real_quadratic_pi_finite' depends on axioms: [propext,
 Classical.choice.{u},
 Quot.sound.{u}]
FixedQuadratic.ParameterPort.fixed_real_quadratic_pi_finite_explicit : ∀ (F : IntermediateField.{0, 0} ℚ ℝ)
  [FiniteDimensional.{0, 0} ℚ ↥F],
  Eq.{1} (Module.finrank.{0, 0} ℚ ↥F) 2 →
    ∀ (nu : ℝ),
      LT.lt.{0} 2 nu →
        Set.Finite.{0}
          (Set.ofPred.{0} fun b =>
            Eq.{1} (Polynomial.natDegree.{0} (minpoly.{0, 0} ℚ ↑b)) 2 ∧
              LE.le.{0} (abs.{0} (HSub.hSub.{0, 0, 0} Real.pi ↑b))
                (HPow.hPow.{0, 0, 0} (↑(FixedQuadratic.primitiveMinpolyHeight ↑b)) (Neg.neg.{0} nu)))
'FixedQuadratic.ParameterPort.fixed_real_quadratic_pi_finite_explicit' depends on axioms: [propext,
 Classical.choice.{u},
 Quot.sound.{u}]
@FixedQuadratic.ParameterPort.separated_products_from_growth : ∀ {m : ℕ} (w0 v θ sigma : ℚ) (w : Fin m → ℚ) (x : ℕ → ℝ),
  LT.lt.{0} 0 ↑w0 →
    LT.lt.{0} 0 ↑v →
      LT.lt.{0} 0 ↑θ →
        LT.lt.{0} 0 ↑sigma →
          Eq.{1} (x 0) 1 →
            (∀ (i : ℕ), LE.le.{0} 1 (x i)) →
              (∀ (i : Fin m), Eq.{1} (↑(w i)) (x (HAdd.hAdd.{0, 0, 0} (↑i) 1))) →
                OAI.PiExponentApprox.SeparatedWeightGrowth m
                    (OAI.PiExponentApprox.weightSeparationFactor m
                      (OAI.PiExponent.PersistentWeightComparison.comparisonConstant m ↑sigma) ↑w0 ↑v ↑θ)
                    x →
                  ∀ (A B : Finset.{0} (Fin (HAdd.hAdd.{0, 0, 0} m 1))),
                    Eq.{1} (Finset.card.{0} A) (Finset.card.{0} B) →
                      ∀ (i : Fin (HAdd.hAdd.{0, 0, 0} m 1)),
                        Ne.{1} i 0 →
                          Membership.mem.{0, 0} A i →
                            i ∉ B →
                              (∀ (j : Fin (HAdd.hAdd.{0, 0, 0} m 1)),
                                  LT.lt.{0} i j → (Membership.mem.{0, 0} A j ↔ Membership.mem.{0, 0} B j)) →
                                LT.lt.{0}
                                  (HMul.hMul.{0, 0, 0}
                                    (OAI.PiExponent.PersistentWeightComparison.comparisonConstant m ↑sigma)
                                    (∏ j ∈ B, ↑(FixedQuadratic.geometricJetWeights v θ w j)))
                                  (∏ j ∈ A, ↑(FixedQuadratic.geometricDegreeWeights w0 w j))
'FixedQuadratic.ParameterPort.separated_products_from_growth' depends on axioms: [propext,
 Classical.choice.{u},
 Quot.sound.{u}]
theorem FixedQuadratic.ParameterPort.fixed_real_quadratic_pi_finite_explicit : ∀ (F : IntermediateField.{0, 0} ℚ ℝ)
  [FiniteDimensional.{0, 0} ℚ ↥F],
  Eq.{1} (Module.finrank.{0, 0} ℚ ↥F) 2 →
    ∀ (nu : ℝ),
      LT.lt.{0} 2 nu →
        Set.Finite.{0}
          (Set.ofPred.{0} fun b =>
            Eq.{1} (Polynomial.natDegree.{0} (minpoly.{0, 0} ℚ ↑b)) 2 ∧
              LE.le.{0} (abs.{0} (HSub.hSub.{0, 0, 0} Real.pi ↑b))
                (HPow.hPow.{0, 0, 0} (↑(FixedQuadratic.primitiveMinpolyHeight ↑b)) (Neg.neg.{0} nu))) :=
⋯
